Robot.robotStartMode_INFO [0.285810693] Sun Mar 08 21:54:37 UTC 2026: ***** AUTO_MODE *****
Robot.robotStartMode_INFO [0.287582779] <BuildInfo Host="TRC492-DS2024" User="User" Timestamp="2026-03-08 13:00:07" Branch="dev" />
FrcAuto.startMode_INFO [0.290006461] <Info name="MatchInfo" date="Sun Mar 08 21:54:37 UTC 2026" event="WABON" type="Elimination" match=11 replay=1 alliance="Blue" location=2 gameMsg="" />
FrcAuto.startMode_INFO [0.29361119] <Info name="AutoChoices" alliance="Blue" strategy="REBUILT_AUTO" startPos="START_POS_OUTPOST" startDelay=0.0 sec depotPickup="false" outpostPickup="false" neutralZonePickup="true" moveTo="OUTPOST" passBack="NONE" climb="false" climbSide="OUTPOST" neutralZoneCycles="2.0" pathFile="DrivePath.csv" xDistance=0.0 ft yDistance=0.0 ft turnDegrees=0.0 deg driveTime=0.0 sec drivePower=0.0"  />
CmdRebuiltAuto.cmdPeriodic_INFO [0.341402146] <Event name="StateInfo" time="0.341053839" tag="vvvvv" CmdRebuiltAuto.state="START" />
Robot.zeroCalibrate_INFO [0.350794038] Zero calibrate all subsystems.
TrcSubsystem.zeroCalibrateAll_INFO [0.352255117] ZeroCalibrate(Subsystem=Shooter, owner=null, event=null)
Shooter.zeroCalibrate_INFO [0.35507088] ZeroCalibrate left shooter.
Shooter.zeroCalibrate_INFO [0.362433104] ZeroCalibrate right shooter.
Shooter.zeroCalibrate_INFO [0.373857199] ZeroCalibrate turret.
TrcSubsystem.zeroCalibrateAll_INFO [0.384673533] ZeroCalibrate(Subsystem=Climber, owner=null, event=null)
CmdRebuiltAuto.cmdPeriodic_INFO [0.387039367] <Event name="StateInfo" time="0.386803117" tag="^^^^^" CmdRebuiltAuto.state="START" />
CmdRebuiltAuto.cmdPeriodic_INFO [0.397134979] <Event name="StateInfo" time="0.396909268" tag="vvvvv" CmdRebuiltAuto.state="ZERO_CAL_DONE" />
CmdRebuiltAuto.cmdPeriodic_INFO [0.401001624] ***** Enabling GoalTracking on turret only.
Shooter.setupGoalTrackingMode_INFO [0.409510427] GoalTracking(trackingMode=AllianceHub, goalPose=(x=-158.838583,y=182.110000,angle=0.000000), noPassback=true).
Shooter.LeftShooter.enableGoalTracking_INFO [0.425997243] Enable GoalTracking (trackingParams=(trackFlywheel=true,trackTiltPos=false,trackPanPos=true)).
Shooter.LeftPrimaryMotor.cancel_INFO [0.428028096] Cancel: stopping motor.
Shooter.LeftTiltMotor.cancel_INFO [0.431828581] Cancel: stopping motor.
Shooter.RightShooter.enableGoalTracking_INFO [0.438267883] Enable GoalTracking (trackingParams=(trackFlywheel=true,trackTiltPos=false,trackPanPos=true)).
Shooter.RightPrimaryMotor.cancel_INFO [0.444021952] Cancel: stopping motor.
Shooter.RightTiltMotor.cancel_INFO [0.445883879] Cancel: stopping motor.
CmdRebuiltAuto.cmdPeriodic_INFO [0.448529132] <Event name="StateInfo" time="0.448291469" tag="^^^^^" CmdRebuiltAuto.state="ZERO_CAL_DONE" />
Shooter.TurretMotor.isMotorStalled_INFO [0.54975527] Stall detection triggered.
Shooter.TurretMotor.zeroCalibratingMotor_WARN [0.571504638] Stalled, lower limit switch may not exist or might have failed!
Shooter.TurretMotor.pidCtrlTask_INFO [0.580268005] Zero calibration done, event=(Shooter.turretZeroCalCallback=CLEARED)
Shooter.TurretMotor.pidCtrlTask_INFO [0.595126331] controlMode: Power,onTarget=false(0.22769463062286377/null), stalled=false, expired=false, event=(Shooter.turretZeroCalCallback=SIGNALED)
Shooter.TurretMotor.isMotorStalled_INFO [0.617067489] Stall detection triggered.
Climber.Motor.isMotorStalled_INFO [0.694538743] Stall detection triggered.
CmdRebuiltAuto.cmdPeriodic_INFO [0.70072916] <Event name="StateInfo" time="0.700464458" tag="vvvvv" CmdRebuiltAuto.state="CREATE_NEUTRAL_ZONE_PATH" />
CmdRebuiltAuto.cmdPeriodic_INFO [0.70340642] NeutralZonePath:
startPose=(x=-17.220000,y=167.734500,angle=-90.000000)
intermediatePose=(x=-37.890000,y=301.610236,angle=-90.000000)
pickupPose=(x=-55.890000,y=301.610236,angle=-90.000000)
endPose=(x=-157.890000,y=301.610236,angle=-90.000000)
CmdRebuiltAuto.cmdPeriodic_INFO [0.709962209] NeutralZoneReturnPath:
robotPose=(x=-17.220000,y=167.734500,angle=-89.997253)
pickupPose=(x=-55.890000,y=301.610236,angle=-90.000000)
intermediatePose=(x=-37.890000,y=301.610236,angle=0.000000)
returnPose=(x=-27.220000,y=117.734500,angle=0.000000)
CmdRebuiltAuto.cmdPeriodic_INFO [0.71315915] <Event name="StateInfo" time="0.712902616" tag="^^^^^" CmdRebuiltAuto.state="CREATE_NEUTRAL_ZONE_PATH" />
Climber.Motor.zeroCalibratingMotor_WARN [0.716163634] Stalled, lower limit switch may not exist or might have failed!
Climber.Motor.pidCtrlTask_INFO [0.718304706] Zero calibration done, event=null
CmdRebuiltAuto.cmdPeriodic_INFO [0.754044582] <Event name="StateInfo" time="0.7531551" tag="vvvvv" CmdRebuiltAuto.state="CYCLE_NEUTRAL_ZONE" />
purePursuitDrive.start_INFO [0.892759124] Path=TrcPath(degrees=true, [Waypoint(simple=true,index=0,pose=(x=-17.220008,y=167.734824,angle=-90.002747),vel=0.0), Waypoint(simple=false,index=-1,timestep=0.05005896835747712,pose=(x=-28.906245,y=243.400195,angle=-90.002747),vel=175.0,encPos=0.0,accel=0.0,jerk=0.0), Waypoint(simple=false,index=-1,timestep=0.3114512825889925,pose=(x=-30.243390,y=252.057864,angle=-90.002747),vel=175.0,encPos=0.0,accel=0.0,jerk=0.0), Waypoint(simple=true,index=1,pose=(x=-37.896418,y=301.609245,angle=-90.002747),vel=146.96938456699067), Waypoint(simple=true,index=2,pose=(x=-55.896418,y=301.608382,angle=-90.002747),vel=135.49907748763457), Waypoint(simple=true,index=3,pose=(x=-157.896417,y=301.603493,angle=-90.002747),vel=0.0)])
CmdRebuiltAuto.cmdPeriodic_INFO [0.897191163] <Event name="StateInfo" time="0.896818939" tag="^^^^^" CmdRebuiltAuto.state="CYCLE_NEUTRAL_ZONE" RobotPose=(x=-17.220008,y=167.734824,angle=-90.002747) TargetPose=(x=-157.896417,y=301.603493,angle=-90.002747) vel=(x=-0.000000,y=0.000000,angle=-0.000000) Path=TrcPath(degrees=true, [Waypoint(simple=true,index=0,pose=(x=0.000000,y=0.000000,angle=0.000000),vel=0.0), Waypoint(simple=false,index=-1,timestep=0.05005896835747712,pose=(x=75.665931,y=11.682610,angle=0.000000),vel=175.0,encPos=0.0,accel=0.0,jerk=0.0), Waypoint(simple=false,index=-1,timestep=0.3114512825889925,pose=(x=84.323664,y=13.019340,angle=0.000000),vel=175.0,encPos=0.0,accel=0.0,jerk=0.0), Waypoint(simple=true,index=1,pose=(x=133.875412,y=20.669992,angle=0.000000),vel=146.96938456699067), Waypoint(simple=true,index=2,pose=(x=133.875412,y=38.669992,angle=0.000000),vel=135.49907748763457), Waypoint(simple=true,index=3,pose=(x=133.875412,y=140.669992,angle=0.000000),vel=0.0)]) />
FrcDashboard.task.run_FATAL [1.450934496] Caught unexpected exception:
java.lang.ArrayIndexOutOfBoundsException: Index 328 out of bounds for length 328
TrcDbgTrace.run_ERR [1.460023467] Stack Trace (depth=16):
org.photonvision.common.dataflow.structures.Packet.decodeByte(Packet.java:297)
org.photonvision.common.dataflow.structures.Packet.decodeList(Packet.java:413)
org.photonvision.struct.PhotonTrackedTargetSerde.unpack(PhotonTrackedTargetSerde.java:131)
org.photonvision.struct.PhotonTrackedTargetSerde.unpack(PhotonTrackedTargetSerde.java:43)
org.photonvision.common.dataflow.structures.Packet.decodeList(Packet.java:419)
org.photonvision.struct.PhotonPipelineResultSerde.unpack(PhotonPipelineResultSerde.java:78)
org.photonvision.struct.PhotonPipelineResultSerde.unpack(PhotonPipelineResultSerde.java:43)
org.photonvision.common.networktables.PacketSubscriber.parse(PacketSubscriber.java:66)
org.photonvision.common.networktables.PacketSubscriber.getAllChanges(PacketSubscriber.java:110)
org.photonvision.PhotonCamera.getAllUnreadResults(PhotonCamera.java:262)
frclib.vision.FrcPhotonVision.getDetectedAprilTag(FrcPhotonVision.java:633)
teamcode.vision.Vision.updateStatus(Vision.java:429)
frclib.driverio.FrcDashboard.dashboardTask(FrcDashboard.java:212)
trclib.robotcore.TrcTaskMgr$TaskObject.standaloneTask(TrcTaskMgr.java:425)
trclib.robotcore.TrcPeriodicThread.run(TrcPeriodicThread.java:351)
java.base/java.lang.Thread.run(Unknown Source)
Shooter.setupGoalTrackingMode_INFO [1.734834161] GoalTracking(trackingMode=AllianceHub, goalPose=(x=-158.838583,y=182.110000,angle=0.000000), noPassback=true).
CmdRebuiltAuto.lambda$cmdPeriodic$2_INFO [2.502085541] WaypointHandler: index=1
CmdRebuiltAuto.lambda$cmdPeriodic$2_INFO [2.649188053] WaypointHandler: index=2
TrcWatchdogMgr.checkForExpiration_WARN [2.672134754] ([1.7730068801477396E9]FrcDashboard.task:threshold=1.0,expiredTime=1.773006879908791E9,expired=true,paused=false) expired.
TrcDbgTrace.checkForExpiration_INFO [2.674112049] Thread stack: 
Shooter.setupGoalTrackingMode_INFO [3.359708373] GoalTracking(trackingMode=AllianceHub, goalPose=(x=-158.838583,y=182.110000,angle=0.000000), noPassback=true).
purePursuitDrive.driveTask_INFO [5.547768222] Done: index=5/6, stalled=false, timeout=false, posOnTarget=true, headingOnTarget=true, robotPose=(x=-156.152042,y=301.532122,angle=-88.482614)
purePursuitDrive.driveTask_INFO [5.553516019] Signal completion event (CmdRebuiltAuto=CLEARED).
CmdRebuiltAuto.cmdPeriodic_INFO [5.582706636] <Event name="StateInfo" time="5.582358419" tag="vvvvv" CmdRebuiltAuto.state="RETURN_TO_SCORE_POS" />
TaskAutoShoot.cancel_INFO [5.587141619] Canceling auto task operation.
purePursuitDrive.start_INFO [5.605176004] Path=TrcPath(degrees=true, [Waypoint(simple=true,index=0,pose=(x=-156.904680,y=301.607815,angle=-82.766402),vel=0.0), Waypoint(simple=false,index=-1,timestep=0.13757337511972692,pose=(x=-80.351071,y=300.441046,angle=-87.614570),vel=175.0,encPos=0.0,accel=0.0,jerk=0.0), Waypoint(simple=true,index=1,pose=(x=-56.278526,y=300.074151,angle=-89.139093),vel=175.0), Waypoint(simple=true,index=2,pose=(x=-38.280558,y=299.803699,angle=0.860907),vel=175.0), Waypoint(simple=false,index=-1,timestep=1.9444444444444444,pose=(x=-37.677634,y=285.770477,angle=0.860907),vel=175.0,encPos=0.0,accel=0.0,jerk=0.0), Waypoint(simple=true,index=3,pose=(x=-30.374514,y=115.788402,angle=0.860907),vel=0.0)])
CmdRebuiltAuto.cmdPeriodic_INFO [5.612260605] <Event name="StateInfo" time="5.611740258" tag="^^^^^" CmdRebuiltAuto.state="RETURN_TO_SCORE_POS" RobotPose=(x=-156.904126,y=301.635607,angle=-82.376387) TargetPose=(x=-30.374514,y=115.788402,angle=0.860907) vel=(x=1.759709,y=0.192131,angle=25.339630) Path=TrcPath(degrees=true, [Waypoint(simple=true,index=0,pose=(x=0.000000,y=0.000000,angle=0.000000),vel=0.0), Waypoint(simple=false,index=-1,timestep=0.13757337511972692,pose=(x=8.481764,y=-76.091235,angle=-4.848168),vel=175.0,encPos=0.0,accel=0.0,jerk=0.0), Waypoint(simple=true,index=1,pose=(x=11.148884,y=-100.018385,angle=-6.372691),vel=175.0), Waypoint(simple=true,index=2,pose=(x=13.146798,y=-117.907162,angle=83.627309),vel=175.0), Waypoint(simple=false,index=-1,timestep=1.9444444444444444,pose=(x=-0.698817,y=-120.272281,angle=83.627309),vel=175.0,encPos=0.0,accel=0.0,jerk=0.0), Waypoint(simple=true,index=3,pose=(x=-168.408439,y=-148.920566,angle=83.627309),vel=0.0)]) />
Shooter.setupGoalTrackingMode_INFO [7.06937574] GoalTracking(trackingMode=AllianceHub, goalPose=(x=-158.838583,y=182.110000,angle=0.000000), noPassback=true).
Shooter.setupGoalTrackingMode_INFO [8.759075029] GoalTracking(trackingMode=AllianceHub, goalPose=(x=-158.838583,y=182.110000,angle=0.000000), noPassback=true).
Shooter.setupGoalTrackingMode_INFO [9.463295888] GoalTracking(trackingMode=AllianceHub, goalPose=(x=-158.838583,y=182.110000,angle=0.000000), noPassback=true).
purePursuitDrive.driveTask_INFO [10.608064748] Done: index=5/6, stalled=false, timeout=false, posOnTarget=true, headingOnTarget=true, robotPose=(x=-31.485535,y=116.203055,angle=0.927749)
purePursuitDrive.driveTask_INFO [10.610895126] Signal completion event (CmdRebuiltAuto=CLEARED).
CmdRebuiltAuto.cmdPeriodic_INFO [10.636804568] <Event name="StateInfo" time="10.636527989" tag="vvvvv" CmdRebuiltAuto.state="SHOOT_NEUTRAL_FUEL" />
CmdRebuiltAuto.cmdPeriodic_INFO [10.649063296] Shooting NeutralZone cycle 1
TaskAutoShoot.autoShoot_INFO [10.656811476] autoShoot(owner=null, event=(CmdRebuiltAuto=SIGNALED), taskParams=(autoStop=true, noPassback=true))
Shooter.setupGoalTrackingMode_INFO [10.661248633] GoalTracking(trackingMode=AllianceHub, goalPose=(x=-158.838583,y=182.110000,angle=0.000000), noPassback=true).
Shooter.LeftShooter.enableGoalTracking_INFO [10.665085396] Enable GoalTracking (trackingParams=(trackFlywheel=true,trackTiltPos=true,trackPanPos=true)).
Shooter.LeftPrimaryMotor.cancel_INFO [10.668704605] Cancel: stopping motor.
Shooter.LeftTiltMotor.cancel_INFO [10.670523888] Cancel: stopping motor.
Shooter.RightShooter.enableGoalTracking_INFO [10.673083486] Enable GoalTracking (trackingParams=(trackFlywheel=true,trackTiltPos=true,trackPanPos=true)).
Shooter.RightPrimaryMotor.cancel_INFO [10.678058377] Cancel: stopping motor.
Shooter.RightTiltMotor.cancel_INFO [10.681273428] Cancel: stopping motor.
CmdRebuiltAuto.cmdPeriodic_INFO [10.690373409] <Event name="StateInfo" time="10.689831277" tag="^^^^^" CmdRebuiltAuto.state="SHOOT_NEUTRAL_FUEL" />
TaskAutoShoot.autoTask_INFO [10.767888929] <Event name="StateInfo" time="10.76764427" tag="vvvvv" TaskAutoShoot.state="START" />
TaskAutoShoot.runTaskState_INFO [10.776250132] ***** Wait for left Shooter ready.
TaskAutoShoot.runTaskState_INFO [10.779566771] ***** Wait for right Shooter ready.
TaskAutoShoot.runTaskState_INFO [10.78222169] ***** Wait for Turret ready.
TaskAutoShoot.autoTask_INFO [10.785655382] <Event name="StateInfo" time="10.784428843" tag="^^^^^" TaskAutoShoot.state="START" />
Shooter.TurretMotor.pidCtrlTask_INFO [10.826311759] controlMode: Position,onTarget=true(-70.42227185685772/-72.5213849973474), stalled=false, expired=false, event=(TaskAutoShoot.turretReady=SIGNALED)
TaskAutoShoot.autoTask_INFO [10.865198512] <Event name="StateInfo" time="10.864959742" tag="vvvvv" TaskAutoShoot.state="SHOOT" />
TaskAutoShoot.autoTask_INFO [10.867807134] <Event name="StateInfo" time="10.867587737" tag="^^^^^" TaskAutoShoot.state="SHOOT" />
Shooter.LeftShooter.goalTrackingTask_INFO [10.918103224] Shooter.LeftShooter is Ready: rpm1=5077.292668/5101.834387, rpm2=3132.773438/0.000000, tilt=25.644674/25.474812, pan=null/null
Shooter.RightShooter.goalTrackingTask_INFO [10.939667601] Shooter.RightShooter is Ready: rpm1=5026.938101/5100.893475, rpm2=3103.828125/0.000000, tilt=25.644674/25.474812, pan=null/null
TaskAutoShoot.autoTask_INFO [10.941734525] <Event name="StateInfo" time="10.941522388" tag="vvvvv" TaskAutoShoot.state="SHOOT" />
TaskAutoShoot.runTaskState_INFO [10.943436487] ***** Start left shooter shooting.
Shooter.shoot_INFO [10.945772792] shoot(owner=null, event=(TaskAutoShoot.leftShooterDone=CLEARED), shooter=leftShooter, autoStop=true)
Shooter.LeftTransferMotor.cancel_INFO [10.966312323] Cancel: stopping motor.
TaskAutoShoot.runTaskState_INFO [10.969107464] ***** Start right shooter shooting.
Shooter.shoot_INFO [10.971260262] shoot(owner=null, event=(TaskAutoShoot.rightShooterDone=CLEARED), shooter=rightShooter, autoStop=true)
Shooter.RightTransferMotor.cancel_INFO [10.974407394] Cancel: stopping motor.
TaskAutoShoot.autoTask_INFO [10.977634189] <Event name="StateInfo" time="10.977411349" tag="^^^^^" TaskAutoShoot.state="SHOOT" />
Shooter.RightShooter.cancel_INFO [17.78199474] owner=null
Shooter.RightShooter.disableGoalTracking_INFO [17.78455497] Disable Goal Tracking.
Shooter.RightShooter.stopGoalTracking_INFO [17.786924929] Stop GoalTracking.
Shooter.RightTiltMotor.cancel_INFO [17.789138359] Cancel: stopping motor.
Shooter.RightPrimaryMotor.cancel_INFO [17.791720186] Cancel: stopping motor.
Shooter.RightPrimaryMotor.cancel_INFO [17.794439963] Cancel: stopping motor.
Shooter.RightTiltMotor.cancel_INFO [17.799781738] Cancel: stopping motor.
Shooter.RightTransferMotor.cancel_INFO [17.802482465] Cancel: stopping motor.
Shooter.FeederMotor.cancel_INFO [17.805705337] Cancel: stopping motor.
CmdRebuiltAuto.cmdPeriodic_INFO [18.711365844] <Event name="StateInfo" time="18.710753218" tag="vvvvv" CmdRebuiltAuto.state="CYCLE_NEUTRAL_ZONE" />
TaskAutoShoot.cancel_INFO [18.71435448] Canceling auto task operation.
TaskAutoShoot.stopSubsystems_INFO [18.715461363] Stopping subsystems.
Shooter.LeftTransferMotor.cancel_INFO [18.716315994] Cancel: stopping motor.
Shooter.RightTransferMotor.cancel_INFO [18.717216241] Cancel: stopping motor.
Shooter.FeederMotor.cancel_INFO [18.718696925] Cancel: stopping motor.
Shooter.LeftShooter.disableGoalTracking_INFO [18.721504958] Disable Goal Tracking.
Shooter.LeftShooter.stopGoalTracking_INFO [18.722461394] Stop GoalTracking.
Shooter.LeftTiltMotor.cancel_INFO [18.723723961] Cancel: stopping motor.
Shooter.LeftPrimaryMotor.cancel_INFO [18.725916379] Cancel: stopping motor.
Shooter.LeftShooter.cancel_INFO [18.727669713] owner=null
Shooter.LeftPrimaryMotor.cancel_INFO [18.729318525] Cancel: stopping motor.
Shooter.LeftTiltMotor.cancel_INFO [18.731247785] Cancel: stopping motor.
Shooter.RightShooter.cancel_INFO [18.732797535] owner=null
Shooter.RightPrimaryMotor.cancel_INFO [18.734034086] Cancel: stopping motor.
Shooter.RightTiltMotor.cancel_INFO [18.735518484] Cancel: stopping motor.
Shooter.LeftTransferMotor.cancel_INFO [18.737335801] Cancel: stopping motor.
Shooter.RightTransferMotor.cancel_INFO [18.750753444] Cancel: stopping motor.
Shooter.FeederMotor.cancel_INFO [18.751502706] Cancel: stopping motor.
purePursuitDrive.start_INFO [18.810753397] Path=TrcPath(degrees=true, [Waypoint(simple=true,index=0,pose=(x=-30.510397,y=115.598654,angle=13.157264),vel=0.0), Waypoint(simple=false,index=-1,timestep=0.5454658319664897,pose=(x=-33.545459,y=192.100973,angle=7.745982),vel=175.0,encPos=0.0,accel=0.0,jerk=0.0), Waypoint(simple=false,index=-1,timestep=0.08254577194191903,pose=(x=-37.329511,y=287.482461,angle=0.999308),vel=175.0,encPos=0.0,accel=0.0,jerk=0.0), Waypoint(simple=true,index=1,pose=(x=-37.890000,y=301.610236,angle=0.000000),vel=167.5708805252273), Waypoint(simple=true,index=2,pose=(x=-91.890000,y=301.610236,angle=-90.000000),vel=135.49907748763457), Waypoint(simple=true,index=3,pose=(x=-193.890000,y=301.610236,angle=-90.000000),vel=0.0)])
CmdRebuiltAuto.cmdPeriodic_INFO [18.817406508] <Event name="StateInfo" time="18.816971548" tag="^^^^^" CmdRebuiltAuto.state="CYCLE_NEUTRAL_ZONE" RobotPose=(x=-30.510397,y=115.598654,angle=13.151771) TargetPose=(x=-193.890000,y=301.610236,angle=-90.000000) vel=(x=-0.000000,y=0.000000,angle=-0.000000) Path=TrcPath(degrees=true, [Waypoint(simple=true,index=0,pose=(x=0.000000,y=0.000000,angle=0.000000),vel=0.0), Waypoint(simple=false,index=-1,timestep=0.5454658319664897,pose=(x=-20.369201,y=73.803198,angle=-5.411282),vel=175.0,encPos=0.0,accel=0.0,jerk=0.0), Waypoint(simple=false,index=-1,timestep=0.08254577194191903,pose=(x=-45.765093,y=165.819479,angle=-12.157956),vel=175.0,encPos=0.0,accel=0.0,jerk=0.0), Waypoint(simple=true,index=1,pose=(x=-49.526698,y=179.448804,angle=-13.157264),vel=167.5708805252273), Waypoint(simple=true,index=2,pose=(x=-102.109142,y=167.157074,angle=-103.157264),vel=135.49907748763457), Waypoint(simple=true,index=3,pose=(x=-201.431535,y=143.939362,angle=-103.157264),vel=0.0)]) />
Shooter.LeftShooter.cancel_INFO [18.833025238] owner=null
Shooter.LeftPrimaryMotor.cancel_INFO [18.838116238] Cancel: stopping motor.
Shooter.LeftTiltMotor.cancel_INFO [18.841852588] Cancel: stopping motor.
Shooter.LeftTransferMotor.cancel_INFO [18.843374207] Cancel: stopping motor.
Shooter.FeederMotor.cancel_INFO [18.853498833] Cancel: stopping motor.
FrcRobot.startCompetition_INFO [20.503335556] *** Transitioning from AUTO_MODE to DISABLED_MODE ***
Robot.cancelAll_INFO [20.506879722] Cancel all operations.
CmdRebuiltAuto.lambda$cmdPeriodic$2_INFO [20.508841281] WaypointHandler: index=-1
Shooter.LeftShooter.cancel_INFO [20.513220298] owner=null
Shooter.LeftPrimaryMotor.cancel_INFO [20.514683287] Cancel: stopping motor.
Shooter.LeftTiltMotor.cancel_INFO [20.516424584] Cancel: stopping motor.
Shooter.RightShooter.cancel_INFO [20.517920973] owner=null
Shooter.RightPrimaryMotor.cancel_INFO [20.520042997] Cancel: stopping motor.
Shooter.RightTiltMotor.cancel_INFO [20.524044582] Cancel: stopping motor.
Shooter.LeftTransferMotor.cancel_INFO [20.527997957] Cancel: stopping motor.
Shooter.RightTransferMotor.cancel_INFO [20.530313564] Cancel: stopping motor.
Shooter.FeederMotor.cancel_INFO [20.535113034] Cancel: stopping motor.
Intake.IntakeMotor.cancel_INFO [20.58424484] Cancel: stopping motor.
Climber.Motor.cancel_INFO [20.58796889] Cancel: stopping motor.
TaskAutoShoot.cancel_INFO [20.598371441] Canceling auto task operation.
TaskAutoClimb.cancel_INFO [20.604249678] Canceling auto task operation.
FrcRobot.printPerformanceMetrics_INFO [20.626596009] [FrcRobot] Loop Performance Metrics:
Average Loop Interval = 0.001257s (freq=795.368Hz, min=0.000616s, max=0.471069s)
[03]                StartTask=0.000000s
[04]          PrePeriodicTask=0.000092s
[07]               UpdateTask=0.000820s
[02]                StartMode=0.000000s
[06]         PostPeriodicTask=0.000235s
[08]                 StopTask=0.000000s
[09]                 StopMode=0.000000s
[00]                RobotInit=13.451431s
[01]           RobotStartMode=0.000008s
[05]                 Periodic=0.000033s
[10]            RobotStopMode=0.000001s

TrcTaskMgr.printTaskPerformanceMetrics_INFO [20.629687297] FrcDashboard.task: STANDALONE_TASK=4.62015467386148E-4/0.010568481312262809
TrcTaskMgr.printTaskPerformanceMetrics_INFO [20.631806151] TrcWatchdogMgr: STANDALONE_TASK=5.307010740740741E-4/0.9911122471851852
TrcTaskMgr.printTaskPerformanceMetrics_INFO [20.633228885] flDriveMotor.pidCtrlTask: OUTPUT_TASK=2.536405097451274E-5/0.011597219701756265
TrcTaskMgr.printTaskPerformanceMetrics_INFO [20.634525928] flDriveMotor.odometryCleanupTask: STOP_TASK=5.1142E-5/10.2906179795
TrcTaskMgr.printTaskPerformanceMetrics_INFO [20.636181303] frDriveMotor.pidCtrlTask: OUTPUT_TASK=1.433760591133005E-5/0.011597207267402014
TrcTaskMgr.printTaskPerformanceMetrics_INFO [20.637163251] blDriveMotor.pidCtrlTask: OUTPUT_TASK=1.2350337973870207E-5/0.01159720620571857
TrcTaskMgr.printTaskPerformanceMetrics_INFO [20.638323783] brDriveMotor.pidCtrlTask: OUTPUT_TASK=1.1292196059535284E-5/0.011597120634971625
TrcTaskMgr.printTaskPerformanceMetrics_INFO [20.639280492] flSteerMotor.pidCtrlTask: OUTPUT_TASK=1.7687769996787666E-5/0.01159711981657565
TrcTaskMgr.printTaskPerformanceMetrics_INFO [20.642363804] frSteerMotor.pidCtrlTask: OUTPUT_TASK=1.6292450797729948E-5/0.01159712877438698
TrcTaskMgr.printTaskPerformanceMetrics_INFO [20.643952288] blSteerMotor.pidCtrlTask: OUTPUT_TASK=1.293597665702966E-5/0.011597131322732627
TrcTaskMgr.printTaskPerformanceMetrics_INFO [20.644976437] brSteerMotor.pidCtrlTask: OUTPUT_TASK=1.527265049791198E-5/0.011597133970767748
TrcTaskMgr.printTaskPerformanceMetrics_INFO [20.649444937] FrcSwerveDrive.odometryTask: INPUT_TASK=0.0024822060423600606/0.01536666047881997
TrcTaskMgr.printTaskPerformanceMetrics_INFO [20.650782847] FrcSwerveDrive.stopTask: STOP_TASK=0.0033901325/10.2905747775
TrcTaskMgr.printTaskPerformanceMetrics_INFO [20.652206682] purePursuitDrive.driveTask: POST_PERIODIC_TASK=0.004792388066539924/0.037259699762357414
TrcTaskMgr.printTaskPerformanceMetrics_INFO [20.654256444] LED: OUTPUT_TASK=5.4225289079229125E-5/0.011597080647216273
TrcTaskMgr.printTaskPerformanceMetrics_INFO [20.655494458] Shooter.LeftPrimaryMotor.pidCtrlTask: OUTPUT_TASK=3.5444266167023556E-5/0.011597030767558886
TrcTaskMgr.printTaskPerformanceMetrics_INFO [20.656983961] Shooter.LeftFollowerMotor.pidCtrlTask: OUTPUT_TASK=5.622963704496787E-6/0.011597029383725909
TrcTaskMgr.printTaskPerformanceMetrics_INFO [20.658244341] Shooter.LeftTiltMotor.pidCtrlTask: OUTPUT_TASK=3.3645496081370445E-4/0.011597028477837258
TrcTaskMgr.printTaskPerformanceMetrics_INFO [20.659686407] Shooter.LeftShooter.ShooterMotor1VelTrigger.triggerTask: PRE_PERIODIC_TASK=2.616862222222222E-4/0.06131064672222222
TrcTaskMgr.printTaskPerformanceMetrics_INFO [20.661476045] Shooter.LeftShooter.goalTracking: POST_PERIODIC_TASK=0.027991921373762378/0.04508625306435644
TrcTaskMgr.printTaskPerformanceMetrics_INFO [20.663645985] Shooter.LeftTransferMotor.pidCtrlTask: OUTPUT_TASK=6.845267530243015E-6/0.01159684758066588
TrcTaskMgr.printTaskPerformanceMetrics_INFO [20.665642593] Shooter.RightPrimaryMotor.pidCtrlTask: OUTPUT_TASK=2.5196703886093564E-5/0.011596846363344395
TrcTaskMgr.printTaskPerformanceMetrics_INFO [20.667305352] Shooter.RightFollowerMotor.pidCtrlTask: OUTPUT_TASK=5.6194875281019165E-6/0.01159684560089926
TrcTaskMgr.printTaskPerformanceMetrics_INFO [20.670270199] Shooter.RightTiltMotor.pidCtrlTask: OUTPUT_TASK=2.7820471387283237E-4/0.0115967665
TrcTaskMgr.printTaskPerformanceMetrics_INFO [20.671972434] Shooter.RightShooter.ShooterMotor1VelTrigger.triggerTask: PRE_PERIODIC_TASK=1.3141233018867924E-4/0.06413521620754717
TrcTaskMgr.printTaskPerformanceMetrics_INFO [20.673902357] Shooter.RightShooter.goalTracking: POST_PERIODIC_TASK=0.005793521385416667/0.04450985425260416
TrcTaskMgr.printTaskPerformanceMetrics_INFO [20.675754426] Shooter.RightTransferMotor.pidCtrlTask: OUTPUT_TASK=5.661791372297153E-6/0.011596756707878398
TrcTaskMgr.printTaskPerformanceMetrics_INFO [20.677126] Shooter.TurretMotor.pidCtrlTask: OUTPUT_TASK=6.784793968101049E-4/0.011596755561549989
TrcTaskMgr.printTaskPerformanceMetrics_INFO [20.679045889] Shooter.FeederMotor.pidCtrlTask: OUTPUT_TASK=5.7208692999357735E-6/0.011596747888674801
TrcTaskMgr.printTaskPerformanceMetrics_INFO [20.680757528] ShooterfieldLengthTrigger.triggerTask: PRE_PERIODIC_TASK=1.2792006079274671E-5/0.0012524703465070324
TrcTaskMgr.printTaskPerformanceMetrics_INFO [20.681809353] ShooterfieldWidthTrigger.triggerTask: PRE_PERIODIC_TASK=5.203444217133557E-6/0.0012524667412646751
TrcTaskMgr.printTaskPerformanceMetrics_INFO [20.683780697] Intake.IntakeMotor.pidCtrlTask: OUTPUT_TASK=7.399993578079846E-6/0.011596699141817404
TrcTaskMgr.printTaskPerformanceMetrics_INFO [20.686564291] Climber.Motor.pidCtrlTask: OUTPUT_TASK=6.332168543294445E-5/0.011596698298405223
TrcTaskMgr.printTaskPerformanceMetrics_INFO [20.688495977] TaskAutoShoot: POST_PERIODIC_TASK=5.67320765625E-4/0.0620009408046875
