Robot.robotStartMode_INFO [0.050028809] Sat Mar 07 19:20:01 UTC 2026: ***** TELEOP_MODE *****
Robot.robotStartMode_INFO [0.056906099] <BuildInfo Host="TRC492-DS2024" User="User" Timestamp="2026-03-07 10:26:46" Branch="dev" />
FrcTeleOp.driverControllerButtonEvent_INFO [3.036787896] ##### button=X, pressed=true
FrcTeleOp.driverControllerButtonEvent_INFO [3.050164158] >>>>> Reset field forward heading (heading=177.90226492298405)
FrcTeleOp.driverControllerButtonEvent_INFO [3.085565584] ##### button=X, pressed=false
Shooter.setupGoalTrackingMode_INFO [4.212415451] GoalTracking(trackingMode=AllianceHub, goalPose=(x=-158.838583,y=469.110472,angle=180.000000), noPassback=true).
FrcTeleOp.driverControllerButtonEvent_INFO [4.218376635] ##### button=A, pressed=true
FrcTeleOp.driverControllerButtonEvent_INFO [4.321373161] ##### button=A, pressed=false
FrcTeleOp.driverControllerButtonEvent_INFO [5.666057912] ##### button=A, pressed=true
FrcTeleOp.driverControllerButtonEvent_INFO [5.768507282] ##### button=A, pressed=false
Shooter.setupGoalTrackingMode_INFO [6.359654855] GoalTracking(trackingMode=AllianceHub, goalPose=(x=-158.838583,y=469.110472,angle=180.000000), noPassback=true).
Shooter.setupGoalTrackingMode_INFO [7.028341058] GoalTracking(trackingMode=AllianceHub, goalPose=(x=-158.838583,y=469.110472,angle=180.000000), noPassback=true).
Shooter.setupGoalTrackingMode_INFO [7.693980675] GoalTracking(trackingMode=AllianceHub, goalPose=(x=-158.838583,y=469.110472,angle=180.000000), noPassback=true).
FrcTeleOp.operatorControllerButtonEvent_INFO [8.174184185] ##### button=Y, pressed=true
FrcTeleOp.shoot_INFO [8.176426118] >>>>> Start Auto Shoot.
TaskAutoShoot.autoShoot_INFO [8.177863482] autoShoot(owner=null, event=null, taskParams=(autoStop=false, noPassback=false))
TaskAutoShoot.autoShoot_INFO [8.179586546] Enabling Goal Tracking (prevTrackParams=(trackFlywheel=false,trackTiltPos=false,trackPanPos=true)).
Shooter.setupGoalTrackingMode_INFO [8.186460792] GoalTracking(trackingMode=AllianceHub, goalPose=(x=-158.838583,y=469.110472,angle=180.000000), noPassback=false).
Shooter.LeftShooter.enableGoalTracking_INFO [8.192608136] Enable GoalTracking (trackingParams=(trackFlywheel=true,trackTiltPos=true,trackPanPos=true)).
Shooter.LeftPrimaryMotor.cancel_INFO [8.196846788] Cancel: stopping motor.
Shooter.LeftTiltMotor.cancel_INFO [8.198957055] Cancel: stopping motor.
Shooter.RightShooter.enableGoalTracking_INFO [8.201071384] Enable GoalTracking (trackingParams=(trackFlywheel=true,trackTiltPos=true,trackPanPos=true)).
Shooter.RightPrimaryMotor.cancel_INFO [8.203536428] Cancel: stopping motor.
Shooter.RightTiltMotor.cancel_INFO [8.205064568] Cancel: stopping motor.
TaskAutoShoot.autoTask_INFO [8.274336478] <Event name="StateInfo" time="8.273047237" tag="vvvvv" TaskAutoShoot.state="START" />
TaskAutoShoot.runTaskState_INFO [8.277732434] ***** Wait for left Shooter ready.
TaskAutoShoot.runTaskState_INFO [8.278587021] ***** Wait for right Shooter ready.
TaskAutoShoot.runTaskState_INFO [8.279394979] ***** Wait for Turret ready.
TaskAutoShoot.autoTask_INFO [8.28047074] <Event name="StateInfo" time="8.28023592" tag="^^^^^" TaskAutoShoot.state="START" />
TaskAutoShoot.autoTask_INFO [8.422442389] <Event name="StateInfo" time="8.422227748" tag="vvvvv" TaskAutoShoot.state="SHOOT" />
TaskAutoShoot.autoTask_INFO [8.429728528] <Event name="StateInfo" time="8.429256065" tag="^^^^^" TaskAutoShoot.state="SHOOT" />
TaskAutoShoot.autoTask_INFO [8.499074813] <Event name="StateInfo" time="8.498860396" tag="vvvvv" TaskAutoShoot.state="SHOOT" />
TaskAutoShoot.autoTask_INFO [8.500019822] <Event name="StateInfo" time="8.499721987" tag="^^^^^" TaskAutoShoot.state="SHOOT" />
TaskAutoShoot.autoTask_INFO [8.574005911] <Event name="StateInfo" time="8.573686268" tag="vvvvv" TaskAutoShoot.state="SHOOT" />
TaskAutoShoot.autoTask_INFO [8.580583663] <Event name="StateInfo" time="8.575467629" tag="^^^^^" TaskAutoShoot.state="SHOOT" />
TaskAutoShoot.autoTask_INFO [8.661329516] <Event name="StateInfo" time="8.660960742" tag="vvvvv" TaskAutoShoot.state="SHOOT" />
TaskAutoShoot.autoTask_INFO [8.669933315] <Event name="StateInfo" time="8.669386489" tag="^^^^^" TaskAutoShoot.state="SHOOT" />
TaskAutoShoot.autoTask_INFO [8.743936569] <Event name="StateInfo" time="8.743547422" tag="vvvvv" TaskAutoShoot.state="SHOOT" />
TaskAutoShoot.autoTask_INFO [8.748647376] <Event name="StateInfo" time="8.748440586" tag="^^^^^" TaskAutoShoot.state="SHOOT" />
TaskAutoShoot.autoTask_INFO [8.818457611] <Event name="StateInfo" time="8.817676337" tag="vvvvv" TaskAutoShoot.state="SHOOT" />
TaskAutoShoot.autoTask_INFO [8.824877018] <Event name="StateInfo" time="8.821948429" tag="^^^^^" TaskAutoShoot.state="SHOOT" />
TaskAutoShoot.autoTask_INFO [8.889082292] <Event name="StateInfo" time="8.888866684" tag="vvvvv" TaskAutoShoot.state="SHOOT" />
TaskAutoShoot.autoTask_INFO [8.897973941] <Event name="StateInfo" time="8.897382964" tag="^^^^^" TaskAutoShoot.state="SHOOT" />
TaskAutoShoot.autoTask_INFO [8.962522492] <Event name="StateInfo" time="8.959907805" tag="vvvvv" TaskAutoShoot.state="SHOOT" />
TaskAutoShoot.autoTask_INFO [8.966249537] <Event name="StateInfo" time="8.966031262" tag="^^^^^" TaskAutoShoot.state="SHOOT" />
Shooter.LeftShooter.goalTrackingTask_INFO [9.028329761] Shooter.LeftShooter is Ready: rpm1=4978.287260/4994.550271, rpm2=3025.546875/0.000000, tilt=24.656488/24.688382, pan=null/null
Shooter.RightShooter.goalTrackingTask_INFO [9.051848887] Shooter.RightShooter is Ready: rpm1=4944.023438/4994.711293, rpm2=3041.132813/0.000000, tilt=24.656491/24.688382, pan=null/null
TaskAutoShoot.autoTask_INFO [9.05812102] <Event name="StateInfo" time="9.054875236" tag="vvvvv" TaskAutoShoot.state="SHOOT" />
TaskAutoShoot.autoTask_INFO [9.059678583] <Event name="StateInfo" time="9.059421243" tag="^^^^^" TaskAutoShoot.state="SHOOT" />
FrcTeleOp.operatorControllerButtonEvent_INFO [9.0643963] ##### button=Y, pressed=false
TaskAutoShoot.autoTask_INFO [9.141271617] <Event name="StateInfo" time="9.14102913" tag="vvvvv" TaskAutoShoot.state="SHOOT" />
TaskAutoShoot.autoTask_INFO [9.148165846] <Event name="StateInfo" time="9.147936071" tag="^^^^^" TaskAutoShoot.state="SHOOT" />
TaskAutoShoot.autoTask_INFO [9.247707091] <Event name="StateInfo" time="9.247514969" tag="vvvvv" TaskAutoShoot.state="SHOOT" />
TaskAutoShoot.autoTask_INFO [9.252968355] <Event name="StateInfo" time="9.252341436" tag="^^^^^" TaskAutoShoot.state="SHOOT" />
FrcTeleOp.operatorControllerButtonEvent_INFO [9.269572287] ##### button=Y, pressed=true
FrcTeleOp.shoot_INFO [9.27516188] >>>>> Stop Auto Shoot.
TaskAutoShoot.cancel_INFO [9.277447624] Canceling auto task operation.
TaskAutoShoot.stopSubsystems_INFO [9.285261034] Stopping subsystems.
Shooter.LeftTransferMotor.cancel_INFO [9.290400023] Cancel: stopping motor.
Shooter.RightTransferMotor.cancel_INFO [9.296712139] Cancel: stopping motor.
Shooter.FeederMotor.cancel_INFO [9.299992705] Cancel: stopping motor.
TaskAutoShoot.stopSubsystems_INFO [9.307715486] Restoring previous Tracking mode (trackFlywheel=false,trackTiltPos=false,trackPanPos=true).
Shooter.setupGoalTrackingMode_INFO [9.31276183] GoalTracking(trackingMode=AllianceHub, goalPose=(x=-158.838583,y=469.110472,angle=180.000000), noPassback=true).
Shooter.LeftShooter.enableGoalTracking_INFO [9.317284265] Enable GoalTracking (trackingParams=(trackFlywheel=false,trackTiltPos=false,trackPanPos=true)).
Shooter.LeftPrimaryMotor.cancel_INFO [9.331903798] Cancel: stopping motor.
Shooter.LeftTiltMotor.cancel_INFO [9.337985403] Cancel: stopping motor.
Shooter.RightShooter.enableGoalTracking_INFO [9.346391242] Enable GoalTracking (trackingParams=(trackFlywheel=false,trackTiltPos=false,trackPanPos=true)).
Shooter.RightPrimaryMotor.cancel_INFO [9.358187657] Cancel: stopping motor.
Shooter.RightTiltMotor.cancel_INFO [9.366166774] Cancel: stopping motor.
Shooter.LeftPrimaryMotor.cancel_INFO [9.377382816] Cancel: stopping motor.
Shooter.RightPrimaryMotor.cancel_INFO [9.386809822] Cancel: stopping motor.
FrcTeleOp.operatorControllerButtonEvent_INFO [10.4774484] ##### button=Y, pressed=false
FrcTeleOp.operatorControllerButtonEvent_INFO [10.529546413] ##### button=Y, pressed=true
FrcTeleOp.shoot_INFO [10.532874089] >>>>> Start Auto Shoot.
TaskAutoShoot.autoShoot_INFO [10.534137894] autoShoot(owner=null, event=null, taskParams=(autoStop=false, noPassback=false))
TaskAutoShoot.autoShoot_INFO [10.53515678] Enabling Goal Tracking (prevTrackParams=(trackFlywheel=false,trackTiltPos=false,trackPanPos=true)).
Shooter.setupGoalTrackingMode_INFO [10.536207567] GoalTracking(trackingMode=AllianceHub, goalPose=(x=-158.838583,y=469.110472,angle=180.000000), noPassback=false).
Shooter.LeftShooter.enableGoalTracking_INFO [10.537280918] Enable GoalTracking (trackingParams=(trackFlywheel=true,trackTiltPos=true,trackPanPos=true)).
Shooter.LeftPrimaryMotor.cancel_INFO [10.541542742] Cancel: stopping motor.
Shooter.LeftTiltMotor.cancel_INFO [10.543952275] Cancel: stopping motor.
Shooter.RightShooter.enableGoalTracking_INFO [10.545423978] Enable GoalTracking (trackingParams=(trackFlywheel=true,trackTiltPos=true,trackPanPos=true)).
Shooter.RightPrimaryMotor.cancel_INFO [10.546873875] Cancel: stopping motor.
Shooter.RightTiltMotor.cancel_INFO [10.551578399] Cancel: stopping motor.
TaskAutoShoot.autoTask_INFO [10.626159472] <Event name="StateInfo" time="10.624686197" tag="vvvvv" TaskAutoShoot.state="START" />
TaskAutoShoot.runTaskState_INFO [10.629158881] ***** Wait for left Shooter ready.
TaskAutoShoot.runTaskState_INFO [10.631721698] ***** Wait for right Shooter ready.
TaskAutoShoot.runTaskState_INFO [10.636265039] ***** Wait for Turret ready.
TaskAutoShoot.autoTask_INFO [10.640140016] <Event name="StateInfo" time="10.638884989" tag="^^^^^" TaskAutoShoot.state="START" />
Shooter.TurretMotor.pidCtrlTask_INFO [10.692407319] controlMode: Position,onTarget=true(-64.4981275097837/-65.20887533562158), stalled=false, expired=false, event=(TaskAutoShoot.turretReady=SIGNALED)
TaskAutoShoot.autoTask_INFO [10.743659846] <Event name="StateInfo" time="10.740029952" tag="vvvvv" TaskAutoShoot.state="SHOOT" />
TaskAutoShoot.autoTask_INFO [10.744887769] <Event name="StateInfo" time="10.744630274" tag="^^^^^" TaskAutoShoot.state="SHOOT" />
TaskAutoShoot.autoTask_INFO [10.811798863] <Event name="StateInfo" time="10.809960306" tag="vvvvv" TaskAutoShoot.state="SHOOT" />
TaskAutoShoot.autoTask_INFO [10.813812586] <Event name="StateInfo" time="10.813581272" tag="^^^^^" TaskAutoShoot.state="SHOOT" />
TaskAutoShoot.autoTask_INFO [10.894678272] <Event name="StateInfo" time="10.890760413" tag="vvvvv" TaskAutoShoot.state="SHOOT" />
TaskAutoShoot.autoTask_INFO [10.89604711] <Event name="StateInfo" time="10.895869956" tag="^^^^^" TaskAutoShoot.state="SHOOT" />
Shooter.LeftShooter.goalTrackingTask_INFO [10.956521861] Shooter.LeftShooter is Ready: rpm1=4937.208534/4950.922333, rpm2=3003.632813/0.000000, tilt=24.458852/24.376060, pan=null/null
Shooter.RightShooter.goalTrackingTask_INFO [10.978032625] Shooter.RightShooter is Ready: rpm1=4857.890625/4950.922333, rpm2=3020.976563/0.000000, tilt=24.458854/24.376060, pan=null/null
TaskAutoShoot.autoTask_INFO [10.979312636] <Event name="StateInfo" time="10.979109545" tag="vvvvv" TaskAutoShoot.state="SHOOT" />
TaskAutoShoot.runTaskState_INFO [10.989452038] ***** Start left shooter shooting.
Shooter.shoot_INFO [10.991674724] shoot(owner=null, event=(TaskAutoShoot.leftShooterDone=CLEARED), shooter=leftShooter, autoStop=false)
Shooter.LeftTransferMotor.cancel_INFO [10.995235] Cancel: stopping motor.
TaskAutoShoot.runTaskState_INFO [10.996814426] ***** Start right shooter shooting.
Shooter.shoot_INFO [11.005040973] shoot(owner=null, event=(TaskAutoShoot.rightShooterDone=CLEARED), shooter=rightShooter, autoStop=false)
Shooter.RightTransferMotor.cancel_INFO [11.005859834] Cancel: stopping motor.
TaskAutoShoot.autoTask_INFO [11.009967605] <Event name="StateInfo" time="11.009530443" tag="^^^^^" TaskAutoShoot.state="SHOOT" />
FrcTeleOp.operatorControllerButtonEvent_INFO [11.498429135] ##### button=Y, pressed=false
FrcTeleOp.operatorControllerButtonEvent_INFO [11.976069666] ##### button=Y, pressed=true
FrcTeleOp.shoot_INFO [11.977549705] >>>>> Stop Auto Shoot.
TaskAutoShoot.cancel_INFO [11.978970138] Canceling auto task operation.
TaskAutoShoot.stopSubsystems_INFO [11.980050925] Stopping subsystems.
Shooter.LeftTransferMotor.cancel_INFO [11.981443957] Cancel: stopping motor.
Shooter.RightTransferMotor.cancel_INFO [11.982706846] Cancel: stopping motor.
Shooter.FeederMotor.cancel_INFO [11.984321019] Cancel: stopping motor.
TaskAutoShoot.stopSubsystems_INFO [11.985909477] Restoring previous Tracking mode (trackFlywheel=false,trackTiltPos=false,trackPanPos=true).
Shooter.setupGoalTrackingMode_INFO [11.988000851] GoalTracking(trackingMode=AllianceHub, goalPose=(x=-158.838583,y=469.110472,angle=180.000000), noPassback=true).
Shooter.LeftShooter.enableGoalTracking_INFO [11.989170496] Enable GoalTracking (trackingParams=(trackFlywheel=false,trackTiltPos=false,trackPanPos=true)).
Shooter.LeftPrimaryMotor.cancel_INFO [11.991301982] Cancel: stopping motor.
Shooter.LeftTiltMotor.cancel_INFO [11.992605076] Cancel: stopping motor.
Shooter.RightShooter.enableGoalTracking_INFO [11.994003101] Enable GoalTracking (trackingParams=(trackFlywheel=false,trackTiltPos=false,trackPanPos=true)).
Shooter.RightPrimaryMotor.cancel_INFO [11.996987891] Cancel: stopping motor.
Shooter.RightTiltMotor.cancel_INFO [11.998642964] Cancel: stopping motor.
Shooter.LeftPrimaryMotor.cancel_INFO [12.006505835] Cancel: stopping motor.
Shooter.RightPrimaryMotor.cancel_INFO [12.009057835] Cancel: stopping motor.
FrcTeleOp.operatorControllerButtonEvent_INFO [12.142035653] ##### button=Y, pressed=false
Shooter.setupGoalTrackingMode_INFO [13.989284823] GoalTracking(trackingMode=AllianceHub, goalPose=(x=-158.838583,y=469.110472,angle=180.000000), noPassback=true).
Shooter.setupGoalTrackingMode_INFO [14.536828135] GoalTracking(trackingMode=AllianceHub, goalPose=(x=-158.838583,y=469.110472,angle=180.000000), noPassback=true).
Shooter.setupGoalTrackingMode_INFO [15.676845906] GoalTracking(trackingMode=AllianceHub, goalPose=(x=-158.838583,y=469.110472,angle=180.000000), noPassback=true).
Shooter.setupGoalTrackingMode_INFO [16.617193165] GoalTracking(trackingMode=AllianceHub, goalPose=(x=-158.838583,y=469.110472,angle=180.000000), noPassback=true).
Shooter.setupGoalTrackingMode_INFO [17.205976653] GoalTracking(trackingMode=AllianceHub, goalPose=(x=-158.838583,y=469.110472,angle=180.000000), noPassback=true).
Shooter.setupGoalTrackingMode_INFO [18.285761367] GoalTracking(trackingMode=AllianceHub, goalPose=(x=-158.838583,y=469.110472,angle=180.000000), noPassback=true).
Shooter.setupGoalTrackingMode_INFO [21.0574288] GoalTracking(trackingMode=AllianceHub, goalPose=(x=-158.838583,y=469.110472,angle=180.000000), noPassback=true).
Shooter.setupGoalTrackingMode_INFO [21.839677948] GoalTracking(trackingMode=AllianceHub, goalPose=(x=-158.838583,y=469.110472,angle=180.000000), noPassback=true).
Shooter.setupGoalTrackingMode_INFO [23.599093537] GoalTracking(trackingMode=AllianceHub, goalPose=(x=-158.838583,y=469.110472,angle=180.000000), noPassback=true).
Shooter.setupGoalTrackingMode_INFO [24.511986948] GoalTracking(trackingMode=AllianceHub, goalPose=(x=-158.838583,y=469.110472,angle=180.000000), noPassback=true).
Shooter.setupGoalTrackingMode_INFO [25.358905153] GoalTracking(trackingMode=AllianceHub, goalPose=(x=-158.838583,y=469.110472,angle=180.000000), noPassback=true).
Shooter.setupGoalTrackingMode_INFO [28.046501454] GoalTracking(trackingMode=AllianceHub, goalPose=(x=-158.838583,y=469.110472,angle=180.000000), noPassback=true).
FrcTeleOp.driverControllerButtonEvent_INFO [28.987001115] ##### button=A, pressed=true
FrcTeleOp.driverControllerButtonEvent_INFO [29.042659558] ##### button=A, pressed=false
FrcTeleOp.operatorControllerButtonEvent_INFO [31.279223851] ##### button=Y, pressed=true
FrcTeleOp.shoot_INFO [31.282412509] >>>>> Start Auto Shoot.
TaskAutoShoot.autoShoot_INFO [31.284583441] autoShoot(owner=null, event=null, taskParams=(autoStop=false, noPassback=false))
TaskAutoShoot.autoShoot_INFO [31.285636866] Enabling Goal Tracking (prevTrackParams=(trackFlywheel=false,trackTiltPos=false,trackPanPos=true)).
Shooter.setupGoalTrackingMode_INFO [31.287046829] GoalTracking(trackingMode=AllianceHub, goalPose=(x=-158.838583,y=469.110472,angle=180.000000), noPassback=false).
Shooter.LeftShooter.enableGoalTracking_INFO [31.288187816] Enable GoalTracking (trackingParams=(trackFlywheel=true,trackTiltPos=true,trackPanPos=true)).
Shooter.LeftPrimaryMotor.cancel_INFO [31.289555546] Cancel: stopping motor.
Shooter.LeftTiltMotor.cancel_INFO [31.292132117] Cancel: stopping motor.
Shooter.RightShooter.enableGoalTracking_INFO [31.294387023] Enable GoalTracking (trackingParams=(trackFlywheel=true,trackTiltPos=true,trackPanPos=true)).
Shooter.RightPrimaryMotor.cancel_INFO [31.297016223] Cancel: stopping motor.
Shooter.RightTiltMotor.cancel_INFO [31.29868828] Cancel: stopping motor.
TaskAutoShoot.autoTask_INFO [31.375105959] <Event name="StateInfo" time="31.374765305" tag="vvvvv" TaskAutoShoot.state="START" />
TaskAutoShoot.runTaskState_INFO [31.377792402] ***** Wait for left Shooter ready.
TaskAutoShoot.runTaskState_INFO [31.384515986] ***** Wait for right Shooter ready.
TaskAutoShoot.runTaskState_INFO [31.388022439] ***** Wait for Turret ready.
TaskAutoShoot.autoTask_INFO [31.39004571] <Event name="StateInfo" time="31.38980233" tag="^^^^^" TaskAutoShoot.state="START" />
Shooter.TurretMotor.pidCtrlTask_INFO [31.50676644] controlMode: Position,onTarget=true(-101.42212769745908/-101.706318897274), stalled=false, expired=false, event=(TaskAutoShoot.turretReady=SIGNALED)
TaskAutoShoot.autoTask_INFO [31.587405491] <Event name="StateInfo" time="31.587194762" tag="vvvvv" TaskAutoShoot.state="SHOOT" />
TaskAutoShoot.autoTask_INFO [31.589404375] <Event name="StateInfo" time="31.588823605" tag="^^^^^" TaskAutoShoot.state="SHOOT" />
TaskAutoShoot.autoTask_INFO [31.680804583] <Event name="StateInfo" time="31.67930348" tag="vvvvv" TaskAutoShoot.state="SHOOT" />
TaskAutoShoot.autoTask_INFO [31.699355937] <Event name="StateInfo" time="31.699007812" tag="^^^^^" TaskAutoShoot.state="SHOOT" />
TaskAutoShoot.autoTask_INFO [31.776391461] <Event name="StateInfo" time="31.775934254" tag="vvvvv" TaskAutoShoot.state="SHOOT" />
TaskAutoShoot.autoTask_INFO [31.778534567] <Event name="StateInfo" time="31.778311498" tag="^^^^^" TaskAutoShoot.state="SHOOT" />
TaskAutoShoot.autoTask_INFO [31.843933001] <Event name="StateInfo" time="31.842349647" tag="vvvvv" TaskAutoShoot.state="SHOOT" />
TaskAutoShoot.autoTask_INFO [31.846287253] <Event name="StateInfo" time="31.846057082" tag="^^^^^" TaskAutoShoot.state="SHOOT" />
FrcTeleOp.operatorControllerButtonEvent_INFO [31.856798252] ##### button=Y, pressed=false
TaskAutoShoot.autoTask_INFO [31.93429219] <Event name="StateInfo" time="31.934091869" tag="vvvvv" TaskAutoShoot.state="SHOOT" />
TaskAutoShoot.autoTask_INFO [31.937581344] <Event name="StateInfo" time="31.9372906" tag="^^^^^" TaskAutoShoot.state="SHOOT" />
TaskAutoShoot.autoTask_INFO [32.002574227] <Event name="StateInfo" time="32.001654602" tag="vvvvv" TaskAutoShoot.state="SHOOT" />
TaskAutoShoot.autoTask_INFO [32.004094315] <Event name="StateInfo" time="32.003795758" tag="^^^^^" TaskAutoShoot.state="SHOOT" />
Shooter.LeftShooter.goalTrackingTask_INFO [32.060442303] Shooter.LeftShooter is Ready: rpm1=4884.203726/4981.470256, rpm2=3030.000000/0.000000, tilt=24.577434/24.594308, pan=null/null
TaskAutoShoot.autoTask_INFO [32.08884845] <Event name="StateInfo" time="32.088631174" tag="vvvvv" TaskAutoShoot.state="SHOOT" />
TaskAutoShoot.runTaskState_INFO [32.091502864] ***** Start left shooter shooting.
Shooter.shoot_INFO [32.093350407] shoot(owner=null, event=(TaskAutoShoot.leftShooterDone=CLEARED), shooter=leftShooter, autoStop=false)
Shooter.LeftTransferMotor.cancel_INFO [32.096150127] Cancel: stopping motor.
TaskAutoShoot.autoTask_INFO [32.097883612] <Event name="StateInfo" time="32.097653916" tag="^^^^^" TaskAutoShoot.state="SHOOT" />
TaskAutoShoot.autoTask_INFO [32.171065985] <Event name="StateInfo" time="32.170877054" tag="vvvvv" TaskAutoShoot.state="SHOOT" />
TaskAutoShoot.autoTask_INFO [32.175122124] <Event name="StateInfo" time="32.174806217" tag="^^^^^" TaskAutoShoot.state="SHOOT" />
Shooter.RightShooter.goalTrackingTask_INFO [32.248678075] Shooter.RightShooter is Ready: rpm1=4921.685697/4981.095672, rpm2=3014.882813/0.000000, tilt=24.537909/24.591619, pan=null/null
TaskAutoShoot.autoTask_INFO [32.249474658] <Event name="StateInfo" time="32.249298037" tag="vvvvv" TaskAutoShoot.state="SHOOT" />
TaskAutoShoot.runTaskState_INFO [32.257340522] ***** Start right shooter shooting.
Shooter.shoot_INFO [32.259187811] shoot(owner=null, event=(TaskAutoShoot.rightShooterDone=CLEARED), shooter=rightShooter, autoStop=false)
Shooter.RightTransferMotor.cancel_INFO [32.262330999] Cancel: stopping motor.
TaskAutoShoot.autoTask_INFO [32.269538841] <Event name="StateInfo" time="32.269308118" tag="^^^^^" TaskAutoShoot.state="SHOOT" />
FrcTeleOp.operatorControllerButtonEvent_INFO [32.549074526] ##### button=Y, pressed=true
FrcTeleOp.shoot_INFO [32.55085453] >>>>> Stop Auto Shoot.
TaskAutoShoot.cancel_INFO [32.551883802] Canceling auto task operation.
TaskAutoShoot.stopSubsystems_INFO [32.554794271] Stopping subsystems.
Shooter.LeftTransferMotor.cancel_INFO [32.556199517] Cancel: stopping motor.
Shooter.RightTransferMotor.cancel_INFO [32.557445514] Cancel: stopping motor.
Shooter.FeederMotor.cancel_INFO [32.558960011] Cancel: stopping motor.
TaskAutoShoot.stopSubsystems_INFO [32.566087598] Restoring previous Tracking mode (trackFlywheel=false,trackTiltPos=false,trackPanPos=true).
Shooter.setupGoalTrackingMode_INFO [32.568817519] GoalTracking(trackingMode=AllianceHub, goalPose=(x=-158.838583,y=469.110472,angle=180.000000), noPassback=true).
Shooter.LeftShooter.enableGoalTracking_INFO [32.571106372] Enable GoalTracking (trackingParams=(trackFlywheel=false,trackTiltPos=false,trackPanPos=true)).
Shooter.LeftPrimaryMotor.cancel_INFO [32.574084096] Cancel: stopping motor.
Shooter.LeftTiltMotor.cancel_INFO [32.575193036] Cancel: stopping motor.
Shooter.RightShooter.enableGoalTracking_INFO [32.578408639] Enable GoalTracking (trackingParams=(trackFlywheel=false,trackTiltPos=false,trackPanPos=true)).
Shooter.RightPrimaryMotor.cancel_INFO [32.579675768] Cancel: stopping motor.
Shooter.RightTiltMotor.cancel_INFO [32.580658365] Cancel: stopping motor.
Shooter.LeftPrimaryMotor.cancel_INFO [32.58403462] Cancel: stopping motor.
Shooter.RightPrimaryMotor.cancel_INFO [32.594840355] Cancel: stopping motor.
FrcTeleOp.operatorControllerButtonEvent_INFO [32.788149856] ##### button=Y, pressed=false
FrcTeleOp.operatorControllerButtonEvent_INFO [32.98189414] ##### button=Y, pressed=true
FrcTeleOp.shoot_INFO [32.984105775] >>>>> Start Auto Shoot.
TaskAutoShoot.autoShoot_INFO [32.985461175] autoShoot(owner=null, event=null, taskParams=(autoStop=false, noPassback=false))
TaskAutoShoot.autoShoot_INFO [32.986668943] Enabling Goal Tracking (prevTrackParams=(trackFlywheel=false,trackTiltPos=false,trackPanPos=true)).
Shooter.setupGoalTrackingMode_INFO [32.991084717] GoalTracking(trackingMode=AllianceHub, goalPose=(x=-158.838583,y=469.110472,angle=180.000000), noPassback=false).
Shooter.LeftShooter.enableGoalTracking_INFO [32.992478362] Enable GoalTracking (trackingParams=(trackFlywheel=true,trackTiltPos=true,trackPanPos=true)).
Shooter.LeftPrimaryMotor.cancel_INFO [32.994126696] Cancel: stopping motor.
Shooter.LeftTiltMotor.cancel_INFO [32.995408504] Cancel: stopping motor.
Shooter.RightShooter.enableGoalTracking_INFO [32.997842741] Enable GoalTracking (trackingParams=(trackFlywheel=true,trackTiltPos=true,trackPanPos=true)).
Shooter.RightPrimaryMotor.cancel_INFO [33.00114893] Cancel: stopping motor.
Shooter.RightTiltMotor.cancel_INFO [33.00268889] Cancel: stopping motor.
TaskAutoShoot.autoTask_INFO [33.096586141] <Event name="StateInfo" time="33.095848545" tag="vvvvv" TaskAutoShoot.state="START" />
TaskAutoShoot.runTaskState_INFO [33.099666534] ***** Wait for left Shooter ready.
TaskAutoShoot.runTaskState_INFO [33.10107583] ***** Wait for right Shooter ready.
TaskAutoShoot.runTaskState_INFO [33.103258801] ***** Wait for Turret ready.
TaskAutoShoot.autoTask_INFO [33.10564057] <Event name="StateInfo" time="33.105356408" tag="^^^^^" TaskAutoShoot.state="START" />
Shooter.TurretMotor.pidCtrlTask_INFO [33.14697924] controlMode: Position,onTarget=true(-94.25725517154535/-94.25373910420399), stalled=false, expired=false, event=(TaskAutoShoot.turretReady=SIGNALED)
TaskAutoShoot.autoTask_INFO [33.184733781] <Event name="StateInfo" time="33.184505306" tag="vvvvv" TaskAutoShoot.state="SHOOT" />
TaskAutoShoot.autoTask_INFO [33.18520557] <Event name="StateInfo" time="33.185040704" tag="^^^^^" TaskAutoShoot.state="SHOOT" />
Shooter.LeftShooter.goalTrackingTask_INFO [33.237745693] Shooter.LeftShooter is Ready: rpm1=4918.278245/4983.737459, rpm2=3032.695313/0.000000, tilt=24.656488/24.610587, pan=null/null
Shooter.RightShooter.goalTrackingTask_INFO [33.265453719] Shooter.RightShooter is Ready: rpm1=4885.718149/4983.737459, rpm2=2965.781250/0.000000, tilt=24.656491/24.610587, pan=null/null
TaskAutoShoot.autoTask_INFO [33.266145216] <Event name="StateInfo" time="33.265973298" tag="vvvvv" TaskAutoShoot.state="SHOOT" />
TaskAutoShoot.runTaskState_INFO [33.266427355] ***** Start left shooter shooting.
Shooter.shoot_INFO [33.270669976] shoot(owner=null, event=(TaskAutoShoot.leftShooterDone=CLEARED), shooter=leftShooter, autoStop=false)
Shooter.LeftTransferMotor.cancel_INFO [33.276848413] Cancel: stopping motor.
TaskAutoShoot.runTaskState_INFO [33.279221443] ***** Start right shooter shooting.
Shooter.shoot_INFO [33.282677261] shoot(owner=null, event=(TaskAutoShoot.rightShooterDone=CLEARED), shooter=rightShooter, autoStop=false)
Shooter.RightTransferMotor.cancel_INFO [33.287897845] Cancel: stopping motor.
TaskAutoShoot.autoTask_INFO [33.290542691] <Event name="StateInfo" time="33.290254232" tag="^^^^^" TaskAutoShoot.state="SHOOT" />
FrcTeleOp.operatorControllerButtonEvent_INFO [33.382917449] ##### button=Y, pressed=false
FrcTeleOp.operatorControllerButtonEvent_INFO [34.272391776] ##### button=Y, pressed=true
FrcTeleOp.shoot_INFO [34.273730122] >>>>> Stop Auto Shoot.
TaskAutoShoot.cancel_INFO [34.27421702] Canceling auto task operation.
TaskAutoShoot.stopSubsystems_INFO [34.274825962] Stopping subsystems.
Shooter.LeftTransferMotor.cancel_INFO [34.275759352] Cancel: stopping motor.
Shooter.RightTransferMotor.cancel_INFO [34.27689536] Cancel: stopping motor.
Shooter.FeederMotor.cancel_INFO [34.277468473] Cancel: stopping motor.
TaskAutoShoot.stopSubsystems_INFO [34.277924914] Restoring previous Tracking mode (trackFlywheel=false,trackTiltPos=false,trackPanPos=true).
Shooter.setupGoalTrackingMode_INFO [34.281018809] GoalTracking(trackingMode=AllianceHub, goalPose=(x=-158.838583,y=469.110472,angle=180.000000), noPassback=true).
Shooter.LeftShooter.enableGoalTracking_INFO [34.28245079] Enable GoalTracking (trackingParams=(trackFlywheel=false,trackTiltPos=false,trackPanPos=true)).
Shooter.LeftPrimaryMotor.cancel_INFO [34.284354613] Cancel: stopping motor.
Shooter.LeftTiltMotor.cancel_INFO [34.285139401] Cancel: stopping motor.
Shooter.RightShooter.enableGoalTracking_INFO [34.285753236] Enable GoalTracking (trackingParams=(trackFlywheel=false,trackTiltPos=false,trackPanPos=true)).
Shooter.RightPrimaryMotor.cancel_INFO [34.286208837] Cancel: stopping motor.
Shooter.RightTiltMotor.cancel_INFO [34.286819473] Cancel: stopping motor.
Shooter.LeftPrimaryMotor.cancel_INFO [34.287759212] Cancel: stopping motor.
Shooter.RightPrimaryMotor.cancel_INFO [34.288400099] Cancel: stopping motor.
FrcTeleOp.operatorControllerButtonEvent_INFO [34.411258663] ##### button=Y, pressed=false
FrcTeleOp.operatorControllerButtonEvent_INFO [34.585986353] ##### button=Y, pressed=true
FrcTeleOp.shoot_INFO [34.593555679] >>>>> Start Auto Shoot.
TaskAutoShoot.autoShoot_INFO [34.594544993] autoShoot(owner=null, event=null, taskParams=(autoStop=false, noPassback=false))
TaskAutoShoot.autoShoot_INFO [34.597441791] Enabling Goal Tracking (prevTrackParams=(trackFlywheel=false,trackTiltPos=false,trackPanPos=true)).
Shooter.setupGoalTrackingMode_INFO [34.601151799] GoalTracking(trackingMode=AllianceHub, goalPose=(x=-158.838583,y=469.110472,angle=180.000000), noPassback=false).
Shooter.LeftShooter.enableGoalTracking_INFO [34.603373481] Enable GoalTracking (trackingParams=(trackFlywheel=true,trackTiltPos=true,trackPanPos=true)).
Shooter.LeftPrimaryMotor.cancel_INFO [34.605388489] Cancel: stopping motor.
Shooter.LeftTiltMotor.cancel_INFO [34.608978527] Cancel: stopping motor.
Shooter.RightShooter.enableGoalTracking_INFO [34.610752228] Enable GoalTracking (trackingParams=(trackFlywheel=true,trackTiltPos=true,trackPanPos=true)).
Shooter.RightPrimaryMotor.cancel_INFO [34.612075639] Cancel: stopping motor.
Shooter.RightTiltMotor.cancel_INFO [34.613417336] Cancel: stopping motor.
TaskAutoShoot.autoTask_INFO [34.695786355] <Event name="StateInfo" time="34.693029203" tag="vvvvv" TaskAutoShoot.state="START" />
TaskAutoShoot.runTaskState_INFO [34.697068248] ***** Wait for left Shooter ready.
TaskAutoShoot.runTaskState_INFO [34.697841641] ***** Wait for right Shooter ready.
TaskAutoShoot.runTaskState_INFO [34.69897578] ***** Wait for Turret ready.
TaskAutoShoot.autoTask_INFO [34.700246635] <Event name="StateInfo" time="34.69991778" tag="^^^^^" TaskAutoShoot.state="START" />
Shooter.TurretMotor.pidCtrlTask_INFO [34.728677499] controlMode: Position,onTarget=true(-94.25725517154535/-95.09036100135665), stalled=false, expired=false, event=(TaskAutoShoot.turretReady=SIGNALED)
TaskAutoShoot.autoTask_INFO [34.779443288] <Event name="StateInfo" time="34.779238582" tag="vvvvv" TaskAutoShoot.state="SHOOT" />
TaskAutoShoot.autoTask_INFO [34.78266658] <Event name="StateInfo" time="34.782466383" tag="^^^^^" TaskAutoShoot.state="SHOOT" />
FrcTeleOp.operatorControllerButtonEvent_INFO [34.787378558] ##### button=Y, pressed=false
Shooter.LeftShooter.goalTrackingTask_INFO [34.845061306] Shooter.LeftShooter is Ready: rpm1=4962.764423/5017.082919, rpm2=3093.515625/0.000000, tilt=24.656488/24.851338, pan=null/null
Shooter.RightShooter.goalTrackingTask_INFO [34.867783152] Shooter.RightShooter is Ready: rpm1=4924.714543/4998.504465, rpm2=3061.171875/0.000000, tilt=24.656491/24.851338, pan=null/null
TaskAutoShoot.autoTask_INFO [34.869388997] <Event name="StateInfo" time="34.86893313" tag="vvvvv" TaskAutoShoot.state="SHOOT" />
TaskAutoShoot.runTaskState_INFO [34.873222159] ***** Start left shooter shooting.
Shooter.shoot_INFO [34.875978012] shoot(owner=null, event=(TaskAutoShoot.leftShooterDone=CLEARED), shooter=leftShooter, autoStop=false)
Shooter.LeftTransferMotor.cancel_INFO [34.879274447] Cancel: stopping motor.
TaskAutoShoot.runTaskState_INFO [34.885538955] ***** Start right shooter shooting.
Shooter.shoot_INFO [34.888481392] shoot(owner=null, event=(TaskAutoShoot.rightShooterDone=CLEARED), shooter=rightShooter, autoStop=false)
Shooter.RightTransferMotor.cancel_INFO [34.891955648] Cancel: stopping motor.
TaskAutoShoot.autoTask_INFO [34.900339692] <Event name="StateInfo" time="34.898242478" tag="^^^^^" TaskAutoShoot.state="SHOOT" />
FrcTeleOp.operatorControllerButtonEvent_INFO [37.164165309] ##### button=Y, pressed=true
FrcTeleOp.shoot_INFO [37.169433171] >>>>> Stop Auto Shoot.
TaskAutoShoot.cancel_INFO [37.170353421] Canceling auto task operation.
TaskAutoShoot.stopSubsystems_INFO [37.171271562] Stopping subsystems.
Shooter.LeftTransferMotor.cancel_INFO [37.173842308] Cancel: stopping motor.
Shooter.RightTransferMotor.cancel_INFO [37.175420243] Cancel: stopping motor.
Shooter.FeederMotor.cancel_INFO [37.176896906] Cancel: stopping motor.
TaskAutoShoot.stopSubsystems_INFO [37.179601417] Restoring previous Tracking mode (trackFlywheel=false,trackTiltPos=false,trackPanPos=true).
Shooter.setupGoalTrackingMode_INFO [37.181563493] GoalTracking(trackingMode=AllianceHub, goalPose=(x=-158.838583,y=469.110472,angle=180.000000), noPassback=true).
Shooter.LeftShooter.enableGoalTracking_INFO [37.183247426] Enable GoalTracking (trackingParams=(trackFlywheel=false,trackTiltPos=false,trackPanPos=true)).
Shooter.LeftPrimaryMotor.cancel_INFO [37.186035439] Cancel: stopping motor.
Shooter.LeftTiltMotor.cancel_INFO [37.188075462] Cancel: stopping motor.
Shooter.RightShooter.enableGoalTracking_INFO [37.189900763] Enable GoalTracking (trackingParams=(trackFlywheel=false,trackTiltPos=false,trackPanPos=true)).
Shooter.RightPrimaryMotor.cancel_INFO [37.194068756] Cancel: stopping motor.
Shooter.RightTiltMotor.cancel_INFO [37.197254294] Cancel: stopping motor.
Shooter.LeftPrimaryMotor.cancel_INFO [37.203835519] Cancel: stopping motor.
Shooter.RightPrimaryMotor.cancel_INFO [37.20626524] Cancel: stopping motor.
FrcTeleOp.operatorControllerButtonEvent_INFO [37.33975666] ##### button=Y, pressed=false
FrcTeleOp.operatorControllerButtonEvent_INFO [37.474883249] ##### button=Y, pressed=true
FrcTeleOp.shoot_INFO [37.477128458] >>>>> Start Auto Shoot.
TaskAutoShoot.autoShoot_INFO [37.483681921] autoShoot(owner=null, event=null, taskParams=(autoStop=false, noPassback=false))
TaskAutoShoot.autoShoot_INFO [37.48547422] Enabling Goal Tracking (prevTrackParams=(trackFlywheel=false,trackTiltPos=false,trackPanPos=true)).
Shooter.setupGoalTrackingMode_INFO [37.488399721] GoalTracking(trackingMode=AllianceHub, goalPose=(x=-158.838583,y=469.110472,angle=180.000000), noPassback=false).
Shooter.LeftShooter.enableGoalTracking_INFO [37.490571758] Enable GoalTracking (trackingParams=(trackFlywheel=true,trackTiltPos=true,trackPanPos=true)).
Shooter.LeftPrimaryMotor.cancel_INFO [37.494331317] Cancel: stopping motor.
Shooter.LeftTiltMotor.cancel_INFO [37.496420519] Cancel: stopping motor.
Shooter.RightShooter.enableGoalTracking_INFO [37.49742688] Enable GoalTracking (trackingParams=(trackFlywheel=true,trackTiltPos=true,trackPanPos=true)).
Shooter.RightPrimaryMotor.cancel_INFO [37.498637378] Cancel: stopping motor.
Shooter.RightTiltMotor.cancel_INFO [37.505618609] Cancel: stopping motor.
TaskAutoShoot.autoTask_INFO [37.589683681] <Event name="StateInfo" time="37.589421515" tag="vvvvv" TaskAutoShoot.state="START" />
TaskAutoShoot.runTaskState_INFO [37.593178293] ***** Wait for left Shooter ready.
TaskAutoShoot.runTaskState_INFO [37.598487645] ***** Wait for right Shooter ready.
TaskAutoShoot.runTaskState_INFO [37.600677744] ***** Wait for Turret ready.
TaskAutoShoot.autoTask_INFO [37.602413168] <Event name="StateInfo" time="37.600984466" tag="^^^^^" TaskAutoShoot.state="START" />
FrcTeleOp.operatorControllerButtonEvent_INFO [37.606410202] ##### button=Y, pressed=false
Shooter.TurretMotor.pidCtrlTask_INFO [37.6443653] controlMode: Position,onTarget=true(-90.95039602270987/-90.17551241360181), stalled=false, expired=false, event=(TaskAutoShoot.turretReady=SIGNALED)
Shooter.RightShooter.goalTrackingTask_INFO [37.688213589] Shooter.RightShooter is Ready: rpm1=4926.418269/4997.240404, rpm2=3070.078125/0.000000, tilt=23.668308/24.066593, pan=null/null
TaskAutoShoot.autoTask_INFO [37.691857754] <Event name="StateInfo" time="37.690928379" tag="vvvvv" TaskAutoShoot.state="SHOOT" />
TaskAutoShoot.runTaskState_INFO [37.692229844] ***** Start right shooter shooting.
Shooter.shoot_INFO [37.699225655] shoot(owner=null, event=(TaskAutoShoot.rightShooterDone=CLEARED), shooter=rightShooter, autoStop=false)
Shooter.RightTransferMotor.cancel_INFO [37.701824216] Cancel: stopping motor.
TaskAutoShoot.autoTask_INFO [37.706366497] <Event name="StateInfo" time="37.706073437" tag="^^^^^" TaskAutoShoot.state="SHOOT" />
TaskAutoShoot.autoTask_INFO [37.806418133] <Event name="StateInfo" time="37.806152169" tag="vvvvv" TaskAutoShoot.state="SHOOT" />
TaskAutoShoot.autoTask_INFO [37.809446938] <Event name="StateInfo" time="37.808729229" tag="^^^^^" TaskAutoShoot.state="SHOOT" />
TaskAutoShoot.autoTask_INFO [37.899446625] <Event name="StateInfo" time="37.899223852" tag="vvvvv" TaskAutoShoot.state="SHOOT" />
TaskAutoShoot.autoTask_INFO [37.908763333] <Event name="StateInfo" time="37.900740145" tag="^^^^^" TaskAutoShoot.state="SHOOT" />
TaskAutoShoot.autoTask_INFO [37.994373998] <Event name="StateInfo" time="37.99408087" tag="vvvvv" TaskAutoShoot.state="SHOOT" />
TaskAutoShoot.autoTask_INFO [37.995552098] <Event name="StateInfo" time="37.995369019" tag="^^^^^" TaskAutoShoot.state="SHOOT" />
TaskAutoShoot.autoTask_INFO [38.077357447] <Event name="StateInfo" time="38.077189849" tag="vvvvv" TaskAutoShoot.state="SHOOT" />
TaskAutoShoot.autoTask_INFO [38.078887618] <Event name="StateInfo" time="38.078601201" tag="^^^^^" TaskAutoShoot.state="SHOOT" />
TaskAutoShoot.autoTask_INFO [38.147970251] <Event name="StateInfo" time="38.145139321" tag="vvvvv" TaskAutoShoot.state="SHOOT" />
TaskAutoShoot.autoTask_INFO [38.151951354] <Event name="StateInfo" time="38.150400424" tag="^^^^^" TaskAutoShoot.state="SHOOT" />
TaskAutoShoot.autoTask_INFO [38.235432492] <Event name="StateInfo" time="38.23508071" tag="vvvvv" TaskAutoShoot.state="SHOOT" />
TaskAutoShoot.autoTask_INFO [38.23997728] <Event name="StateInfo" time="38.238680885" tag="^^^^^" TaskAutoShoot.state="SHOOT" />
TaskAutoShoot.autoTask_INFO [38.32949487] <Event name="StateInfo" time="38.327361436" tag="vvvvv" TaskAutoShoot.state="SHOOT" />
TaskAutoShoot.autoTask_INFO [38.332495302] <Event name="StateInfo" time="38.33229552" tag="^^^^^" TaskAutoShoot.state="SHOOT" />
TaskAutoShoot.autoTask_INFO [38.401873873] <Event name="StateInfo" time="38.400071812" tag="vvvvv" TaskAutoShoot.state="SHOOT" />
TaskAutoShoot.autoTask_INFO [38.404215761] <Event name="StateInfo" time="38.403999761" tag="^^^^^" TaskAutoShoot.state="SHOOT" />
TaskAutoShoot.autoTask_INFO [38.48222953] <Event name="StateInfo" time="38.48157792" tag="vvvvv" TaskAutoShoot.state="SHOOT" />
TaskAutoShoot.autoTask_INFO [38.48615524] <Event name="StateInfo" time="38.485876032" tag="^^^^^" TaskAutoShoot.state="SHOOT" />
TaskAutoShoot.autoTask_INFO [38.557822763] <Event name="StateInfo" time="38.557622072" tag="vvvvv" TaskAutoShoot.state="SHOOT" />
TaskAutoShoot.autoTask_INFO [38.560536627] <Event name="StateInfo" time="38.560331069" tag="^^^^^" TaskAutoShoot.state="SHOOT" />
TaskAutoShoot.autoTask_INFO [38.640653034] <Event name="StateInfo" time="38.640472332" tag="vvvvv" TaskAutoShoot.state="SHOOT" />
TaskAutoShoot.autoTask_INFO [38.648034979] <Event name="StateInfo" time="38.647857409" tag="^^^^^" TaskAutoShoot.state="SHOOT" />
TaskAutoShoot.autoTask_INFO [38.727043387] <Event name="StateInfo" time="38.726833682" tag="vvvvv" TaskAutoShoot.state="SHOOT" />
TaskAutoShoot.autoTask_INFO [38.729742485] <Event name="StateInfo" time="38.729536909" tag="^^^^^" TaskAutoShoot.state="SHOOT" />
Shooter.LeftShooter.goalTrackingTask_INFO [38.777903641] Shooter.LeftShooter is Ready: rpm1=5468.392428/5546.102501, rpm2=3335.859375/0.000000, tilt=28.134924/29.076206, pan=null/null
TaskAutoShoot.autoTask_INFO [38.798908931] <Event name="StateInfo" time="38.798705609" tag="vvvvv" TaskAutoShoot.state="SHOOT" />
TaskAutoShoot.runTaskState_INFO [38.800280346] ***** Start left shooter shooting.
Shooter.shoot_INFO [38.803847408] shoot(owner=null, event=(TaskAutoShoot.leftShooterDone=CLEARED), shooter=leftShooter, autoStop=false)
Shooter.LeftTransferMotor.cancel_INFO [38.804841749] Cancel: stopping motor.
TaskAutoShoot.autoTask_INFO [38.80704032] <Event name="StateInfo" time="38.806740048" tag="^^^^^" TaskAutoShoot.state="SHOOT" />
FrcTeleOp.driverControllerButtonEvent_INFO [42.35548017] ##### button=A, pressed=true
FrcTeleOp.driverControllerButtonEvent_INFO [42.491162707] ##### button=A, pressed=false
FrcTeleOp.driverControllerButtonEvent_INFO [42.881025247] ##### button=A, pressed=true
FrcTeleOp.driverControllerButtonEvent_INFO [42.958671851] ##### button=A, pressed=false
FrcTeleOp.operatorControllerButtonEvent_INFO [43.16658842] ##### button=Y, pressed=true
FrcTeleOp.shoot_INFO [43.167732174] >>>>> Stop Auto Shoot.
TaskAutoShoot.cancel_INFO [43.168992938] Canceling auto task operation.
TaskAutoShoot.stopSubsystems_INFO [43.171164338] Stopping subsystems.
Shooter.LeftTransferMotor.cancel_INFO [43.176049824] Cancel: stopping motor.
Shooter.RightTransferMotor.cancel_INFO [43.17738881] Cancel: stopping motor.
Shooter.FeederMotor.cancel_INFO [43.178214461] Cancel: stopping motor.
TaskAutoShoot.stopSubsystems_INFO [43.179606426] Restoring previous Tracking mode (trackFlywheel=false,trackTiltPos=false,trackPanPos=true).
Shooter.setupGoalTrackingMode_INFO [43.182650983] GoalTracking(trackingMode=AllianceHub, goalPose=(x=-158.838583,y=469.110472,angle=180.000000), noPassback=true).
Shooter.LeftShooter.enableGoalTracking_INFO [43.185768024] Enable GoalTracking (trackingParams=(trackFlywheel=false,trackTiltPos=false,trackPanPos=true)).
Shooter.LeftPrimaryMotor.cancel_INFO [43.188049649] Cancel: stopping motor.
Shooter.LeftTiltMotor.cancel_INFO [43.191262213] Cancel: stopping motor.
Shooter.RightShooter.enableGoalTracking_INFO [43.195648829] Enable GoalTracking (trackingParams=(trackFlywheel=false,trackTiltPos=false,trackPanPos=true)).
Shooter.RightPrimaryMotor.cancel_INFO [43.196973306] Cancel: stopping motor.
Shooter.RightTiltMotor.cancel_INFO [43.199114282] Cancel: stopping motor.
Shooter.LeftPrimaryMotor.cancel_INFO [43.201050269] Cancel: stopping motor.
Shooter.RightPrimaryMotor.cancel_INFO [43.203095448] Cancel: stopping motor.
FrcTeleOp.operatorControllerButtonEvent_INFO [43.325738822] ##### button=Y, pressed=false
FrcTeleOp.operatorControllerButtonEvent_INFO [45.028066419] ##### button=LeftBumper, pressed=true
FrcTeleOp.operatorControllerButtonEvent_INFO [45.02999943] >>>>> OperatorAltFunc=true
FrcTeleOp.operatorControllerButtonEvent_INFO [45.575193746] ##### button=B, pressed=true
FrcTeleOp.operatorControllerButtonEvent_INFO [45.578595829] >>>>> Set feeder power to -0.5
FrcTeleOp.operatorControllerButtonEvent_INFO [46.236848576] ##### button=B, pressed=false
Shooter.FeederMotor.cancel_INFO [46.238985194] Cancel: stopping motor.
FrcTeleOp.operatorControllerButtonEvent_INFO [46.240256151] >>>>> Stop feeder.
FrcTeleOp.operatorControllerButtonEvent_INFO [46.291163997] ##### button=LeftBumper, pressed=false
FrcTeleOp.operatorControllerButtonEvent_INFO [46.293818891] >>>>> OperatorAltFunc=false
FrcTeleOp.operatorControllerButtonEvent_INFO [46.502672304] ##### button=LeftBumper, pressed=true
FrcTeleOp.operatorControllerButtonEvent_INFO [46.503887731] >>>>> OperatorAltFunc=true
FrcTeleOp.operatorControllerButtonEvent_INFO [46.55747807] ##### button=B, pressed=true
FrcTeleOp.operatorControllerButtonEvent_INFO [46.558968034] >>>>> Set feeder power to -0.5
FrcTeleOp.operatorControllerButtonEvent_INFO [46.873174777] ##### button=B, pressed=false
Shooter.FeederMotor.cancel_INFO [46.875848756] Cancel: stopping motor.
FrcTeleOp.operatorControllerButtonEvent_INFO [46.877831959] >>>>> Stop feeder.
FrcTeleOp.operatorControllerButtonEvent_INFO [46.87896649] ##### button=LeftBumper, pressed=false
FrcTeleOp.operatorControllerButtonEvent_INFO [46.880949714] >>>>> OperatorAltFunc=false
FrcTeleOp.operatorControllerButtonEvent_INFO [47.917968151] ##### button=Y, pressed=true
FrcTeleOp.shoot_INFO [47.919499099] >>>>> Start Auto Shoot.
TaskAutoShoot.autoShoot_INFO [47.920052567] autoShoot(owner=null, event=null, taskParams=(autoStop=false, noPassback=false))
TaskAutoShoot.autoShoot_INFO [47.924479009] Enabling Goal Tracking (prevTrackParams=(trackFlywheel=false,trackTiltPos=false,trackPanPos=true)).
Shooter.setupGoalTrackingMode_INFO [47.925300513] GoalTracking(trackingMode=AllianceHub, goalPose=(x=-158.838583,y=469.110472,angle=180.000000), noPassback=false).
Shooter.LeftShooter.enableGoalTracking_INFO [47.925640009] Enable GoalTracking (trackingParams=(trackFlywheel=true,trackTiltPos=true,trackPanPos=true)).
Shooter.LeftPrimaryMotor.cancel_INFO [47.926641707] Cancel: stopping motor.
Shooter.LeftTiltMotor.cancel_INFO [47.927416794] Cancel: stopping motor.
Shooter.RightShooter.enableGoalTracking_INFO [47.92847272] Enable GoalTracking (trackingParams=(trackFlywheel=true,trackTiltPos=true,trackPanPos=true)).
Shooter.RightPrimaryMotor.cancel_INFO [47.937217986] Cancel: stopping motor.
Shooter.RightTiltMotor.cancel_INFO [47.938378111] Cancel: stopping motor.
TaskAutoShoot.autoTask_INFO [48.025759796] <Event name="StateInfo" time="48.025318713" tag="vvvvv" TaskAutoShoot.state="START" />
TaskAutoShoot.runTaskState_INFO [48.030291803] ***** Wait for left Shooter ready.
TaskAutoShoot.runTaskState_INFO [48.045864414] ***** Wait for right Shooter ready.
TaskAutoShoot.runTaskState_INFO [48.047846985] ***** Wait for Turret ready.
TaskAutoShoot.autoTask_INFO [48.053364139] <Event name="StateInfo" time="48.049916059" tag="^^^^^" TaskAutoShoot.state="START" />
Shooter.TurretMotor.pidCtrlTask_INFO [48.094236491] controlMode: Position,onTarget=true(77.12971352901842/78.11842767645541), stalled=false, expired=false, event=(TaskAutoShoot.turretReady=SIGNALED)
TaskAutoShoot.autoTask_INFO [48.139344561] <Event name="StateInfo" time="48.139122358" tag="vvvvv" TaskAutoShoot.state="SHOOT" />
TaskAutoShoot.autoTask_INFO [48.147814595] <Event name="StateInfo" time="48.14760378" tag="^^^^^" TaskAutoShoot.state="SHOOT" />
TaskAutoShoot.autoTask_INFO [48.235537192] <Event name="StateInfo" time="48.233661297" tag="vvvvv" TaskAutoShoot.state="SHOOT" />
TaskAutoShoot.autoTask_INFO [48.237870641] <Event name="StateInfo" time="48.23761214" tag="^^^^^" TaskAutoShoot.state="SHOOT" />
TaskAutoShoot.autoTask_INFO [48.315410479] <Event name="StateInfo" time="48.315095502" tag="vvvvv" TaskAutoShoot.state="SHOOT" />
TaskAutoShoot.autoTask_INFO [48.316976516] <Event name="StateInfo" time="48.31679209" tag="^^^^^" TaskAutoShoot.state="SHOOT" />
Shooter.RightShooter.goalTrackingTask_INFO [48.387635552] Shooter.RightShooter is Ready: rpm1=4918.846154/4961.125152, rpm2=3095.507813/0.000000, tilt=31.257614/32.134139, pan=null/null
TaskAutoShoot.autoTask_INFO [48.390371774] <Event name="StateInfo" time="48.388900687" tag="vvvvv" TaskAutoShoot.state="SHOOT" />
TaskAutoShoot.runTaskState_INFO [48.391614902] ***** Start right shooter shooting.
Shooter.shoot_INFO [48.392993813] shoot(owner=null, event=(TaskAutoShoot.rightShooterDone=CLEARED), shooter=rightShooter, autoStop=false)
Shooter.RightTransferMotor.cancel_INFO [48.394411655] Cancel: stopping motor.
TaskAutoShoot.autoTask_INFO [48.396589878] <Event name="StateInfo" time="48.396392324" tag="^^^^^" TaskAutoShoot.state="SHOOT" />
FrcTeleOp.operatorControllerButtonEvent_INFO [48.399617513] ##### button=Y, pressed=false
TaskAutoShoot.autoTask_INFO [48.48001223] <Event name="StateInfo" time="48.479801918" tag="vvvvv" TaskAutoShoot.state="SHOOT" />
TaskAutoShoot.autoTask_INFO [48.481968068] <Event name="StateInfo" time="48.481648684" tag="^^^^^" TaskAutoShoot.state="SHOOT" />
TaskAutoShoot.autoTask_INFO [48.560381908] <Event name="StateInfo" time="48.560175631" tag="vvvvv" TaskAutoShoot.state="SHOOT" />
TaskAutoShoot.autoTask_INFO [48.56960122] <Event name="StateInfo" time="48.569398741" tag="^^^^^" TaskAutoShoot.state="SHOOT" />
Shooter.setupGoalTrackingMode_INFO [48.581506939] GoalTracking(trackingMode=Passback, goalPose=(x=-269.677165,y=603.220472,angle=180.000000), noPassback=false).
TaskAutoShoot.autoTask_INFO [48.650001496] <Event name="StateInfo" time="48.649721813" tag="vvvvv" TaskAutoShoot.state="SHOOT" />
TaskAutoShoot.autoTask_INFO [48.654552642] <Event name="StateInfo" time="48.654370431" tag="^^^^^" TaskAutoShoot.state="SHOOT" />
FrcTeleOp.operatorControllerButtonEvent_INFO [48.657972351] ##### button=Y, pressed=true
FrcTeleOp.shoot_INFO [48.659753222] >>>>> Stop Auto Shoot.
TaskAutoShoot.cancel_INFO [48.661217241] Canceling auto task operation.
TaskAutoShoot.stopSubsystems_INFO [48.666317042] Stopping subsystems.
Shooter.LeftTransferMotor.cancel_INFO [48.66929358] Cancel: stopping motor.
Shooter.RightTransferMotor.cancel_INFO [48.67238902] Cancel: stopping motor.
Shooter.FeederMotor.cancel_INFO [48.67874644] Cancel: stopping motor.
TaskAutoShoot.stopSubsystems_INFO [48.681807924] Restoring previous Tracking mode (trackFlywheel=false,trackTiltPos=false,trackPanPos=true).
Shooter.setupGoalTrackingMode_INFO [48.689108461] GoalTracking(trackingMode=AllianceHub, goalPose=(x=-158.838583,y=469.110472,angle=180.000000), noPassback=true).
Shooter.LeftShooter.enableGoalTracking_INFO [48.692552881] Enable GoalTracking (trackingParams=(trackFlywheel=false,trackTiltPos=false,trackPanPos=true)).
Shooter.LeftPrimaryMotor.cancel_INFO [48.698172601] Cancel: stopping motor.
Shooter.LeftTiltMotor.cancel_INFO [48.701435163] Cancel: stopping motor.
Shooter.RightShooter.enableGoalTracking_INFO [48.704818672] Enable GoalTracking (trackingParams=(trackFlywheel=false,trackTiltPos=false,trackPanPos=true)).
Shooter.RightPrimaryMotor.cancel_INFO [48.708386807] Cancel: stopping motor.
Shooter.RightTiltMotor.cancel_INFO [48.716417152] Cancel: stopping motor.
Shooter.LeftPrimaryMotor.cancel_INFO [48.71925827] Cancel: stopping motor.
Shooter.RightPrimaryMotor.cancel_INFO [48.722790673] Cancel: stopping motor.
FrcTeleOp.driverControllerButtonEvent_INFO [48.852348442] ##### button=A, pressed=true
FrcTeleOp.operatorControllerButtonEvent_INFO [48.855056228] ##### button=Y, pressed=false
FrcTeleOp.driverControllerButtonEvent_INFO [48.96502207] ##### button=A, pressed=false
Shooter.setupGoalTrackingMode_INFO [50.045038855] GoalTracking(trackingMode=AllianceHub, goalPose=(x=-158.838583,y=469.110472,angle=180.000000), noPassback=true).
Shooter.LeftShooter.goalTrackingTask_INFO [53.061804826] Shooter.LeftShooter is TimedOut: rpm1=-4.921875/0.000000, rpm2=-7.617188/0.000000, tilt=17.067239/17.000000, pan=null/null
Shooter.setupGoalTrackingMode_INFO [53.14382315] GoalTracking(trackingMode=AllianceHub, goalPose=(x=-158.838583,y=469.110472,angle=180.000000), noPassback=true).
Shooter.setupGoalTrackingMode_INFO [53.71499955] GoalTracking(trackingMode=AllianceHub, goalPose=(x=-158.838583,y=469.110472,angle=180.000000), noPassback=true).
Shooter.setupGoalTrackingMode_INFO [54.469578628] GoalTracking(trackingMode=AllianceHub, goalPose=(x=-158.838583,y=469.110472,angle=180.000000), noPassback=true).
FrcTeleOp.operatorControllerButtonEvent_INFO [54.687699382] ##### button=Y, pressed=true
FrcTeleOp.shoot_INFO [54.690388197] >>>>> Start Auto Shoot.
TaskAutoShoot.autoShoot_INFO [54.692351356] autoShoot(owner=null, event=null, taskParams=(autoStop=false, noPassback=false))
TaskAutoShoot.autoShoot_INFO [54.693303009] Enabling Goal Tracking (prevTrackParams=(trackFlywheel=false,trackTiltPos=false,trackPanPos=true)).
Shooter.setupGoalTrackingMode_INFO [54.695729446] GoalTracking(trackingMode=AllianceHub, goalPose=(x=-158.838583,y=469.110472,angle=180.000000), noPassback=false).
Shooter.LeftShooter.enableGoalTracking_INFO [54.69704852] Enable GoalTracking (trackingParams=(trackFlywheel=true,trackTiltPos=true,trackPanPos=true)).
Shooter.LeftPrimaryMotor.cancel_INFO [54.699453916] Cancel: stopping motor.
Shooter.LeftTiltMotor.cancel_INFO [54.701014527] Cancel: stopping motor.
Shooter.RightShooter.enableGoalTracking_INFO [54.70234083] Enable GoalTracking (trackingParams=(trackFlywheel=true,trackTiltPos=true,trackPanPos=true)).
Shooter.RightPrimaryMotor.cancel_INFO [54.703662353] Cancel: stopping motor.
Shooter.RightTiltMotor.cancel_INFO [54.704979791] Cancel: stopping motor.
TaskAutoShoot.autoTask_INFO [54.799129554] <Event name="StateInfo" time="54.798683646" tag="vvvvv" TaskAutoShoot.state="START" />
TaskAutoShoot.runTaskState_INFO [54.799971763] ***** Wait for left Shooter ready.
TaskAutoShoot.runTaskState_INFO [54.801049848] ***** Wait for right Shooter ready.
TaskAutoShoot.runTaskState_INFO [54.801989951] ***** Wait for Turret ready.
TaskAutoShoot.autoTask_INFO [54.802964697] <Event name="StateInfo" time="54.802604976" tag="^^^^^" TaskAutoShoot.state="START" />
Shooter.TurretMotor.pidCtrlTask_INFO [54.8955025] controlMode: Position,onTarget=true(-36.66853630152883/-37.511771419348804), stalled=false, expired=false, event=(TaskAutoShoot.turretReady=SIGNALED)
TaskAutoShoot.autoTask_INFO [54.896684745] <Event name="StateInfo" time="54.896481945" tag="vvvvv" TaskAutoShoot.state="SHOOT" />
TaskAutoShoot.autoTask_INFO [54.917404681] <Event name="StateInfo" time="54.912283831" tag="^^^^^" TaskAutoShoot.state="SHOOT" />
Shooter.RightShooter.goalTrackingTask_INFO [55.000381826] Shooter.RightShooter is Ready: rpm1=4701.905048/4706.673465, rpm2=2913.984375/0.000000, tilt=26.949074/27.057720, pan=null/null
TaskAutoShoot.autoTask_INFO [55.001636943] <Event name="StateInfo" time="55.001437099" tag="vvvvv" TaskAutoShoot.state="SHOOT" />
TaskAutoShoot.runTaskState_INFO [55.002981933] ***** Start right shooter shooting.
Shooter.shoot_INFO [55.004973425] shoot(owner=null, event=(TaskAutoShoot.rightShooterDone=CLEARED), shooter=rightShooter, autoStop=false)
Shooter.RightTransferMotor.cancel_INFO [55.00615783] Cancel: stopping motor.
TaskAutoShoot.autoTask_INFO [55.007577771] <Event name="StateInfo" time="55.007382462" tag="^^^^^" TaskAutoShoot.state="SHOOT" />
TaskAutoShoot.autoTask_INFO [55.08684816] <Event name="StateInfo" time="55.086655783" tag="vvvvv" TaskAutoShoot.state="SHOOT" />
TaskAutoShoot.autoTask_INFO [55.090044392] <Event name="StateInfo" time="55.089786267" tag="^^^^^" TaskAutoShoot.state="SHOOT" />
TaskAutoShoot.autoTask_INFO [55.171080354] <Event name="StateInfo" time="55.170868976" tag="vvvvv" TaskAutoShoot.state="SHOOT" />
TaskAutoShoot.autoTask_INFO [55.173352494] <Event name="StateInfo" time="55.17293584" tag="^^^^^" TaskAutoShoot.state="SHOOT" />
FrcTeleOp.operatorControllerButtonEvent_INFO [55.176807901] ##### button=Y, pressed=false
TaskAutoShoot.autoTask_INFO [55.241706201] <Event name="StateInfo" time="55.241509885" tag="vvvvv" TaskAutoShoot.state="SHOOT" />
TaskAutoShoot.autoTask_INFO [55.245132517] <Event name="StateInfo" time="55.244942753" tag="^^^^^" TaskAutoShoot.state="SHOOT" />
TaskAutoShoot.autoTask_INFO [55.316240999] <Event name="StateInfo" time="55.31550251" tag="vvvvv" TaskAutoShoot.state="SHOOT" />
TaskAutoShoot.autoTask_INFO [55.317946155] <Event name="StateInfo" time="55.31774522" tag="^^^^^" TaskAutoShoot.state="SHOOT" />
TaskAutoShoot.autoTask_INFO [55.397004012] <Event name="StateInfo" time="55.396818211" tag="vvvvv" TaskAutoShoot.state="SHOOT" />
TaskAutoShoot.autoTask_INFO [55.406374575] <Event name="StateInfo" time="55.40614993" tag="^^^^^" TaskAutoShoot.state="SHOOT" />
Shooter.LeftShooter.goalTrackingTask_INFO [55.460314047] Shooter.LeftShooter is Ready: rpm1=4522.067308/4555.404084, rpm2=2771.250000/0.000000, tilt=21.889576/21.713413, pan=null/null
TaskAutoShoot.autoTask_INFO [55.485259285] <Event name="StateInfo" time="55.484959179" tag="vvvvv" TaskAutoShoot.state="SHOOT" />
TaskAutoShoot.runTaskState_INFO [55.488292828] ***** Start left shooter shooting.
Shooter.shoot_INFO [55.489941182] shoot(owner=null, event=(TaskAutoShoot.leftShooterDone=CLEARED), shooter=leftShooter, autoStop=false)
Shooter.LeftTransferMotor.cancel_INFO [55.494252305] Cancel: stopping motor.
TaskAutoShoot.autoTask_INFO [55.497468501] <Event name="StateInfo" time="55.497035488" tag="^^^^^" TaskAutoShoot.state="SHOOT" />
FrcTeleOp.driverControllerButtonEvent_INFO [58.010365139] ##### button=A, pressed=true
FrcTeleOp.driverControllerButtonEvent_INFO [58.091513144] ##### button=A, pressed=false
FrcTeleOp.operatorControllerButtonEvent_INFO [62.459683971] ##### button=Y, pressed=true
FrcTeleOp.shoot_INFO [62.474139612] >>>>> Stop Auto Shoot.
TaskAutoShoot.cancel_INFO [62.475973579] Canceling auto task operation.
TaskAutoShoot.stopSubsystems_INFO [62.477484284] Stopping subsystems.
Shooter.LeftTransferMotor.cancel_INFO [62.480003608] Cancel: stopping motor.
Shooter.RightTransferMotor.cancel_INFO [62.481159395] Cancel: stopping motor.
Shooter.FeederMotor.cancel_INFO [62.482525985] Cancel: stopping motor.
TaskAutoShoot.stopSubsystems_INFO [62.4841575] Restoring previous Tracking mode (trackFlywheel=false,trackTiltPos=false,trackPanPos=true).
Shooter.setupGoalTrackingMode_INFO [62.485782395] GoalTracking(trackingMode=AllianceHub, goalPose=(x=-158.838583,y=469.110472,angle=180.000000), noPassback=true).
Shooter.LeftShooter.enableGoalTracking_INFO [62.486478012] Enable GoalTracking (trackingParams=(trackFlywheel=false,trackTiltPos=false,trackPanPos=true)).
Shooter.LeftPrimaryMotor.cancel_INFO [62.494689301] Cancel: stopping motor.
Shooter.LeftTiltMotor.cancel_INFO [62.503683287] Cancel: stopping motor.
Shooter.RightShooter.enableGoalTracking_INFO [62.505446715] Enable GoalTracking (trackingParams=(trackFlywheel=false,trackTiltPos=false,trackPanPos=true)).
Shooter.RightPrimaryMotor.cancel_INFO [62.507808432] Cancel: stopping motor.
Shooter.RightTiltMotor.cancel_INFO [62.519015796] Cancel: stopping motor.
Shooter.LeftPrimaryMotor.cancel_INFO [62.520766935] Cancel: stopping motor.
Shooter.RightPrimaryMotor.cancel_INFO [62.523605872] Cancel: stopping motor.
FrcTeleOp.operatorControllerButtonEvent_INFO [62.648539868] ##### button=Y, pressed=false
Shooter.setupGoalTrackingMode_INFO [65.099383983] GoalTracking(trackingMode=AllianceHub, goalPose=(x=-158.838583,y=469.110472,angle=180.000000), noPassback=true).
Shooter.setupGoalTrackingMode_INFO [66.485267308] GoalTracking(trackingMode=AllianceHub, goalPose=(x=-158.838583,y=469.110472,angle=180.000000), noPassback=true).
FrcTeleOp.driverControllerButtonEvent_INFO [67.002805738] ##### button=A, pressed=true
FrcTeleOp.driverControllerButtonEvent_INFO [67.064558434] ##### button=A, pressed=false
Shooter.setupGoalTrackingMode_INFO [67.151961845] GoalTracking(trackingMode=AllianceHub, goalPose=(x=-158.838583,y=469.110472,angle=180.000000), noPassback=true).
Shooter.setupGoalTrackingMode_INFO [68.528522294] GoalTracking(trackingMode=AllianceHub, goalPose=(x=-158.838583,y=469.110472,angle=180.000000), noPassback=true).
Shooter.setupGoalTrackingMode_INFO [69.162351067] GoalTracking(trackingMode=AllianceHub, goalPose=(x=-158.838583,y=469.110472,angle=180.000000), noPassback=true).
Shooter.setupGoalTrackingMode_INFO [71.787148683] GoalTracking(trackingMode=AllianceHub, goalPose=(x=-158.838583,y=469.110472,angle=180.000000), noPassback=true).
Shooter.setupGoalTrackingMode_INFO [73.155258937] GoalTracking(trackingMode=AllianceHub, goalPose=(x=-158.838583,y=469.110472,angle=180.000000), noPassback=true).
Shooter.setupGoalTrackingMode_INFO [73.567403947] GoalTracking(trackingMode=AllianceHub, goalPose=(x=-158.838583,y=469.110472,angle=180.000000), noPassback=true).
Shooter.setupGoalTrackingMode_INFO [74.135023524] GoalTracking(trackingMode=AllianceHub, goalPose=(x=-158.838583,y=469.110472,angle=180.000000), noPassback=true).
Shooter.setupGoalTrackingMode_INFO [74.724027277] GoalTracking(trackingMode=AllianceHub, goalPose=(x=-158.838583,y=469.110472,angle=180.000000), noPassback=true).
Shooter.setupGoalTrackingMode_INFO [75.679533243] GoalTracking(trackingMode=AllianceHub, goalPose=(x=-158.838583,y=469.110472,angle=180.000000), noPassback=true).
Shooter.setupGoalTrackingMode_INFO [77.029936027] GoalTracking(trackingMode=AllianceHub, goalPose=(x=-158.838583,y=469.110472,angle=180.000000), noPassback=true).
FrcTeleOp.driverControllerButtonEvent_INFO [77.445837332] ##### button=A, pressed=true
FrcTeleOp.driverControllerButtonEvent_INFO [77.496788159] ##### button=A, pressed=false
Shooter.setupGoalTrackingMode_INFO [77.890283046] GoalTracking(trackingMode=AllianceHub, goalPose=(x=-158.838583,y=469.110472,angle=180.000000), noPassback=true).
Shooter.setupGoalTrackingMode_INFO [78.387368805] GoalTracking(trackingMode=AllianceHub, goalPose=(x=-158.838583,y=469.110472,angle=180.000000), noPassback=true).
Shooter.setupGoalTrackingMode_INFO [80.316373708] GoalTracking(trackingMode=AllianceHub, goalPose=(x=-158.838583,y=469.110472,angle=180.000000), noPassback=true).
FrcTeleOp.driverControllerButtonEvent_INFO [80.439291792] ##### button=A, pressed=true
FrcTeleOp.driverControllerButtonEvent_INFO [80.50557749] ##### button=A, pressed=false
FrcTeleOp.driverControllerButtonEvent_INFO [81.471082496] ##### button=A, pressed=true
FrcTeleOp.driverControllerButtonEvent_INFO [81.60654973] ##### button=A, pressed=false
Shooter.setupGoalTrackingMode_INFO [82.370203016] GoalTracking(trackingMode=AllianceHub, goalPose=(x=-158.838583,y=469.110472,angle=180.000000), noPassback=true).
FrcTeleOp.operatorControllerButtonEvent_INFO [82.801482661] ##### button=Y, pressed=true
FrcTeleOp.shoot_INFO [82.803680821] >>>>> Start Auto Shoot.
TaskAutoShoot.autoShoot_INFO [82.804081248] autoShoot(owner=null, event=null, taskParams=(autoStop=false, noPassback=false))
TaskAutoShoot.autoShoot_INFO [82.804415394] Enabling Goal Tracking (prevTrackParams=(trackFlywheel=false,trackTiltPos=false,trackPanPos=true)).
Shooter.setupGoalTrackingMode_INFO [82.805279934] GoalTracking(trackingMode=AllianceHub, goalPose=(x=-158.838583,y=469.110472,angle=180.000000), noPassback=false).
Shooter.LeftShooter.enableGoalTracking_INFO [82.805999231] Enable GoalTracking (trackingParams=(trackFlywheel=true,trackTiltPos=true,trackPanPos=true)).
Shooter.LeftPrimaryMotor.cancel_INFO [82.806532822] Cancel: stopping motor.
Shooter.LeftTiltMotor.cancel_INFO [82.806973961] Cancel: stopping motor.
Shooter.RightShooter.enableGoalTracking_INFO [82.807783229] Enable GoalTracking (trackingParams=(trackFlywheel=true,trackTiltPos=true,trackPanPos=true)).
Shooter.RightPrimaryMotor.cancel_INFO [82.808312281] Cancel: stopping motor.
Shooter.RightTiltMotor.cancel_INFO [82.811092788] Cancel: stopping motor.
TaskAutoShoot.autoTask_INFO [82.893998876] <Event name="StateInfo" time="82.893737449" tag="vvvvv" TaskAutoShoot.state="START" />
TaskAutoShoot.runTaskState_INFO [82.897327602] ***** Wait for left Shooter ready.
TaskAutoShoot.runTaskState_INFO [82.898573992] ***** Wait for right Shooter ready.
TaskAutoShoot.runTaskState_INFO [82.899546864] ***** Wait for Turret ready.
TaskAutoShoot.autoTask_INFO [82.900621023] <Event name="StateInfo" time="82.90013659" tag="^^^^^" TaskAutoShoot.state="START" />
Shooter.TurretMotor.pidCtrlTask_INFO [82.968737594] controlMode: Position,onTarget=true(-156.81210121622962/-157.4758998433996), stalled=false, expired=false, event=(TaskAutoShoot.turretReady=SIGNALED)
FrcTeleOp.operatorControllerButtonEvent_INFO [82.975472739] ##### button=Y, pressed=false
TaskAutoShoot.autoTask_INFO [83.040927936] <Event name="StateInfo" time="83.040607423" tag="vvvvv" TaskAutoShoot.state="SHOOT" />
TaskAutoShoot.autoTask_INFO [83.04694169] <Event name="StateInfo" time="83.046736688" tag="^^^^^" TaskAutoShoot.state="SHOOT" />
TaskAutoShoot.autoTask_INFO [83.116148742] <Event name="StateInfo" time="83.115927792" tag="vvvvv" TaskAutoShoot.state="SHOOT" />
TaskAutoShoot.autoTask_INFO [83.117842207] <Event name="StateInfo" time="83.117101108" tag="^^^^^" TaskAutoShoot.state="SHOOT" />
TaskAutoShoot.autoTask_INFO [83.201330307] <Event name="StateInfo" time="83.200850563" tag="vvvvv" TaskAutoShoot.state="SHOOT" />
TaskAutoShoot.autoTask_INFO [83.208039025] <Event name="StateInfo" time="83.207361913" tag="^^^^^" TaskAutoShoot.state="SHOOT" />
Shooter.RightShooter.goalTrackingTask_INFO [83.275131661] Shooter.RightShooter is Ready: rpm1=4806.400240/4800.534992, rpm2=2908.593750/0.000000, tilt=23.352089/23.333707, pan=null/null
TaskAutoShoot.autoTask_INFO [83.276322691] <Event name="StateInfo" time="83.276138888" tag="vvvvv" TaskAutoShoot.state="SHOOT" />
TaskAutoShoot.runTaskState_INFO [83.277042151] ***** Start right shooter shooting.
Shooter.shoot_INFO [83.278246761] shoot(owner=null, event=(TaskAutoShoot.rightShooterDone=CLEARED), shooter=rightShooter, autoStop=false)
Shooter.RightTransferMotor.cancel_INFO [83.281591655] Cancel: stopping motor.
TaskAutoShoot.autoTask_INFO [83.282946762] <Event name="StateInfo" time="83.282743224" tag="^^^^^" TaskAutoShoot.state="SHOOT" />
TaskAutoShoot.autoTask_INFO [83.345596518] <Event name="StateInfo" time="83.345143419" tag="vvvvv" TaskAutoShoot.state="SHOOT" />
TaskAutoShoot.autoTask_INFO [83.351236045] <Event name="StateInfo" time="83.350722043" tag="^^^^^" TaskAutoShoot.state="SHOOT" />
TaskAutoShoot.autoTask_INFO [83.419451579] <Event name="StateInfo" time="83.41869715" tag="vvvvv" TaskAutoShoot.state="SHOOT" />
TaskAutoShoot.autoTask_INFO [83.424016632] <Event name="StateInfo" time="83.423810336" tag="^^^^^" TaskAutoShoot.state="SHOOT" />
TaskAutoShoot.autoTask_INFO [83.494201454] <Event name="StateInfo" time="83.493996378" tag="vvvvv" TaskAutoShoot.state="SHOOT" />
TaskAutoShoot.autoTask_INFO [83.495470283] <Event name="StateInfo" time="83.495271118" tag="^^^^^" TaskAutoShoot.state="SHOOT" />
Shooter.LeftShooter.goalTrackingTask_INFO [83.557465319] Shooter.LeftShooter is Ready: rpm1=4707.584135/4805.301893, rpm2=2961.093750/0.000000, tilt=23.391614/23.362245, pan=null/null
TaskAutoShoot.autoTask_INFO [83.577442044] <Event name="StateInfo" time="83.577238305" tag="vvvvv" TaskAutoShoot.state="SHOOT" />
TaskAutoShoot.runTaskState_INFO [83.578645338] ***** Start left shooter shooting.
Shooter.shoot_INFO [83.581693008] shoot(owner=null, event=(TaskAutoShoot.leftShooterDone=CLEARED), shooter=leftShooter, autoStop=false)
Shooter.LeftTransferMotor.cancel_INFO [83.583021299] Cancel: stopping motor.
TaskAutoShoot.autoTask_INFO [83.585399492] <Event name="StateInfo" time="83.585190929" tag="^^^^^" TaskAutoShoot.state="SHOOT" />
FrcTeleOp.operatorControllerButtonEvent_INFO [87.133893967] ##### button=Y, pressed=true
FrcTeleOp.shoot_INFO [87.135885254] >>>>> Stop Auto Shoot.
TaskAutoShoot.cancel_INFO [87.136978454] Canceling auto task operation.
TaskAutoShoot.stopSubsystems_INFO [87.13843107] Stopping subsystems.
Shooter.LeftTransferMotor.cancel_INFO [87.139830979] Cancel: stopping motor.
Shooter.RightTransferMotor.cancel_INFO [87.141084294] Cancel: stopping motor.
Shooter.FeederMotor.cancel_INFO [87.143010661] Cancel: stopping motor.
TaskAutoShoot.stopSubsystems_INFO [87.144346651] Restoring previous Tracking mode (trackFlywheel=false,trackTiltPos=false,trackPanPos=true).
Shooter.setupGoalTrackingMode_INFO [87.146587461] GoalTracking(trackingMode=AllianceHub, goalPose=(x=-158.838583,y=469.110472,angle=180.000000), noPassback=true).
Shooter.LeftShooter.enableGoalTracking_INFO [87.147499062] Enable GoalTracking (trackingParams=(trackFlywheel=false,trackTiltPos=false,trackPanPos=true)).
Shooter.LeftPrimaryMotor.cancel_INFO [87.149268146] Cancel: stopping motor.
Shooter.LeftTiltMotor.cancel_INFO [87.151033981] Cancel: stopping motor.
Shooter.RightShooter.enableGoalTracking_INFO [87.151932903] Enable GoalTracking (trackingParams=(trackFlywheel=false,trackTiltPos=false,trackPanPos=true)).
Shooter.RightPrimaryMotor.cancel_INFO [87.155428768] Cancel: stopping motor.
Shooter.RightTiltMotor.cancel_INFO [87.157006515] Cancel: stopping motor.
Shooter.LeftPrimaryMotor.cancel_INFO [87.158174588] Cancel: stopping motor.
Shooter.RightPrimaryMotor.cancel_INFO [87.159422703] Cancel: stopping motor.
FrcTeleOp.operatorControllerButtonEvent_INFO [87.267449211] ##### button=Y, pressed=false
FrcTeleOp.operatorControllerButtonEvent_INFO [92.002956588] ##### button=Y, pressed=true
FrcTeleOp.shoot_INFO [92.004494896] >>>>> Start Auto Shoot.
TaskAutoShoot.autoShoot_INFO [92.005224907] autoShoot(owner=null, event=null, taskParams=(autoStop=false, noPassback=false))
TaskAutoShoot.autoShoot_INFO [92.005984878] Enabling Goal Tracking (prevTrackParams=(trackFlywheel=false,trackTiltPos=false,trackPanPos=true)).
Shooter.setupGoalTrackingMode_INFO [92.011213862] GoalTracking(trackingMode=AllianceHub, goalPose=(x=-158.838583,y=469.110472,angle=180.000000), noPassback=false).
Shooter.LeftShooter.enableGoalTracking_INFO [92.012597515] Enable GoalTracking (trackingParams=(trackFlywheel=true,trackTiltPos=true,trackPanPos=true)).
Shooter.LeftPrimaryMotor.cancel_INFO [92.014215268] Cancel: stopping motor.
Shooter.LeftTiltMotor.cancel_INFO [92.015914807] Cancel: stopping motor.
Shooter.RightShooter.enableGoalTracking_INFO [92.019169482] Enable GoalTracking (trackingParams=(trackFlywheel=true,trackTiltPos=true,trackPanPos=true)).
Shooter.RightPrimaryMotor.cancel_INFO [92.020164914] Cancel: stopping motor.
Shooter.RightTiltMotor.cancel_INFO [92.021037231] Cancel: stopping motor.
TaskAutoShoot.autoTask_INFO [92.099413446] <Event name="StateInfo" time="92.099135974" tag="vvvvv" TaskAutoShoot.state="START" />
TaskAutoShoot.runTaskState_INFO [92.106407055] ***** Wait for left Shooter ready.
TaskAutoShoot.runTaskState_INFO [92.107169205] ***** Wait for right Shooter ready.
TaskAutoShoot.runTaskState_INFO [92.107910205] ***** Wait for Turret ready.
TaskAutoShoot.autoTask_INFO [92.108796892] <Event name="StateInfo" time="92.108575933" tag="^^^^^" TaskAutoShoot.state="START" />
FrcTeleOp.operatorControllerButtonEvent_INFO [92.11399676] ##### button=Y, pressed=false
Shooter.TurretMotor.pidCtrlTask_INFO [92.14623486] controlMode: Position,onTarget=true(-170.7284750784899/-171.0), stalled=false, expired=false, event=(TaskAutoShoot.turretReady=SIGNALED)
TaskAutoShoot.autoTask_INFO [92.194473509] <Event name="StateInfo" time="92.191990178" tag="vvvvv" TaskAutoShoot.state="SHOOT" />
TaskAutoShoot.autoTask_INFO [92.196449849] <Event name="StateInfo" time="92.19625132" tag="^^^^^" TaskAutoShoot.state="SHOOT" />
TaskAutoShoot.autoTask_INFO [92.260165322] <Event name="StateInfo" time="92.259761907" tag="vvvvv" TaskAutoShoot.state="SHOOT" />
TaskAutoShoot.autoTask_INFO [92.265555297] <Event name="StateInfo" time="92.262662594" tag="^^^^^" TaskAutoShoot.state="SHOOT" />
TaskAutoShoot.autoTask_INFO [92.343885629] <Event name="StateInfo" time="92.343700552" tag="vvvvv" TaskAutoShoot.state="SHOOT" />
TaskAutoShoot.autoTask_INFO [92.345384837] <Event name="StateInfo" time="92.345183378" tag="^^^^^" TaskAutoShoot.state="SHOOT" />
TaskAutoShoot.autoTask_INFO [92.417226536] <Event name="StateInfo" time="92.417043822" tag="vvvvv" TaskAutoShoot.state="SHOOT" />
TaskAutoShoot.autoTask_INFO [92.420363954] <Event name="StateInfo" time="92.419906576" tag="^^^^^" TaskAutoShoot.state="SHOOT" />
TaskAutoShoot.autoTask_INFO [92.485552614] <Event name="StateInfo" time="92.485318081" tag="vvvvv" TaskAutoShoot.state="SHOOT" />
TaskAutoShoot.autoTask_INFO [92.486731885] <Event name="StateInfo" time="92.486537466" tag="^^^^^" TaskAutoShoot.state="SHOOT" />
TaskAutoShoot.autoTask_INFO [92.593784046] <Event name="StateInfo" time="92.593579513" tag="vvvvv" TaskAutoShoot.state="SHOOT" />
TaskAutoShoot.autoTask_INFO [92.599983945] <Event name="StateInfo" time="92.595272886" tag="^^^^^" TaskAutoShoot.state="SHOOT" />
TaskAutoShoot.autoTask_INFO [92.691625466] <Event name="StateInfo" time="92.690017639" tag="vvvvv" TaskAutoShoot.state="SHOOT" />
TaskAutoShoot.autoTask_INFO [92.694597817] <Event name="StateInfo" time="92.693127296" tag="^^^^^" TaskAutoShoot.state="SHOOT" />
Shooter.LeftShooter.goalTrackingTask_INFO [92.737416804] Shooter.LeftShooter is Ready: rpm1=4473.037861/4529.739710, rpm2=2738.671875/0.000000, tilt=21.573358/21.549899, pan=null/null
TaskAutoShoot.autoTask_INFO [92.755842237] <Event name="StateInfo" time="92.755662325" tag="vvvvv" TaskAutoShoot.state="SHOOT" />
TaskAutoShoot.runTaskState_INFO [92.756195512] ***** Start left shooter shooting.
Shooter.shoot_INFO [92.7581039] shoot(owner=null, event=(TaskAutoShoot.leftShooterDone=CLEARED), shooter=leftShooter, autoStop=false)
Shooter.LeftTransferMotor.cancel_INFO [92.758665955] Cancel: stopping motor.
TaskAutoShoot.autoTask_INFO [92.760953081] <Event name="StateInfo" time="92.760746148" tag="^^^^^" TaskAutoShoot.state="SHOOT" />
TaskAutoShoot.autoTask_INFO [92.836457842] <Event name="StateInfo" time="92.836019101" tag="vvvvv" TaskAutoShoot.state="SHOOT" />
TaskAutoShoot.autoTask_INFO [92.836945826] <Event name="StateInfo" time="92.836780817" tag="^^^^^" TaskAutoShoot.state="SHOOT" />
TaskAutoShoot.autoTask_INFO [92.905480507] <Event name="StateInfo" time="92.90354397" tag="vvvvv" TaskAutoShoot.state="SHOOT" />
TaskAutoShoot.autoTask_INFO [92.911798161] <Event name="StateInfo" time="92.911586354" tag="^^^^^" TaskAutoShoot.state="SHOOT" />
TaskAutoShoot.autoTask_INFO [92.97355384] <Event name="StateInfo" time="92.972700677" tag="vvvvv" TaskAutoShoot.state="SHOOT" />
TaskAutoShoot.autoTask_INFO [92.977463394] <Event name="StateInfo" time="92.975864943" tag="^^^^^" TaskAutoShoot.state="SHOOT" />
TaskAutoShoot.autoTask_INFO [93.037470706] <Event name="StateInfo" time="93.03727059" tag="vvvvv" TaskAutoShoot.state="SHOOT" />
TaskAutoShoot.autoTask_INFO [93.037922838] <Event name="StateInfo" time="93.037754402" tag="^^^^^" TaskAutoShoot.state="SHOOT" />
TaskAutoShoot.autoTask_INFO [93.101479406] <Event name="StateInfo" time="93.101280516" tag="vvvvv" TaskAutoShoot.state="SHOOT" />
TaskAutoShoot.autoTask_INFO [93.103655687] <Event name="StateInfo" time="93.102922979" tag="^^^^^" TaskAutoShoot.state="SHOOT" />
TaskAutoShoot.autoTask_INFO [93.174294898] <Event name="StateInfo" time="93.173879144" tag="vvvvv" TaskAutoShoot.state="SHOOT" />
TaskAutoShoot.autoTask_INFO [93.176694404] <Event name="StateInfo" time="93.1765089" tag="^^^^^" TaskAutoShoot.state="SHOOT" />
TaskAutoShoot.autoTask_INFO [93.239278891] <Event name="StateInfo" time="93.238904821" tag="vvvvv" TaskAutoShoot.state="SHOOT" />
TaskAutoShoot.autoTask_INFO [93.239797963] <Event name="StateInfo" time="93.239632575" tag="^^^^^" TaskAutoShoot.state="SHOOT" />
TaskAutoShoot.autoTask_INFO [93.303676608] <Event name="StateInfo" time="93.303363145" tag="vvvvv" TaskAutoShoot.state="SHOOT" />
TaskAutoShoot.autoTask_INFO [93.304399821] <Event name="StateInfo" time="93.304219745" tag="^^^^^" TaskAutoShoot.state="SHOOT" />
TaskAutoShoot.autoTask_INFO [93.376497142] <Event name="StateInfo" time="93.376216229" tag="vvvvv" TaskAutoShoot.state="SHOOT" />
TaskAutoShoot.autoTask_INFO [93.377794437] <Event name="StateInfo" time="93.377482047" tag="^^^^^" TaskAutoShoot.state="SHOOT" />
Shooter.RightShooter.goalTrackingTask_INFO [93.441121195] Shooter.RightShooter is Ready: rpm1=4456.189904/4529.738584, rpm2=2716.523438/0.000000, tilt=21.573360/21.549891, pan=null/null
TaskAutoShoot.autoTask_INFO [93.444854534] <Event name="StateInfo" time="93.44457807" tag="vvvvv" TaskAutoShoot.state="SHOOT" />
TaskAutoShoot.runTaskState_INFO [93.447460775] ***** Start right shooter shooting.
Shooter.shoot_INFO [93.454032963] shoot(owner=null, event=(TaskAutoShoot.rightShooterDone=CLEARED), shooter=rightShooter, autoStop=false)
Shooter.RightTransferMotor.cancel_INFO [93.456696466] Cancel: stopping motor.
TaskAutoShoot.autoTask_INFO [93.459090171] <Event name="StateInfo" time="93.458489013" tag="^^^^^" TaskAutoShoot.state="SHOOT" />
FrcRobot.startCompetition_INFO [93.714968299] *** Transitioning from TELEOP_MODE to DISABLED_MODE ***
Robot.cancelAll_INFO [93.721413425] Cancel all operations.
Shooter.LeftShooter.cancel_INFO [93.733833894] owner=null
Shooter.LeftShooter.disableGoalTracking_INFO [93.734300938] Disable Goal Tracking.
Shooter.LeftShooter.stopGoalTracking_INFO [93.734606186] Stop GoalTracking.
Shooter.LeftTiltMotor.cancel_INFO [93.734928829] Cancel: stopping motor.
Shooter.LeftPrimaryMotor.cancel_INFO [93.735509013] Cancel: stopping motor.
Shooter.LeftPrimaryMotor.cancel_INFO [93.736134204] Cancel: stopping motor.
Shooter.LeftTiltMotor.cancel_INFO [93.740499682] Cancel: stopping motor.
Shooter.RightShooter.cancel_INFO [93.741008641] owner=null
Shooter.RightShooter.disableGoalTracking_INFO [93.741424568] Disable Goal Tracking.
Shooter.RightShooter.stopGoalTracking_INFO [93.741875731] Stop GoalTracking.
Shooter.RightTiltMotor.cancel_INFO [93.742229784] Cancel: stopping motor.
Shooter.RightPrimaryMotor.cancel_INFO [93.74264824] Cancel: stopping motor.
Shooter.RightPrimaryMotor.cancel_INFO [93.743745635] Cancel: stopping motor.
Shooter.RightTiltMotor.cancel_INFO [93.744417712] Cancel: stopping motor.
Shooter.LeftTransferMotor.cancel_INFO [93.744789575] Cancel: stopping motor.
Shooter.RightTransferMotor.cancel_INFO [93.745085378] Cancel: stopping motor.
Shooter.FeederMotor.cancel_INFO [93.745510235] Cancel: stopping motor.
Intake.IntakeMotor.cancel_INFO [93.78847811] Cancel: stopping motor.
Climber.Motor.cancel_INFO [93.790618555] Cancel: stopping motor.
TaskAutoShoot.cancel_INFO [93.791988802] Canceling auto task operation.
TaskAutoShoot.stopSubsystems_INFO [93.798435588] Stopping subsystems.
Shooter.LeftTransferMotor.cancel_INFO [93.80255811] Cancel: stopping motor.
Shooter.RightTransferMotor.cancel_INFO [93.80449769] Cancel: stopping motor.
Shooter.FeederMotor.cancel_INFO [93.805766067] Cancel: stopping motor.
TaskAutoShoot.stopSubsystems_INFO [93.809243829] Restoring previous Tracking mode (trackFlywheel=false,trackTiltPos=false,trackPanPos=true).
Shooter.setupGoalTrackingMode_INFO [93.811601584] GoalTracking(trackingMode=AllianceHub, goalPose=(x=-158.838583,y=469.110472,angle=180.000000), noPassback=true).
Shooter.LeftShooter.enableGoalTracking_INFO [93.813666376] Enable GoalTracking (trackingParams=(trackFlywheel=false,trackTiltPos=false,trackPanPos=true)).
Shooter.LeftPrimaryMotor.cancel_INFO [93.815123416] Cancel: stopping motor.
Shooter.LeftTiltMotor.cancel_INFO [93.816881926] Cancel: stopping motor.
Shooter.RightShooter.enableGoalTracking_INFO [93.824220448] Enable GoalTracking (trackingParams=(trackFlywheel=false,trackTiltPos=false,trackPanPos=true)).
Shooter.RightPrimaryMotor.cancel_INFO [93.826787866] Cancel: stopping motor.
Shooter.RightTiltMotor.cancel_INFO [93.828923204] Cancel: stopping motor.
Shooter.LeftPrimaryMotor.cancel_INFO [93.830321979] Cancel: stopping motor.
Shooter.RightPrimaryMotor.cancel_INFO [93.836984347] Cancel: stopping motor.
TaskAutoClimb.cancel_INFO [93.897322721] Canceling auto task operation.
FrcRobot.printPerformanceMetrics_INFO [93.904066125] [FrcRobot] Loop Performance Metrics:
Average Loop Interval = 0.001532s (freq=652.858Hz, min=0.000581s, max=0.565553s)
[03]                StartTask=0.000000s
[04]          PrePeriodicTask=0.000111s
[07]               UpdateTask=0.000813s
[02]                StartMode=0.000000s
[06]         PostPeriodicTask=0.000485s
[08]                 StopTask=0.000000s
[09]                 StopMode=0.000000s
[00]                RobotInit=13.572982s
[01]           RobotStartMode=0.000004s
[05]                 Periodic=0.000062s
[10]            RobotStopMode=0.000002s

TrcTaskMgr.printTaskPerformanceMetrics_INFO [93.907861229] FrcDashboard.task: STANDALONE_TASK=5.308518863266029E-4/0.010580670593304996
TrcTaskMgr.printTaskPerformanceMetrics_INFO [93.912707902] TrcWatchdogMgr: STANDALONE_TASK=1.658353244147157E-4/0.9970297975016723
TrcTaskMgr.printTaskPerformanceMetrics_INFO [93.915026672] DriverController.buttonEventTask: PRE_PERIODIC_TASK=4.61749823179792E-5/0.013902014308320951
TrcTaskMgr.printTaskPerformanceMetrics_INFO [93.91641785] OperatorController.buttonEventTask: PRE_PERIODIC_TASK=2.621207679049034E-4/0.013901974167161962
TrcTaskMgr.printTaskPerformanceMetrics_INFO [93.918322959] flDriveMotor.pidCtrlTask: OUTPUT_TASK=4.3484275308892036E-5/0.01210079595953008
TrcTaskMgr.printTaskPerformanceMetrics_INFO [93.91992512] flDriveMotor.odometryCleanupTask: STOP_TASK=3.440225E-5/29.5446956035
TrcTaskMgr.printTaskPerformanceMetrics_INFO [93.924123943] frDriveMotor.pidCtrlTask: OUTPUT_TASK=2.6974813733036255E-5/0.01210079021579907
TrcTaskMgr.printTaskPerformanceMetrics_INFO [93.925759082] blDriveMotor.pidCtrlTask: OUTPUT_TASK=2.4729369981770305E-5/0.012100789802876242
TrcTaskMgr.printTaskPerformanceMetrics_INFO [93.92740739] brDriveMotor.pidCtrlTask: OUTPUT_TASK=2.240459096617379E-5/0.012100789473688475
TrcTaskMgr.printTaskPerformanceMetrics_INFO [93.934365249] flSteerMotor.pidCtrlTask: OUTPUT_TASK=3.131901207161954E-5/0.012100744081139106
TrcTaskMgr.printTaskPerformanceMetrics_INFO [93.935398163] frSteerMotor.pidCtrlTask: OUTPUT_TASK=2.7170046382565014E-5/0.012100747317669934
TrcTaskMgr.printTaskPerformanceMetrics_INFO [93.936862384] blSteerMotor.pidCtrlTask: OUTPUT_TASK=2.645830713764887E-5/0.012100748495057927
TrcTaskMgr.printTaskPerformanceMetrics_INFO [93.937833341] brSteerMotor.pidCtrlTask: OUTPUT_TASK=2.5301191201490723E-5/0.01210074941456696
TrcTaskMgr.printTaskPerformanceMetrics_INFO [93.939865444] FrcSwerveDrive.odometryTask: INPUT_TASK=0.001707855682069054/0.015132539242844308
TrcTaskMgr.printTaskPerformanceMetrics_INFO [93.941457117] FrcSwerveDrive.stopTask: STOP_TASK=0.0019573745/29.54467208925
TrcTaskMgr.printTaskPerformanceMetrics_INFO [93.943819917] purePursuitDrive.driveTask: POST_PERIODIC_TASK=0.0071073557993079585/0.06512048974394463
TrcTaskMgr.printTaskPerformanceMetrics_INFO [93.944902124] LED: OUTPUT_TASK=4.9810770081419374E-5/0.012100712122817676
TrcTaskMgr.printTaskPerformanceMetrics_INFO [93.946048456] Shooter.LeftPrimaryMotor.pidCtrlTask: OUTPUT_TASK=2.1568025316968442E-5/0.012100687611536435
TrcTaskMgr.printTaskPerformanceMetrics_INFO [93.947690921] Shooter.LeftFollowerMotor.pidCtrlTask: OUTPUT_TASK=5.4127249564548145E-6/0.012100686924940252
TrcTaskMgr.printTaskPerformanceMetrics_INFO [93.949599895] Shooter.LeftTiltMotor.pidCtrlTask: OUTPUT_TASK=4.481347131688743E-4/0.012100686494146718
TrcTaskMgr.printTaskPerformanceMetrics_INFO [93.957744614] Shooter.LeftShooter.ShooterMotor1VelTrigger.triggerTask: PRE_PERIODIC_TASK=2.69392275862069E-4/0.06742203812643678
TrcTaskMgr.printTaskPerformanceMetrics_INFO [93.95885376] Shooter.LeftShooter.goalTracking: POST_PERIODIC_TASK=0.023055313671627307/0.03786852855968942
TrcTaskMgr.printTaskPerformanceMetrics_INFO [93.960810157] Shooter.LeftTransferMotor.pidCtrlTask: OUTPUT_TASK=7.304008019765888E-6/0.012100489735104702
TrcTaskMgr.printTaskPerformanceMetrics_INFO [93.962115942] Shooter.RightPrimaryMotor.pidCtrlTask: OUTPUT_TASK=1.923052440358054E-5/0.012100489207460813
TrcTaskMgr.printTaskPerformanceMetrics_INFO [93.964551279] Shooter.RightFollowerMotor.pidCtrlTask: OUTPUT_TASK=4.722545141561019E-6/0.012100488924622302
TrcTaskMgr.printTaskPerformanceMetrics_INFO [93.965880337] Shooter.RightTiltMotor.pidCtrlTask: OUTPUT_TASK=4.4646271752602374E-4/0.01210048858868322
TrcTaskMgr.printTaskPerformanceMetrics_INFO [93.966610376] Shooter.RightShooter.ShooterMotor1VelTrigger.triggerTask: PRE_PERIODIC_TASK=1.7667888392857142E-4/0.0587573210625
TrcTaskMgr.printTaskPerformanceMetrics_INFO [93.967520841] Shooter.RightShooter.goalTracking: POST_PERIODIC_TASK=0.003256314100096246/0.037493479219441773
TrcTaskMgr.printTaskPerformanceMetrics_INFO [93.9691878] Shooter.RightTransferMotor.pidCtrlTask: OUTPUT_TASK=5.9656268378630156E-6/0.012100485082708898
TrcTaskMgr.printTaskPerformanceMetrics_INFO [93.973432588] Shooter.TurretMotor.pidCtrlTask: OUTPUT_TASK=0.0016965975146618064/0.012100484978169299
TrcTaskMgr.printTaskPerformanceMetrics_INFO [93.975234497] Shooter.FeederMotor.pidCtrlTask: OUTPUT_TASK=5.690631227217497E-6/0.01210048327837181
TrcTaskMgr.printTaskPerformanceMetrics_INFO [93.983579825] ShooterfieldLengthTrigger.triggerTask: PRE_PERIODIC_TASK=1.8082924319941707E-5/0.0015295070587767418
TrcTaskMgr.printTaskPerformanceMetrics_INFO [93.985133613] ShooterfieldWidthTrigger.triggerTask: PRE_PERIODIC_TASK=5.3358731071005225E-6/0.0015295066464261341
TrcTaskMgr.printTaskPerformanceMetrics_INFO [93.996344131] Intake.IntakeMotor.pidCtrlTask: OUTPUT_TASK=5.399179774825854E-6/0.012100402403329012
TrcTaskMgr.printTaskPerformanceMetrics_INFO [93.998199296] Climber.Motor.pidCtrlTask: OUTPUT_TASK=5.4596162643771264E-5/0.012100402049854204
TrcTaskMgr.printTaskPerformanceMetrics_INFO [94.00082245] TaskAutoShoot: POST_PERIODIC_TASK=0.0017237515888157895/0.17697686465789472
