Robot.robotStartMode_INFO [0.352896927] Sat Mar 07 23:54:35 UTC 2026: ***** AUTO_MODE *****
Robot.robotStartMode_INFO [0.353966406] <BuildInfo Host="TRC492-DS2024" User="User" Timestamp="2026-03-07 15:42:08" Branch="dev" />
FrcAuto.startMode_INFO [0.356779896] <Info name="MatchInfo" date="Sat Mar 07 23:54:35 UTC 2026" event="WABON" type="Qualification" match=22 replay=1 alliance="Blue" location=2 gameMsg="" />
FrcAuto.startMode_INFO [0.359662086] <Info name="AutoChoices" alliance="Blue" strategy="REBUILT_AUTO" startPos="START_POS_DEPOT" startDelay=0.0 sec depotPickup="false" outpostPickup="false" neutralZonePickup="true" moveTo="DEPOT" passBack="NONE" climb="false" climbSide="DEPOT" neutralZoneCycles="2.0" pathFile="DrivePath.csv" xDistance=0.0 ft yDistance=0.0 ft turnDegrees=0.0 deg driveTime=0.0 sec drivePower=0.0"  />
Climber.Motor.isMotorStalled_INFO [0.431734145] Stall detection triggered.
Climber.Motor.checkStallReset_INFO [0.435291995] Resetting stall.
CmdRebuiltAuto.cmdPeriodic_INFO [0.439487424] <Event name="StateInfo" time="0.438824927" tag="vvvvv" CmdRebuiltAuto.state="START" />
Robot.zeroCalibrate_INFO [0.455642059] Zero calibrate all subsystems.
TrcSubsystem.zeroCalibrateAll_INFO [0.487585211] ZeroCalibrate(Subsystem=Shooter, owner=null, event=(Shooter.zeroCal=CLEARED))
Shooter.zeroCalibrate_INFO [0.495480382] ZeroCalibrate left shooter.
Shooter.zeroCalibrate_INFO [0.525164589] ZeroCalibrate right shooter.
Shooter.zeroCalibrate_INFO [0.542086978] ZeroCalibrate turret.
TrcSubsystem.zeroCalibrateAll_INFO [0.550690496] ZeroCalibrate(Subsystem=Climber, owner=null, event=(Climber.zeroCal=CLEARED))
CmdRebuiltAuto.cmdPeriodic_INFO [0.559285978] <Event name="StateInfo" time="0.559014384" tag="^^^^^" CmdRebuiltAuto.state="START" />
Shooter.LeftTiltMotor.isMotorStalled_INFO [0.734517294] Stall detection triggered.
Shooter.TurretMotor.isMotorStalled_INFO [0.742137405] Stall detection triggered.
Shooter.LeftTiltMotor.zeroCalibratingMotor_WARN [0.759829366] Stalled, lower limit switch may not exist or might have failed!
Shooter.LeftTiltMotor.pidCtrlTask_INFO [0.775397981] Zero calibration done, event=(Shooter.leftTiltZeroCalCallback=CLEARED)
Shooter.LeftTiltMotor.pidCtrlTask_INFO [0.785797218] controlMode: Power,onTarget=false(-0.07511734217405319/null), stalled=false, expired=false, event=(Shooter.leftTiltZeroCalCallback=SIGNALED)
Shooter.RightTiltMotor.isMotorStalled_INFO [0.794657596] Stall detection triggered.
Shooter.TurretMotor.zeroCalibratingMotor_WARN [0.803203371] Stalled, lower limit switch may not exist or might have failed!
Shooter.TurretMotor.pidCtrlTask_INFO [0.814614979] Zero calibration done, event=(Shooter.turretZeroCalCallback=CLEARED)
Shooter.TurretMotor.pidCtrlTask_INFO [0.821115086] controlMode: Power,onTarget=false(0.2228553146123886/null), stalled=false, expired=false, event=(Shooter.turretZeroCalCallback=SIGNALED)
Shooter.LeftTiltMotor.isMotorStalled_INFO [0.834912896] Stall detection triggered.
Shooter.LeftTiltMotor.checkStallReset_INFO [0.836426216] Resetting stall.
Shooter.RightTiltMotor.zeroCalibratingMotor_WARN [0.839301236] Stalled, lower limit switch may not exist or might have failed!
Shooter.RightTiltMotor.pidCtrlTask_INFO [0.842153904] Zero calibration done, event=(Shooter.rightTiltZeroCalCallback=CLEARED)
Shooter.RightTiltMotor.pidCtrlTask_INFO [0.844057063] controlMode: Power,onTarget=false(-0.07471663504838943/null), stalled=false, expired=false, event=(Shooter.rightTiltZeroCalCallback=SIGNALED)
Shooter.TurretMotor.isMotorStalled_INFO [0.860980977] Stall detection triggered.
Climber.Motor.isMotorStalled_INFO [0.862006354] Stall detection triggered.
Shooter.RightTiltMotor.isMotorStalled_INFO [0.867509803] Stall detection triggered.
Shooter.RightTiltMotor.checkStallReset_INFO [0.871188846] Resetting stall.
Climber.Motor.zeroCalibratingMotor_WARN [0.872697611] Stalled, lower limit switch may not exist or might have failed!
Climber.Motor.pidCtrlTask_INFO [0.874251225] Zero calibration done, event=(Climber.zeroCal=CLEARED)
Climber.Motor.pidCtrlTask_INFO [0.875647873] controlMode: Power,onTarget=false(-0.16324228048324585/null), stalled=false, expired=false, event=(Climber.zeroCal=SIGNALED)
CmdRebuiltAuto.cmdPeriodic_INFO [0.893888757] <Event name="StateInfo" time="0.893124812" tag="vvvvv" CmdRebuiltAuto.state="ZERO_CAL_DONE" />
CmdRebuiltAuto.cmdPeriodic_INFO [0.89814617] ***** Enabling GoalTracking on turret only.
Shooter.setupGoalTrackingMode_INFO [0.909517821] GoalTracking(trackingMode=AllianceHub, goalPose=(x=-158.838583,y=182.110000,angle=0.000000), noPassback=true).
Shooter.LeftShooter.enableGoalTracking_INFO [0.939779022] Enable GoalTracking (trackingParams=(trackFlywheel=false,trackTiltPos=false,trackPanPos=true)).
Shooter.LeftPrimaryMotor.cancel_INFO [0.947123613] Cancel: stopping motor.
Shooter.LeftTiltMotor.cancel_INFO [0.957411345] Cancel: stopping motor.
Shooter.RightShooter.enableGoalTracking_INFO [0.972838176] Enable GoalTracking (trackingParams=(trackFlywheel=false,trackTiltPos=false,trackPanPos=true)).
Shooter.RightPrimaryMotor.cancel_INFO [0.980694885] Cancel: stopping motor.
Shooter.RightTiltMotor.cancel_INFO [0.984319464] Cancel: stopping motor.
CmdRebuiltAuto.cmdPeriodic_INFO [0.987419602] <Event name="StateInfo" time="0.98720797" tag="^^^^^" CmdRebuiltAuto.state="ZERO_CAL_DONE" />
CmdRebuiltAuto.cmdPeriodic_INFO [1.19245783] <Event name="StateInfo" time="1.188707056" tag="vvvvv" CmdRebuiltAuto.state="CREATE_NEUTRAL_ZONE_PATH" />
CmdRebuiltAuto.cmdPeriodic_INFO [1.197968569] NeutralZonePath:
startPose=(x=-300.457165,y=167.734500,angle=90.000000)
intermediatePose=(x=-279.787165,y=301.610236,angle=90.000000)
pickupPose=(x=-261.787165,y=301.610236,angle=90.000000)
endPose=(x=-181.787165,y=301.610236,angle=90.000000)
CmdRebuiltAuto.cmdPeriodic_INFO [1.202628762] NeutralZoneReturnPath:
robotPose=(x=-300.457165,y=167.734500,angle=90.021973)
pickupPose=(x=-261.787165,y=301.610236,angle=90.000000)
intermediatePose=(x=-279.787165,y=301.610236,angle=0.000000)
returnPose=(x=-293.457165,y=127.734500,angle=0.000000)
CmdRebuiltAuto.cmdPeriodic_INFO [1.205263856] <Event name="StateInfo" time="1.204839116" tag="^^^^^" CmdRebuiltAuto.state="CREATE_NEUTRAL_ZONE_PATH" />
CmdRebuiltAuto.cmdPeriodic_INFO [1.244061294] <Event name="StateInfo" time="1.2430006" tag="vvvvv" CmdRebuiltAuto.state="CYCLE_NEUTRAL_ZONE" />
purePursuitDrive.start_INFO [1.359338182] Path=TrcPath(degrees=true, [Waypoint(simple=true,index=0,pose=(x=-300.457165,y=167.734500,angle=90.021973),vel=0.0), Waypoint(simple=false,index=-1,timestep=0.39152944010137525,pose=(x=-288.774579,y=243.400434,angle=90.009554),vel=168.05331133619572,encPos=0.0,accel=0.0,jerk=0.0), Waypoint(simple=true,index=1,pose=(x=-279.787165,y=301.610236,angle=90.000000),vel=132.81566172707196), Waypoint(simple=true,index=2,pose=(x=-261.787165,y=301.610236,angle=90.000000),vel=120.00000000000001), Waypoint(simple=true,index=3,pose=(x=-181.787165,y=301.610236,angle=90.000000),vel=0.0)])
CmdRebuiltAuto.cmdPeriodic_INFO [1.375447866] <Event name="StateInfo" time="1.375209142" tag="^^^^^" CmdRebuiltAuto.state="CYCLE_NEUTRAL_ZONE" RobotPose=(x=-300.457165,y=167.734500,angle=90.021973) TargetPose=(x=-181.787165,y=301.610236,angle=90.000000) vel=(x=-0.000000,y=0.000000,angle=-0.000000) Path=TrcPath(degrees=true, [Waypoint(simple=true,index=0,pose=(x=0.000000,y=0.000000,angle=0.000000),vel=0.0), Waypoint(simple=false,index=-1,timestep=0.39152944010137525,pose=(x=-75.670409,y=11.653568,angle=-0.012419),vel=168.05331133619572,encPos=0.0,accel=0.0,jerk=0.0), Waypoint(simple=true,index=1,pose=(x=-133.883653,y=20.618658,angle=-0.021973),vel=132.81566172707196), Waypoint(simple=true,index=2,pose=(x=-133.890556,y=38.618656,angle=-0.021973),vel=120.00000000000001), Waypoint(simple=true,index=3,pose=(x=-133.921236,y=118.618651,angle=-0.021973),vel=0.0)]) />
Shooter.setupGoalTrackingMode_INFO [2.332084375] GoalTracking(trackingMode=AllianceHub, goalPose=(x=-158.838583,y=182.110000,angle=0.000000), noPassback=true).
CmdRebuiltAuto.lambda$cmdPeriodic$2_INFO [3.075677607] WaypointHandler: index=1
CmdRebuiltAuto.lambda$cmdPeriodic$2_INFO [3.234748156] WaypointHandler: index=2
Shooter.setupGoalTrackingMode_INFO [3.692083247] GoalTracking(trackingMode=AllianceHub, goalPose=(x=-158.838583,y=182.110000,angle=0.000000), noPassback=true).
purePursuitDrive.driveTask_INFO [5.835561058] Done: index=4/5, stalled=false, timeout=false, posOnTarget=true, headingOnTarget=true, robotPose=(x=-182.633389,y=301.844493,angle=89.652218)
purePursuitDrive.driveTask_INFO [5.83976806] Signal completion event (CmdRebuiltAuto=CLEARED).
CmdRebuiltAuto.cmdPeriodic_INFO [5.866132196] <Event name="StateInfo" time="5.865855834" tag="vvvvv" CmdRebuiltAuto.state="RETURN_TO_SCORE_POS" />
TaskAutoShoot.cancel_INFO [5.868303695] Canceling auto task operation.
purePursuitDrive.start_INFO [5.876517672] Path=TrcPath(degrees=true, [Waypoint(simple=true,index=0,pose=(x=-182.585480,y=301.791322,angle=91.437496),vel=0.0), Waypoint(simple=false,index=-1,timestep=0.015082239774508673,pose=(x=-259.147780,y=301.616271,angle=90.047904),vel=175.0,encPos=0.0,accel=0.0,jerk=0.0), Waypoint(simple=true,index=1,pose=(x=-261.787165,y=301.610236,angle=90.000000),vel=175.0), Waypoint(simple=true,index=2,pose=(x=-279.787165,y=301.610236,angle=0.000000),vel=175.0), Waypoint(simple=false,index=-1,timestep=1.9444444444444444,pose=(x=-280.122102,y=297.349999,angle=0.000000),vel=175.0,encPos=0.0,accel=0.0,jerk=0.0), Waypoint(simple=true,index=3,pose=(x=-293.457165,y=127.734500,angle=0.000000),vel=0.0)])
CmdRebuiltAuto.cmdPeriodic_INFO [5.881382964] <Event name="StateInfo" time="5.880880836" tag="^^^^^" CmdRebuiltAuto.state="RETURN_TO_SCORE_POS" RobotPose=(x=-182.558575,y=301.779740,angle=91.920895) TargetPose=(x=-293.457165,y=127.734500,angle=0.000000) vel=(x=1.062065,y=2.944778,angle=37.322154) Path=TrcPath(degrees=true, [Waypoint(simple=true,index=0,pose=(x=0.000000,y=0.000000,angle=0.000000),vel=0.0), Waypoint(simple=false,index=-1,timestep=0.015082239774508673,pose=(x=2.095669,y=-76.533813,angle=-1.389592),vel=175.0,encPos=0.0,accel=0.0,jerk=0.0), Waypoint(simple=true,index=1,pose=(x=2.167915,y=-79.172216,angle=-1.437496),vel=175.0), Waypoint(simple=true,index=2,pose=(x=2.619470,y=-97.166551,angle=-91.437496),vel=175.0), Waypoint(simple=false,index=-1,timestep=1.9444444444444444,pose=(x=6.886769,y=-97.394509,angle=-91.437496),vel=175.0,encPos=0.0,accel=0.0,jerk=0.0), Waypoint(simple=true,index=3,pose=(x=176.783417,y=-106.470331,angle=-91.437496),vel=0.0)]) />
Shooter.setupGoalTrackingMode_INFO [7.223756386] GoalTracking(trackingMode=AllianceHub, goalPose=(x=-158.838583,y=182.110000,angle=0.000000), noPassback=true).
Shooter.setupGoalTrackingMode_INFO [8.908130857] GoalTracking(trackingMode=AllianceHub, goalPose=(x=-158.838583,y=182.110000,angle=0.000000), noPassback=true).
Shooter.setupGoalTrackingMode_INFO [9.683080818] GoalTracking(trackingMode=AllianceHub, goalPose=(x=-158.838583,y=182.110000,angle=0.000000), noPassback=true).
purePursuitDrive.driveTask_INFO [10.725643756] Done: index=5/6, stalled=false, timeout=false, posOnTarget=true, headingOnTarget=true, robotPose=(x=-293.703514,y=128.302627,angle=-1.721204)
purePursuitDrive.driveTask_INFO [10.732287242] Signal completion event (CmdRebuiltAuto=CLEARED).
CmdRebuiltAuto.cmdPeriodic_INFO [10.765747131] <Event name="StateInfo" time="10.76535967" tag="vvvvv" CmdRebuiltAuto.state="SHOOT_NEUTRAL_FUEL" />
CmdRebuiltAuto.cmdPeriodic_INFO [10.767233565] Shooting NeutralZone cycle 1
TaskAutoShoot.autoShoot_INFO [10.778427696] autoShoot(owner=null, event=(CmdRebuiltAuto=SIGNALED), taskParams=(autoStop=true, noPassback=true))
TaskAutoShoot.autoShoot_INFO [10.779961503] Enabling Goal Tracking (prevTrackParams=(trackFlywheel=false,trackTiltPos=false,trackPanPos=true)).
Shooter.setupGoalTrackingMode_INFO [10.781551893] GoalTracking(trackingMode=AllianceHub, goalPose=(x=-158.838583,y=182.110000,angle=0.000000), noPassback=true).
Shooter.LeftShooter.enableGoalTracking_INFO [10.782985069] Enable GoalTracking (trackingParams=(trackFlywheel=true,trackTiltPos=true,trackPanPos=true)).
Shooter.LeftPrimaryMotor.cancel_INFO [10.790334954] Cancel: stopping motor.
Shooter.LeftTiltMotor.cancel_INFO [10.791858564] Cancel: stopping motor.
Shooter.RightShooter.enableGoalTracking_INFO [10.793307096] Enable GoalTracking (trackingParams=(trackFlywheel=true,trackTiltPos=true,trackPanPos=true)).
Shooter.RightPrimaryMotor.cancel_INFO [10.795087785] Cancel: stopping motor.
Shooter.RightTiltMotor.cancel_INFO [10.798915951] Cancel: stopping motor.
CmdRebuiltAuto.cmdPeriodic_INFO [10.803423311] <Event name="StateInfo" time="10.802746294" tag="^^^^^" CmdRebuiltAuto.state="SHOOT_NEUTRAL_FUEL" />
TaskAutoShoot.autoTask_INFO [10.897372558] <Event name="StateInfo" time="10.896045031" tag="vvvvv" TaskAutoShoot.state="START" />
TaskAutoShoot.runTaskState_INFO [10.913516327] ***** Wait for left Shooter ready.
TaskAutoShoot.runTaskState_INFO [10.920869406] ***** Wait for right Shooter ready.
TaskAutoShoot.runTaskState_INFO [10.925289689] ***** Wait for Turret ready.
TaskAutoShoot.autoTask_INFO [10.931415285] <Event name="StateInfo" time="10.930401627" tag="^^^^^" TaskAutoShoot.state="START" />
Shooter.TurretMotor.pidCtrlTask_INFO [10.998405919] controlMode: Position,onTarget=true(64.31707945437373/63.49118585146611), stalled=false, expired=false, event=(TaskAutoShoot.turretReady=SIGNALED)
TaskAutoShoot.autoTask_INFO [11.045933004] <Event name="StateInfo" time="11.045547119" tag="vvvvv" TaskAutoShoot.state="SHOOT" />
TaskAutoShoot.autoTask_INFO [11.048476709] <Event name="StateInfo" time="11.048171692" tag="^^^^^" TaskAutoShoot.state="SHOOT" />
TaskAutoShoot.autoTask_INFO [11.125106901] <Event name="StateInfo" time="11.124899571" tag="vvvvv" TaskAutoShoot.state="SHOOT" />
TaskAutoShoot.autoTask_INFO [11.129413131] <Event name="StateInfo" time="11.129180629" tag="^^^^^" TaskAutoShoot.state="SHOOT" />
TaskAutoShoot.autoTask_INFO [11.205478414] <Event name="StateInfo" time="11.204081259" tag="vvvvv" TaskAutoShoot.state="SHOOT" />
TaskAutoShoot.autoTask_INFO [11.214581577] <Event name="StateInfo" time="11.206884145" tag="^^^^^" TaskAutoShoot.state="SHOOT" />
TaskAutoShoot.autoTask_INFO [11.281379881] <Event name="StateInfo" time="11.280758481" tag="vvvvv" TaskAutoShoot.state="SHOOT" />
TaskAutoShoot.autoTask_INFO [11.289410069] <Event name="StateInfo" time="11.289208319" tag="^^^^^" TaskAutoShoot.state="SHOOT" />
TaskAutoShoot.autoTask_INFO [11.369311036] <Event name="StateInfo" time="11.369109775" tag="vvvvv" TaskAutoShoot.state="SHOOT" />
TaskAutoShoot.autoTask_INFO [11.373624032] <Event name="StateInfo" time="11.373190119" tag="^^^^^" TaskAutoShoot.state="SHOOT" />
TaskAutoShoot.autoTask_INFO [11.446466805] <Event name="StateInfo" time="11.446071913" tag="vvvvv" TaskAutoShoot.state="SHOOT" />
TaskAutoShoot.autoTask_INFO [11.450324653] <Event name="StateInfo" time="11.449606324" tag="^^^^^" TaskAutoShoot.state="SHOOT" />
TaskAutoShoot.autoTask_INFO [11.51335764] <Event name="StateInfo" time="11.513162933" tag="vvvvv" TaskAutoShoot.state="SHOOT" />
TaskAutoShoot.autoTask_INFO [11.517200204] <Event name="StateInfo" time="11.51699812" tag="^^^^^" TaskAutoShoot.state="SHOOT" />
TaskAutoShoot.autoTask_INFO [11.599372961] <Event name="StateInfo" time="11.597160572" tag="vvvvv" TaskAutoShoot.state="SHOOT" />
TaskAutoShoot.autoTask_INFO [11.600943971] <Event name="StateInfo" time="11.600628124" tag="^^^^^" TaskAutoShoot.state="SHOOT" />
Shooter.LeftShooter.goalTrackingTask_INFO [11.665382874] Shooter.LeftShooter is Ready: rpm1=5141.655649/5134.798579, rpm2=3144.726563/0.000000, tilt=25.684199/25.722026, pan=null/null
Shooter.RightShooter.goalTrackingTask_INFO [11.69299331] Shooter.RightShooter is Ready: rpm1=5113.638822/5134.798579, rpm2=3150.351563/0.000000, tilt=25.684199/25.722026, pan=null/null
TaskAutoShoot.autoTask_INFO [11.698449659] <Event name="StateInfo" time="11.698062823" tag="vvvvv" TaskAutoShoot.state="SHOOT" />
TaskAutoShoot.runTaskState_INFO [11.700061294] ***** Start left shooter shooting.
Shooter.shoot_INFO [11.703242847] shoot(owner=null, event=(TaskAutoShoot.leftShooterDone=CLEARED), shooter=leftShooter, autoStop=true)
Shooter.LeftTransferMotor.cancel_INFO [11.740628462] Cancel: stopping motor.
TaskAutoShoot.runTaskState_INFO [11.742519925] ***** Start right shooter shooting.
Shooter.shoot_INFO [11.746702184] shoot(owner=null, event=(TaskAutoShoot.rightShooterDone=CLEARED), shooter=rightShooter, autoStop=true)
Shooter.RightTransferMotor.cancel_INFO [11.75051181] Cancel: stopping motor.
TaskAutoShoot.autoTask_INFO [11.753635964] <Event name="StateInfo" time="11.75339484" tag="^^^^^" TaskAutoShoot.state="SHOOT" />
Shooter.LeftShooter.cancel_INFO [15.712516148] owner=null
Shooter.LeftShooter.disableGoalTracking_INFO [15.716589244] Disable Goal Tracking.
Shooter.LeftShooter.stopGoalTracking_INFO [15.725017031] Stop GoalTracking.
Shooter.LeftTiltMotor.cancel_INFO [15.727809062] Cancel: stopping motor.
Shooter.LeftPrimaryMotor.cancel_INFO [15.729387027] Cancel: stopping motor.
Shooter.LeftPrimaryMotor.cancel_INFO [15.731656827] Cancel: stopping motor.
Shooter.LeftTiltMotor.cancel_INFO [15.73868948] Cancel: stopping motor.
Shooter.LeftTransferMotor.cancel_INFO [15.743407661] Cancel: stopping motor.
Shooter.FeederMotor.cancel_INFO [15.747566264] Cancel: stopping motor.
Shooter.RightShooter.cancel_INFO [15.854699536] owner=null
Shooter.RightShooter.disableGoalTracking_INFO [15.856620359] Disable Goal Tracking.
Shooter.RightShooter.stopGoalTracking_INFO [15.858097795] Stop GoalTracking.
Shooter.RightTiltMotor.cancel_INFO [15.859356671] Cancel: stopping motor.
Shooter.RightPrimaryMotor.cancel_INFO [15.861168431] Cancel: stopping motor.
Shooter.RightPrimaryMotor.cancel_INFO [15.86912376] Cancel: stopping motor.
Shooter.RightTiltMotor.cancel_INFO [15.878060494] Cancel: stopping motor.
Shooter.RightTransferMotor.cancel_INFO [15.880434427] Cancel: stopping motor.
Shooter.FeederMotor.cancel_INFO [15.885162081] Cancel: stopping motor.
CmdRebuiltAuto.cmdPeriodic_INFO [18.80443826] <Event name="StateInfo" time="18.804151104" tag="vvvvv" CmdRebuiltAuto.state="CYCLE_NEUTRAL_ZONE" />
TaskAutoShoot.cancel_INFO [18.80929442] Canceling auto task operation.
TaskAutoShoot.stopSubsystems_INFO [18.810916801] Stopping subsystems.
Shooter.LeftTransferMotor.cancel_INFO [18.811509031] Cancel: stopping motor.
Shooter.RightTransferMotor.cancel_INFO [18.812219265] Cancel: stopping motor.
Shooter.FeederMotor.cancel_INFO [18.813074942] Cancel: stopping motor.
TaskAutoShoot.stopSubsystems_INFO [18.813708553] Restoring previous Tracking mode (trackFlywheel=false,trackTiltPos=false,trackPanPos=true).
TaskAutoShoot.stopSubsystems_INFO [18.814766734] Restoring previous Passback mode true.
Shooter.setupGoalTrackingMode_INFO [18.815652327] GoalTracking(trackingMode=AllianceHub, goalPose=(x=-158.838583,y=182.110000,angle=0.000000), noPassback=true).
Shooter.LeftShooter.enableGoalTracking_INFO [18.819832499] Enable GoalTracking (trackingParams=(trackFlywheel=false,trackTiltPos=false,trackPanPos=true)).
Shooter.LeftPrimaryMotor.cancel_INFO [18.821442048] Cancel: stopping motor.
Shooter.LeftTiltMotor.cancel_INFO [18.822524233] Cancel: stopping motor.
Shooter.RightShooter.enableGoalTracking_INFO [18.824085539] Enable GoalTracking (trackingParams=(trackFlywheel=false,trackTiltPos=false,trackPanPos=true)).
Shooter.RightPrimaryMotor.cancel_INFO [18.825910631] Cancel: stopping motor.
Shooter.RightTiltMotor.cancel_INFO [18.833930877] Cancel: stopping motor.
Shooter.LeftPrimaryMotor.cancel_INFO [18.835913928] Cancel: stopping motor.
Shooter.RightPrimaryMotor.cancel_INFO [18.840889818] Cancel: stopping motor.
purePursuitDrive.start_INFO [18.912010164] Path=TrcPath(degrees=true, [Waypoint(simple=true,index=0,pose=(x=-292.347237,y=126.702957,angle=11.383820),vel=0.0), Waypoint(simple=false,index=-1,timestep=0.3580358791002435,pose=(x=-286.863414,y=203.068814,angle=6.413557),vel=175.0,encPos=0.0,accel=0.0,jerk=0.0), Waypoint(simple=false,index=-1,timestep=0.2188205637051398,pose=(x=-282.375630,y=265.564166,angle=2.346054),vel=175.0,encPos=0.0,accel=0.0,jerk=0.0), Waypoint(simple=true,index=1,pose=(x=-279.787165,y=301.610236,angle=0.000000),vel=155.3061492665374), Waypoint(simple=true,index=2,pose=(x=-225.787165,y=301.610236,angle=90.000000),vel=120.0), Waypoint(simple=true,index=3,pose=(x=-145.787165,y=301.610236,angle=90.000000),vel=0.0)])
CmdRebuiltAuto.cmdPeriodic_INFO [18.918932] <Event name="StateInfo" time="18.918200579" tag="^^^^^" CmdRebuiltAuto.state="CYCLE_NEUTRAL_ZONE" RobotPose=(x=-292.347237,y=126.702957,angle=11.383820) TargetPose=(x=-145.787165,y=301.610236,angle=90.000000) vel=(x=-0.000000,y=0.000000,angle=-0.000000) Path=TrcPath(degrees=true, [Waypoint(simple=true,index=0,pose=(x=0.000000,y=0.000000,angle=0.000000),vel=0.0), Waypoint(simple=false,index=-1,timestep=0.3580358791002435,pose=(x=-9.697191,y=75.945908,angle=-4.970263),vel=175.0,encPos=0.0,accel=0.0,jerk=0.0), Waypoint(simple=false,index=-1,timestep=0.2188205637051398,pose=(x=-17.633060,y=138.097587,angle=-9.037766),vel=175.0,encPos=0.0,accel=0.0,jerk=0.0), Waypoint(simple=true,index=1,pose=(x=-22.210310,y=173.945433,angle=-11.383820),vel=155.3061492665374), Waypoint(simple=true,index=2,pose=(x=30.727345,y=184.603981,angle=78.616180),vel=120.0), Waypoint(simple=true,index=3,pose=(x=109.153502,y=200.394421,angle=78.616180),vel=0.0)]) />
Shooter.setupGoalTrackingMode_INFO [19.551512498] GoalTracking(trackingMode=AllianceHub, goalPose=(x=-158.838583,y=182.110000,angle=0.000000), noPassback=true).
Shooter.setupGoalTrackingMode_INFO [20.092126067] GoalTracking(trackingMode=AllianceHub, goalPose=(x=-158.838583,y=182.110000,angle=0.000000), noPassback=true).
FrcRobot.startCompetition_INFO [20.716649761] *** Transitioning from AUTO_MODE to DISABLED_MODE ***
Shooter.LeftShooter.disableGoalTracking_INFO [20.724367607] Disable Goal Tracking.
Shooter.LeftShooter.stopGoalTracking_INFO [20.732618731] Stop GoalTracking.
Shooter.LeftTiltMotor.cancel_INFO [20.735024609] Cancel: stopping motor.
Shooter.LeftPrimaryMotor.cancel_INFO [20.744990683] Cancel: stopping motor.
Shooter.RightShooter.disableGoalTracking_INFO [20.748021791] Disable Goal Tracking.
Shooter.RightShooter.stopGoalTracking_INFO [20.753528381] Stop GoalTracking.
Shooter.RightTiltMotor.cancel_INFO [20.755982676] Cancel: stopping motor.
Shooter.RightPrimaryMotor.cancel_INFO [20.759314972] Cancel: stopping motor.
Robot.cancelAll_INFO [20.765086906] Cancel all operations.
CmdRebuiltAuto.lambda$cmdPeriodic$2_INFO [20.769934883] WaypointHandler: index=-1
Shooter.LeftShooter.cancel_INFO [20.776660687] owner=null
Shooter.LeftPrimaryMotor.cancel_INFO [20.78006598] Cancel: stopping motor.
Shooter.LeftTiltMotor.cancel_INFO [20.781623757] Cancel: stopping motor.
Shooter.RightShooter.cancel_INFO [20.784777178] owner=null
Shooter.RightPrimaryMotor.cancel_INFO [20.787437155] Cancel: stopping motor.
Shooter.RightTiltMotor.cancel_INFO [20.790146908] Cancel: stopping motor.
Shooter.LeftTransferMotor.cancel_INFO [20.794684295] Cancel: stopping motor.
Shooter.RightTransferMotor.cancel_INFO [20.797073587] Cancel: stopping motor.
Shooter.FeederMotor.cancel_INFO [20.799259793] Cancel: stopping motor.
Intake.IntakeMotor.cancel_INFO [20.844701692] Cancel: stopping motor.
Climber.Motor.cancel_INFO [20.846809722] Cancel: stopping motor.
TaskAutoShoot.cancel_INFO [20.849349384] Canceling auto task operation.
TaskAutoClimb.cancel_INFO [20.851212929] Canceling auto task operation.
FrcRobot.printPerformanceMetrics_INFO [20.881109565] [FrcRobot] Loop Performance Metrics:
Average Loop Interval = 0.001170s (freq=854.792Hz, min=0.000614s, max=0.633254s)
[03]                StartTask=0.000000s
[04]          PrePeriodicTask=0.000098s
[07]               UpdateTask=0.000781s
[02]                StartMode=0.000000s
[06]         PostPeriodicTask=0.000187s
[08]                 StopTask=0.000000s
[09]                 StopMode=0.000000s
[00]                RobotInit=13.525108s
[01]           RobotStartMode=0.000007s
[05]                 Periodic=0.000034s
[10]            RobotStopMode=0.000001s

TrcTaskMgr.printTaskPerformanceMetrics_INFO [20.884684536] FrcDashboard.task: STANDALONE_TASK=4.901570859696157E-4/0.010594238739231456
TrcTaskMgr.printTaskPerformanceMetrics_INFO [20.885565004] TrcWatchdogMgr: STANDALONE_TASK=3.9729187394957983E-4/0.991930269882353
TrcTaskMgr.printTaskPerformanceMetrics_INFO [20.886279969] flDriveMotor.pidCtrlTask: OUTPUT_TASK=2.4198028031037826E-5/0.011497403125800195
TrcTaskMgr.printTaskPerformanceMetrics_INFO [20.88815033] flDriveMotor.odometryCleanupTask: STOP_TASK=1.0451E-4/10.393107914
TrcTaskMgr.printTaskPerformanceMetrics_INFO [20.889365549] frDriveMotor.pidCtrlTask: OUTPUT_TASK=1.1598923181377304E-5/0.011497379550630456
TrcTaskMgr.printTaskPerformanceMetrics_INFO [20.89267181] blDriveMotor.pidCtrlTask: OUTPUT_TASK=1.2027238603297768E-5/0.011497378463724539
TrcTaskMgr.printTaskPerformanceMetrics_INFO [20.893493404] brDriveMotor.pidCtrlTask: OUTPUT_TASK=1.0744255383123182E-5/0.0114973777742968
TrcTaskMgr.printTaskPerformanceMetrics_INFO [20.893989099] flSteerMotor.pidCtrlTask: OUTPUT_TASK=1.808408409311348E-5/0.011497377208729388
TrcTaskMgr.printTaskPerformanceMetrics_INFO [20.89524699] frSteerMotor.pidCtrlTask: OUTPUT_TASK=1.4147628903976722E-5/0.01149741517943744
TrcTaskMgr.printTaskPerformanceMetrics_INFO [20.896171368] blSteerMotor.pidCtrlTask: OUTPUT_TASK=1.655551260911736E-5/0.011497434898254123
TrcTaskMgr.printTaskPerformanceMetrics_INFO [20.896625169] brSteerMotor.pidCtrlTask: OUTPUT_TASK=1.3609078176527643E-5/0.011497437858195927
TrcTaskMgr.printTaskPerformanceMetrics_INFO [20.900659917] FrcSwerveDrive.odometryTask: INPUT_TASK=0.002546641976711362/0.01446347536273818
TrcTaskMgr.printTaskPerformanceMetrics_INFO [20.90278616] FrcSwerveDrive.stopTask: STOP_TASK=0.0034325075/10.3930174525
TrcTaskMgr.printTaskPerformanceMetrics_INFO [20.903322223] purePursuitDrive.driveTask: POST_PERIODIC_TASK=0.006370601231974921/0.060535683686520375
TrcTaskMgr.printTaskPerformanceMetrics_INFO [20.90799738] LED: OUTPUT_TASK=5.373669459800213E-5/0.011499577742604987
TrcTaskMgr.printTaskPerformanceMetrics_INFO [20.910883719] Shooter.LeftPrimaryMotor.pidCtrlTask: OUTPUT_TASK=1.556110522742702E-5/0.011499546881776743
TrcTaskMgr.printTaskPerformanceMetrics_INFO [20.9114235] Shooter.LeftFollowerMotor.pidCtrlTask: OUTPUT_TASK=5.5509460770051405E-6/0.011499545508292115
TrcTaskMgr.printTaskPerformanceMetrics_INFO [20.913329012] Shooter.LeftTiltMotor.pidCtrlTask: OUTPUT_TASK=2.3086330714770635E-4/0.011499544611482882
TrcTaskMgr.printTaskPerformanceMetrics_INFO [20.913885531] Shooter.LeftShooter.ShooterMotor1VelTrigger.triggerTask: PRE_PERIODIC_TASK=2.805671333333334E-4/0.06586232925
TrcTaskMgr.printTaskPerformanceMetrics_INFO [20.914708174] Shooter.LeftShooter.goalTracking: POST_PERIODIC_TASK=0.025874020251282052/0.05051046048205128
TrcTaskMgr.printTaskPerformanceMetrics_INFO [20.915239013] Shooter.LeftTransferMotor.pidCtrlTask: OUTPUT_TASK=6.235853069537387E-6/0.011499467563281933
TrcTaskMgr.printTaskPerformanceMetrics_INFO [20.916430574] Shooter.RightPrimaryMotor.pidCtrlTask: OUTPUT_TASK=9.020593249927261E-6/0.011499466246144894
TrcTaskMgr.printTaskPerformanceMetrics_INFO [20.927323191] Shooter.RightFollowerMotor.pidCtrlTask: OUTPUT_TASK=5.185542474786657E-6/0.011499435330197828
TrcTaskMgr.printTaskPerformanceMetrics_INFO [20.92852998] Shooter.RightTiltMotor.pidCtrlTask: OUTPUT_TASK=1.9417384639255236E-4/0.01149943456458495
TrcTaskMgr.printTaskPerformanceMetrics_INFO [20.931147113] Shooter.RightShooter.ShooterMotor1VelTrigger.triggerTask: PRE_PERIODIC_TASK=2.2376217460317463E-4/0.06495023034920636
TrcTaskMgr.printTaskPerformanceMetrics_INFO [20.932648622] Shooter.RightShooter.goalTracking: POST_PERIODIC_TASK=0.0036416896921119594/0.04971264383206107
TrcTaskMgr.printTaskPerformanceMetrics_INFO [20.93584617] Shooter.RightTransferMotor.pidCtrlTask: OUTPUT_TASK=6.439918258508678E-6/0.011499771228061671
TrcTaskMgr.printTaskPerformanceMetrics_INFO [20.936602071] Shooter.TurretMotor.pidCtrlTask: OUTPUT_TASK=6.091871352661689E-4/0.01149977033908659
TrcTaskMgr.printTaskPerformanceMetrics_INFO [20.938950208] Shooter.FeederMotor.pidCtrlTask: OUTPUT_TASK=6.514917870648696E-6/0.011499780482788713
TrcTaskMgr.printTaskPerformanceMetrics_INFO [20.939534193] ShooterfieldLengthTrigger.triggerTask: PRE_PERIODIC_TASK=1.5049667556003518E-5/0.0011658148186049267
TrcTaskMgr.printTaskPerformanceMetrics_INFO [20.940412362] ShooterfieldWidthTrigger.triggerTask: PRE_PERIODIC_TASK=5.300115653316732E-6/0.001165813934149547
TrcTaskMgr.printTaskPerformanceMetrics_INFO [20.946192197] Intake.IntakeMotor.pidCtrlTask: OUTPUT_TASK=5.627760981285755E-6/0.011499779284495297
TrcTaskMgr.printTaskPerformanceMetrics_INFO [20.947461247] Climber.Motor.pidCtrlTask: OUTPUT_TASK=6.714382313584795E-5/0.011499778511005527
TrcTaskMgr.printTaskPerformanceMetrics_INFO [20.953179035] TaskAutoShoot: POST_PERIODIC_TASK=2.1554044875107665E-4/0.006812979706287683
