Robot.robotStartMode_INFO [0.336155517] Sat Mar 07 21:03:58 UTC 2026: ***** AUTO_MODE *****
Robot.robotStartMode_INFO [0.34173936] <BuildInfo Host="TRC492-DS2024" User="User" Timestamp="2026-03-07 11:57:12" Branch="dev" />
FrcAuto.startMode_INFO [0.359847055] <Info name="MatchInfo" date="Sat Mar 07 21:03:58 UTC 2026" event="WABON" type="Qualification" match=8 replay=1 alliance="Red" location=1 gameMsg="" />
FrcAuto.startMode_INFO [0.371770343] <Info name="AutoChoices" alliance="Red" strategy="REBUILT_AUTO" startPos="START_POS_DEPOT" startDelay=0.0 sec depotPickup="false" outpostPickup="false" neutralZonePickup="true" moveTo="DEPOT" passBack="NONE" climb="false" climbSide="DEPOT" neutralZoneCycles="2.0" pathFile="DrivePath.csv" xDistance=0.0 ft yDistance=0.0 ft turnDegrees=0.0 deg driveTime=0.0 sec drivePower=0.0"  />
CmdRebuiltAuto.cmdPeriodic_INFO [0.419014259] <Event name="StateInfo" time="0.41852989" tag="vvvvv" CmdRebuiltAuto.state="START" />
Climber.Motor.isMotorStalled_INFO [0.42399308] Stall detection triggered.
Climber.Motor.checkStallReset_INFO [0.426318963] Resetting stall.
Robot.zeroCalibrate_INFO [0.434882517] Zero calibrate all subsystems.
TrcSubsystem.zeroCalibrateAll_INFO [0.484644784] ZeroCalibrate(Subsystem=Shooter, owner=null, event=(Shooter.zeroCal=CLEARED))
Shooter.zeroCalibrate_INFO [0.486691924] ZeroCalibrate left shooter.
Shooter.zeroCalibrate_INFO [0.511281473] ZeroCalibrate right shooter.
Shooter.zeroCalibrate_INFO [0.520922747] ZeroCalibrate turret.
TrcSubsystem.zeroCalibrateAll_INFO [0.532561152] ZeroCalibrate(Subsystem=Climber, owner=null, event=(Climber.zeroCal=CLEARED))
CmdRebuiltAuto.cmdPeriodic_INFO [0.537020837] <Event name="StateInfo" time="0.535954642" tag="^^^^^" CmdRebuiltAuto.state="START" />
Shooter.TurretMotor.isMotorStalled_INFO [0.677726602] Stall detection triggered.
Shooter.TurretMotor.zeroCalibratingMotor_WARN [0.69172754] Stalled, lower limit switch may not exist or might have failed!
Shooter.TurretMotor.pidCtrlTask_INFO [0.708616116] Zero calibration done, event=(Shooter.turretZeroCalCallback=CLEARED)
Shooter.TurretMotor.pidCtrlTask_INFO [0.719682454] controlMode: Power,onTarget=false(0.2253212034702301/null), stalled=false, expired=false, event=(Shooter.turretZeroCalCallback=SIGNALED)
Shooter.LeftTiltMotor.isMotorStalled_INFO [0.728353599] Stall detection triggered.
Shooter.TurretMotor.isMotorStalled_INFO [0.741737695] Stall detection triggered.
Shooter.LeftTiltMotor.zeroCalibratingMotor_WARN [0.752437865] Stalled, lower limit switch may not exist or might have failed!
Shooter.LeftTiltMotor.pidCtrlTask_INFO [0.756330985] Zero calibration done, event=(Shooter.leftTiltZeroCalCallback=CLEARED)
Shooter.LeftTiltMotor.pidCtrlTask_INFO [0.759041582] controlMode: Power,onTarget=false(-0.07490158081054688/null), stalled=false, expired=false, event=(Shooter.leftTiltZeroCalCallback=SIGNALED)
Shooter.LeftTiltMotor.isMotorStalled_INFO [0.768739768] Stall detection triggered.
Shooter.LeftTiltMotor.checkStallReset_INFO [0.774032098] Resetting stall.
Climber.Motor.isMotorStalled_INFO [0.870556253] Stall detection triggered.
Climber.Motor.zeroCalibratingMotor_WARN [0.891362832] Stalled, lower limit switch may not exist or might have failed!
Climber.Motor.pidCtrlTask_INFO [0.894870741] Zero calibration done, event=(Climber.zeroCal=CLEARED)
Climber.Motor.pidCtrlTask_INFO [0.899383076] controlMode: Power,onTarget=false(-0.15695425868034363/null), stalled=false, expired=false, event=(Climber.zeroCal=SIGNALED)
Shooter.RightTiltMotor.isMotorStalled_INFO [2.046025689] Stall detection triggered.
Shooter.RightTiltMotor.zeroCalibratingMotor_WARN [2.062966034] Stalled, lower limit switch may not exist or might have failed!
Shooter.RightTiltMotor.pidCtrlTask_INFO [2.11226758] Zero calibration done, event=(Shooter.rightTiltZeroCalCallback=CLEARED)
Shooter.RightTiltMotor.pidCtrlTask_INFO [2.115193307] controlMode: Power,onTarget=false(-0.07274392247200012/null), stalled=false, expired=false, event=(Shooter.rightTiltZeroCalCallback=SIGNALED)
CmdRebuiltAuto.cmdPeriodic_INFO [2.11893851] <Event name="StateInfo" time="2.118615747" tag="vvvvv" CmdRebuiltAuto.state="ZERO_CAL_DONE" />
CmdRebuiltAuto.cmdPeriodic_INFO [2.126611319] ***** Enabling GoalTracking on turret only.
Shooter.RightTiltMotor.isMotorStalled_INFO [2.129336932] Stall detection triggered.
Shooter.setupGoalTrackingMode_INFO [2.130879973] GoalTracking(trackingMode=AllianceHub, goalPose=(x=-158.838583,y=469.110472,angle=180.000000), noPassback=true).
Shooter.RightTiltMotor.checkStallReset_INFO [2.132928795] Resetting stall.
Shooter.LeftShooter.enableGoalTracking_INFO [2.14622478] Enable GoalTracking (trackingParams=(trackFlywheel=false,trackTiltPos=false,trackPanPos=true)).
Shooter.LeftPrimaryMotor.cancel_INFO [2.149506431] Cancel: stopping motor.
Shooter.LeftTiltMotor.cancel_INFO [2.151324087] Cancel: stopping motor.
Shooter.RightShooter.enableGoalTracking_INFO [2.156387421] Enable GoalTracking (trackingParams=(trackFlywheel=false,trackTiltPos=false,trackPanPos=true)).
Shooter.RightPrimaryMotor.cancel_INFO [2.158613746] Cancel: stopping motor.
Shooter.RightTiltMotor.cancel_INFO [2.160550881] Cancel: stopping motor.
CmdRebuiltAuto.cmdPeriodic_INFO [2.164213253] <Event name="StateInfo" time="2.163844588" tag="^^^^^" CmdRebuiltAuto.state="ZERO_CAL_DONE" />
CmdRebuiltAuto.cmdPeriodic_INFO [2.274859174] <Event name="StateInfo" time="2.274299709" tag="vvvvv" CmdRebuiltAuto.state="CREATE_NEUTRAL_ZONE_PATH" />
CmdRebuiltAuto.cmdPeriodic_INFO [2.297379812] NeutralZonePath:
startPose=(x=-300.457165,y=167.734500,angle=90.000000)
intermediatePose=(x=-279.787165,y=301.610236,angle=90.000000)
pickupPose=(x=-261.787165,y=301.610236,angle=90.000000)
endPose=(x=-181.787165,y=301.610236,angle=90.000000)
CmdRebuiltAuto.cmdPeriodic_INFO [2.318835252] NeutralZoneReturnPath:
robotPose=(x=-17.220009,y=483.484999,angle=-90.002747)
pickupPose=(x=-261.787165,y=301.610236,angle=90.000000)
intermediatePose=(x=-279.787165,y=301.610236,angle=0.000000)
returnPose=(x=-293.457165,y=127.734500,angle=0.000000)
CmdRebuiltAuto.cmdPeriodic_INFO [2.329697361] <Event name="StateInfo" time="2.328563377" tag="^^^^^" CmdRebuiltAuto.state="CREATE_NEUTRAL_ZONE_PATH" />
CmdRebuiltAuto.cmdPeriodic_INFO [2.375133454] <Event name="StateInfo" time="2.374899809" tag="vvvvv" CmdRebuiltAuto.state="CYCLE_NEUTRAL_ZONE" />
purePursuitDrive.start_INFO [2.452382712] Path=TrcPath(degrees=true, [Waypoint(simple=true,index=0,pose=(x=-17.220009,y=483.484999,angle=-90.002747),vel=0.0), Waypoint(simple=false,index=-1,timestep=0.39152370501655637,pose=(x=-28.906300,y=407.819637,angle=-89.999642),vel=168.052795178562,encPos=0.0,accel=0.0,jerk=0.0), Waypoint(simple=true,index=1,pose=(x=-37.896418,y=349.611227,angle=270.002747),vel=132.81566172707196), Waypoint(simple=true,index=2,pose=(x=-55.896417,y=349.612090,angle=270.002747),vel=120.00000000000003), Waypoint(simple=true,index=3,pose=(x=-135.896417,y=349.615925,angle=270.002747),vel=0.0)])
CmdRebuiltAuto.cmdPeriodic_INFO [2.468186673] <Event name="StateInfo" time="2.466394388" tag="^^^^^" CmdRebuiltAuto.state="CYCLE_NEUTRAL_ZONE" RobotPose=(x=-17.220009,y=483.484999,angle=-90.005493) TargetPose=(x=-135.896417,y=349.615925,angle=270.002747) vel=(x=-0.000000,y=0.000000,angle=-0.000000) Path=TrcPath(degrees=true, [Waypoint(simple=true,index=0,pose=(x=0.000000,y=0.000000,angle=0.000000),vel=0.0), Waypoint(simple=false,index=-1,timestep=0.39152370501655637,pose=(x=-75.664802,y=11.689919,angle=0.003105),vel=168.052795178562,encPos=0.0,accel=0.0,jerk=0.0), Waypoint(simple=true,index=1,pose=(x=-133.872780,y=20.682826,angle=360.005493),vel=132.81566172707196), Waypoint(simple=true,index=2,pose=(x=-133.871054,y=38.682826,angle=360.005493),vel=120.00000000000003), Waypoint(simple=true,index=3,pose=(x=-133.863384,y=118.682826,angle=360.005493),vel=0.0)]) />
Shooter.setupGoalTrackingMode_INFO [3.35676577] GoalTracking(trackingMode=AllianceHub, goalPose=(x=-158.838583,y=469.110472,angle=180.000000), noPassback=true).
CmdRebuiltAuto.lambda$cmdPeriodic$2_INFO [4.16638996] WaypointHandler: index=1
CmdRebuiltAuto.lambda$cmdPeriodic$2_INFO [4.384172896] WaypointHandler: index=2
Shooter.setupGoalTrackingMode_INFO [4.911848611] GoalTracking(trackingMode=AllianceHub, goalPose=(x=-158.838583,y=469.110472,angle=180.000000), noPassback=true).
purePursuitDrive.driveTask_INFO [6.555791497] Done: index=4/5, stalled=false, timeout=false, posOnTarget=true, headingOnTarget=true, robotPose=(x=-135.368173,y=349.546422,angle=-89.865505)
purePursuitDrive.driveTask_INFO [6.559793889] Signal completion event (CmdRebuiltAuto=CLEARED).
CmdRebuiltAuto.cmdPeriodic_INFO [6.589448941] <Event name="StateInfo" time="6.589175077" tag="vvvvv" CmdRebuiltAuto.state="RETURN_TO_SCORE_POS" />
TaskAutoShoot.cancel_INFO [6.590801574] Canceling auto task operation.
purePursuitDrive.start_INFO [6.609914156] Path=TrcPath(degrees=true, [Waypoint(simple=true,index=0,pose=(x=-134.816682,y=349.371924,angle=-94.102043),vel=0.0), Waypoint(simple=false,index=-1,timestep=0.013511667375075049,pose=(x=-58.254531,y=349.603097,angle=-90.122891),vel=175.0,encPos=0.0,accel=0.0,jerk=0.0), Waypoint(simple=true,index=1,pose=(x=-55.890000,y=349.610236,angle=270.000000),vel=175.0), Waypoint(simple=true,index=2,pose=(x=-37.890000,y=349.610236,angle=180.000000),vel=175.0), Waypoint(simple=false,index=-1,timestep=1.9444444444444444,pose=(x=-37.555063,y=353.870473,angle=180.000000),vel=175.0,encPos=0.0,accel=0.0,jerk=0.0), Waypoint(simple=true,index=3,pose=(x=-24.220000,y=523.485972,angle=180.000000),vel=0.0)])
CmdRebuiltAuto.cmdPeriodic_INFO [6.620919121] <Event name="StateInfo" time="6.620558948" tag="^^^^^" CmdRebuiltAuto.state="RETURN_TO_SCORE_POS" RobotPose=(x=-134.809763,y=349.338696,angle=-94.744743) TargetPose=(x=-24.220000,y=523.485972,angle=180.000000) vel=(x=-2.131614,y=0.732894,angle=-21.592409) Path=TrcPath(degrees=true, [Waypoint(simple=true,index=0,pose=(x=0.000000,y=0.000000,angle=0.000000),vel=0.0), Waypoint(simple=false,index=-1,timestep=0.013511667375075049,pose=(x=-5.246140,y=-76.382553,angle=3.979151),vel=175.0,encPos=0.0,accel=0.0,jerk=0.0), Waypoint(simple=true,index=1,pose=(x=-5.408161,y=-78.741537,angle=364.102043),vel=175.0), Waypoint(simple=true,index=2,pose=(x=-6.695755,y=-96.695426,angle=274.102043),vel=175.0), Waypoint(simple=false,index=-1,timestep=1.9444444444444444,pose=(x=-2.470391,y=-97.334252,angle=274.102043),vel=175.0,encPos=0.0,accel=0.0,jerk=0.0), Waypoint(simple=true,index=3,pose=(x=165.756696,y=-122.768260,angle=274.102043),vel=0.0)]) />
Shooter.setupGoalTrackingMode_INFO [7.809898631] GoalTracking(trackingMode=AllianceHub, goalPose=(x=-158.838583,y=469.110472,angle=180.000000), noPassback=true).
Shooter.setupGoalTrackingMode_INFO [9.501549526] GoalTracking(trackingMode=AllianceHub, goalPose=(x=-158.838583,y=469.110472,angle=180.000000), noPassback=true).
Shooter.setupGoalTrackingMode_INFO [10.220703425] GoalTracking(trackingMode=AllianceHub, goalPose=(x=-158.838583,y=469.110472,angle=180.000000), noPassback=true).
purePursuitDrive.driveTask_INFO [10.77824366] Done: index=5/6, stalled=false, timeout=false, posOnTarget=true, headingOnTarget=true, robotPose=(x=-25.764246,y=522.470322,angle=-179.286517)
purePursuitDrive.driveTask_INFO [10.783998369] Signal completion event (CmdRebuiltAuto=CLEARED).
CmdRebuiltAuto.cmdPeriodic_INFO [10.815244103] <Event name="StateInfo" time="10.814954988" tag="vvvvv" CmdRebuiltAuto.state="SHOOT_NEUTRAL_FUEL" />
CmdRebuiltAuto.cmdPeriodic_INFO [10.817223496] Shooting NeutralZone cycle 1
TaskAutoShoot.autoShoot_INFO [10.822038238] autoShoot(owner=null, event=(CmdRebuiltAuto=SIGNALED), taskParams=(autoStop=true, noPassback=true))
TaskAutoShoot.autoShoot_INFO [10.826192587] Enabling Goal Tracking (prevTrackParams=(trackFlywheel=false,trackTiltPos=false,trackPanPos=true)).
Shooter.setupGoalTrackingMode_INFO [10.830044193] GoalTracking(trackingMode=AllianceHub, goalPose=(x=-158.838583,y=469.110472,angle=180.000000), noPassback=true).
Shooter.LeftShooter.enableGoalTracking_INFO [10.835508003] Enable GoalTracking (trackingParams=(trackFlywheel=true,trackTiltPos=true,trackPanPos=true)).
Shooter.LeftPrimaryMotor.cancel_INFO [10.837815647] Cancel: stopping motor.
Shooter.LeftTiltMotor.cancel_INFO [10.841316958] Cancel: stopping motor.
Shooter.RightShooter.enableGoalTracking_INFO [10.843041114] Enable GoalTracking (trackingParams=(trackFlywheel=true,trackTiltPos=true,trackPanPos=true)).
Shooter.RightPrimaryMotor.cancel_INFO [10.845038673] Cancel: stopping motor.
Shooter.RightTiltMotor.cancel_INFO [10.848655309] Cancel: stopping motor.
CmdRebuiltAuto.cmdPeriodic_INFO [10.854885372] <Event name="StateInfo" time="10.852880878" tag="^^^^^" CmdRebuiltAuto.state="SHOOT_NEUTRAL_FUEL" />
TaskAutoShoot.autoTask_INFO [10.929685285] <Event name="StateInfo" time="10.929045277" tag="vvvvv" TaskAutoShoot.state="START" />
TaskAutoShoot.runTaskState_INFO [10.936513583] ***** Wait for left Shooter ready.
TaskAutoShoot.runTaskState_INFO [10.939265854] ***** Wait for right Shooter ready.
TaskAutoShoot.runTaskState_INFO [10.94088093] ***** Wait for Turret ready.
TaskAutoShoot.autoTask_INFO [10.946538692] <Event name="StateInfo" time="10.946306243" tag="^^^^^" TaskAutoShoot.state="START" />
Shooter.TurretMotor.pidCtrlTask_INFO [10.982256859] controlMode: Position,onTarget=true(65.6947918856487/65.95407989532445), stalled=false, expired=false, event=(TaskAutoShoot.turretReady=SIGNALED)
TaskAutoShoot.autoTask_INFO [11.047158002] <Event name="StateInfo" time="11.046129419" tag="vvvvv" TaskAutoShoot.state="SHOOT" />
TaskAutoShoot.autoTask_INFO [11.050693435] <Event name="StateInfo" time="11.050491992" tag="^^^^^" TaskAutoShoot.state="SHOOT" />
TaskAutoShoot.autoTask_INFO [11.133191773] <Event name="StateInfo" time="11.132998552" tag="vvvvv" TaskAutoShoot.state="SHOOT" />
TaskAutoShoot.autoTask_INFO [11.143731724] <Event name="StateInfo" time="11.138117879" tag="^^^^^" TaskAutoShoot.state="SHOOT" />
TaskAutoShoot.autoTask_INFO [11.228519945] <Event name="StateInfo" time="11.228280951" tag="vvvvv" TaskAutoShoot.state="SHOOT" />
TaskAutoShoot.autoTask_INFO [11.230293873] <Event name="StateInfo" time="11.229759077" tag="^^^^^" TaskAutoShoot.state="SHOOT" />
TaskAutoShoot.autoTask_INFO [11.309321316] <Event name="StateInfo" time="11.30735442" tag="vvvvv" TaskAutoShoot.state="SHOOT" />
TaskAutoShoot.autoTask_INFO [11.312057783] <Event name="StateInfo" time="11.311429183" tag="^^^^^" TaskAutoShoot.state="SHOOT" />
TaskAutoShoot.autoTask_INFO [11.382814201] <Event name="StateInfo" time="11.382391554" tag="vvvvv" TaskAutoShoot.state="SHOOT" />
TaskAutoShoot.autoTask_INFO [11.386713721] <Event name="StateInfo" time="11.386512873" tag="^^^^^" TaskAutoShoot.state="SHOOT" />
TaskAutoShoot.autoTask_INFO [11.451124717] <Event name="StateInfo" time="11.450911174" tag="vvvvv" TaskAutoShoot.state="SHOOT" />
TaskAutoShoot.autoTask_INFO [11.46034332] <Event name="StateInfo" time="11.460129226" tag="^^^^^" TaskAutoShoot.state="SHOOT" />
TaskAutoShoot.autoTask_INFO [11.528064758] <Event name="StateInfo" time="11.525370871" tag="vvvvv" TaskAutoShoot.state="SHOOT" />
TaskAutoShoot.autoTask_INFO [11.531321554] <Event name="StateInfo" time="11.53111043" tag="^^^^^" TaskAutoShoot.state="SHOOT" />
TaskAutoShoot.autoTask_INFO [11.608837632] <Event name="StateInfo" time="11.607478666" tag="vvvvv" TaskAutoShoot.state="SHOOT" />
TaskAutoShoot.autoTask_INFO [11.610929412] <Event name="StateInfo" time="11.610472925" tag="^^^^^" TaskAutoShoot.state="SHOOT" />
TaskAutoShoot.autoTask_INFO [11.679154425] <Event name="StateInfo" time="11.678949731" tag="vvvvv" TaskAutoShoot.state="SHOOT" />
TaskAutoShoot.autoTask_INFO [11.679753927] <Event name="StateInfo" time="11.679584905" tag="^^^^^" TaskAutoShoot.state="SHOOT" />
TaskAutoShoot.autoTask_INFO [11.764939648] <Event name="StateInfo" time="11.764714863" tag="vvvvv" TaskAutoShoot.state="SHOOT" />
TaskAutoShoot.autoTask_INFO [11.766702511] <Event name="StateInfo" time="11.766468815" tag="^^^^^" TaskAutoShoot.state="SHOOT" />
Shooter.RightShooter.goalTrackingTask_INFO [11.871355251] Shooter.RightShooter is Ready: rpm1=5037.728365/5111.869660, rpm2=3058.125000/0.000000, tilt=25.526109/25.549783, pan=null/null
TaskAutoShoot.autoTask_INFO [11.873118231] <Event name="StateInfo" time="11.872839086" tag="vvvvv" TaskAutoShoot.state="SHOOT" />
TaskAutoShoot.runTaskState_INFO [11.874912836] ***** Start right shooter shooting.
Shooter.shoot_INFO [11.876540068] shoot(owner=null, event=(TaskAutoShoot.rightShooterDone=CLEARED), shooter=rightShooter, autoStop=true)
Shooter.RightTransferMotor.cancel_INFO [11.933784731] Cancel: stopping motor.
TaskAutoShoot.autoTask_INFO [11.935584225] <Event name="StateInfo" time="11.935325565" tag="^^^^^" TaskAutoShoot.state="SHOOT" />
TaskAutoShoot.autoTask_INFO [12.019520172] <Event name="StateInfo" time="12.019299183" tag="vvvvv" TaskAutoShoot.state="SHOOT" />
TaskAutoShoot.autoTask_INFO [12.02085952] <Event name="StateInfo" time="12.02054092" tag="^^^^^" TaskAutoShoot.state="SHOOT" />
TaskAutoShoot.autoTask_INFO [12.102734702] <Event name="StateInfo" time="12.102255962" tag="vvvvv" TaskAutoShoot.state="SHOOT" />
TaskAutoShoot.autoTask_INFO [12.109237073] <Event name="StateInfo" time="12.108117519" tag="^^^^^" TaskAutoShoot.state="SHOOT" />
Shooter.LeftShooter.goalTrackingTask_INFO [12.185391493] Shooter.LeftShooter is Ready: rpm1=5035.456731/5114.902852, rpm2=3089.296875/0.000000, tilt=25.526090/25.572493, pan=null/null
TaskAutoShoot.autoTask_INFO [12.210277876] <Event name="StateInfo" time="12.210020997" tag="vvvvv" TaskAutoShoot.state="SHOOT" />
TaskAutoShoot.runTaskState_INFO [12.214948488] ***** Start left shooter shooting.
Shooter.shoot_INFO [12.2197295] shoot(owner=null, event=(TaskAutoShoot.leftShooterDone=CLEARED), shooter=leftShooter, autoStop=true)
Shooter.LeftTransferMotor.cancel_INFO [12.228995107] Cancel: stopping motor.
TaskAutoShoot.autoTask_INFO [12.232903447] <Event name="StateInfo" time="12.232521842" tag="^^^^^" TaskAutoShoot.state="SHOOT" />
CmdRebuiltAuto.cmdPeriodic_INFO [18.869953831] <Event name="StateInfo" time="18.869266319" tag="vvvvv" CmdRebuiltAuto.state="CYCLE_NEUTRAL_ZONE" />
TaskAutoShoot.cancel_INFO [18.874041499] Canceling auto task operation.
TaskAutoShoot.stopSubsystems_INFO [18.875810265] Stopping subsystems.
Shooter.LeftTransferMotor.cancel_INFO [18.879033271] Cancel: stopping motor.
Shooter.RightTransferMotor.cancel_INFO [18.881160174] Cancel: stopping motor.
Shooter.FeederMotor.cancel_INFO [18.884577749] Cancel: stopping motor.
TaskAutoShoot.stopSubsystems_INFO [18.88679186] Restoring previous Tracking mode (trackFlywheel=false,trackTiltPos=false,trackPanPos=true).
Shooter.setupGoalTrackingMode_INFO [18.889334962] GoalTracking(trackingMode=AllianceHub, goalPose=(x=-158.838583,y=469.110472,angle=180.000000), noPassback=true).
Shooter.LeftShooter.enableGoalTracking_INFO [18.891407023] Enable GoalTracking (trackingParams=(trackFlywheel=false,trackTiltPos=false,trackPanPos=true)).
Shooter.LeftPrimaryMotor.cancel_INFO [18.896507556] Cancel: stopping motor.
Shooter.LeftTiltMotor.cancel_INFO [18.898832122] Cancel: stopping motor.
Shooter.RightShooter.enableGoalTracking_INFO [18.900640882] Enable GoalTracking (trackingParams=(trackFlywheel=false,trackTiltPos=false,trackPanPos=true)).
Shooter.RightPrimaryMotor.cancel_INFO [18.903954378] Cancel: stopping motor.
Shooter.RightTiltMotor.cancel_INFO [18.906641768] Cancel: stopping motor.
Shooter.LeftPrimaryMotor.cancel_INFO [18.90913244] Cancel: stopping motor.
Shooter.RightPrimaryMotor.cancel_INFO [18.911194462] Cancel: stopping motor.
purePursuitDrive.start_INFO [18.964065042] Path=TrcPath(degrees=true, [Waypoint(simple=true,index=0,pose=(x=-24.366631,y=523.419476,angle=176.504735),vel=0.0), Waypoint(simple=false,index=-1,timestep=0.35218946193208767,pose=(x=-30.305689,y=447.087674,angle=178.039751),vel=175.0,encPos=0.0,accel=0.0,jerk=0.0), Waypoint(simple=false,index=-1,timestep=0.21882056370513994,pose=(x=-35.086657,y=385.640231,angle=179.275445),vel=175.0,encPos=0.0,accel=0.0,jerk=0.0), Waypoint(simple=true,index=1,pose=(x=-37.890000,y=349.610236,angle=180.000000),vel=155.3061492665374), Waypoint(simple=true,index=2,pose=(x=-91.890000,y=349.610236,angle=270.000000),vel=119.99999999999997), Waypoint(simple=true,index=3,pose=(x=-171.890000,y=349.610236,angle=270.000000),vel=0.0)])
CmdRebuiltAuto.cmdPeriodic_INFO [18.974041775] <Event name="StateInfo" time="18.973762323" tag="^^^^^" CmdRebuiltAuto.state="CYCLE_NEUTRAL_ZONE" RobotPose=(x=-24.366631,y=523.419476,angle=176.504735) TargetPose=(x=-171.890000,y=349.610236,angle=270.000000) vel=(x=-0.000000,y=0.000000,angle=-0.000000) Path=TrcPath(degrees=true, [Waypoint(simple=true,index=0,pose=(x=0.000000,y=0.000000,angle=0.000000),vel=0.0), Waypoint(simple=false,index=-1,timestep=0.35218946193208767,pose=(x=10.581659,y=75.827732,angle=1.535015),vel=175.0,encPos=0.0,accel=0.0,jerk=0.0), Waypoint(simple=false,index=-1,timestep=0.21882056370513994,pose=(x=19.099941,y=136.869396,angle=2.770710),vel=175.0,encPos=0.0,accel=0.0,jerk=0.0), Waypoint(simple=true,index=1,pose=(x=24.094676,y=172.661461,angle=3.495265),vel=155.3061492665374), Waypoint(simple=true,index=2,pose=(x=77.994228,y=169.369294,angle=93.495265),vel=119.99999999999997), Waypoint(simple=true,index=3,pose=(x=157.845415,y=164.492010,angle=93.495265),vel=0.0)]) />
Shooter.setupGoalTrackingMode_INFO [19.57518903] GoalTracking(trackingMode=AllianceHub, goalPose=(x=-158.838583,y=469.110472,angle=180.000000), noPassback=true).
FrcRobot.startCompetition_INFO [20.093007494] *** Transitioning from AUTO_MODE to DISABLED_MODE ***
Robot.cancelAll_INFO [20.097120909] Cancel all operations.
CmdRebuiltAuto.lambda$cmdPeriodic$2_INFO [20.100150602] WaypointHandler: index=-1
Shooter.LeftShooter.cancel_INFO [20.103757747] owner=null
Shooter.LeftShooter.disableGoalTracking_INFO [20.105106455] Disable Goal Tracking.
Shooter.LeftShooter.stopGoalTracking_INFO [20.107662798] Stop GoalTracking.
Shooter.LeftTiltMotor.cancel_INFO [20.109913158] Cancel: stopping motor.
Shooter.LeftPrimaryMotor.cancel_INFO [20.112056859] Cancel: stopping motor.
Shooter.LeftPrimaryMotor.cancel_INFO [20.114124884] Cancel: stopping motor.
Shooter.LeftTiltMotor.cancel_INFO [20.116353369] Cancel: stopping motor.
Shooter.RightShooter.cancel_INFO [20.118286166] owner=null
Shooter.RightShooter.disableGoalTracking_INFO [20.120077969] Disable Goal Tracking.
Shooter.RightShooter.stopGoalTracking_INFO [20.121729859] Stop GoalTracking.
Shooter.RightTiltMotor.cancel_INFO [20.123199529] Cancel: stopping motor.
Shooter.RightPrimaryMotor.cancel_INFO [20.126071006] Cancel: stopping motor.
Shooter.RightPrimaryMotor.cancel_INFO [20.129548768] Cancel: stopping motor.
Shooter.RightTiltMotor.cancel_INFO [20.133701391] Cancel: stopping motor.
Shooter.LeftTransferMotor.cancel_INFO [20.13579414] Cancel: stopping motor.
Shooter.RightTransferMotor.cancel_INFO [20.138206034] Cancel: stopping motor.
Shooter.FeederMotor.cancel_INFO [20.140486057] Cancel: stopping motor.
Intake.IntakeMotor.cancel_INFO [20.184264754] Cancel: stopping motor.
Climber.Motor.cancel_INFO [20.186924844] Cancel: stopping motor.
TaskAutoShoot.cancel_INFO [20.191339328] Canceling auto task operation.
TaskAutoClimb.cancel_INFO [20.192872707] Canceling auto task operation.
FrcRobot.printPerformanceMetrics_INFO [20.227099793] [FrcRobot] Loop Performance Metrics:
Average Loop Interval = 0.001154s (freq=866.827Hz, min=0.000612s, max=0.615966s)
[03]                StartTask=0.000000s
[04]          PrePeriodicTask=0.000100s
[07]               UpdateTask=0.000825s
[02]                StartMode=0.000000s
[06]         PostPeriodicTask=0.000147s
[08]                 StopTask=0.000000s
[09]                 StopMode=0.000000s
[00]                RobotInit=13.409462s
[01]           RobotStartMode=0.000004s
[05]                 Periodic=0.000020s
[10]            RobotStopMode=0.000000s

TrcTaskMgr.printTaskPerformanceMetrics_INFO [20.235007818] FrcDashboard.task: STANDALONE_TASK=4.3972039032162875E-4/0.010562849858424313
TrcTaskMgr.printTaskPerformanceMetrics_INFO [20.238859228] TrcWatchdogMgr: STANDALONE_TASK=1.5800543575418994E-4/0.9947744377988827
TrcTaskMgr.printTaskPerformanceMetrics_INFO [20.242366302] flDriveMotor.pidCtrlTask: OUTPUT_TASK=2.226544105716821E-5/0.011344714007859044
TrcTaskMgr.printTaskPerformanceMetrics_INFO [20.244260119] flDriveMotor.odometryCleanupTask: STOP_TASK=5.3147E-5/10.0845303095
TrcTaskMgr.printTaskPerformanceMetrics_INFO [20.249469353] frDriveMotor.pidCtrlTask: OUTPUT_TASK=9.734643554316137E-6/0.011344680085181899
TrcTaskMgr.printTaskPerformanceMetrics_INFO [20.252601249] blDriveMotor.pidCtrlTask: OUTPUT_TASK=9.44975334305089E-6/0.011344604574687877
TrcTaskMgr.printTaskPerformanceMetrics_INFO [20.254753302] brDriveMotor.pidCtrlTask: OUTPUT_TASK=8.735051904429937E-6/0.011344604016414222
TrcTaskMgr.printTaskPerformanceMetrics_INFO [20.258894647] flSteerMotor.pidCtrlTask: OUTPUT_TASK=1.2365184232207365E-5/0.011344603656505482
TrcTaskMgr.printTaskPerformanceMetrics_INFO [20.266250089] frSteerMotor.pidCtrlTask: OUTPUT_TASK=9.446178326996198E-6/0.011344621832762991
TrcTaskMgr.printTaskPerformanceMetrics_INFO [20.269574068] blSteerMotor.pidCtrlTask: OUTPUT_TASK=1.0318612737642585E-5/0.011344641626806084
TrcTaskMgr.printTaskPerformanceMetrics_INFO [20.274062179] brSteerMotor.pidCtrlTask: OUTPUT_TASK=1.041968633166466E-5/0.011344560836258791
TrcTaskMgr.printTaskPerformanceMetrics_INFO [20.278829389] FrcSwerveDrive.odometryTask: INPUT_TASK=0.002701110200784314/0.015567827221960784
TrcTaskMgr.printTaskPerformanceMetrics_INFO [20.282739998] FrcSwerveDrive.stopTask: STOP_TASK=0.003834299/10.084490555
TrcTaskMgr.printTaskPerformanceMetrics_INFO [20.286743789] purePursuitDrive.driveTask: POST_PERIODIC_TASK=0.0070605286374045804/0.06716027317557252
TrcTaskMgr.printTaskPerformanceMetrics_INFO [20.290768464] LED: OUTPUT_TASK=5.3024696806488404E-5/0.011344418462298821
TrcTaskMgr.printTaskPerformanceMetrics_INFO [20.30575259] Shooter.LeftPrimaryMotor.pidCtrlTask: OUTPUT_TASK=1.4791398631525595E-5/0.011344364392169286
TrcTaskMgr.printTaskPerformanceMetrics_INFO [20.308566426] Shooter.LeftFollowerMotor.pidCtrlTask: OUTPUT_TASK=4.51077572225038E-6/0.011344372036175875
TrcTaskMgr.printTaskPerformanceMetrics_INFO [20.310860974] Shooter.LeftTiltMotor.pidCtrlTask: OUTPUT_TASK=2.49413341675114E-4/0.011344371878547897
TrcTaskMgr.printTaskPerformanceMetrics_INFO [20.316249664] Shooter.LeftShooter.ShooterMotor1VelTrigger.triggerTask: PRE_PERIODIC_TASK=3.0427188372093026E-4/0.06067465276744186
TrcTaskMgr.printTaskPerformanceMetrics_INFO [20.32275884] Shooter.LeftShooter.goalTracking: POST_PERIODIC_TASK=0.028130067362666666/0.04774318556266667
TrcTaskMgr.printTaskPerformanceMetrics_INFO [20.330946131] Shooter.LeftTransferMotor.pidCtrlTask: OUTPUT_TASK=6.10285062713797E-6/0.011344079492651716
TrcTaskMgr.printTaskPerformanceMetrics_INFO [20.333289985] Shooter.RightPrimaryMotor.pidCtrlTask: OUTPUT_TASK=1.2520228176865578E-5/0.011344078567654884
TrcTaskMgr.printTaskPerformanceMetrics_INFO [20.337124765] Shooter.RightFollowerMotor.pidCtrlTask: OUTPUT_TASK=4.926481725470324E-6/0.011343821571102806
TrcTaskMgr.printTaskPerformanceMetrics_INFO [20.34105662] Shooter.RightTiltMotor.pidCtrlTask: OUTPUT_TASK=2.057004879331095E-4/0.011343820951542408
TrcTaskMgr.printTaskPerformanceMetrics_INFO [20.345691496] Shooter.RightShooter.ShooterMotor1VelTrigger.triggerTask: PRE_PERIODIC_TASK=3.0109179545454546E-4/0.06155682725
TrcTaskMgr.printTaskPerformanceMetrics_INFO [20.348826588] Shooter.RightShooter.goalTracking: POST_PERIODIC_TASK=0.006019201280000001/0.047525538167999995
TrcTaskMgr.printTaskPerformanceMetrics_INFO [20.350377461] Shooter.RightTransferMotor.pidCtrlTask: OUTPUT_TASK=5.831915188750949E-6/0.011343827446668354
TrcTaskMgr.printTaskPerformanceMetrics_INFO [20.352240037] Shooter.TurretMotor.pidCtrlTask: OUTPUT_TASK=4.1243308405117815E-4/0.011343826701798834
TrcTaskMgr.printTaskPerformanceMetrics_INFO [20.354372377] Shooter.FeederMotor.pidCtrlTask: OUTPUT_TASK=5.292472954142387E-6/0.011343821389092982
TrcTaskMgr.printTaskPerformanceMetrics_INFO [20.359087075] ShooterfieldLengthTrigger.triggerTask: PRE_PERIODIC_TASK=1.4058852778781154E-5/0.0011514938850366375
TrcTaskMgr.printTaskPerformanceMetrics_INFO [20.363178341] ShooterfieldWidthTrigger.triggerTask: PRE_PERIODIC_TASK=6.049474753599257E-6/0.001151493406928892
TrcTaskMgr.printTaskPerformanceMetrics_INFO [20.364974864] Intake.IntakeMotor.pidCtrlTask: OUTPUT_TASK=6.389778200012667E-6/0.011343776533979352
TrcTaskMgr.printTaskPerformanceMetrics_INFO [20.366579744] Climber.Motor.pidCtrlTask: OUTPUT_TASK=6.931358236747102E-5/0.011343776043511306
TrcTaskMgr.printTaskPerformanceMetrics_INFO [20.370248578] TaskAutoShoot: POST_PERIODIC_TASK=0.001937824027027027/0.07149459051351352
