Robot.robotStartMode_INFO [0.003663574] Thu Apr 09 23:36:19 UTC 2026: ***** AUTO_MODE *****
Robot.robotStartMode_INFO [0.012449109] <BuildInfo Host="TRC492-DS2024" User="User" Timestamp="2026-04-09 16:28:52" Branch="dev" />
FrcAuto.startMode_INFO [0.015847144] <Info name="MatchInfo" date="Thu Apr 09 23:36:19 UTC 2026" event="PNCMP" type="None" match=999 replay=55 alliance="Red" location=3 gameMsg="" />
FrcAuto.startMode_INFO [0.028563222] <Info name="AutoChoices" alliance="Red" strategy="DCMP_AUTO" startPos="START_POS_OUTPOST" startDelay=0.0 sec depotPickup="false" outpostPickup="false" neutralZonePickup="true" moveTo="OUTPOST" passBack="NONE" climb="false" climbSide="OUTPOST" neutralZoneCycles="0.0" type="TRENCH" sweepDistance="PUSH_FUEL" pathFile="DrivePath.csv" xDistance=0.0 ft yDistance=0.0 ft turnDegrees=0.0 deg driveTime=0.0 sec drivePower=0.0"  />
FrcAuto.startMode_ERR [0.034599049] Selecting Dcmp Auto.
Shooter.stopTiltCallback_ERR [0.055101984] StopRightTilt was completed.
Shooter.stopTiltCallback_ERR [0.056942474] StopLeftTilt was completed.
CmdDcmpAuto.cmdPeriodic_INFO [0.062677683] <Event name="StateInfo" time="0.060124607" tag="vvvvv" CmdDcmpAuto.state="START" />
Shooter.LeftTiltMotor.isMotorStalled_INFO [0.067341661] Stall detection triggered.
Shooter.LeftTiltMotor.checkStallReset_INFO [0.067932811] Resetting stall.
Shooter.RightTiltMotor.isMotorStalled_INFO [0.071012645] Stall detection triggered.
Robot.zeroCalibrate_INFO [0.071900948] Zero calibrate all subsystems.
TrcSubsystem.zeroCalibrateAll_INFO [0.074121347] ZeroCalibrate(Subsystem=Shooter, owner=null, event=null)
Shooter.RightTiltMotor.checkStallReset_INFO [0.074967218] Resetting stall.
Shooter.TurretMotor.isMotorStalled_INFO [0.075763235] Stall detection triggered.
Climber.Motor.isMotorStalled_INFO [0.078466083] Stall detection triggered.
Shooter.zeroCalibrate_INFO [0.074727624] ZeroCalibrate left shooter.
Climber.Motor.checkStallReset_INFO [0.079996512] Resetting stall.
Shooter.zeroCalibrate_INFO [0.088581463] ZeroCalibrate right shooter.
TrcSubsystem.zeroCalibrateAll_INFO [0.095224667] ZeroCalibrate(Subsystem=Climber, owner=null, event=null)
CmdDcmpAuto.cmdPeriodic_INFO [0.099694988] <Event name="StateInfo" time="0.099319543" tag="^^^^^" CmdDcmpAuto.state="START" />
CmdDcmpAuto.cmdPeriodic_INFO [0.110812585] <Event name="StateInfo" time="0.110563141" tag="vvvvv" CmdDcmpAuto.state="NEUTRAL_ZONE_PICKUP" />
Shooter.LeftTiltMotor.isMotorStalled_INFO [0.288481332] Stall detection triggered.
Shooter.RightTiltMotor.isMotorStalled_INFO [0.291078397] Stall detection triggered.
Shooter.LeftTiltMotor.zeroCalibratingMotor_WARN [0.31570102] Stalled, lower limit switch may not exist or might have failed!
Shooter.LeftTiltMotor.pidCtrlTask_INFO [0.351598113] Zero calibration done, event=(Shooter.leftTiltZeroCalCallback=CLEARED)
Shooter.LeftTiltMotor.pidCtrlTask_INFO [0.352753409] controlMode: Power,onTarget=false(-0.07570299506187439/null), stalled=false, expired=false, event=(Shooter.leftTiltZeroCalCallback=SIGNALED)
Shooter.RightTiltMotor.zeroCalibratingMotor_WARN [0.355207847] Stalled, lower limit switch may not exist or might have failed!
Shooter.RightTiltMotor.pidCtrlTask_INFO [0.362837616] Zero calibration done, event=(Shooter.rightTiltZeroCalCallback=CLEARED)
Shooter.RightTiltMotor.pidCtrlTask_INFO [0.371673904] controlMode: Power,onTarget=false(-0.07080202549695969/null), stalled=false, expired=false, event=(Shooter.rightTiltZeroCalCallback=SIGNALED)
purePursuitDrive.start_INFO [0.373081204] Path=TrcPath(degrees=true, [Waypoint(simple=true,index=0,pose=(x=-300.457170,y=477.610202,angle=89.997253),vel=0.0), Waypoint(simple=false,index=-1,timestep=0.20105287606238423,pose=(x=-297.300159,y=404.761911,angle=89.995401),vel=175.0,encPos=0.0,accel=0.0,jerk=0.0), Waypoint(simple=true,index=1,pose=(x=-295.776816,y=369.610650,angle=89.994507),vel=175.0), Waypoint(simple=true,index=2,pose=(x=-261.773940,y=339.613910,angle=69.994507),vel=175.0), Waypoint(simple=true,index=3,pose=(x=-166.773940,y=339.623018,angle=69.994507),vel=175.0), Waypoint(simple=true,index=4,pose=(x=-278.774899,y=349.612280,angle=179.994507),vel=175.0), Waypoint(simple=false,index=-1,timestep=1.1690533151385476,pose=(x=-279.463211,y=366.765190,angle=179.994507),vel=175.0,encPos=0.0,accel=0.0,jerk=0.0), Waypoint(simple=true,index=5,pose=(x=-284.789268,y=499.491704,angle=179.994507),vel=52.24940191045253), Waypoint(simple=true,index=6,pose=(x=-284.790515,y=512.491704,angle=179.994507),vel=0.0)])
Shooter.enableGoalTracking_INFO [0.39007341] EnableGoalTracking: goalTrackingParams=(trackFlywheel=false,trackTiltPos=false,trackPanPos=true), noPassback=true
Shooter.LeftTiltMotor.isMotorStalled_INFO [0.399113227] Stall detection triggered.
Shooter.setupGoalTrackingMode_INFO [0.399947924] AlliancHub: alliance=Red, fieldLengthZone=6, fieldWidthZone=0.
Shooter.LeftTiltMotor.checkStallReset_INFO [0.40325697] Resetting stall.
Shooter.RightTiltMotor.isMotorStalled_INFO [0.407125678] Stall detection triggered.
Shooter.setupGoalTrackingMode_INFO [0.405233788] GoalTracking(trackingMode=AllianceHub, goalPose=(x=-158.838583,y=469.110472,angle=180.000000), noPassback=true).
Shooter.RightTiltMotor.checkStallReset_INFO [0.41070726] Resetting stall.
Shooter.LeftShooter.enableGoalTracking_INFO [0.450817828] Enable GoalTracking (trackingParams=(trackFlywheel=false,trackTiltPos=false,trackPanPos=true)).
Climber.Motor.isMotorStalled_INFO [0.462047793] Stall detection triggered.
Shooter.LeftPrimaryMotor.cancel_INFO [0.467323739] Cancel: stopping motor.
Shooter.LeftTiltMotor.cancel_INFO [0.471733383] Cancel: stopping motor.
Climber.Motor.zeroCalibratingMotor_WARN [0.488566637] Stalled, lower limit switch may not exist or might have failed!
Climber.Motor.pidCtrlTask_INFO [0.496243705] Zero calibration done, event=null
Shooter.RightShooter.enableGoalTracking_INFO [0.503185506] Enable GoalTracking (trackingParams=(trackFlywheel=false,trackTiltPos=false,trackPanPos=true)).
Shooter.RightPrimaryMotor.cancel_INFO [0.5110871] Cancel: stopping motor.
Shooter.RightTiltMotor.cancel_INFO [0.516290466] Cancel: stopping motor.
Climber.Motor.isMotorStalled_INFO [0.522184465] Stall detection triggered.
Shooter.enableGoalTracking_ERR [0.522801489] EnableGoalTrackingTimestamps=[0.395779657, 0.412244832, 0.475112551, 0.521882568]
Climber.Motor.checkStallReset_INFO [0.526195368] Resetting stall.
DEBUG_PERF.cmdPeriodic_ERR [0.532315105] NeutralZonePickupTimestamps=[0.111679499, 0.112158184, 0.112667113, 0.381999378, 0.529862631, 0.0, 0.0, 0.0]
CmdDcmpAuto.cmdPeriodic_INFO [0.548082012] <Event name="StateInfo" time="0.546953986" tag="^^^^^" CmdDcmpAuto.state="NEUTRAL_ZONE_PICKUP" RobotPose=(x=-300.457170,y=477.610202,angle=89.991760) TargetPose=(x=-284.790515,y=512.491704,angle=179.994507) vel=(x=-0.000000,y=0.000000,angle=-0.000000) Path=TrcPath(degrees=true, [Waypoint(simple=true,index=0,pose=(x=0.000000,y=0.000000,angle=0.000000),vel=0.0), Waypoint(simple=false,index=-1,timestep=0.20105287606238423,pose=(x=72.848443,y=3.153519,angle=-0.001853),vel=175.0,encPos=0.0,accel=0.0,jerk=0.0), Waypoint(simple=true,index=1,pose=(x=107.999776,y=4.675177,angle=-0.002747),vel=175.0), Waypoint(simple=true,index=2,pose=(x=137.998146,y=38.676615,angle=-20.002747),vel=175.0), Waypoint(simple=true,index=3,pose=(x=137.993592,y=133.676615,angle=-20.002747),vel=175.0), Waypoint(simple=true,index=4,pose=(x=127.998961,y=21.676136,angle=89.997253),vel=175.0), Waypoint(simple=false,index=-1,timestep=1.1690533151385476,pose=(x=110.846018,y=20.988645,angle=89.997253),vel=175.0,encPos=0.0,accel=0.0,jerk=0.0), Waypoint(simple=true,index=5,pose=(x=-21.880751,y=15.668951,angle=89.997253),vel=52.24940191045253), Waypoint(simple=true,index=6,pose=(x=-34.880751,y=15.668328,angle=89.997253),vel=0.0)]) />
CmdDcmpAuto.lambda$cmdPeriodic$2_INFO [0.735698406] WaypointHandler: index=0
Robot.setRelocalizationMode_INFO [0.738052557] setRelocalizationMode to OneShot
Shooter.fieldTriggerCallback_INFO [1.35708385] FieldTriggerCallback: canceled=false, zoneCtxt=(value=432.487330,prevZone=6,currZone=5)
Shooter.setupGoalTrackingMode_INFO [1.359587082] AlliancHub: alliance=Red, fieldLengthZone=5, fieldWidthZone=0.
Shooter.setupGoalTrackingMode_INFO [1.362124268] GoalTracking(trackingMode=AllianceHub, goalPose=(x=-158.838583,y=469.110472,angle=180.000000), noPassback=true).
CmdDcmpAuto.lambda$cmdPeriodic$2_INFO [1.805018166] WaypointHandler: index=1
Robot.setRelocalizationMode_INFO [1.806561602] setRelocalizationMode to OneShot
Shooter.fieldTriggerCallback_INFO [2.082941968] FieldTriggerCallback: canceled=false, zoneCtxt=(value=349.236462,prevZone=5,currZone=4)
Shooter.setupGoalTrackingMode_INFO [2.084616311] AlliancHub: alliance=Red, fieldLengthZone=4, fieldWidthZone=0.
Shooter.setupGoalTrackingMode_INFO [2.08593759] GoalTracking(trackingMode=AllianceHub, goalPose=(x=-158.838583,y=469.110472,angle=180.000000), noPassback=true).
CmdDcmpAuto.lambda$cmdPeriodic$2_INFO [2.262032821] WaypointHandler: index=2
Robot.setRelocalizationMode_INFO [2.274365846] setRelocalizationMode to OneShot
Shooter.fieldTriggerCallback_INFO [3.162954631] FieldTriggerCallback: canceled=false, zoneCtxt=(value=-188.440950,prevZone=0,currZone=1)
Shooter.setupGoalTrackingMode_INFO [3.171557939] AlliancHub: alliance=Red, fieldLengthZone=4, fieldWidthZone=1.
Shooter.setupGoalTrackingMode_INFO [3.173216927] GoalTracking(trackingMode=AllianceHub, goalPose=(x=-158.838583,y=469.110472,angle=180.000000), noPassback=true).
CmdDcmpAuto.lambda$cmdPeriodic$2_INFO [3.329963496] WaypointHandler: index=3
Robot.setRelocalizationMode_INFO [3.335849978] setRelocalizationMode to OneShot
Shooter.fieldTriggerCallback_INFO [4.104548512] FieldTriggerCallback: canceled=false, zoneCtxt=(value=-190.220445,prevZone=1,currZone=0)
Shooter.setupGoalTrackingMode_INFO [4.109236181] AlliancHub: alliance=Red, fieldLengthZone=4, fieldWidthZone=0.
Shooter.setupGoalTrackingMode_INFO [4.111093543] GoalTracking(trackingMode=AllianceHub, goalPose=(x=-158.838583,y=469.110472,angle=180.000000), noPassback=true).
Shooter.fieldTriggerCallback_INFO [4.405998452] FieldTriggerCallback: canceled=false, zoneCtxt=(value=352.858785,prevZone=4,currZone=5)
Shooter.setupGoalTrackingMode_INFO [4.407131963] AlliancHub: alliance=Red, fieldLengthZone=5, fieldWidthZone=0.
Shooter.setupGoalTrackingMode_INFO [4.408416581] GoalTracking(trackingMode=AllianceHub, goalPose=(x=-158.838583,y=469.110472,angle=180.000000), noPassback=true).
Shooter.fieldTriggerCallback_INFO [4.641067629] FieldTriggerCallback: canceled=false, zoneCtxt=(value=351.486003,prevZone=5,currZone=4)
Shooter.setupGoalTrackingMode_INFO [4.644704365] AlliancHub: alliance=Red, fieldLengthZone=4, fieldWidthZone=0.
Shooter.setupGoalTrackingMode_INFO [4.646194984] GoalTracking(trackingMode=AllianceHub, goalPose=(x=-158.838583,y=469.110472,angle=180.000000), noPassback=true).
Shooter.fieldTriggerCallback_INFO [4.914786212] FieldTriggerCallback: canceled=false, zoneCtxt=(value=352.063647,prevZone=4,currZone=5)
Shooter.setupGoalTrackingMode_INFO [4.91663907] AlliancHub: alliance=Red, fieldLengthZone=5, fieldWidthZone=0.
Shooter.setupGoalTrackingMode_INFO [4.917966297] GoalTracking(trackingMode=AllianceHub, goalPose=(x=-158.838583,y=469.110472,angle=180.000000), noPassback=true).
CmdDcmpAuto.lambda$cmdPeriodic$2_INFO [4.99042421] WaypointHandler: index=4
Robot.setRelocalizationMode_INFO [4.996907544] setRelocalizationMode to OneShot
Shooter.fieldTriggerCallback_INFO [5.933263739] FieldTriggerCallback: canceled=false, zoneCtxt=(value=435.453374,prevZone=5,currZone=6)
Shooter.setupGoalTrackingMode_INFO [5.936971156] AlliancHub: alliance=Red, fieldLengthZone=6, fieldWidthZone=0.
Shooter.setupGoalTrackingMode_INFO [5.939426667] GoalTracking(trackingMode=AllianceHub, goalPose=(x=-158.838583,y=469.110472,angle=180.000000), noPassback=true).
Shooter.fieldTriggerCallback_INFO [6.447715675] FieldTriggerCallback: canceled=false, zoneCtxt=(value=501.717131,prevZone=6,currZone=7)
Shooter.setupGoalTrackingMode_INFO [6.448680916] AlliancHub: alliance=Red, fieldLengthZone=7, fieldWidthZone=0.
Shooter.setupGoalTrackingMode_INFO [6.449755652] GoalTracking(trackingMode=AllianceHub, goalPose=(x=-158.838583,y=469.110472,angle=180.000000), noPassback=true).
CmdDcmpAuto.lambda$cmdPeriodic$2_INFO [6.45385947] WaypointHandler: index=5
Robot.setRelocalizationMode_INFO [6.454463868] setRelocalizationMode to OneShot
CmdDcmpAuto.cmdPeriodic_INFO [6.465376368] <Event name="StateInfo" time="6.465107647" tag="vvvvv" CmdDcmpAuto.state="SHOOT_NEUTRAL_FUEL" />
TaskAutoShoot.autoShoot_INFO [6.470611454] autoShoot(owner=null, event=(CmdDcmpAuto=CANCELED), taskParams=(autoStop=true, noPassback=true, noWait=false))
Shooter.enableGoalTracking_INFO [6.473085803] EnableGoalTracking: goalTrackingParams=(trackFlywheel=true,trackTiltPos=true,trackPanPos=true), noPassback=true
Shooter.setupGoalTrackingMode_INFO [6.475116406] AlliancHub: alliance=Red, fieldLengthZone=7, fieldWidthZone=0.
Shooter.setupGoalTrackingMode_INFO [6.476131989] GoalTracking(trackingMode=AllianceHub, goalPose=(x=-158.838583,y=469.110472,angle=180.000000), noPassback=true).
Shooter.LeftShooter.enableGoalTracking_INFO [6.476888176] Enable GoalTracking (trackingParams=(trackFlywheel=true,trackTiltPos=true,trackPanPos=true)).
Shooter.LeftPrimaryMotor.cancel_INFO [6.481110741] Cancel: stopping motor.
Shooter.LeftTiltMotor.cancel_INFO [6.487201274] Cancel: stopping motor.
Shooter.RightShooter.enableGoalTracking_INFO [6.489463874] Enable GoalTracking (trackingParams=(trackFlywheel=true,trackTiltPos=true,trackPanPos=true)).
Shooter.RightPrimaryMotor.cancel_INFO [6.491767327] Cancel: stopping motor.
Shooter.RightTiltMotor.cancel_INFO [6.494750606] Cancel: stopping motor.
Shooter.enableGoalTracking_ERR [6.498926075] EnableGoalTrackingTimestamps=[6.474520544, 6.476629251, 6.489017509, 6.495891573]
CmdDcmpAuto.cmdPeriodic_INFO [6.508795376] <Event name="StateInfo" time="6.508510824" tag="^^^^^" CmdDcmpAuto.state="SHOOT_NEUTRAL_FUEL" />
TaskAutoShoot.autoTask_INFO [6.669340623] <Event name="StateInfo" time="6.668651826" tag="vvvvv" TaskAutoShoot.state="START" />
TaskAutoShoot.runTaskState_INFO [6.673747665] ***** Wait for left Shooter ready.
TaskAutoShoot.runTaskState_INFO [6.675413736] ***** Wait for right Shooter ready.
TaskAutoShoot.runTaskState_INFO [6.676742983] ***** Wait for Turret ready.
TaskAutoShoot.autoTask_INFO [6.680765932] <Event name="StateInfo" time="6.680480623" tag="^^^^^" TaskAutoShoot.state="START" />
CmdDcmpAuto.lambda$cmdPeriodic$2_INFO [6.68590256] WaypointHandler: index=-1
Robot.setRelocalizationMode_INFO [6.686943989] setRelocalizationMode to Continuous
TaskAutoShoot.autoTask_INFO [6.903138395] <Event name="StateInfo" time="6.902153398" tag="vvvvv" TaskAutoShoot.state="SHOOT" />
TaskAutoShoot.autoTask_INFO [6.908192362] <Event name="StateInfo" time="6.90652768" tag="^^^^^" TaskAutoShoot.state="SHOOT" />
TaskAutoShoot.autoTask_INFO [7.006364206] <Event name="StateInfo" time="7.006183027" tag="vvvvv" TaskAutoShoot.state="SHOOT" />
TaskAutoShoot.autoTask_INFO [7.00866864] <Event name="StateInfo" time="7.008472837" tag="^^^^^" TaskAutoShoot.state="SHOOT" />
TaskAutoShoot.autoTask_INFO [7.100486243] <Event name="StateInfo" time="7.098871248" tag="vvvvv" TaskAutoShoot.state="SHOOT" />
TaskAutoShoot.autoTask_INFO [7.10374025] <Event name="StateInfo" time="7.103543949" tag="^^^^^" TaskAutoShoot.state="SHOOT" />
TaskAutoShoot.autoTask_INFO [7.203525103] <Event name="StateInfo" time="7.202945817" tag="vvvvv" TaskAutoShoot.state="SHOOT" />
TaskAutoShoot.autoTask_INFO [7.212307665] <Event name="StateInfo" time="7.212092295" tag="^^^^^" TaskAutoShoot.state="SHOOT" />
TaskAutoShoot.autoTask_INFO [7.329789006] <Event name="StateInfo" time="7.327713696" tag="vvvvv" TaskAutoShoot.state="SHOOT" />
TaskAutoShoot.autoTask_INFO [7.330423543] <Event name="StateInfo" time="7.330255301" tag="^^^^^" TaskAutoShoot.state="SHOOT" />
TaskAutoShoot.autoTask_INFO [7.45357507] <Event name="StateInfo" time="7.45083587" tag="vvvvv" TaskAutoShoot.state="SHOOT" />
TaskAutoShoot.autoTask_INFO [7.454224988] <Event name="StateInfo" time="7.454045242" tag="^^^^^" TaskAutoShoot.state="SHOOT" />
Shooter.LeftShooter.goalTrackingTask_INFO [7.532689879] Shooter.LeftShooter is Ready: rpm1=5170.051082/5170.404692, rpm2=3180.585938/0.000000, tilt=26.079476/26.056368, pan=null/null
Shooter.RightShooter.goalTrackingTask_INFO [7.558708148] Shooter.RightShooter is Ready: rpm1=5145.631010/5170.404692, rpm2=3171.093750/0.000000, tilt=26.079476/26.056368, pan=null/null
TaskAutoShoot.autoTask_INFO [7.560097485] <Event name="StateInfo" time="7.559440012" tag="vvvvv" TaskAutoShoot.state="SHOOT" />
TaskAutoShoot.autoTask_INFO [7.560905269] <Event name="StateInfo" time="7.560708665" tag="^^^^^" TaskAutoShoot.state="SHOOT" />
TaskAutoShoot.autoTask_INFO [7.650695772] <Event name="StateInfo" time="7.650366245" tag="vvvvv" TaskAutoShoot.state="SHOOT" />
TaskAutoShoot.autoTask_INFO [7.655031049] <Event name="StateInfo" time="7.652714093" tag="^^^^^" TaskAutoShoot.state="SHOOT" />
TaskAutoShoot.autoTask_INFO [7.762526981] <Event name="StateInfo" time="7.762317367" tag="vvvvv" TaskAutoShoot.state="SHOOT" />
TaskAutoShoot.runTaskState_INFO [7.763583688] ***** Start left shooter shooting (timedout=true, turretReady=false).
Shooter.shoot_INFO [7.76580552] shoot(owner=null, event=(TaskAutoShoot.leftShooterDone=CLEARED), shooter=leftShooter, autoStop=true)
Shooter.LeftTransferMotor.cancel_INFO [7.814370428] Cancel: stopping motor.
TaskAutoShoot.runTaskState_INFO [7.823910132] ***** Start right shooter shooting (timedout=true, turretReady=false).
Shooter.shoot_INFO [7.824600031] shoot(owner=null, event=(TaskAutoShoot.rightShooterDone=CLEARED), shooter=rightShooter, autoStop=true)
Shooter.RightTransferMotor.cancel_INFO [7.826945263] Cancel: stopping motor.
TaskAutoShoot.autoTask_INFO [7.828950846] <Event name="StateInfo" time="7.828674751" tag="^^^^^" TaskAutoShoot.state="SHOOT" />
Shooter.LeftShooter.cancel_INFO [10.67081182] owner=null
Shooter.LeftShooter.disableGoalTracking_INFO [10.673707859] Disable Goal Tracking.
Shooter.LeftShooter.stopGoalTracking_INFO [10.675387372] Stop GoalTracking.
Shooter.LeftTiltMotor.cancel_INFO [10.676449264] Cancel: stopping motor.
Shooter.LeftPrimaryMotor.cancel_INFO [10.680345703] Cancel: stopping motor.
Shooter.LeftPrimaryMotor.cancel_INFO [10.682523287] Cancel: stopping motor.
Shooter.LeftTiltMotor.cancel_INFO [10.686996624] Cancel: stopping motor.
Shooter.LeftTransferMotor.cancel_INFO [10.688521811] Cancel: stopping motor.
Shooter.FeederMotor.cancel_INFO [10.691218301] Cancel: stopping motor.
Shooter.RightShooter.cancel_INFO [10.693264294] owner=null
Shooter.RightShooter.disableGoalTracking_INFO [10.694253502] Disable Goal Tracking.
Shooter.RightShooter.stopGoalTracking_INFO [10.695313488] Stop GoalTracking.
Shooter.RightTiltMotor.cancel_INFO [10.69662257] Cancel: stopping motor.
Shooter.RightPrimaryMotor.cancel_INFO [10.69774343] Cancel: stopping motor.
Shooter.RightPrimaryMotor.cancel_INFO [10.699674154] Cancel: stopping motor.
Shooter.RightTiltMotor.cancel_INFO [10.702206346] Cancel: stopping motor.
Shooter.RightTransferMotor.cancel_INFO [10.703517955] Cancel: stopping motor.
Shooter.FeederMotor.cancel_INFO [10.705485032] Cancel: stopping motor.
TaskAutoShoot.autoTask_INFO [10.709839619] <Event name="StateInfo" time="10.709528808" tag="vvvvv" TaskAutoShoot.state="DONE" />
TaskAutoShoot.stopSubsystems_INFO [10.71344879] Stopping subsystems.
Shooter.LeftTransferMotor.cancel_INFO [10.714754656] Cancel: stopping motor.
Shooter.RightTransferMotor.cancel_INFO [10.716848217] Cancel: stopping motor.
Shooter.FeederMotor.cancel_INFO [10.718368696] Cancel: stopping motor.
Shooter.LeftShooter.cancel_INFO [10.719735131] owner=null
Shooter.LeftPrimaryMotor.cancel_INFO [10.720781684] Cancel: stopping motor.
Shooter.LeftTiltMotor.cancel_INFO [10.722635919] Cancel: stopping motor.
Shooter.RightShooter.cancel_INFO [10.724163145] owner=null
Shooter.RightPrimaryMotor.cancel_INFO [10.725384824] Cancel: stopping motor.
Shooter.RightTiltMotor.cancel_INFO [10.72657068] Cancel: stopping motor.
Shooter.LeftTransferMotor.cancel_INFO [10.727602135] Cancel: stopping motor.
Shooter.RightTransferMotor.cancel_INFO [10.742077551] Cancel: stopping motor.
Shooter.FeederMotor.cancel_INFO [10.743542912] Cancel: stopping motor.
Shooter.stopTilt_ERR [10.744118093] StopTilt is called
Climber.Motor.isMotorStalled_INFO [10.751359985] Stall detection triggered.
Climber.Motor.checkStallReset_INFO [10.753703926] Resetting stall.
TaskAutoShoot.autoTask_INFO [10.810345483] <Event name="StateInfo" time="10.809390984" tag="^^^^^" TaskAutoShoot.state="DONE" />
CmdDcmpAuto.cmdPeriodic_INFO [10.827665109] <Event name="StateInfo" time="10.826716121" tag="vvvvv" CmdDcmpAuto.state="HUB_PICKUP" />
TaskAutoShoot.cancel_INFO [10.829567282] Canceling auto task operation.
purePursuitDrive.start_INFO [10.850019826] Path=TrcPath(degrees=true, [Waypoint(simple=true,index=0,pose=(x=-301.643453,y=516.489129,angle=170.651442),vel=0.0), Waypoint(simple=false,index=-1,timestep=0.14858421692682686,pose=(x=-295.690132,y=443.815900,angle=177.542599),vel=175.0,encPos=0.0,accel=0.0,jerk=0.0), Waypoint(simple=true,index=1,pose=(x=-293.567165,y=417.900472,angle=180.000000),vel=175.0), Waypoint(simple=true,index=2,pose=(x=-276.577165,y=407.420472,angle=90.000000),vel=175.0), Waypoint(simple=true,index=3,pose=(x=-184.107165,y=407.420472,angle=90.000000),vel=175.0), Waypoint(simple=true,index=4,pose=(x=-139.037165,y=399.980472,angle=270.000000),vel=175.0), Waypoint(simple=true,index=5,pose=(x=-182.917165,y=376.630472,angle=270.000000),vel=175.0), Waypoint(simple=true,index=6,pose=(x=-253.377165,y=370.660472,angle=270.000000),vel=175.0), Waypoint(simple=false,index=-1,timestep=0.09801574770617816,pose=(x=-265.787197,y=376.551282,angle=229.311371),vel=175.0,encPos=0.0,accel=0.0,jerk=0.0), Waypoint(simple=true,index=7,pose=(x=-280.827165,y=383.690472,angle=180.000000),vel=164.7083464908513), Waypoint(simple=true,index=8,pose=(x=-290.277165,y=499.490472,angle=180.000000),vel=52.249401910452534), Waypoint(simple=true,index=9,pose=(x=-290.277165,y=512.490472,angle=180.000000),vel=0.0)])
CmdDcmpAuto.cmdPeriodic_INFO [10.860782714] <Event name="StateInfo" time="10.860508366" tag="^^^^^" CmdDcmpAuto.state="HUB_PICKUP" RobotPose=(x=-301.643453,y=516.489129,angle=170.654189) TargetPose=(x=-290.277165,y=512.490472,angle=180.000000) vel=(x=-0.000000,y=0.000000,angle=-0.000000) Path=TrcPath(degrees=true, [Waypoint(simple=true,index=0,pose=(x=0.000000,y=0.000000,angle=0.000000),vel=0.0), Waypoint(simple=false,index=-1,timestep=0.14858421692682686,pose=(x=5.930796,y=72.675071,angle=6.891157),vel=175.0,encPos=0.0,accel=0.0,jerk=0.0), Waypoint(simple=true,index=1,pose=(x=8.045731,y=98.591155,angle=9.348558),vel=175.0), Waypoint(simple=true,index=2,pose=(x=-7.016243,y=111.691822,angle=-80.651442),vel=175.0), Waypoint(simple=true,index=3,pose=(x=-98.258093,y=126.712659,angle=-80.651442),vel=175.0), Waypoint(simple=true,index=4,pose=(x=-141.520938,y=141.375020,angle=99.348558),vel=175.0), Waypoint(simple=true,index=5,pose=(x=-94.430757,y=157.287022,angle=99.348558),vel=175.0), Waypoint(simple=true,index=6,pose=(x=-23.936811,y=151.732201,angle=99.348558),vel=175.0), Waypoint(simple=false,index=-1,timestep=0.09801574770617816,pose=(x=-12.648508,y=143.903744,angle=58.659928),vel=175.0,encPos=0.0,accel=0.0,jerk=0.0), Waypoint(simple=true,index=7,pose=(x=1.032014,y=134.416279,angle=9.348558),vel=164.7083464908513), Waypoint(simple=true,index=8,pose=(x=-8.454062,y=18.619229,angle=9.348558),vel=52.249401910452534), Waypoint(simple=true,index=9,pose=(x=-10.565783,y=5.791889,angle=9.348558),vel=0.0)]) />
CmdDcmpAuto.lambda$cmdPeriodic$3_INFO [10.883547303] WaypointHandler: index=0
Robot.setRelocalizationMode_INFO [10.886784153] setRelocalizationMode to OneShot
Shooter.LeftTiltMotor.pidCtrlTask_INFO [10.903463015] controlMode: Position,onTarget=true(16.988185529780566/17.0), stalled=false, expired=false, event=(stopLeftTilt=SIGNALED)
Shooter.RightTiltMotor.pidCtrlTask_INFO [10.927100281] controlMode: Position,onTarget=true(17.304404555944572/17.0), stalled=false, expired=false, event=(stopRightTilt=SIGNALED)
Shooter.stopTiltCallback_ERR [10.943636413] StopRightTilt was completed.
Shooter.stopTiltCallback_ERR [10.947432595] StopLeftTilt was completed.
CmdDcmpAuto.lambda$cmdPeriodic$3_INFO [11.895460618] WaypointHandler: index=1
Robot.setRelocalizationMode_INFO [11.8990452] setRelocalizationMode to OneShot
Shooter.enableGoalTracking_INFO [11.900755731] EnableGoalTracking: goalTrackingParams=(trackFlywheel=false,trackTiltPos=false,trackPanPos=true), noPassback=true
Shooter.setupGoalTrackingMode_INFO [11.902754534] AlliancHub: alliance=Red, fieldLengthZone=5, fieldWidthZone=0.
Shooter.setupGoalTrackingMode_INFO [11.904719294] GoalTracking(trackingMode=AllianceHub, goalPose=(x=-158.838583,y=469.110472,angle=180.000000), noPassback=true).
Shooter.LeftShooter.enableGoalTracking_INFO [11.906935999] Enable GoalTracking (trackingParams=(trackFlywheel=false,trackTiltPos=false,trackPanPos=true)).
Shooter.LeftPrimaryMotor.cancel_INFO [11.908778368] Cancel: stopping motor.
Shooter.LeftTiltMotor.cancel_INFO [11.91046911] Cancel: stopping motor.
Shooter.RightShooter.enableGoalTracking_INFO [11.912766843] Enable GoalTracking (trackingParams=(trackFlywheel=false,trackTiltPos=false,trackPanPos=true)).
Shooter.RightPrimaryMotor.cancel_INFO [11.914295052] Cancel: stopping motor.
Shooter.RightTiltMotor.cancel_INFO [11.915640196] Cancel: stopping motor.
Shooter.enableGoalTracking_ERR [11.918160817] EnableGoalTrackingTimestamps=[11.902295834, 11.906660096, 11.91243927, 11.916866036]
CmdDcmpAuto.lambda$cmdPeriodic$3_INFO [12.160885701] WaypointHandler: index=2
Robot.setRelocalizationMode_INFO [12.167565859] setRelocalizationMode to OneShot
Shooter.fieldTriggerCallback_INFO [13.027958305] FieldTriggerCallback: canceled=false, zoneCtxt=(value=-187.311050,prevZone=0,currZone=1)
Shooter.setupGoalTrackingMode_INFO [13.029284353] AlliancHub: alliance=Red, fieldLengthZone=5, fieldWidthZone=1.
Shooter.setupGoalTrackingMode_INFO [13.034848836] GoalTracking(trackingMode=AllianceHub, goalPose=(x=-158.838583,y=469.110472,angle=180.000000), noPassback=true).
CmdDcmpAuto.lambda$cmdPeriodic$3_INFO [13.081438489] WaypointHandler: index=3
Robot.setRelocalizationMode_INFO [13.082107371] setRelocalizationMode to OneShot
Shooter.fieldTriggerCallback_INFO [13.321901202] FieldTriggerCallback: canceled=false, zoneCtxt=(value=-155.002277,prevZone=1,currZone=2)
Shooter.setupGoalTrackingMode_INFO [13.322813968] AlliancHub: alliance=Red, fieldLengthZone=5, fieldWidthZone=2.
Shooter.setupGoalTrackingMode_INFO [13.323402471] GoalTracking(trackingMode=AllianceHub, goalPose=(x=-158.838583,y=469.110472,angle=180.000000), noPassback=true).
CmdDcmpAuto.lambda$cmdPeriodic$3_INFO [13.44395277] WaypointHandler: index=4
Robot.setRelocalizationMode_INFO [13.444967065] setRelocalizationMode to OneShot
Shooter.fieldTriggerCallback_INFO [13.970580219] FieldTriggerCallback: canceled=false, zoneCtxt=(value=-159.382129,prevZone=2,currZone=1)
Shooter.setupGoalTrackingMode_INFO [13.971259934] AlliancHub: alliance=Red, fieldLengthZone=5, fieldWidthZone=1.
Shooter.setupGoalTrackingMode_INFO [13.974722663] GoalTracking(trackingMode=AllianceHub, goalPose=(x=-158.838583,y=469.110472,angle=180.000000), noPassback=true).
CmdDcmpAuto.lambda$cmdPeriodic$3_INFO [14.319455847] WaypointHandler: index=5
Robot.setRelocalizationMode_INFO [14.32175066] setRelocalizationMode to OneShot
Shooter.fieldTriggerCallback_INFO [14.421114527] FieldTriggerCallback: canceled=false, zoneCtxt=(value=-191.392697,prevZone=1,currZone=0)
Shooter.setupGoalTrackingMode_INFO [14.439853769] AlliancHub: alliance=Red, fieldLengthZone=5, fieldWidthZone=0.
Shooter.setupGoalTrackingMode_INFO [14.442203997] GoalTracking(trackingMode=AllianceHub, goalPose=(x=-158.838583,y=469.110472,angle=180.000000), noPassback=true).
CmdDcmpAuto.lambda$cmdPeriodic$3_INFO [14.992703668] WaypointHandler: index=6
Robot.setRelocalizationMode_INFO [14.994357614] setRelocalizationMode to OneShot
CmdDcmpAuto.lambda$cmdPeriodic$3_INFO [15.308026005] WaypointHandler: index=7
Robot.setRelocalizationMode_INFO [15.311873489] setRelocalizationMode to OneShot
Shooter.fieldTriggerCallback_INFO [15.882663263] FieldTriggerCallback: canceled=false, zoneCtxt=(value=437.026331,prevZone=5,currZone=6)
Shooter.setupGoalTrackingMode_INFO [15.884260878] AlliancHub: alliance=Red, fieldLengthZone=6, fieldWidthZone=0.
Shooter.setupGoalTrackingMode_INFO [15.8849792] GoalTracking(trackingMode=AllianceHub, goalPose=(x=-158.838583,y=469.110472,angle=180.000000), noPassback=true).
CmdDcmpAuto.lambda$cmdPeriodic$3_INFO [16.35101284] WaypointHandler: index=8
Robot.setRelocalizationMode_INFO [16.352831655] setRelocalizationMode to OneShot
CmdDcmpAuto.cmdPeriodic_INFO [16.360612695] <Event name="StateInfo" time="16.360319473" tag="vvvvv" CmdDcmpAuto.state="SHOOT_HUB_FUEL" />
TaskAutoShoot.autoShoot_INFO [16.36255064] autoShoot(owner=null, event=(CmdDcmpAuto=CANCELED), taskParams=(autoStop=true, noPassback=true, noWait=false))
Shooter.enableGoalTracking_INFO [16.363718667] EnableGoalTracking: goalTrackingParams=(trackFlywheel=true,trackTiltPos=true,trackPanPos=true), noPassback=true
Shooter.setupGoalTrackingMode_INFO [16.364890301] AlliancHub: alliance=Red, fieldLengthZone=6, fieldWidthZone=0.
Shooter.setupGoalTrackingMode_INFO [16.365981768] GoalTracking(trackingMode=AllianceHub, goalPose=(x=-158.838583,y=469.110472,angle=180.000000), noPassback=true).
Shooter.LeftShooter.enableGoalTracking_INFO [16.366526736] Enable GoalTracking (trackingParams=(trackFlywheel=true,trackTiltPos=true,trackPanPos=true)).
Shooter.LeftPrimaryMotor.cancel_INFO [16.367086098] Cancel: stopping motor.
Shooter.LeftTiltMotor.cancel_INFO [16.369571856] Cancel: stopping motor.
Shooter.RightShooter.enableGoalTracking_INFO [16.371500122] Enable GoalTracking (trackingParams=(trackFlywheel=true,trackTiltPos=true,trackPanPos=true)).
Shooter.RightPrimaryMotor.cancel_INFO [16.373346269] Cancel: stopping motor.
Shooter.RightTiltMotor.cancel_INFO [16.374997462] Cancel: stopping motor.
Shooter.enableGoalTracking_ERR [16.377101935] EnableGoalTrackingTimestamps=[16.364271664, 16.366274602, 16.370762418, 16.376457604]
CmdDcmpAuto.cmdPeriodic_INFO [16.379345374] <Event name="StateInfo" time="16.378595282" tag="^^^^^" CmdDcmpAuto.state="SHOOT_HUB_FUEL" />
TaskAutoShoot.autoTask_INFO [16.484848367] <Event name="StateInfo" time="16.484366701" tag="vvvvv" TaskAutoShoot.state="START" />
TaskAutoShoot.runTaskState_INFO [16.487844908] ***** Wait for left Shooter ready.
TaskAutoShoot.runTaskState_INFO [16.490506012] ***** Wait for right Shooter ready.
TaskAutoShoot.runTaskState_INFO [16.492687446] ***** Wait for Turret ready.
TaskAutoShoot.autoTask_INFO [16.495214214] <Event name="StateInfo" time="16.495008721" tag="^^^^^" TaskAutoShoot.state="START" />
CmdDcmpAuto.lambda$cmdPeriodic$3_INFO [16.501848062] WaypointHandler: index=-1
Robot.setRelocalizationMode_INFO [16.50330611] setRelocalizationMode to Continuous
Climber.Motor.isMotorStalled_INFO [16.512319197] Stall detection triggered.
Climber.Motor.checkStallReset_INFO [16.514513889] Resetting stall.
Shooter.TurretMotor.pidCtrlTask_INFO [16.56755053] controlMode: Position,onTarget=true(-56.251220703125/-57.73680439417205), stalled=false, expired=false, event=(TaskAutoShoot.turretReady=SIGNALED)
TaskAutoShoot.autoTask_INFO [16.601082248] <Event name="StateInfo" time="16.600865955" tag="vvvvv" TaskAutoShoot.state="SHOOT" />
TaskAutoShoot.autoTask_INFO [16.608965685] <Event name="StateInfo" time="16.60870121" tag="^^^^^" TaskAutoShoot.state="SHOOT" />
Shooter.fieldTriggerCallback_INFO [16.62485711] FieldTriggerCallback: canceled=false, zoneCtxt=(value=509.322349,prevZone=6,currZone=7)
Shooter.setupGoalTrackingMode_INFO [16.628083841] AlliancHub: alliance=Red, fieldLengthZone=7, fieldWidthZone=0.
Shooter.setupGoalTrackingMode_INFO [16.629631991] GoalTracking(trackingMode=AllianceHub, goalPose=(x=-158.838583,y=469.110472,angle=180.000000), noPassback=true).
TaskAutoShoot.autoTask_INFO [16.728516762] <Event name="StateInfo" time="16.716942954" tag="vvvvv" TaskAutoShoot.state="SHOOT" />
TaskAutoShoot.autoTask_INFO [16.731666673] <Event name="StateInfo" time="16.731033943" tag="^^^^^" TaskAutoShoot.state="SHOOT" />
TaskAutoShoot.autoTask_INFO [16.820505866] <Event name="StateInfo" time="16.819694825" tag="vvvvv" TaskAutoShoot.state="SHOOT" />
TaskAutoShoot.autoTask_INFO [16.826585183] <Event name="StateInfo" time="16.825480948" tag="^^^^^" TaskAutoShoot.state="SHOOT" />
TaskAutoShoot.autoTask_INFO [16.920836264] <Event name="StateInfo" time="16.920422476" tag="vvvvv" TaskAutoShoot.state="SHOOT" />
TaskAutoShoot.autoTask_INFO [16.924583111] <Event name="StateInfo" time="16.923762427" tag="^^^^^" TaskAutoShoot.state="SHOOT" />
TaskAutoShoot.autoTask_INFO [17.049257444] <Event name="StateInfo" time="17.049070184" tag="vvvvv" TaskAutoShoot.state="SHOOT" />
TaskAutoShoot.autoTask_INFO [17.052996124] <Event name="StateInfo" time="17.052802258" tag="^^^^^" TaskAutoShoot.state="SHOOT" />
TaskAutoShoot.autoTask_INFO [17.149117324] <Event name="StateInfo" time="17.14891043" tag="vvvvv" TaskAutoShoot.state="SHOOT" />
TaskAutoShoot.autoTask_INFO [17.157347252] <Event name="StateInfo" time="17.156587213" tag="^^^^^" TaskAutoShoot.state="SHOOT" />
Shooter.LeftShooter.goalTrackingTask_INFO [17.23067737] Shooter.LeftShooter is Ready: rpm1=5189.549279/5155.647300, rpm2=3189.843750/0.000000, tilt=25.960893/25.944158, pan=null/null
TaskAutoShoot.autoTask_INFO [17.272291995] <Event name="StateInfo" time="17.272092135" tag="vvvvv" TaskAutoShoot.state="SHOOT" />
TaskAutoShoot.runTaskState_INFO [17.274718531] ***** Start left shooter shooting (timedout=false, turretReady=true).
Shooter.shoot_INFO [17.277936943] shoot(owner=null, event=(TaskAutoShoot.leftShooterDone=CLEARED), shooter=leftShooter, autoStop=true)
Shooter.LeftTransferMotor.cancel_INFO [17.282735323] Cancel: stopping motor.
TaskAutoShoot.autoTask_INFO [17.300486993] <Event name="StateInfo" time="17.287162317" tag="^^^^^" TaskAutoShoot.state="SHOOT" />
Shooter.RightShooter.goalTrackingTask_INFO [17.386222972] Shooter.RightShooter is Ready: rpm1=5093.383413/5161.705925, rpm2=3140.039063/0.000000, tilt=26.000420/25.990166, pan=null/null
TaskAutoShoot.autoTask_INFO [17.393101797] <Event name="StateInfo" time="17.392395564" tag="vvvvv" TaskAutoShoot.state="SHOOT" />
TaskAutoShoot.runTaskState_INFO [17.397998321] ***** Start right shooter shooting (timedout=false, turretReady=true).
Shooter.shoot_INFO [17.400439564] shoot(owner=null, event=(TaskAutoShoot.rightShooterDone=CLEARED), shooter=rightShooter, autoStop=true)
Shooter.RightTransferMotor.cancel_INFO [17.403934965] Cancel: stopping motor.
TaskAutoShoot.autoTask_INFO [17.406485085] <Event name="StateInfo" time="17.404491336" tag="^^^^^" TaskAutoShoot.state="SHOOT" />
Shooter.RightTiltMotor.isMotorStalled_INFO [18.251940854] Stall detection triggered.
Shooter.RightTiltMotor.checkStallReset_INFO [18.253360034] Resetting stall.
Shooter.LeftShooter.cancel_INFO [18.78903481] owner=null
Shooter.LeftShooter.disableGoalTracking_INFO [18.792487669] Disable Goal Tracking.
Shooter.LeftShooter.stopGoalTracking_INFO [18.794897689] Stop GoalTracking.
Shooter.LeftTiltMotor.cancel_INFO [18.797204987] Cancel: stopping motor.
Shooter.LeftPrimaryMotor.cancel_INFO [18.800560538] Cancel: stopping motor.
Shooter.LeftPrimaryMotor.cancel_INFO [18.802903972] Cancel: stopping motor.
Shooter.LeftTiltMotor.cancel_INFO [18.804409427] Cancel: stopping motor.
Shooter.LeftTransferMotor.cancel_INFO [18.806828286] Cancel: stopping motor.
Shooter.FeederMotor.cancel_INFO [18.808618704] Cancel: stopping motor.
Shooter.RightShooter.cancel_INFO [20.407425678] owner=null
Shooter.RightShooter.disableGoalTracking_INFO [20.408617534] Disable Goal Tracking.
Shooter.RightShooter.stopGoalTracking_INFO [20.409518234] Stop GoalTracking.
Shooter.RightTiltMotor.cancel_INFO [20.410530849] Cancel: stopping motor.
Shooter.RightPrimaryMotor.cancel_INFO [20.41192497] Cancel: stopping motor.
Shooter.RightPrimaryMotor.cancel_INFO [20.413472236] Cancel: stopping motor.
Shooter.RightTiltMotor.cancel_INFO [20.418147978] Cancel: stopping motor.
Shooter.RightTransferMotor.cancel_INFO [20.420301732] Cancel: stopping motor.
Shooter.FeederMotor.cancel_INFO [20.42164527] Cancel: stopping motor.
TaskAutoShoot.autoTask_INFO [20.427039515] <Event name="StateInfo" time="20.426756192" tag="vvvvv" TaskAutoShoot.state="DONE" />
TaskAutoShoot.stopSubsystems_INFO [20.428397282] Stopping subsystems.
Shooter.LeftTransferMotor.cancel_INFO [20.429975467] Cancel: stopping motor.
Shooter.RightTransferMotor.cancel_INFO [20.431701653] Cancel: stopping motor.
Shooter.FeederMotor.cancel_INFO [20.432821327] Cancel: stopping motor.
Shooter.LeftShooter.cancel_INFO [20.433839359] owner=null
Shooter.LeftPrimaryMotor.cancel_INFO [20.43941592] Cancel: stopping motor.
Shooter.LeftTiltMotor.cancel_INFO [20.44177068] Cancel: stopping motor.
Shooter.RightShooter.cancel_INFO [20.442998451] owner=null
Shooter.RightPrimaryMotor.cancel_INFO [20.444085319] Cancel: stopping motor.
Shooter.RightTiltMotor.cancel_INFO [20.445235754] Cancel: stopping motor.
Shooter.LeftTransferMotor.cancel_INFO [20.448763141] Cancel: stopping motor.
Shooter.RightTransferMotor.cancel_INFO [20.450029392] Cancel: stopping motor.
Shooter.FeederMotor.cancel_INFO [20.451187422] Cancel: stopping motor.
Shooter.stopTilt_ERR [20.45322712] StopTilt is called
TaskAutoShoot.autoTask_INFO [20.531221737] <Event name="StateInfo" time="20.530642481" tag="^^^^^" TaskAutoShoot.state="DONE" />
CmdDcmpAuto.cmdPeriodic_INFO [20.537426728] <Event name="StateInfo" time="20.537179991" tag="vvvvv" CmdDcmpAuto.state="DONE" />
CmdDcmpAuto.cmdPeriodic_INFO [20.547245312] <Event name="StateInfo" time="20.546944592" tag="^^^^^" CmdDcmpAuto.state="DONE" />
Shooter.stopTiltCallback_ERR [20.606720713] StopLeftTilt was completed.
Shooter.LeftTiltMotor.pidCtrlTask_INFO [20.606388712] controlMode: Position,onTarget=true(16.988185529780566/17.0), stalled=false, expired=false, event=(stopLeftTilt=SIGNALED)
Shooter.RightTiltMotor.pidCtrlTask_INFO [20.641137821] controlMode: Position,onTarget=true(17.146295005755317/17.0), stalled=false, expired=false, event=(stopRightTilt=SIGNALED)
Shooter.stopTiltCallback_ERR [20.645138753] StopRightTilt was completed.
FrcRobot.startCompetition_INFO [20.739625903] *** Transitioning from AUTO_MODE to DISABLED_MODE ***
Robot.cancelAll_INFO [20.743307475] Cancel all operations.
Shooter.LeftShooter.cancel_INFO [20.74595017] owner=null
Shooter.LeftPrimaryMotor.cancel_INFO [20.747845917] Cancel: stopping motor.
Shooter.LeftTiltMotor.cancel_INFO [20.749702379] Cancel: stopping motor.
Shooter.RightShooter.cancel_INFO [20.751319038] owner=null
Shooter.RightPrimaryMotor.cancel_INFO [20.753378715] Cancel: stopping motor.
Shooter.RightTiltMotor.cancel_INFO [20.755553159] Cancel: stopping motor.
Shooter.LeftTransferMotor.cancel_INFO [20.757308805] Cancel: stopping motor.
Shooter.RightTransferMotor.cancel_INFO [20.760134164] Cancel: stopping motor.
Shooter.FeederMotor.cancel_INFO [20.762218513] Cancel: stopping motor.
Shooter.stopTilt_ERR [20.764201585] StopTilt is called
Shooter.LeftTiltMotor.pidCtrlTask_INFO [20.789589738] controlMode: Position,onTarget=true(16.988185529780566/17.0), stalled=false, expired=false, event=(stopLeftTilt=SIGNALED)
Shooter.RightTiltMotor.pidCtrlTask_INFO [20.846886416] controlMode: Position,onTarget=true(16.948658117495086/17.0), stalled=false, expired=false, event=(stopRightTilt=SIGNALED)
Intake.IntakeMotor.cancel_INFO [20.848193357] Cancel: stopping motor.
Climber.Motor.cancel_INFO [20.851592592] Cancel: stopping motor.
TaskAutoShoot.cancel_INFO [20.853776152] Canceling auto task operation.
TaskAutoClimb.cancel_INFO [20.856940009] Canceling auto task operation.
FrcRobot.printPerformanceMetrics_INFO [20.882849482] [FrcRobot] Loop Performance Metrics:
Average Loop Interval = 0.001607s (freq=622.190Hz, min=0.000822s, max=0.623144s)
[03]                StartTask=0.000000s
[04]          PrePeriodicTask=0.000104s
[07]               UpdateTask=0.000991s
[02]                StartMode=0.000000s
[06]         PostPeriodicTask=0.000212s
[08]                 StopTask=0.000000s
[09]                 StopMode=0.000000s
[00]                RobotInit=17.703550s
[01]           RobotStartMode=0.000003s
[05]                 Periodic=0.000237s
[10]            RobotStopMode=0.000001s

TrcTaskMgr.printTaskPerformanceMetrics_INFO [20.887535044] FrcDashboard.task: STANDALONE_TASK=3.7367156189081074E-4/0.01052965679243901
TrcTaskMgr.printTaskPerformanceMetrics_INFO [20.889021814] TrcWatchdogMgr: STANDALONE_TASK=1.3687242780748663E-4/0.9949698604705882
TrcTaskMgr.printTaskPerformanceMetrics_INFO [20.890163005] flDriveMotor.pidCtrlTask: OUTPUT_TASK=2.294845143317031E-5/0.011569855110567696
TrcTaskMgr.printTaskPerformanceMetrics_INFO [20.89195682] flDriveMotor.odometryCleanupTask: STOP_TASK=5.1419E-5/10.4193902935
TrcTaskMgr.printTaskPerformanceMetrics_INFO [20.892902415] frDriveMotor.pidCtrlTask: OUTPUT_TASK=9.096836686683587E-6/0.01156984746387668
TrcTaskMgr.printTaskPerformanceMetrics_INFO [20.894645884] blDriveMotor.pidCtrlTask: OUTPUT_TASK=8.902010709421814E-6/0.011569766274730718
TrcTaskMgr.printTaskPerformanceMetrics_INFO [20.89576388] brDriveMotor.pidCtrlTask: OUTPUT_TASK=8.57717822211217E-6/0.01156976583545871
TrcTaskMgr.printTaskPerformanceMetrics_INFO [20.896943512] flSteerMotor.pidCtrlTask: OUTPUT_TASK=1.4431961495604805E-5/0.01156976541172465
TrcTaskMgr.printTaskPerformanceMetrics_INFO [20.900248578] frSteerMotor.pidCtrlTask: OUTPUT_TASK=1.1719993871486938E-5/0.011569770577504024
TrcTaskMgr.printTaskPerformanceMetrics_INFO [20.902921343] blSteerMotor.pidCtrlTask: OUTPUT_TASK=1.057792200074285E-5/0.01156977266646032
TrcTaskMgr.printTaskPerformanceMetrics_INFO [20.903907613] brSteerMotor.pidCtrlTask: OUTPUT_TASK=1.0996401200940943E-5/0.011569774447505262
TrcTaskMgr.printTaskPerformanceMetrics_INFO [20.906647936] FrcSwerveDrive.odometryTask: INPUT_TASK=0.0030166551331471136/0.019410479186219742
TrcTaskMgr.printTaskPerformanceMetrics_INFO [20.908042767] FrcSwerveDrive.stopTask: STOP_TASK=0.0030072455/10.4193552315
TrcTaskMgr.printTaskPerformanceMetrics_INFO [20.909531441] purePursuitDrive.driveTask: POST_PERIODIC_TASK=0.006819538734824281/0.05034509129392971
TrcTaskMgr.printTaskPerformanceMetrics_INFO [20.912040699] LED: OUTPUT_TASK=4.50064466728567E-5/0.011569635496007428
TrcTaskMgr.printTaskPerformanceMetrics_INFO [20.913345692] LED.ledTask: OUTPUT_TASK=2.508086416749751E-4/0.011005602054237288
TrcTaskMgr.printTaskPerformanceMetrics_INFO [20.914202273] Shooter.LeftPrimaryMotor.pidCtrlTask: OUTPUT_TASK=8.241914825131538E-6/0.011569599274899412
TrcTaskMgr.printTaskPerformanceMetrics_INFO [20.915050285] Shooter.LeftFollowerMotor.pidCtrlTask: OUTPUT_TASK=5.270641535128443E-6/0.011569598151284432
TrcTaskMgr.printTaskPerformanceMetrics_INFO [20.919559521] Shooter.LeftTiltMotor.pidCtrlTask: OUTPUT_TASK=2.0134342052488237E-4/0.011569606560225305
TrcTaskMgr.printTaskPerformanceMetrics_INFO [20.921304657] Shooter.LeftShooter.ShooterMotor1VelTrigger.triggerTask: PRE_PERIODIC_TASK=3.423084791666667E-4/0.22824168839583334
TrcTaskMgr.printTaskPerformanceMetrics_INFO [20.925804674] Shooter.LeftShooter.goalTracking: POST_PERIODIC_TASK=0.039723359848275866/0.062195601031034484
TrcTaskMgr.printTaskPerformanceMetrics_INFO [20.928673731] Shooter.LeftTransferMotor.pidCtrlTask: OUTPUT_TASK=6.505821563409048E-6/0.011569354877452497
TrcTaskMgr.printTaskPerformanceMetrics_INFO [20.930414181] Shooter.RightPrimaryMotor.pidCtrlTask: OUTPUT_TASK=8.623579563037692E-6/0.011569353127684595
TrcTaskMgr.printTaskPerformanceMetrics_INFO [20.933415009] Shooter.RightFollowerMotor.pidCtrlTask: OUTPUT_TASK=4.748747044624621E-6/0.01156935255604382
TrcTaskMgr.printTaskPerformanceMetrics_INFO [20.934334124] Shooter.RightTiltMotor.pidCtrlTask: OUTPUT_TASK=2.218850553320542E-4/0.011569352100637493
TrcTaskMgr.printTaskPerformanceMetrics_INFO [20.935240876] Shooter.RightShooter.ShooterMotor1VelTrigger.triggerTask: PRE_PERIODIC_TASK=1.5824117708333334E-4/0.13098119953125
TrcTaskMgr.printTaskPerformanceMetrics_INFO [20.936285165] Shooter.RightShooter.goalTracking: POST_PERIODIC_TASK=0.008899075713864306/0.057976865286135694
TrcTaskMgr.printTaskPerformanceMetrics_INFO [20.938849075] Shooter.RightTransferMotor.pidCtrlTask: OUTPUT_TASK=6.735474192350538E-6/0.01156926984261666
TrcTaskMgr.printTaskPerformanceMetrics_INFO [20.940427876] Shooter.TurretMotor.pidCtrlTask: OUTPUT_TASK=5.068346713702191E-4/0.011569245137517021
TrcTaskMgr.printTaskPerformanceMetrics_INFO [20.942357423] Shooter.FeederMotor.pidCtrlTask: OUTPUT_TASK=5.924564797623469E-6/0.011568987009468993
TrcTaskMgr.printTaskPerformanceMetrics_INFO [20.943292745] ShooterfieldLengthTrigger.triggerTask: PRE_PERIODIC_TASK=1.4006647072998605E-5/0.0016046121596640101
TrcTaskMgr.printTaskPerformanceMetrics_INFO [20.944174043] ShooterfieldWidthTrigger.triggerTask: PRE_PERIODIC_TASK=5.863545931803708E-6/0.0016046168770504502
TrcTaskMgr.printTaskPerformanceMetrics_INFO [20.945127335] Intake.IntakeMotor.pidCtrlTask: OUTPUT_TASK=5.42917050377522E-6/0.011568985610842927
TrcTaskMgr.printTaskPerformanceMetrics_INFO [20.946353966] Climber.Motor.pidCtrlTask: OUTPUT_TASK=6.52248837108553E-5/0.011568985099269713
TrcTaskMgr.printTaskPerformanceMetrics_INFO [20.948996469] TaskAutoShoot: POST_PERIODIC_TASK=0.004023719034482759/0.11860908671551723
