Shooter.LeftTiltMotor.isMotorStalled_INFO [0.010258793] Stall detection triggered.
Shooter.LeftTiltMotor.checkStallReset_INFO [0.0119719] Resetting stall.
Shooter.RightTiltMotor.isMotorStalled_INFO [0.012719839] Stall detection triggered.
Shooter.RightTiltMotor.checkStallReset_INFO [0.014515717] Resetting stall.
Shooter.TurretMotor.isMotorStalled_INFO [0.01582312] Stall detection triggered.
Climber.Motor.isMotorStalled_INFO [0.017680577] Stall detection triggered.
Climber.Motor.checkStallReset_INFO [0.019240496] Resetting stall.
Robot.robotStartMode_INFO [0.020723225] Fri Apr 10 21:46:19 UTC 2026: ***** AUTO_MODE *****
Robot.robotStartMode_INFO [0.024526249] <BuildInfo Host="TRC492-DS2024" User="User" Timestamp="2026-04-10 13:38:01" Branch="dev" />
FrcAuto.startMode_INFO [0.029216255] <Info name="MatchInfo" date="Fri Apr 10 21:46:19 UTC 2026" event="PNCMP" type="None" match=999 replay=101 alliance="Blue" location=3 gameMsg="" />
FrcAuto.startMode_INFO [0.037984589] <Info name="AutoChoices" alliance="Blue" strategy="DCMP_AUTO" startPos="START_POS_OUTPOST" startDelay=0.0 sec depotPickup="false" outpostPickup="false" neutralZonePickup="true" moveTo="OUTPOST" passBack="NONE" climb="false" climbSide="OUTPOST" neutralZoneCycles="0.0" type="TRENCH" sweepDistance="SHALLOW_SWEEP" pathFile="DrivePath.csv" xDistance=0.0 ft yDistance=0.0 ft turnDegrees=0.0 deg driveTime=0.0 sec drivePower=0.0"  />
CmdDcmpAuto.cmdPeriodic_INFO [0.152841349] <Event name="StateInfo" time="0.152167039" tag="vvvvv" CmdDcmpAuto.state="START" />
Robot.zeroCalibrate_INFO [0.181711333] Zero calibrate all subsystems.
TrcSubsystem.zeroCalibrateAll_INFO [0.185327138] ZeroCalibrate(Subsystem=Shooter, owner=null, event=null)
Shooter.zeroCalibrate_INFO [0.190950461] ZeroCalibrate left shooter.
Shooter.zeroCalibrate_INFO [0.200924385] ZeroCalibrate right shooter.
TrcSubsystem.zeroCalibrateAll_INFO [0.21849734] ZeroCalibrate(Subsystem=Climber, owner=null, event=null)
CmdDcmpAuto.cmdPeriodic_INFO [0.221214983] <Event name="StateInfo" time="0.220877436" tag="^^^^^" CmdDcmpAuto.state="START" />
CmdDcmpAuto.cmdPeriodic_INFO [0.230808655] <Event name="StateInfo" time="0.230582624" tag="vvvvv" CmdDcmpAuto.state="NEUTRAL_ZONE_PICKUP" />
Shooter.LeftTiltMotor.isMotorStalled_INFO [0.420830491] Stall detection triggered.
purePursuitDrive.start_INFO [0.421577719] ppStartTimestamps=[0.40008321, 0.4035021, 0.410978634, 0.419959344, 0.420170523, 0.420328653]
purePursuitDrive.start_INFO [0.425806662] ppStartBuildPathTimestamp=[0.259628853, 0.297701715, 0.297770927]
DEBUG_PERF.cmdPeriodic_INFO [0.430782774] NeutralZonePickupTimestamps=[0.232200291, 0.232514245, 0.232982079, 0.42771481, 0.427719232, 0.0, 0.0, 0.0]
Shooter.LeftTiltMotor.zeroCalibratingMotor_WARN [0.47999328] Stalled, lower limit switch may not exist or might have failed!
CmdDcmpAuto.cmdPeriodic_INFO [0.481085171] <Event name="StateInfo" time="0.479380938" tag="^^^^^" CmdDcmpAuto.state="NEUTRAL_ZONE_PICKUP" RobotPose=(x=-16.701309,y=172.785788,angle=-90.939335) TargetPose=(x=-26.677889,y=128.749522,angle=-0.002747) vel=(x=-0.000000,y=0.000000,angle=-0.000000) Path=TrcPath(degrees=true, [Waypoint(simple=true,index=0,pose=(x=0.000000,y=0.000000,angle=0.000000),vel=0.0), Waypoint(simple=false,index=-1,timestep=0.1127465931391859,pose=(x=72.832213,y=3.508428,angle=0.741451),vel=175.0,encPos=0.0,accel=0.0,jerk=0.0), Waypoint(simple=true,index=1,pose=(x=92.540014,y=4.457780,angle=0.942081),vel=175.0), Waypoint(simple=true,index=2,pose=(x=107.375887,y=46.659558,angle=-19.057919),vel=175.0), Waypoint(simple=true,index=3,pose=(x=108.699607,y=127.158675,angle=-19.057919),vel=175.0), Waypoint(simple=true,index=4,pose=(x=66.968886,y=141.446730,angle=180.942081),vel=175.0), Waypoint(simple=true,index=5,pose=(x=62.628740,y=49.025596,angle=180.942081),vel=175.0), Waypoint(simple=false,index=-1,timestep=0.1141542247127128,pose=(x=73.354645,y=29.525780,angle=132.733749),vel=175.0,encPos=0.0,accel=0.0,jerk=0.0), Waypoint(simple=true,index=6,pose=(x=82.652902,y=12.621444,angle=90.942081),vel=163.01380640516516), Waypoint(simple=true,index=7,pose=(x=-30.867527,y=10.487622,angle=90.942081),vel=52.24940191045252), Waypoint(simple=true,index=8,pose=(x=-43.865769,y=10.701364,angle=90.942081),vel=0.0)]) />
Shooter.LeftTiltMotor.pidCtrlTask_INFO [0.499561186] Zero calibration done, event=(Shooter.leftTiltZeroCalCallback=CLEARED)
Shooter.LeftTiltMotor.pidCtrlTask_INFO [0.505620422] controlMode: Power,onTarget=false(-0.07514816522598267/null), stalled=false, expired=false, event=(Shooter.leftTiltZeroCalCallback=SIGNALED)
Shooter.RightTiltMotor.isMotorStalled_INFO [0.522175413] Stall detection triggered.
CmdDcmpAuto.lambda$cmdPeriodic$2_INFO [0.524980027] WaypointHandler: index=0
Shooter.TurretMotor.isMotorStalled_INFO [0.524829767] Stall detection triggered.
Robot.setRelocalizationMode_INFO [0.529543814] setRelocalizationMode to OneShot
Climber.Motor.isMotorStalled_INFO [0.532408754] Stall detection triggered.
Shooter.LeftTiltMotor.isMotorStalled_INFO [0.580210148] Stall detection triggered.
Shooter.LeftTiltMotor.checkStallReset_INFO [0.583826392] Resetting stall.
Shooter.RightTiltMotor.zeroCalibratingMotor_WARN [0.591393548] Stalled, lower limit switch may not exist or might have failed!
Shooter.RightTiltMotor.pidCtrlTask_INFO [0.597235573] Zero calibration done, event=(Shooter.rightTiltZeroCalCallback=CLEARED)
Shooter.RightTiltMotor.pidCtrlTask_INFO [0.599900589] controlMode: Power,onTarget=false(-0.08411785960197449/null), stalled=false, expired=false, event=(Shooter.rightTiltZeroCalCallback=SIGNALED)
Climber.Motor.zeroCalibratingMotor_WARN [0.603900133] Stalled, lower limit switch may not exist or might have failed!
Climber.Motor.pidCtrlTask_INFO [0.61037735] Zero calibration done, event=null
Shooter.RightTiltMotor.isMotorStalled_INFO [0.645582222] Stall detection triggered.
Shooter.RightTiltMotor.checkStallReset_INFO [0.649416753] Resetting stall.
Climber.Motor.isMotorStalled_INFO [0.654693095] Stall detection triggered.
Climber.Motor.checkStallReset_INFO [0.673018378] Resetting stall.
CmdDcmpAuto.lambda$cmdPeriodic$2_INFO [1.461724716] WaypointHandler: index=1
Robot.setRelocalizationMode_INFO [1.467328275] setRelocalizationMode to OneShot
Shooter.enableGoalTracking_INFO [1.488298658] EnableGoalTracking: goalTrackingParams=(trackFlywheel=false,trackTiltPos=false,trackPanPos=true), noPassback=true
Shooter.setupGoalTrackingMode_INFO [1.497870659] AlliancHub: alliance=Blue, fieldLengthZone=2, fieldWidthZone=3.
Shooter.setupGoalTrackingMode_INFO [1.501378446] GoalTracking(trackingMode=AllianceHub, goalPose=(x=-158.838583,y=182.110000,angle=0.000000), noPassback=true).
Shooter.LeftShooter.enableGoalTracking_INFO [1.527265592] Enable GoalTracking (trackingParams=(trackFlywheel=false,trackTiltPos=false,trackPanPos=true)).
Shooter.LeftPrimaryMotor.cancel_INFO [1.529454981] Cancel: stopping motor.
Shooter.LeftTiltMotor.cancel_INFO [1.536058248] Cancel: stopping motor.
Shooter.RightShooter.enableGoalTracking_INFO [1.548628618] Enable GoalTracking (trackingParams=(trackFlywheel=false,trackTiltPos=false,trackPanPos=true)).
Shooter.RightPrimaryMotor.cancel_INFO [1.552266303] Cancel: stopping motor.
Shooter.RightTiltMotor.cancel_INFO [1.557623054] Cancel: stopping motor.
Shooter.LeftTiltMotor.isMotorStalled_INFO [1.583049529] Stall detection triggered.
Shooter.LeftTiltMotor.checkStallReset_INFO [1.587610662] Resetting stall.
Shooter.RightTiltMotor.isMotorStalled_INFO [1.591493006] Stall detection triggered.
Shooter.RightTiltMotor.checkStallReset_INFO [1.597304036] Resetting stall.
Shooter.TurretMotor.isMotorStalled_INFO [1.599943974] Stall detection triggered.
Climber.Motor.isMotorStalled_INFO [1.60067882] Stall detection triggered.
Climber.Motor.checkStallReset_INFO [1.601215854] Resetting stall.
CmdDcmpAuto.lambda$cmdPeriodic$2_INFO [1.922495423] WaypointHandler: index=2
Robot.setRelocalizationMode_INFO [1.925819065] setRelocalizationMode to OneShot
Shooter.fieldTriggerCallback_INFO [2.94024243] FieldTriggerCallback: canceled=false, zoneCtxt=(value=-131.672832,prevZone=3,currZone=2)
Shooter.setupGoalTrackingMode_INFO [2.942345153] AlliancHub: alliance=Blue, fieldLengthZone=2, fieldWidthZone=2.
Shooter.setupGoalTrackingMode_INFO [2.942918453] GoalTracking(trackingMode=AllianceHub, goalPose=(x=-158.838583,y=182.110000,angle=0.000000), noPassback=true).
CmdDcmpAuto.lambda$cmdPeriodic$2_INFO [3.026036447] WaypointHandler: index=3
Robot.setRelocalizationMode_INFO [3.039907181] setRelocalizationMode to OneShot
CmdDcmpAuto.lambda$cmdPeriodic$2_INFO [3.536737776] WaypointHandler: index=4
Robot.setRelocalizationMode_INFO [3.537897869] setRelocalizationMode to OneShot
Shooter.fieldTriggerCallback_INFO [4.258624413] FieldTriggerCallback: canceled=false, zoneCtxt=(value=-126.430740,prevZone=2,currZone=3)
Shooter.setupGoalTrackingMode_INFO [4.260542573] AlliancHub: alliance=Blue, fieldLengthZone=2, fieldWidthZone=3.
Shooter.setupGoalTrackingMode_INFO [4.262020535] GoalTracking(trackingMode=AllianceHub, goalPose=(x=-158.838583,y=182.110000,angle=0.000000), noPassback=true).
CmdDcmpAuto.lambda$cmdPeriodic$2_INFO [4.829261103] WaypointHandler: index=5
Robot.setRelocalizationMode_INFO [4.837154087] setRelocalizationMode to OneShot
CmdDcmpAuto.lambda$cmdPeriodic$2_INFO [5.251320346] WaypointHandler: index=6
Robot.setRelocalizationMode_INFO [5.254338378] setRelocalizationMode to OneShot
Shooter.fieldTriggerCallback_INFO [5.719446276] FieldTriggerCallback: canceled=false, zoneCtxt=(value=215.710133,prevZone=2,currZone=1)
Shooter.setupGoalTrackingMode_INFO [5.728216346] AlliancHub: alliance=Blue, fieldLengthZone=1, fieldWidthZone=3.
Shooter.setupGoalTrackingMode_INFO [5.744464827] GoalTracking(trackingMode=AllianceHub, goalPose=(x=-158.838583,y=182.110000,angle=0.000000), noPassback=true).
Shooter.fieldTriggerCallback_INFO [6.317794036] FieldTriggerCallback: canceled=false, zoneCtxt=(value=148.827010,prevZone=1,currZone=0)
Shooter.setupGoalTrackingMode_INFO [6.319010576] AlliancHub: alliance=Blue, fieldLengthZone=0, fieldWidthZone=3.
Shooter.setupGoalTrackingMode_INFO [6.322727174] GoalTracking(trackingMode=AllianceHub, goalPose=(x=-158.838583,y=182.110000,angle=0.000000), noPassback=true).
CmdDcmpAuto.lambda$cmdPeriodic$2_INFO [6.361610752] WaypointHandler: index=7
Robot.setRelocalizationMode_INFO [6.362619504] setRelocalizationMode to OneShot
CmdDcmpAuto.lambda$cmdPeriodic$2_INFO [6.368476785] WaypointHandler: index=-1
Robot.setRelocalizationMode_INFO [6.369110842] setRelocalizationMode to Continuous
CmdDcmpAuto.cmdPeriodic_INFO [6.379016824] <Event name="StateInfo" time="6.378750578" tag="vvvvv" CmdDcmpAuto.state="SHOOT_NEUTRAL_FUEL" />
TaskAutoShoot.autoShoot_INFO [6.384846267] autoShoot(owner=null, event=(CmdDcmpAuto=CANCELED), taskParams=(autoStop=true, noPassback=true, noWait=false))
Shooter.enableGoalTracking_INFO [6.386104995] EnableGoalTracking: goalTrackingParams=(trackFlywheel=true,trackTiltPos=true,trackPanPos=true), noPassback=true
Shooter.setupGoalTrackingMode_INFO [6.391953461] AlliancHub: alliance=Blue, fieldLengthZone=0, fieldWidthZone=3.
Shooter.setupGoalTrackingMode_INFO [6.392616133] GoalTracking(trackingMode=AllianceHub, goalPose=(x=-158.838583,y=182.110000,angle=0.000000), noPassback=true).
Shooter.LeftShooter.enableGoalTracking_INFO [6.393569937] Enable GoalTracking (trackingParams=(trackFlywheel=true,trackTiltPos=true,trackPanPos=true)).
Shooter.LeftPrimaryMotor.cancel_INFO [6.396939904] Cancel: stopping motor.
Shooter.LeftTiltMotor.cancel_INFO [6.401093616] Cancel: stopping motor.
Shooter.RightShooter.enableGoalTracking_INFO [6.403393107] Enable GoalTracking (trackingParams=(trackFlywheel=true,trackTiltPos=true,trackPanPos=true)).
Shooter.RightPrimaryMotor.cancel_INFO [6.405602208] Cancel: stopping motor.
Shooter.RightTiltMotor.cancel_INFO [6.407636256] Cancel: stopping motor.
CmdDcmpAuto.cmdPeriodic_INFO [6.419304673] <Event name="StateInfo" time="6.418716147" tag="^^^^^" CmdDcmpAuto.state="SHOOT_NEUTRAL_FUEL" />
TaskAutoShoot.autoTask_INFO [6.558872001] <Event name="StateInfo" time="6.558594985" tag="vvvvv" TaskAutoShoot.state="START" />
TaskAutoShoot.runTaskState_INFO [6.5691294] ***** Wait for left Shooter ready.
TaskAutoShoot.runTaskState_INFO [6.572357047] ***** Wait for right Shooter ready.
TaskAutoShoot.runTaskState_INFO [6.577418566] ***** Wait for Turret ready.
TaskAutoShoot.autoTask_INFO [6.579986488] <Event name="StateInfo" time="6.579797119" tag="^^^^^" TaskAutoShoot.state="START" />
TaskAutoShoot.autoTask_INFO [6.752409409] <Event name="StateInfo" time="6.752200621" tag="vvvvv" TaskAutoShoot.state="SHOOT" />
TaskAutoShoot.autoTask_INFO [6.760096771] <Event name="StateInfo" time="6.759888453" tag="^^^^^" TaskAutoShoot.state="SHOOT" />
TaskAutoShoot.autoTask_INFO [6.853825302] <Event name="StateInfo" time="6.853638314" tag="vvvvv" TaskAutoShoot.state="SHOOT" />
TaskAutoShoot.autoTask_INFO [6.857372684] <Event name="StateInfo" time="6.857140152" tag="^^^^^" TaskAutoShoot.state="SHOOT" />
TaskAutoShoot.autoTask_INFO [6.952769042] <Event name="StateInfo" time="6.952571825" tag="vvvvv" TaskAutoShoot.state="SHOOT" />
TaskAutoShoot.autoTask_INFO [6.958768477] <Event name="StateInfo" time="6.957189711" tag="^^^^^" TaskAutoShoot.state="SHOOT" />
TaskAutoShoot.autoTask_INFO [7.067017719] <Event name="StateInfo" time="7.066833577" tag="vvvvv" TaskAutoShoot.state="SHOOT" />
TaskAutoShoot.autoTask_INFO [7.067789974] <Event name="StateInfo" time="7.067607803" tag="^^^^^" TaskAutoShoot.state="SHOOT" />
TaskAutoShoot.autoTask_INFO [7.171181498] <Event name="StateInfo" time="7.170995914" tag="vvvvv" TaskAutoShoot.state="SHOOT" />
TaskAutoShoot.autoTask_INFO [7.17717374] <Event name="StateInfo" time="7.176952075" tag="^^^^^" TaskAutoShoot.state="SHOOT" />
TaskAutoShoot.autoTask_INFO [7.271012401] <Event name="StateInfo" time="7.270818869" tag="vvvvv" TaskAutoShoot.state="SHOOT" />
TaskAutoShoot.autoTask_INFO [7.281880201] <Event name="StateInfo" time="7.281693449" tag="^^^^^" TaskAutoShoot.state="SHOOT" />
Shooter.LeftShooter.goalTrackingTask_INFO [7.367640755] Shooter.LeftShooter is Ready: rpm1=5079.564303/5031.294875, rpm2=3114.960938/0.000000, tilt=25.051762/25.017427, pan=null/null
Shooter.RightShooter.goalTrackingTask_INFO [7.400480789] Shooter.RightShooter is Ready: rpm1=4954.435096/5031.294875, rpm2=3080.742188/0.000000, tilt=25.051766/25.017427, pan=null/null
TaskAutoShoot.autoTask_INFO [7.405483058] <Event name="StateInfo" time="7.405039118" tag="vvvvv" TaskAutoShoot.state="SHOOT" />
TaskAutoShoot.autoTask_INFO [7.407961527] <Event name="StateInfo" time="7.407719454" tag="^^^^^" TaskAutoShoot.state="SHOOT" />
TaskAutoShoot.autoTask_INFO [7.507533944] <Event name="StateInfo" time="7.50724876" tag="vvvvv" TaskAutoShoot.state="SHOOT" />
TaskAutoShoot.autoTask_INFO [7.511389332] <Event name="StateInfo" time="7.508543654" tag="^^^^^" TaskAutoShoot.state="SHOOT" />
TaskAutoShoot.autoTask_INFO [7.624282939] <Event name="StateInfo" time="7.623417531" tag="vvvvv" TaskAutoShoot.state="SHOOT" />
TaskAutoShoot.runTaskState_INFO [7.63208674] ***** Start left shooter shooting (timedout=true, turretReady=false).
Shooter.shoot_INFO [7.636187195] shoot(owner=null, event=(TaskAutoShoot.leftShooterDone=CLEARED), shooter=leftShooter, autoStop=true)
Shooter.LeftTransferMotor.cancel_INFO [7.673394428] Cancel: stopping motor.
TaskAutoShoot.runTaskState_INFO [7.674733384] ***** Start right shooter shooting (timedout=true, turretReady=false).
Shooter.shoot_INFO [7.675661482] shoot(owner=null, event=(TaskAutoShoot.rightShooterDone=CLEARED), shooter=rightShooter, autoStop=true)
Shooter.RightTransferMotor.cancel_INFO [7.677855758] Cancel: stopping motor.
TaskAutoShoot.autoTask_INFO [7.692868012] <Event name="StateInfo" time="7.692676474" tag="^^^^^" TaskAutoShoot.state="SHOOT" />
Climber.Motor.isMotorStalled_INFO [9.939360683] Stall detection triggered.
Climber.Motor.checkStallReset_INFO [9.940787647] Resetting stall.
CmdDcmpAuto.cmdPeriodic_INFO [11.01013804] <Event name="StateInfo" time="11.009783708" tag="vvvvv" CmdDcmpAuto.state="HUB_PICKUP" />
TaskAutoShoot.cancel_INFO [11.014690042] Canceling auto task operation.
TaskAutoShoot.stopSubsystems_INFO [11.017816395] Stopping subsystems.
Shooter.LeftTransferMotor.cancel_INFO [11.020520263] Cancel: stopping motor.
Shooter.RightTransferMotor.cancel_INFO [11.022281226] Cancel: stopping motor.
Shooter.FeederMotor.cancel_INFO [11.026502254] Cancel: stopping motor.
Shooter.LeftShooter.disableGoalTracking_INFO [11.028547626] Disable Goal Tracking.
Shooter.LeftShooter.stopGoalTracking_INFO [11.031724723] Stop GoalTracking.
Shooter.LeftTiltMotor.cancel_INFO [11.035852861] Cancel: stopping motor.
Shooter.LeftPrimaryMotor.cancel_INFO [11.037783878] Cancel: stopping motor.
Shooter.RightShooter.disableGoalTracking_INFO [11.046083965] Disable Goal Tracking.
Shooter.RightShooter.stopGoalTracking_INFO [11.047694072] Stop GoalTracking.
Shooter.RightTiltMotor.cancel_INFO [11.049010571] Cancel: stopping motor.
Shooter.RightPrimaryMotor.cancel_INFO [11.052219138] Cancel: stopping motor.
Shooter.LeftShooter.cancel_INFO [11.058241613] owner=null
Shooter.LeftPrimaryMotor.cancel_INFO [11.060101329] Cancel: stopping motor.
Shooter.LeftTiltMotor.cancel_INFO [11.061742707] Cancel: stopping motor.
Shooter.RightShooter.cancel_INFO [11.063468933] owner=null
Shooter.RightPrimaryMotor.cancel_INFO [11.067742862] Cancel: stopping motor.
Shooter.RightTiltMotor.cancel_INFO [11.069137484] Cancel: stopping motor.
Shooter.LeftTransferMotor.cancel_INFO [11.070867967] Cancel: stopping motor.
Shooter.RightTransferMotor.cancel_INFO [11.079574622] Cancel: stopping motor.
Shooter.FeederMotor.cancel_INFO [11.081935922] Cancel: stopping motor.
purePursuitDrive.start_INFO [11.190666736] ppStartTimestamps=[11.180492942, 11.180520934, 11.18055614, 11.181085398, 11.181128746, 11.190235474]
purePursuitDrive.start_INFO [11.19677282] ppStartBuildPathTimestamp=[11.179800078, 11.179826372, 11.179854493]
CmdDcmpAuto.cmdPeriodic_INFO [11.209508111] <Event name="StateInfo" time="11.209145734" tag="^^^^^" CmdDcmpAuto.state="HUB_PICKUP" RobotPose=(x=-40.587991,y=126.029990,angle=12.730900) TargetPose=(x=-27.400000,y=138.730000,angle=0.000000) vel=(x=-0.000000,y=0.000000,angle=-0.000000) Path=TrcPath(degrees=true, [Waypoint(simple=true,index=0,pose=(x=0.000000,y=0.000000,angle=0.000000),vel=0.0), Waypoint(simple=false,index=-1,timestep=0.20360463180655217,pose=(x=-5.050881,y=72.741521,angle=-8.533520),vel=175.0,encPos=0.0,accel=0.0,jerk=0.0), Waypoint(simple=true,index=1,pose=(x=-7.519000,y=108.286746,angle=-12.703434),vel=175.0), Waypoint(simple=true,index=2,pose=(x=-23.758853,y=103.067774,angle=-102.703434),vel=175.0), Waypoint(simple=true,index=3,pose=(x=-113.965314,y=82.733188,angle=-102.703434),vel=175.0), Waypoint(simple=true,index=4,pose=(x=-162.207008,y=91.786220,angle=77.296566),vel=175.0), Waypoint(simple=true,index=5,pose=(x=-124.535905,y=124.214061,angle=77.296566),vel=175.0), Waypoint(simple=true,index=6,pose=(x=-57.113501,y=145.532407,angle=77.296566),vel=175.0), Waypoint(simple=false,index=-1,timestep=0.09801574770617813,pose=(x=-43.711833,y=142.514821,angle=36.607937),vel=175.0,encPos=0.0,accel=0.0,jerk=0.0), Waypoint(simple=true,index=7,pose=(x=-27.470081,y=138.857747,angle=-12.703434),vel=164.7083464908513), Waypoint(simple=true,index=8,pose=(x=7.213557,y=27.970472,angle=-12.703434),vel=52.24940191045252), Waypoint(simple=true,index=9,pose=(x=10.072318,y=15.288694,angle=-12.703434),vel=0.0)]) />
Shooter.LeftTiltMotor.pidCtrlTask_INFO [11.218671974] controlMode: Position,onTarget=true(16.948658142233253/17.0), stalled=false, expired=false, event=(stopLeftTilt=SIGNALED)
CmdDcmpAuto.lambda$cmdPeriodic$3_INFO [11.221150493] WaypointHandler: index=0
Robot.setRelocalizationMode_INFO [11.22282003] setRelocalizationMode to OneShot
Shooter.RightShooter.cancel_INFO [11.229376094] owner=null
Shooter.RightPrimaryMotor.cancel_INFO [11.230809289] Cancel: stopping motor.
Shooter.RightTiltMotor.cancel_INFO [11.23418791] Cancel: stopping motor.
Shooter.RightTransferMotor.cancel_INFO [11.240067649] Cancel: stopping motor.
Shooter.FeederMotor.cancel_INFO [11.243467757] Cancel: stopping motor.
Shooter.LeftShooter.cancel_INFO [11.246090763] owner=null
Shooter.LeftPrimaryMotor.cancel_INFO [11.251770398] Cancel: stopping motor.
Shooter.LeftTiltMotor.cancel_INFO [11.257967449] Cancel: stopping motor.
Shooter.LeftTransferMotor.cancel_INFO [11.260178117] Cancel: stopping motor.
Shooter.FeederMotor.cancel_INFO [11.261862781] Cancel: stopping motor.
CmdDcmpAuto.lambda$cmdPeriodic$3_INFO [12.317959716] WaypointHandler: index=1
Robot.setRelocalizationMode_INFO [12.323788268] setRelocalizationMode to OneShot
Shooter.enableGoalTracking_INFO [12.324611344] EnableGoalTracking: goalTrackingParams=(trackFlywheel=false,trackTiltPos=false,trackPanPos=true), noPassback=true
Shooter.setupGoalTrackingMode_INFO [12.325130808] AlliancHub: alliance=Blue, fieldLengthZone=2, fieldWidthZone=3.
Shooter.setupGoalTrackingMode_INFO [12.325857814] GoalTracking(trackingMode=AllianceHub, goalPose=(x=-158.838583,y=182.110000,angle=0.000000), noPassback=true).
Shooter.LeftShooter.enableGoalTracking_INFO [12.327010901] Enable GoalTracking (trackingParams=(trackFlywheel=false,trackTiltPos=false,trackPanPos=true)).
Shooter.LeftPrimaryMotor.cancel_INFO [12.327622557] Cancel: stopping motor.
Shooter.LeftTiltMotor.cancel_INFO [12.328427498] Cancel: stopping motor.
Shooter.RightShooter.enableGoalTracking_INFO [12.34128317] Enable GoalTracking (trackingParams=(trackFlywheel=false,trackTiltPos=false,trackPanPos=true)).
Shooter.RightPrimaryMotor.cancel_INFO [12.343063864] Cancel: stopping motor.
Shooter.RightTiltMotor.cancel_INFO [12.344668372] Cancel: stopping motor.
CmdDcmpAuto.lambda$cmdPeriodic$3_INFO [12.517202705] WaypointHandler: index=2
Robot.setRelocalizationMode_INFO [12.51926841] setRelocalizationMode to OneShot
CmdDcmpAuto.lambda$cmdPeriodic$3_INFO [12.650030772] WaypointHandler: index=7
Robot.setRelocalizationMode_INFO [12.650504481] setRelocalizationMode to OneShot
Climber.Motor.isMotorStalled_INFO [12.83396383] Stall detection triggered.
Climber.Motor.checkStallReset_INFO [12.83536583] Resetting stall.
Shooter.LeftTiltMotor.isMotorStalled_INFO [12.851975046] Stall detection triggered.
Shooter.LeftTiltMotor.checkStallReset_INFO [12.852548348] Resetting stall.
Shooter.RightTiltMotor.isMotorStalled_INFO [12.853591935] Stall detection triggered.
Shooter.RightTiltMotor.checkStallReset_INFO [12.85635905] Resetting stall.
Shooter.fieldTriggerCallback_INFO [13.237713948] FieldTriggerCallback: canceled=false, zoneCtxt=(value=214.362542,prevZone=2,currZone=1)
Shooter.setupGoalTrackingMode_INFO [13.248418363] AlliancHub: alliance=Blue, fieldLengthZone=1, fieldWidthZone=3.
Shooter.setupGoalTrackingMode_INFO [13.249818521] GoalTracking(trackingMode=AllianceHub, goalPose=(x=-158.838583,y=182.110000,angle=0.000000), noPassback=true).
CmdDcmpAuto.lambda$cmdPeriodic$3_INFO [13.812491022] WaypointHandler: index=8
Robot.setRelocalizationMode_INFO [13.813110139] setRelocalizationMode to OneShot
CmdDcmpAuto.lambda$cmdPeriodic$3_INFO [13.851292831] WaypointHandler: index=-1
Robot.setRelocalizationMode_INFO [13.853138715] setRelocalizationMode to Continuous
Shooter.fieldTriggerCallback_INFO [13.859344321] FieldTriggerCallback: canceled=false, zoneCtxt=(value=148.606987,prevZone=1,currZone=0)
Shooter.setupGoalTrackingMode_INFO [13.860553102] AlliancHub: alliance=Blue, fieldLengthZone=0, fieldWidthZone=3.
Shooter.setupGoalTrackingMode_INFO [13.863639119] GoalTracking(trackingMode=AllianceHub, goalPose=(x=-158.838583,y=182.110000,angle=0.000000), noPassback=true).
CmdDcmpAuto.cmdPeriodic_INFO [13.866455263] <Event name="StateInfo" time="13.866192299" tag="vvvvv" CmdDcmpAuto.state="SHOOT_HUB_FUEL" />
TaskAutoShoot.autoShoot_INFO [13.871928703] autoShoot(owner=null, event=(CmdDcmpAuto=CANCELED), taskParams=(autoStop=true, noPassback=true, noWait=false))
Shooter.enableGoalTracking_INFO [13.872593699] EnableGoalTracking: goalTrackingParams=(trackFlywheel=true,trackTiltPos=true,trackPanPos=true), noPassback=true
Shooter.setupGoalTrackingMode_INFO [13.874724211] AlliancHub: alliance=Blue, fieldLengthZone=0, fieldWidthZone=3.
Shooter.setupGoalTrackingMode_INFO [13.876258908] GoalTracking(trackingMode=AllianceHub, goalPose=(x=-158.838583,y=182.110000,angle=0.000000), noPassback=true).
Shooter.LeftShooter.enableGoalTracking_INFO [13.877965123] Enable GoalTracking (trackingParams=(trackFlywheel=true,trackTiltPos=true,trackPanPos=true)).
Shooter.LeftPrimaryMotor.cancel_INFO [13.880140739] Cancel: stopping motor.
Shooter.LeftTiltMotor.cancel_INFO [13.881266277] Cancel: stopping motor.
Shooter.RightShooter.enableGoalTracking_INFO [13.88188094] Enable GoalTracking (trackingParams=(trackFlywheel=true,trackTiltPos=true,trackPanPos=true)).
Shooter.RightPrimaryMotor.cancel_INFO [13.884296462] Cancel: stopping motor.
Shooter.RightTiltMotor.cancel_INFO [13.886432635] Cancel: stopping motor.
CmdDcmpAuto.cmdPeriodic_INFO [13.889212349] <Event name="StateInfo" time="13.888938378" tag="^^^^^" CmdDcmpAuto.state="SHOOT_HUB_FUEL" />
TaskAutoShoot.autoTask_INFO [13.989588047] <Event name="StateInfo" time="13.988989356" tag="vvvvv" TaskAutoShoot.state="START" />
TaskAutoShoot.runTaskState_INFO [13.993693425] ***** Wait for left Shooter ready.
TaskAutoShoot.runTaskState_INFO [13.999111787] ***** Wait for right Shooter ready.
TaskAutoShoot.runTaskState_INFO [14.002627908] ***** Wait for Turret ready.
TaskAutoShoot.autoTask_INFO [14.00524823] <Event name="StateInfo" time="14.005049194" tag="^^^^^" TaskAutoShoot.state="START" />
Shooter.fieldTriggerCallback_INFO [14.011418842] FieldTriggerCallback: canceled=false, zoneCtxt=(value=153.670281,prevZone=0,currZone=1)
Shooter.setupGoalTrackingMode_INFO [14.013373633] AlliancHub: alliance=Blue, fieldLengthZone=1, fieldWidthZone=3.
Shooter.setupGoalTrackingMode_INFO [14.016280684] GoalTracking(trackingMode=AllianceHub, goalPose=(x=-158.838583,y=182.110000,angle=0.000000), noPassback=true).
Shooter.RightTiltMotor.isMotorStalled_INFO [14.022126424] Stall detection triggered.
Shooter.RightTiltMotor.checkStallReset_INFO [14.024692578] Resetting stall.
Shooter.TurretMotor.isMotorStalled_INFO [14.057456045] Stall detection triggered.
Climber.Motor.isMotorStalled_INFO [14.062812016] Stall detection triggered.
Climber.Motor.checkStallReset_INFO [14.064978296] Resetting stall.
Shooter.LeftTiltMotor.isMotorStalled_INFO [14.093786994] Stall detection triggered.
Shooter.LeftTiltMotor.checkStallReset_INFO [14.098968114] Resetting stall.
Shooter.RightTiltMotor.isMotorStalled_INFO [14.124660299] Stall detection triggered.
Shooter.fieldTriggerCallback_INFO [14.125797666] FieldTriggerCallback: canceled=false, zoneCtxt=(value=146.823904,prevZone=1,currZone=0)
Shooter.RightTiltMotor.checkStallReset_INFO [14.130563775] Resetting stall.
Shooter.setupGoalTrackingMode_INFO [14.130818406] AlliancHub: alliance=Blue, fieldLengthZone=0, fieldWidthZone=3.
Shooter.setupGoalTrackingMode_INFO [14.144540681] GoalTracking(trackingMode=AllianceHub, goalPose=(x=-158.838583,y=182.110000,angle=0.000000), noPassback=true).
Shooter.TurretMotor.pidCtrlTask_INFO [14.144769883] controlMode: Position,onTarget=true(-55.07971954345703/-52.18594053484824), stalled=false, expired=false, event=(TaskAutoShoot.turretReady=SIGNALED)
Climber.Motor.isMotorStalled_INFO [14.159494596] Stall detection triggered.
Climber.Motor.checkStallReset_INFO [14.16397713] Resetting stall.
TaskAutoShoot.autoTask_INFO [14.289667283] <Event name="StateInfo" time="14.289440633" tag="vvvvv" TaskAutoShoot.state="SHOOT" />
TaskAutoShoot.autoTask_INFO [14.290436933] <Event name="StateInfo" time="14.2901561" tag="^^^^^" TaskAutoShoot.state="SHOOT" />
TaskAutoShoot.autoTask_INFO [14.398381241] <Event name="StateInfo" time="14.398167122" tag="vvvvv" TaskAutoShoot.state="SHOOT" />
TaskAutoShoot.autoTask_INFO [14.399627875] <Event name="StateInfo" time="14.399329238" tag="^^^^^" TaskAutoShoot.state="SHOOT" />
TaskAutoShoot.autoTask_INFO [14.497586685] <Event name="StateInfo" time="14.497255626" tag="vvvvv" TaskAutoShoot.state="SHOOT" />
TaskAutoShoot.autoTask_INFO [14.503638809] <Event name="StateInfo" time="14.503312376" tag="^^^^^" TaskAutoShoot.state="SHOOT" />
Shooter.LeftShooter.goalTrackingTask_INFO [14.589484431] Shooter.LeftShooter is Ready: rpm1=4899.347957/4973.142588, rpm2=3053.906250/0.000000, tilt=24.696017/24.594959, pan=null/null
Shooter.RightShooter.goalTrackingTask_INFO [14.618695535] Shooter.RightShooter is Ready: rpm1=4944.212740/4973.142588, rpm2=3038.203125/0.000000, tilt=24.696020/24.594959, pan=null/null
TaskAutoShoot.autoTask_INFO [14.625129303] <Event name="StateInfo" time="14.624907672" tag="vvvvv" TaskAutoShoot.state="SHOOT" />
TaskAutoShoot.runTaskState_INFO [14.626493034] ***** Start left shooter shooting (timedout=false, turretReady=true).
Shooter.shoot_INFO [14.633676347] shoot(owner=null, event=(TaskAutoShoot.leftShooterDone=CLEARED), shooter=leftShooter, autoStop=true)
Shooter.LeftTransferMotor.cancel_INFO [14.639296504] Cancel: stopping motor.
TaskAutoShoot.runTaskState_INFO [14.64031261] ***** Start right shooter shooting (timedout=false, turretReady=true).
Shooter.shoot_INFO [14.640836616] shoot(owner=null, event=(TaskAutoShoot.rightShooterDone=CLEARED), shooter=rightShooter, autoStop=true)
Shooter.RightTransferMotor.cancel_INFO [14.641853782] Cancel: stopping motor.
TaskAutoShoot.autoTask_INFO [14.646251122] <Event name="StateInfo" time="14.646033225" tag="^^^^^" TaskAutoShoot.state="SHOOT" />
Shooter.RightShooter.cancel_INFO [17.039501407] owner=null
Shooter.RightShooter.disableGoalTracking_INFO [17.040107483] Disable Goal Tracking.
Shooter.RightShooter.stopGoalTracking_INFO [17.040515463] Stop GoalTracking.
Shooter.RightTiltMotor.cancel_INFO [17.04100183] Cancel: stopping motor.
Shooter.RightPrimaryMotor.cancel_INFO [17.053385398] Cancel: stopping motor.
Shooter.RightPrimaryMotor.cancel_INFO [17.055550131] Cancel: stopping motor.
Shooter.RightTiltMotor.cancel_INFO [17.060462465] Cancel: stopping motor.
Shooter.RightTransferMotor.cancel_INFO [17.062376558] Cancel: stopping motor.
Shooter.FeederMotor.cancel_INFO [17.062910481] Cancel: stopping motor.
Shooter.LeftShooter.cancel_INFO [17.346010875] owner=null
Shooter.LeftShooter.disableGoalTracking_INFO [17.346662103] Disable Goal Tracking.
Shooter.LeftShooter.stopGoalTracking_INFO [17.353717527] Stop GoalTracking.
Shooter.LeftTiltMotor.cancel_INFO [17.355690029] Cancel: stopping motor.
Shooter.LeftPrimaryMotor.cancel_INFO [17.361263152] Cancel: stopping motor.
Shooter.LeftPrimaryMotor.cancel_INFO [17.365091547] Cancel: stopping motor.
Shooter.LeftTiltMotor.cancel_INFO [17.365840236] Cancel: stopping motor.
Shooter.LeftTransferMotor.cancel_INFO [17.367951419] Cancel: stopping motor.
Shooter.FeederMotor.cancel_INFO [17.368902876] Cancel: stopping motor.
TaskAutoShoot.autoTask_INFO [17.374623775] <Event name="StateInfo" time="17.372715849" tag="vvvvv" TaskAutoShoot.state="DONE" />
TaskAutoShoot.stopSubsystems_INFO [17.377695567] Stopping subsystems.
Shooter.LeftTransferMotor.cancel_INFO [17.378332906] Cancel: stopping motor.
Shooter.RightTransferMotor.cancel_INFO [17.380967046] Cancel: stopping motor.
Shooter.FeederMotor.cancel_INFO [17.382069911] Cancel: stopping motor.
Shooter.LeftShooter.cancel_INFO [17.382604082] owner=null
Shooter.LeftPrimaryMotor.cancel_INFO [17.388272277] Cancel: stopping motor.
Shooter.LeftTiltMotor.cancel_INFO [17.389100577] Cancel: stopping motor.
Shooter.RightShooter.cancel_INFO [17.390450164] owner=null
Shooter.RightPrimaryMotor.cancel_INFO [17.392544194] Cancel: stopping motor.
Shooter.RightTiltMotor.cancel_INFO [17.39479511] Cancel: stopping motor.
Shooter.LeftTransferMotor.cancel_INFO [17.398285698] Cancel: stopping motor.
Shooter.RightTransferMotor.cancel_INFO [17.399577244] Cancel: stopping motor.
Shooter.FeederMotor.cancel_INFO [17.402618093] Cancel: stopping motor.
TaskAutoShoot.autoTask_INFO [17.465451866] <Event name="StateInfo" time="17.465122273" tag="^^^^^" TaskAutoShoot.state="DONE" />
CmdDcmpAuto.cmdPeriodic_INFO [17.481915832] <Event name="StateInfo" time="17.481369472" tag="vvvvv" CmdDcmpAuto.state="DONE" />
CmdDcmpAuto.cmdPeriodic_INFO [17.486087951] <Event name="StateInfo" time="17.484653254" tag="^^^^^" CmdDcmpAuto.state="DONE" />
Shooter.LeftTiltMotor.pidCtrlTask_INFO [17.531378995] controlMode: Position,onTarget=true(17.067240255398858/17.0), stalled=false, expired=false, event=(stopLeftTilt=SIGNALED)
Shooter.RightTiltMotor.pidCtrlTask_INFO [17.552774013] controlMode: Position,onTarget=true(17.97637089876304/17.0), stalled=false, expired=false, event=(stopRightTilt=SIGNALED)
FrcRobot.startCompetition_INFO [20.757149192] *** Transitioning from AUTO_MODE to DISABLED_MODE ***
Robot.cancelAll_INFO [20.760528436] Cancel all operations.
Shooter.LeftShooter.cancel_INFO [20.762282568] owner=null
Shooter.LeftPrimaryMotor.cancel_INFO [20.763356806] Cancel: stopping motor.
Shooter.LeftTiltMotor.cancel_INFO [20.764328926] Cancel: stopping motor.
Shooter.RightShooter.cancel_INFO [20.76530418] owner=null
Shooter.RightPrimaryMotor.cancel_INFO [20.765835787] Cancel: stopping motor.
Shooter.RightTiltMotor.cancel_INFO [20.766750378] Cancel: stopping motor.
Shooter.LeftTransferMotor.cancel_INFO [20.768103235] Cancel: stopping motor.
Shooter.RightTransferMotor.cancel_INFO [20.770147902] Cancel: stopping motor.
Shooter.FeederMotor.cancel_INFO [20.77091085] Cancel: stopping motor.
Shooter.LeftTiltMotor.pidCtrlTask_INFO [20.807584293] controlMode: Position,onTarget=true(16.9881855050424/17.0), stalled=false, expired=false, event=(stopLeftTilt=SIGNALED)
Shooter.RightTiltMotor.pidCtrlTask_INFO [20.829854828] controlMode: Position,onTarget=true(16.94865898333098/17.0), stalled=false, expired=false, event=(stopRightTilt=SIGNALED)
Climber.Motor.isMotorStalled_INFO [20.839266276] Stall detection triggered.
Intake.IntakeMotor.cancel_INFO [20.840123242] Cancel: stopping motor.
Climber.Motor.checkStallReset_INFO [20.84445404] Resetting stall.
Climber.Motor.cancel_INFO [20.847035401] Cancel: stopping motor.
TaskAutoShoot.cancel_INFO [20.849987838] Canceling auto task operation.
TaskAutoClimb.cancel_INFO [20.852130359] Canceling auto task operation.
FrcRobot.printPerformanceMetrics_INFO [20.892929859] [FrcRobot] Loop Performance Metrics:
Average Loop Interval = 0.001630s (freq=613.533Hz, min=0.000849s, max=0.422711s)
[03]                StartTask=0.000000s
[04]          PrePeriodicTask=0.000111s
[07]               UpdateTask=0.001014s
[02]                StartMode=0.000000s
[06]         PostPeriodicTask=0.000187s
[08]                 StopTask=0.000000s
[09]                 StopMode=0.000000s
[00]                RobotInit=17.734812s
[01]           RobotStartMode=0.000003s
[05]                 Periodic=0.000254s
[10]            RobotStopMode=0.000001s

TrcTaskMgr.printTaskPerformanceMetrics_INFO [20.897973953] FrcDashboard.task: STANDALONE_TASK=3.784649111980556E-4/0.010523293769162369
TrcTaskMgr.printTaskPerformanceMetrics_INFO [20.902205239] TrcWatchdogMgr: STANDALONE_TASK=1.2535181460674157E-4/0.9947211446629213
TrcTaskMgr.printTaskPerformanceMetrics_INFO [20.904807882] flDriveMotor.pidCtrlTask: OUTPUT_TASK=2.2212210354911604E-5/0.011798586385418051
TrcTaskMgr.printTaskPerformanceMetrics_INFO [20.906484427] flDriveMotor.odometryCleanupTask: STOP_TASK=6.36025E-5/10.4199021755
TrcTaskMgr.printTaskPerformanceMetrics_INFO [20.908934229] frDriveMotor.pidCtrlTask: OUTPUT_TASK=8.116888209490895E-6/0.011798577136049447
TrcTaskMgr.printTaskPerformanceMetrics_INFO [20.911083508] blDriveMotor.pidCtrlTask: OUTPUT_TASK=6.9766990097693886E-6/0.011798650124609556
TrcTaskMgr.printTaskPerformanceMetrics_INFO [20.913186319] brDriveMotor.pidCtrlTask: OUTPUT_TASK=8.106275403734963E-6/0.011798649530072439
TrcTaskMgr.printTaskPerformanceMetrics_INFO [20.91551721] flSteerMotor.pidCtrlTask: OUTPUT_TASK=1.2410504751777763E-5/0.011798649013291687
TrcTaskMgr.printTaskPerformanceMetrics_INFO [20.917859151] frSteerMotor.pidCtrlTask: OUTPUT_TASK=1.217476526882435E-5/0.01179865465873596
TrcTaskMgr.printTaskPerformanceMetrics_INFO [20.920081304] blSteerMotor.pidCtrlTask: OUTPUT_TASK=1.0670275403734965E-5/0.01179865703050442
TrcTaskMgr.printTaskPerformanceMetrics_INFO [20.92254058] brSteerMotor.pidCtrlTask: OUTPUT_TASK=1.1189921911344454E-5/0.01179865896444474
TrcTaskMgr.printTaskPerformanceMetrics_INFO [20.9249611] FrcSwerveDrive.odometryTask: INPUT_TASK=0.002949159218390805/0.02175337719644723
TrcTaskMgr.printTaskPerformanceMetrics_INFO [20.927260355] FrcSwerveDrive.stopTask: STOP_TASK=0.003417473/10.420057196
TrcTaskMgr.printTaskPerformanceMetrics_INFO [20.929093616] purePursuitDrive.driveTask: OUTPUT_TASK=0.007992646408450705/0.04703013416197183
TrcTaskMgr.printTaskPerformanceMetrics_INFO [20.931240162] LED: OUTPUT_TASK=4.588601860712387E-5/0.011798690522727273
TrcTaskMgr.printTaskPerformanceMetrics_INFO [20.933488713] LED.ledTask: OUTPUT_TASK=2.750483156358978E-4/0.01111518588854886
TrcTaskMgr.printTaskPerformanceMetrics_INFO [20.937152124] Shooter.LeftPrimaryMotor.pidCtrlTask: OUTPUT_TASK=1.2884846634327861E-5/0.011798506538507541
TrcTaskMgr.printTaskPerformanceMetrics_INFO [20.939569856] Shooter.LeftFollowerMotor.pidCtrlTask: OUTPUT_TASK=5.367081733005515E-6/0.011798505525948567
TrcTaskMgr.printTaskPerformanceMetrics_INFO [20.941662167] Shooter.LeftTiltMotor.pidCtrlTask: OUTPUT_TASK=2.483233451392119E-4/0.011798505032493854
TrcTaskMgr.printTaskPerformanceMetrics_INFO [20.944843766] Shooter.LeftShooter.ShooterMotor1VelTrigger.triggerTask: PRE_PERIODIC_TASK=2.3232782352941177E-4/0.14182151495588233
TrcTaskMgr.printTaskPerformanceMetrics_INFO [20.947422119] Shooter.LeftShooter.goalTracking: POST_PERIODIC_TASK=0.043000775483471074/0.06503504843801652
TrcTaskMgr.printTaskPerformanceMetrics_INFO [20.949953793] Shooter.LeftTransferMotor.pidCtrlTask: OUTPUT_TASK=7.676419202657808E-6/0.01179836486318937
TrcTaskMgr.printTaskPerformanceMetrics_INFO [20.952984991] Shooter.RightPrimaryMotor.pidCtrlTask: OUTPUT_TASK=1.0262794352159468E-5/0.011798364137009966
TrcTaskMgr.printTaskPerformanceMetrics_INFO [20.955196088] Shooter.RightFollowerMotor.pidCtrlTask: OUTPUT_TASK=6.382704405022922E-6/0.01179831065583682
TrcTaskMgr.printTaskPerformanceMetrics_INFO [20.95863836] Shooter.RightTiltMotor.pidCtrlTask: OUTPUT_TASK=2.10241235466082E-4/0.011798310266892565
TrcTaskMgr.printTaskPerformanceMetrics_INFO [20.961036772] Shooter.RightShooter.ShooterMotor1VelTrigger.triggerTask: PRE_PERIODIC_TASK=1.002820625E-4/0.14589512640625
TrcTaskMgr.printTaskPerformanceMetrics_INFO [20.96315416] Shooter.RightShooter.goalTracking: POST_PERIODIC_TASK=0.009073378222689076/0.06477045964285714
TrcTaskMgr.printTaskPerformanceMetrics_INFO [20.965469826] Shooter.RightTransferMotor.pidCtrlTask: OUTPUT_TASK=6.659724071490267E-6/0.011798300722543353
TrcTaskMgr.printTaskPerformanceMetrics_INFO [20.968523032] Shooter.TurretMotor.pidCtrlTask: OUTPUT_TASK=4.8476209527606136E-4/0.01179829973716032
TrcTaskMgr.printTaskPerformanceMetrics_INFO [20.971320258] Shooter.FeederMotor.pidCtrlTask: OUTPUT_TASK=6.25946120116928E-6/0.01179849422083444
TrcTaskMgr.printTaskPerformanceMetrics_INFO [20.974413509] ShooterfieldLengthTrigger.triggerTask: PRE_PERIODIC_TASK=1.739433941337548E-5/0.0016272878407457775
TrcTaskMgr.printTaskPerformanceMetrics_INFO [20.976088541] ShooterfieldWidthTrigger.triggerTask: PRE_PERIODIC_TASK=5.911262492419091E-6/0.001627287141905427
TrcTaskMgr.printTaskPerformanceMetrics_INFO [20.978764543] Intake.IntakeMotor.pidCtrlTask: OUTPUT_TASK=6.699683165027904E-6/0.011798515943263354
TrcTaskMgr.printTaskPerformanceMetrics_INFO [20.981830088] Climber.Motor.pidCtrlTask: OUTPUT_TASK=7.140329001395256E-5/0.0117992995224902
TrcTaskMgr.printTaskPerformanceMetrics_INFO [20.984535417] TaskAutoShoot: POST_PERIODIC_TASK=0.003957026238095238/0.12874056307142856
