Robot.robotStartMode_INFO [0.053436442] Fri Apr 10 22:00:18 UTC 2026: ***** TELEOP_MODE *****
Robot.robotStartMode_INFO [0.063496808] <BuildInfo Host="TRC492-DS2024" User="User" Timestamp="2026-04-10 13:38:01" Branch="dev" />
FrcRobot.startCompetition_INFO [0.37500936] *** Transitioning from TELEOP_MODE to DISABLED_MODE ***
Robot.cancelAll_INFO [0.377494202] Cancel all operations.
Shooter.LeftShooter.cancel_INFO [0.382023365] owner=null
Shooter.LeftPrimaryMotor.cancel_INFO [0.383500842] Cancel: stopping motor.
Shooter.LeftTiltMotor.cancel_INFO [0.385375198] Cancel: stopping motor.
Shooter.RightShooter.cancel_INFO [0.386718766] owner=null
Shooter.RightPrimaryMotor.cancel_INFO [0.387991844] Cancel: stopping motor.
Shooter.RightTiltMotor.cancel_INFO [0.389809436] Cancel: stopping motor.
Shooter.LeftTransferMotor.cancel_INFO [0.391710113] Cancel: stopping motor.
Shooter.RightTransferMotor.cancel_INFO [0.392690993] Cancel: stopping motor.
Shooter.FeederMotor.cancel_INFO [0.39455553] Cancel: stopping motor.
Shooter.LeftTiltMotor.pidCtrlTask_INFO [0.419777198] controlMode: Position,onTarget=true(16.9881855050424/17.0), stalled=false, expired=false, event=(stopLeftTilt=SIGNALED)
Intake.IntakeMotor.cancel_INFO [0.455564411] Cancel: stopping motor.
Shooter.RightTiltMotor.pidCtrlTask_INFO [0.45539504] controlMode: Position,onTarget=true(16.948655717892755/17.0), stalled=false, expired=false, event=(stopRightTilt=SIGNALED)
Climber.Motor.cancel_INFO [0.461977485] Cancel: stopping motor.
TaskAutoShoot.cancel_INFO [0.469931148] Canceling auto task operation.
TaskAutoClimb.cancel_INFO [0.474801166] Canceling auto task operation.
FrcRobot.printPerformanceMetrics_INFO [0.486551208] [FrcRobot] Loop Performance Metrics:
Average Loop Interval = 0.002213s (freq=451.921Hz, min=0.000860s, max=0.409833s)
[03]                StartTask=0.000000s
[04]          PrePeriodicTask=0.000131s
[07]               UpdateTask=0.001125s
[02]                StartMode=0.000002s
[06]         PostPeriodicTask=0.000524s
[08]                 StopTask=0.000000s
[09]                 StopMode=0.000000s
[00]                RobotInit=17.504843s
[01]           RobotStartMode=0.000012s
[05]                 Periodic=0.000313s
[10]            RobotStopMode=0.000011s

TrcTaskMgr.printTaskPerformanceMetrics_INFO [0.494739807] FrcDashboard.task: STANDALONE_TASK=6.487401478224456E-4/0.010722257102037967
TrcTaskMgr.printTaskPerformanceMetrics_INFO [0.496670194] TrcWatchdogMgr: STANDALONE_TASK=1.855537142857143E-4/0.9874769466103895
TrcTaskMgr.printTaskPerformanceMetrics_INFO [0.498906704] DriverController.buttonEventTask: PRE_PERIODIC_TASK=1.6068808823529412E-5/0.0038527399852941176
TrcTaskMgr.printTaskPerformanceMetrics_INFO [0.500661505] OperatorController.buttonEventTask: PRE_PERIODIC_TASK=7.1765E-6/0.003850221338235294
TrcTaskMgr.printTaskPerformanceMetrics_INFO [0.502174775] flDriveMotor.pidCtrlTask: OUTPUT_TASK=2.472013974025974E-5/0.013301278147012987
TrcTaskMgr.printTaskPerformanceMetrics_INFO [0.507968109] flDriveMotor.odometryCleanupTask: STOP_TASK=3.515225E-5/6.35619558825
TrcTaskMgr.printTaskPerformanceMetrics_INFO [0.509855917] frDriveMotor.pidCtrlTask: OUTPUT_TASK=1.933700034626039E-5/0.013301125730090027
TrcTaskMgr.printTaskPerformanceMetrics_INFO [0.515904219] blDriveMotor.pidCtrlTask: OUTPUT_TASK=1.4570435249307478E-5/0.013301123298476453
TrcTaskMgr.printTaskPerformanceMetrics_INFO [0.519365636] brDriveMotor.pidCtrlTask: OUTPUT_TASK=1.3479924355201662E-5/0.013300616226241995
TrcTaskMgr.printTaskPerformanceMetrics_INFO [0.521473163] flSteerMotor.pidCtrlTask: OUTPUT_TASK=3.86725878483642E-5/0.01330061501488662
TrcTaskMgr.printTaskPerformanceMetrics_INFO [0.53751178] frSteerMotor.pidCtrlTask: OUTPUT_TASK=2.7772939425406715E-5/0.013300431625475943
TrcTaskMgr.printTaskPerformanceMetrics_INFO [0.541780736] blSteerMotor.pidCtrlTask: OUTPUT_TASK=2.2723143302180685E-5/0.013300436952578747
TrcTaskMgr.printTaskPerformanceMetrics_INFO [0.543556491] brSteerMotor.pidCtrlTask: OUTPUT_TASK=2.548064215262156E-5/0.01330027554282748
TrcTaskMgr.printTaskPerformanceMetrics_INFO [0.547430308] FrcSwerveDrive.odometryTask: INPUT_TASK=0.0030807837113276493/0.030926689467722288
TrcTaskMgr.printTaskPerformanceMetrics_INFO [0.57004016] FrcSwerveDrive.stopTask: STOP_TASK=0.0022085845/6.3561706775
TrcTaskMgr.printTaskPerformanceMetrics_INFO [0.576427003] purePursuitDrive.driveTask: OUTPUT_TASK=0.007554052140161725/0.044486639970350406
TrcTaskMgr.printTaskPerformanceMetrics_INFO [0.579076529] LED: OUTPUT_TASK=7.62159932549291E-5/0.013298995342787962
TrcTaskMgr.printTaskPerformanceMetrics_INFO [0.586387522] LED.ledTask: OUTPUT_TASK=3.9023918922229025E-4/0.01549302427352521
TrcTaskMgr.printTaskPerformanceMetrics_INFO [0.587755566] Shooter.LeftPrimaryMotor.pidCtrlTask: OUTPUT_TASK=2.0075408092685458E-5/0.013298412916133494
TrcTaskMgr.printTaskPerformanceMetrics_INFO [0.597122695] Shooter.LeftFollowerMotor.pidCtrlTask: OUTPUT_TASK=5.573235995850622E-6/0.01329831367946058
TrcTaskMgr.printTaskPerformanceMetrics_INFO [0.598728551] Shooter.LeftTiltMotor.pidCtrlTask: OUTPUT_TASK=4.671712567427386E-4/0.013298286302731674
TrcTaskMgr.printTaskPerformanceMetrics_INFO [0.6030998] Shooter.LeftShooter.ShooterMotor1VelTrigger.triggerTask: PRE_PERIODIC_TASK=1.9411129999999998E-4/0.20636801065000002
TrcTaskMgr.printTaskPerformanceMetrics_INFO [0.606650312] Shooter.LeftShooter.goalTracking: POST_PERIODIC_TASK=0.040106136612499996/0.058251333240625
TrcTaskMgr.printTaskPerformanceMetrics_INFO [0.608868066] Shooter.LeftTransferMotor.pidCtrlTask: OUTPUT_TASK=6.049658945548833E-6/0.013297457457735523
TrcTaskMgr.printTaskPerformanceMetrics_INFO [0.611008756] Shooter.RightPrimaryMotor.pidCtrlTask: OUTPUT_TASK=1.83009363872083E-5/0.013297454775972342
TrcTaskMgr.printTaskPerformanceMetrics_INFO [0.613086265] Shooter.RightFollowerMotor.pidCtrlTask: OUTPUT_TASK=5.913948487467588E-6/0.013297453675194469
TrcTaskMgr.printTaskPerformanceMetrics_INFO [0.614838493] Shooter.RightTiltMotor.pidCtrlTask: OUTPUT_TASK=4.437894573898012E-4/0.01329745253880726
TrcTaskMgr.printTaskPerformanceMetrics_INFO [0.618645152] Shooter.RightShooter.ShooterMotor1VelTrigger.triggerTask: PRE_PERIODIC_TASK=8.261743939393939E-5/0.1911517686060606
TrcTaskMgr.printTaskPerformanceMetrics_INFO [0.620823745] Shooter.RightShooter.goalTracking: POST_PERIODIC_TASK=0.006991320742331289/0.057898591312883434
TrcTaskMgr.printTaskPerformanceMetrics_INFO [0.623073734] Shooter.RightTransferMotor.pidCtrlTask: OUTPUT_TASK=5.8703772900103695E-6/0.013296995510888351
TrcTaskMgr.printTaskPerformanceMetrics_INFO [0.625185812] Shooter.TurretMotor.pidCtrlTask: OUTPUT_TASK=0.0015256215062219149/0.013296993685101972
TrcTaskMgr.printTaskPerformanceMetrics_INFO [0.627409338] Shooter.FeederMotor.pidCtrlTask: OUTPUT_TASK=8.490302799861734E-6/0.013296782412374697
TrcTaskMgr.printTaskPerformanceMetrics_INFO [0.631465825] ShooterfieldLengthTrigger.triggerTask: PRE_PERIODIC_TASK=2.9688608148661127E-5/0.0022041663948522625
TrcTaskMgr.printTaskPerformanceMetrics_INFO [0.633596174] ShooterfieldWidthTrigger.triggerTask: PRE_PERIODIC_TASK=7.671657750461681E-6/0.0022041671620210064
TrcTaskMgr.printTaskPerformanceMetrics_INFO [0.635827029] Intake.IntakeMotor.pidCtrlTask: OUTPUT_TASK=5.214134439260412E-6/0.013296355341800587
TrcTaskMgr.printTaskPerformanceMetrics_INFO [0.637356492] Climber.Motor.pidCtrlTask: OUTPUT_TASK=7.450495317090029E-5/0.013296335651287367
TrcTaskMgr.printTaskPerformanceMetrics_INFO [0.641264716] TaskAutoShoot: POST_PERIODIC_TASK=0.003919643235294118/0.16248887014117647
