Robot.robotStartMode_INFO [0.00323253] Fri Apr 10 16:25:59 UTC 2026: ***** AUTO_MODE *****
Robot.robotStartMode_INFO [0.007767979] <BuildInfo Host="TRC492-DS2024" User="User" Timestamp="2026-04-10 08:33:46" Branch="dev" />
FrcAuto.startMode_INFO [0.012384189] <Info name="MatchInfo" date="Fri Apr 10 16:25:59 UTC 2026" event="PNCMP" type="Qualification" match=33 replay=1 alliance="Red" location=2 gameMsg="" />
FrcAuto.startMode_INFO [0.018243757] <Info name="AutoChoices" alliance="Red" strategy="DCMP_AUTO" startPos="START_POS_DEPOT" startDelay=0.0 sec depotPickup="false" outpostPickup="false" neutralZonePickup="true" moveTo="DEPOT" passBack="NONE" climb="false" climbSide="DEPOT" neutralZoneCycles="0.0" type="TRENCH" sweepDistance="PUSH_FUEL" pathFile="DrivePath.csv" xDistance=0.0 ft yDistance=0.0 ft turnDegrees=0.0 deg driveTime=0.0 sec drivePower=0.0"  />
FrcAuto.startMode_ERR [0.023346342] Selecting Dcmp Auto.
Shooter.LeftTiltMotor.isMotorStalled_INFO [0.066865614] Stall detection triggered.
Shooter.LeftTiltMotor.checkStallReset_INFO [0.067901466] Resetting stall.
Shooter.RightTiltMotor.isMotorStalled_INFO [0.070032008] Stall detection triggered.
Shooter.RightTiltMotor.checkStallReset_INFO [0.071428686] Resetting stall.
Shooter.RightTiltMotor.pidCtrlTask_INFO [0.072070651] controlMode: Position,onTarget=true(17.027711977277484/17.0), stalled=false, expired=false, event=(stopRightTilt=SIGNALED)
Shooter.TurretMotor.isMotorStalled_INFO [0.0727468] Stall detection triggered.
Climber.Motor.isMotorStalled_INFO [0.073335158] Stall detection triggered.
Climber.Motor.checkStallReset_INFO [0.074199915] Resetting stall.
Shooter.stopTiltCallback_ERR [0.081612401] StopRightTilt was completed.
Shooter.stopTiltCallback_ERR [0.084088109] StopLeftTilt was completed.
CmdDcmpAuto.cmdPeriodic_INFO [0.089685071] <Event name="StateInfo" time="0.089421705" tag="vvvvv" CmdDcmpAuto.state="START" />
Robot.zeroCalibrate_INFO [0.107328295] Zero calibrate all subsystems.
TrcSubsystem.zeroCalibrateAll_INFO [0.114571142] ZeroCalibrate(Subsystem=Shooter, owner=null, event=null)
Shooter.zeroCalibrate_INFO [0.117180212] ZeroCalibrate left shooter.
Shooter.zeroCalibrate_INFO [0.133540553] ZeroCalibrate right shooter.
TrcSubsystem.zeroCalibrateAll_INFO [0.145256379] ZeroCalibrate(Subsystem=Climber, owner=null, event=null)
CmdDcmpAuto.cmdPeriodic_INFO [0.150184913] <Event name="StateInfo" time="0.149845138" tag="^^^^^" CmdDcmpAuto.state="START" />
CmdDcmpAuto.cmdPeriodic_INFO [0.161579082] <Event name="StateInfo" time="0.161233023" tag="vvvvv" CmdDcmpAuto.state="NEUTRAL_ZONE_PICKUP" />
Climber.Motor.isMotorStalled_INFO [0.241940148] Stall detection triggered.
Climber.Motor.zeroCalibratingMotor_WARN [0.24894663] Stalled, lower limit switch may not exist or might have failed!
Climber.Motor.pidCtrlTask_INFO [0.252523858] Zero calibration done, event=null
Shooter.RightTiltMotor.isMotorStalled_INFO [0.381685929] Stall detection triggered.
Shooter.RightTiltMotor.zeroCalibratingMotor_WARN [0.397805377] Stalled, lower limit switch may not exist or might have failed!
Shooter.RightTiltMotor.pidCtrlTask_INFO [0.402404758] Zero calibration done, event=(Shooter.rightTiltZeroCalCallback=CLEARED)
Shooter.RightTiltMotor.pidCtrlTask_INFO [0.411483047] controlMode: Power,onTarget=false(-0.07234320789575577/null), stalled=false, expired=false, event=(Shooter.rightTiltZeroCalCallback=SIGNALED)
purePursuitDrive.start_INFO [0.414783944] Path=TrcPath(degrees=true, [Waypoint(simple=true,index=0,pose=(x=-17.220000,y=477.610472,angle=-90.000000),vel=0.0), Waypoint(simple=false,index=-1,timestep=0.20104971205682792,pose=(x=-20.364878,y=404.761656,angle=-89.998147),vel=175.0,encPos=0.0,accel=0.0,jerk=0.0), Waypoint(simple=true,index=1,pose=(x=-21.882343,y=369.610696,angle=270.002747),vel=175.0), Waypoint(simple=true,index=2,pose=(x=-55.883781,y=339.612326,angle=290.002747),vel=175.0), Waypoint(simple=true,index=3,pose=(x=-150.883780,y=339.616880,angle=290.002747),vel=175.0), Waypoint(simple=true,index=4,pose=(x=-38.883301,y=349.611511,angle=180.002747),vel=175.0), Waypoint(simple=false,index=-1,timestep=1.1690533151385476,pose=(x=-38.195811,y=366.764454,angle=180.002747),vel=175.0,encPos=0.0,accel=0.0,jerk=0.0), Waypoint(simple=true,index=5,pose=(x=-32.876116,y=499.491223,angle=180.002747),vel=52.24940191045253), Waypoint(simple=true,index=6,pose=(x=-32.875493,y=512.491223,angle=180.002747),vel=0.0)])
DEBUG_PERF.cmdPeriodic_ERR [0.424270685] NeutralZonePickupTimestamps=[0.166864007, 0.167056676, 0.174498638, 0.42282271, 0.422831551, 0.0, 0.0, 0.0]
CmdDcmpAuto.cmdPeriodic_INFO [0.556135318] <Event name="StateInfo" time="0.555590643" tag="^^^^^" CmdDcmpAuto.state="NEUTRAL_ZONE_PICKUP" RobotPose=(x=-17.220000,y=477.610472,angle=-89.997253) TargetPose=(x=-32.875493,y=512.491223,angle=180.002747) vel=(x=-0.000000,y=0.000000,angle=-0.000000) Path=TrcPath(degrees=true, [Waypoint(simple=true,index=0,pose=(x=0.000000,y=0.000000,angle=0.000000),vel=0.0), Waypoint(simple=false,index=-1,timestep=0.20104971205682792,pose=(x=-72.848816,y=3.144878,angle=0.001853),vel=175.0,encPos=0.0,accel=0.0,jerk=0.0), Waypoint(simple=true,index=1,pose=(x=-107.999777,y=4.662343,angle=360.002747),vel=175.0), Waypoint(simple=true,index=2,pose=(x=-137.998147,y=38.663781,angle=380.002747),vel=175.0), Waypoint(simple=true,index=3,pose=(x=-137.993593,y=133.663780,angle=380.002747),vel=175.0), Waypoint(simple=true,index=4,pose=(x=-127.998962,y=21.663301,angle=270.002747),vel=175.0), Waypoint(simple=false,index=-1,timestep=1.1690533151385476,pose=(x=-110.846019,y=20.975811,angle=270.002747),vel=175.0,encPos=0.0,accel=0.0,jerk=0.0), Waypoint(simple=true,index=5,pose=(x=21.880751,y=15.656116,angle=270.002747),vel=52.24940191045253), Waypoint(simple=true,index=6,pose=(x=34.880751,y=15.655493,angle=270.002747),vel=0.0)]) />
CmdDcmpAuto.lambda$cmdPeriodic$2_INFO [0.564773668] WaypointHandler: index=0
Robot.setRelocalizationMode_INFO [0.570258529] setRelocalizationMode to OneShot
Shooter.LeftTiltMotor.isMotorStalled_INFO [0.571459983] Stall detection triggered.
Shooter.RightTiltMotor.isMotorStalled_INFO [0.577298976] Stall detection triggered.
Shooter.RightTiltMotor.checkStallReset_INFO [0.583525208] Resetting stall.
Shooter.TurretMotor.isMotorStalled_INFO [0.587987094] Stall detection triggered.
Climber.Motor.isMotorStalled_INFO [0.592966097] Stall detection triggered.
Climber.Motor.checkStallReset_INFO [0.598838224] Resetting stall.
OV9782_RightShooter.getRobotEstimatedInfo_ERR [0.65517147] [fpgaTime=333575579] PhotonVision.getAllUnreadResults threw an exception.
Index 328 out of bounds for length 328
TrcDbgTrace.getRobotEstimatedInfo_ERR [0.66572229] Stack Trace (depth=18):
org.photonvision.common.dataflow.structures.Packet.decodeByte(Packet.java:297)
org.photonvision.common.dataflow.structures.Packet.decodeList(Packet.java:413)
org.photonvision.struct.PhotonTrackedTargetSerde.unpack(PhotonTrackedTargetSerde.java:128)
org.photonvision.struct.PhotonTrackedTargetSerde.unpack(PhotonTrackedTargetSerde.java:43)
org.photonvision.common.dataflow.structures.Packet.decodeList(Packet.java:419)
org.photonvision.struct.PhotonPipelineResultSerde.unpack(PhotonPipelineResultSerde.java:78)
org.photonvision.struct.PhotonPipelineResultSerde.unpack(PhotonPipelineResultSerde.java:43)
org.photonvision.common.networktables.PacketSubscriber.parse(PacketSubscriber.java:66)
org.photonvision.common.networktables.PacketSubscriber.getAllChanges(PacketSubscriber.java:110)
org.photonvision.PhotonCamera.getAllUnreadResults(PhotonCamera.java:262)
frclib.vision.FrcPhotonVision.getRobotEstimatedInfo(FrcPhotonVision.java:750)
frclib.drivebase.FrcSwerveDrive.visionUpdate(FrcSwerveDrive.java:184)
teamcode.Robot.relocalizeRobot(Robot.java:428)
teamcode.Robot.robotPeriodic(Robot.java:489)
frclib.robotcore.FrcRobot.startCompetition(FrcRobot.java:618)
edu.wpi.first.wpilibj.RobotBase.runRobot(RobotBase.java:436)
edu.wpi.first.wpilibj.RobotBase.startRobot(RobotBase.java:527)
teamcode.Main.main(Main.java:33)
Shooter.LeftTiltMotor.zeroCalibratingMotor_WARN [0.691522868] Stalled, lower limit switch may not exist or might have failed!
Shooter.LeftTiltMotor.pidCtrlTask_INFO [0.700422204] Zero calibration done, event=(Shooter.leftTiltZeroCalCallback=CLEARED)
Shooter.LeftTiltMotor.pidCtrlTask_INFO [0.701243311] controlMode: Power,onTarget=false(-0.07527146488428116/null), stalled=false, expired=false, event=(Shooter.leftTiltZeroCalCallback=SIGNALED)
Shooter.RightTiltMotor.isMotorStalled_INFO [0.707134016] Stall detection triggered.
Shooter.RightTiltMotor.checkStallReset_INFO [0.707795687] Resetting stall.
Shooter.TurretMotor.isMotorStalled_INFO [0.714199374] Stall detection triggered.
Climber.Motor.isMotorStalled_INFO [0.716579983] Stall detection triggered.
Climber.Motor.checkStallReset_INFO [0.72005506] Resetting stall.
Shooter.LeftTiltMotor.isMotorStalled_INFO [0.765770831] Stall detection triggered.
Shooter.LeftTiltMotor.checkStallReset_INFO [0.770609977] Resetting stall.
CmdDcmpAuto.lambda$cmdPeriodic$2_INFO [1.620054539] WaypointHandler: index=1
Robot.setRelocalizationMode_INFO [1.621641239] setRelocalizationMode to OneShot
Shooter.enableGoalTracking_INFO [1.642252536] EnableGoalTracking: goalTrackingParams=(trackFlywheel=false,trackTiltPos=false,trackPanPos=true), noPassback=true
Shooter.setupGoalTrackingMode_INFO [1.650469112] AlliancHub: alliance=Red, fieldLengthZone=5, fieldWidthZone=3.
Shooter.setupGoalTrackingMode_INFO [1.653785633] GoalTracking(trackingMode=AllianceHub, goalPose=(x=-158.838583,y=469.110472,angle=180.000000), noPassback=true).
Shooter.LeftShooter.enableGoalTracking_INFO [1.681094262] Enable GoalTracking (trackingParams=(trackFlywheel=false,trackTiltPos=false,trackPanPos=true)).
Shooter.LeftPrimaryMotor.cancel_INFO [1.684398475] Cancel: stopping motor.
Shooter.LeftTiltMotor.cancel_INFO [1.687832409] Cancel: stopping motor.
Shooter.RightShooter.enableGoalTracking_INFO [1.703887701] Enable GoalTracking (trackingParams=(trackFlywheel=false,trackTiltPos=false,trackPanPos=true)).
Shooter.RightPrimaryMotor.cancel_INFO [1.706626537] Cancel: stopping motor.
Shooter.RightTiltMotor.cancel_INFO [1.709087786] Cancel: stopping motor.
Shooter.LeftTiltMotor.isMotorStalled_INFO [1.731870439] Stall detection triggered.
Shooter.LeftTiltMotor.checkStallReset_INFO [1.755089427] Resetting stall.
Shooter.RightTiltMotor.isMotorStalled_INFO [1.760124961] Stall detection triggered.
Shooter.RightTiltMotor.checkStallReset_INFO [1.765774241] Resetting stall.
Shooter.TurretMotor.isMotorStalled_INFO [1.819499326] Stall detection triggered.
Climber.Motor.isMotorStalled_INFO [1.823408636] Stall detection triggered.
Climber.Motor.checkStallReset_INFO [1.826314837] Resetting stall.
Shooter.LeftTiltMotor.isMotorStalled_INFO [1.8427948] Stall detection triggered.
Shooter.LeftTiltMotor.checkStallReset_INFO [1.845037854] Resetting stall.
Shooter.fieldTriggerCallback_INFO [1.970946095] FieldTriggerCallback: canceled=false, zoneCtxt=(value=348.626790,prevZone=5,currZone=4)
Shooter.setupGoalTrackingMode_INFO [1.987682708] AlliancHub: alliance=Red, fieldLengthZone=4, fieldWidthZone=3.
Shooter.setupGoalTrackingMode_INFO [1.993018785] GoalTracking(trackingMode=AllianceHub, goalPose=(x=-158.838583,y=469.110472,angle=180.000000), noPassback=true).
CmdDcmpAuto.lambda$cmdPeriodic$2_INFO [2.002197211] WaypointHandler: index=2
Robot.setRelocalizationMode_INFO [2.003881859] setRelocalizationMode to OneShot
Climber.Motor.isMotorStalled_INFO [2.584635392] Stall detection triggered.
Climber.Motor.checkStallReset_INFO [2.588829997] Resetting stall.
Shooter.fieldTriggerCallback_INFO [3.017509591] FieldTriggerCallback: canceled=false, zoneCtxt=(value=-129.716459,prevZone=3,currZone=2)
Shooter.setupGoalTrackingMode_INFO [3.024348421] AlliancHub: alliance=Red, fieldLengthZone=4, fieldWidthZone=2.
Shooter.setupGoalTrackingMode_INFO [3.027981887] GoalTracking(trackingMode=AllianceHub, goalPose=(x=-158.838583,y=469.110472,angle=180.000000), noPassback=true).
CmdDcmpAuto.lambda$cmdPeriodic$2_INFO [3.283090672] WaypointHandler: index=3
Robot.setRelocalizationMode_INFO [3.283787066] setRelocalizationMode to OneShot
Climber.Motor.isMotorStalled_INFO [3.373493947] Stall detection triggered.
Climber.Motor.checkStallReset_INFO [3.374894645] Resetting stall.
Shooter.fieldTriggerCallback_INFO [3.416203679] FieldTriggerCallback: canceled=false, zoneCtxt=(value=-117.568430,prevZone=2,currZone=3)
Shooter.setupGoalTrackingMode_INFO [3.424566495] AlliancHub: alliance=Red, fieldLengthZone=4, fieldWidthZone=3.
Shooter.setupGoalTrackingMode_INFO [3.425592587] GoalTracking(trackingMode=AllianceHub, goalPose=(x=-158.838583,y=469.110472,angle=180.000000), noPassback=true).
CmdDcmpAuto.lambda$cmdPeriodic$2_INFO [4.229140682] WaypointHandler: index=4
Robot.setRelocalizationMode_INFO [4.235905523] setRelocalizationMode to OneShot
Shooter.fieldTriggerCallback_INFO [4.276413877] FieldTriggerCallback: canceled=false, zoneCtxt=(value=354.259045,prevZone=4,currZone=5)
Shooter.setupGoalTrackingMode_INFO [4.279450016] AlliancHub: alliance=Red, fieldLengthZone=5, fieldWidthZone=3.
Shooter.setupGoalTrackingMode_INFO [4.294379747] GoalTracking(trackingMode=AllianceHub, goalPose=(x=-158.838583,y=469.110472,angle=180.000000), noPassback=true).
Climber.Motor.isMotorStalled_INFO [4.599851981] Stall detection triggered.
Climber.Motor.checkStallReset_INFO [4.600540421] Resetting stall.
Shooter.fieldTriggerCallback_INFO [5.178960337] FieldTriggerCallback: canceled=false, zoneCtxt=(value=442.422008,prevZone=5,currZone=6)
Shooter.setupGoalTrackingMode_INFO [5.189401664] AlliancHub: alliance=Red, fieldLengthZone=6, fieldWidthZone=3.
Shooter.setupGoalTrackingMode_INFO [5.192549486] GoalTracking(trackingMode=AllianceHub, goalPose=(x=-158.838583,y=469.110472,angle=180.000000), noPassback=true).
CmdDcmpAuto.lambda$cmdPeriodic$2_INFO [5.57810991] WaypointHandler: index=5
Robot.setRelocalizationMode_INFO [5.580076062] setRelocalizationMode to OneShot
CmdDcmpAuto.lambda$cmdPeriodic$2_INFO [5.59287022] WaypointHandler: index=-1
Robot.setRelocalizationMode_INFO [5.595302717] setRelocalizationMode to Continuous
Shooter.fieldTriggerCallback_INFO [5.601179609] FieldTriggerCallback: canceled=false, zoneCtxt=(value=505.475987,prevZone=6,currZone=7)
Shooter.setupGoalTrackingMode_INFO [5.602966012] AlliancHub: alliance=Red, fieldLengthZone=7, fieldWidthZone=3.
Shooter.setupGoalTrackingMode_INFO [5.604383009] GoalTracking(trackingMode=AllianceHub, goalPose=(x=-158.838583,y=469.110472,angle=180.000000), noPassback=true).
CmdDcmpAuto.cmdPeriodic_INFO [5.61184699] <Event name="StateInfo" time="5.611589346" tag="vvvvv" CmdDcmpAuto.state="SHOOT_NEUTRAL_FUEL" />
TaskAutoShoot.autoShoot_INFO [5.622421829] autoShoot(owner=null, event=(CmdDcmpAuto=CANCELED), taskParams=(autoStop=true, noPassback=true, noWait=false))
Shooter.enableGoalTracking_INFO [5.624185397] EnableGoalTracking: goalTrackingParams=(trackFlywheel=true,trackTiltPos=true,trackPanPos=true), noPassback=true
Shooter.setupGoalTrackingMode_INFO [5.627055137] AlliancHub: alliance=Red, fieldLengthZone=7, fieldWidthZone=3.
Shooter.setupGoalTrackingMode_INFO [5.632251791] GoalTracking(trackingMode=AllianceHub, goalPose=(x=-158.838583,y=469.110472,angle=180.000000), noPassback=true).
Shooter.LeftShooter.enableGoalTracking_INFO [5.636014568] Enable GoalTracking (trackingParams=(trackFlywheel=true,trackTiltPos=true,trackPanPos=true)).
Shooter.LeftPrimaryMotor.cancel_INFO [5.639096856] Cancel: stopping motor.
Shooter.LeftTiltMotor.cancel_INFO [5.643058102] Cancel: stopping motor.
Shooter.RightShooter.enableGoalTracking_INFO [5.646409049] Enable GoalTracking (trackingParams=(trackFlywheel=true,trackTiltPos=true,trackPanPos=true)).
Shooter.RightPrimaryMotor.cancel_INFO [5.648154235] Cancel: stopping motor.
Shooter.RightTiltMotor.cancel_INFO [5.6599053] Cancel: stopping motor.
CmdDcmpAuto.cmdPeriodic_INFO [5.683086655] <Event name="StateInfo" time="5.675765038" tag="^^^^^" CmdDcmpAuto.state="SHOOT_NEUTRAL_FUEL" />
TaskAutoShoot.autoTask_INFO [5.853764168] <Event name="StateInfo" time="5.853050781" tag="vvvvv" TaskAutoShoot.state="START" />
TaskAutoShoot.runTaskState_INFO [5.871669121] ***** Wait for left Shooter ready.
TaskAutoShoot.runTaskState_INFO [5.873221046] ***** Wait for right Shooter ready.
TaskAutoShoot.runTaskState_INFO [5.88095287] ***** Wait for Turret ready.
TaskAutoShoot.autoTask_INFO [5.882728755] <Event name="StateInfo" time="5.882316654" tag="^^^^^" TaskAutoShoot.state="START" />
Shooter.TurretMotor.pidCtrlTask_INFO [5.945717442] controlMode: Position,onTarget=true(50.178985595703125/51.84956768209), stalled=false, expired=false, event=(TaskAutoShoot.turretReady=SIGNALED)
TaskAutoShoot.autoTask_INFO [5.994976656] <Event name="StateInfo" time="5.994627435" tag="vvvvv" TaskAutoShoot.state="SHOOT" />
TaskAutoShoot.autoTask_INFO [5.995660259] <Event name="StateInfo" time="5.995491052" tag="^^^^^" TaskAutoShoot.state="SHOOT" />
TaskAutoShoot.autoTask_INFO [6.103428804] <Event name="StateInfo" time="6.098313291" tag="vvvvv" TaskAutoShoot.state="SHOOT" />
TaskAutoShoot.autoTask_INFO [6.105109293] <Event name="StateInfo" time="6.104110729" tag="^^^^^" TaskAutoShoot.state="SHOOT" />
TaskAutoShoot.autoTask_INFO [6.21034824] <Event name="StateInfo" time="6.210126776" tag="vvvvv" TaskAutoShoot.state="SHOOT" />
TaskAutoShoot.autoTask_INFO [6.210997874] <Event name="StateInfo" time="6.210814899" tag="^^^^^" TaskAutoShoot.state="SHOOT" />
TaskAutoShoot.autoTask_INFO [6.321186302] <Event name="StateInfo" time="6.320979549" tag="vvvvv" TaskAutoShoot.state="SHOOT" />
TaskAutoShoot.autoTask_INFO [6.322320055] <Event name="StateInfo" time="6.321984104" tag="^^^^^" TaskAutoShoot.state="SHOOT" />
TaskAutoShoot.autoTask_INFO [6.460970723] <Event name="StateInfo" time="6.460460705" tag="vvvvv" TaskAutoShoot.state="SHOOT" />
TaskAutoShoot.autoTask_INFO [6.462915919] <Event name="StateInfo" time="6.462021658" tag="^^^^^" TaskAutoShoot.state="SHOOT" />
TaskAutoShoot.autoTask_INFO [6.574049672] <Event name="StateInfo" time="6.573730167" tag="vvvvv" TaskAutoShoot.state="SHOOT" />
TaskAutoShoot.autoTask_INFO [6.578389454] <Event name="StateInfo" time="6.578190782" tag="^^^^^" TaskAutoShoot.state="SHOOT" />
Shooter.LeftShooter.goalTrackingTask_INFO [6.647110577] Shooter.LeftShooter is Ready: rpm1=5068.584736/5104.186374, rpm2=3128.554688/0.000000, tilt=25.526096/25.556648, pan=null/null
Shooter.RightShooter.goalTrackingTask_INFO [6.690190931] Shooter.RightShooter is Ready: rpm1=5037.539063/5104.186374, rpm2=3143.671875/0.000000, tilt=25.526091/25.556648, pan=null/null
TaskAutoShoot.autoTask_INFO [6.691818004] <Event name="StateInfo" time="6.691619118" tag="vvvvv" TaskAutoShoot.state="SHOOT" />
TaskAutoShoot.runTaskState_INFO [6.693420085] ***** Start left shooter shooting (timedout=false, turretReady=true).
Shooter.shoot_INFO [6.701865136] shoot(owner=null, event=(TaskAutoShoot.leftShooterDone=CLEARED), shooter=leftShooter, autoStop=true)
Shooter.LeftTransferMotor.cancel_INFO [6.732736923] Cancel: stopping motor.
TaskAutoShoot.runTaskState_INFO [6.735005144] ***** Start right shooter shooting (timedout=false, turretReady=true).
Shooter.shoot_INFO [6.737081813] shoot(owner=null, event=(TaskAutoShoot.rightShooterDone=CLEARED), shooter=rightShooter, autoStop=true)
Shooter.RightTransferMotor.cancel_INFO [6.744081301] Cancel: stopping motor.
TaskAutoShoot.autoTask_INFO [6.747571653] <Event name="StateInfo" time="6.747364279" tag="^^^^^" TaskAutoShoot.state="SHOOT" />
Climber.Motor.isMotorStalled_INFO [8.277865332] Stall detection triggered.
Climber.Motor.checkStallReset_INFO [8.279688776] Resetting stall.
Shooter.RightShooter.cancel_INFO [9.087099638] owner=null
Shooter.RightShooter.disableGoalTracking_INFO [9.087990275] Disable Goal Tracking.
Shooter.RightShooter.stopGoalTracking_INFO [9.090419438] Stop GoalTracking.
Shooter.RightTiltMotor.cancel_INFO [9.091470227] Cancel: stopping motor.
Shooter.RightPrimaryMotor.cancel_INFO [9.092627655] Cancel: stopping motor.
Shooter.RightPrimaryMotor.cancel_INFO [9.094181978] Cancel: stopping motor.
Shooter.RightTiltMotor.cancel_INFO [9.094913092] Cancel: stopping motor.
Shooter.RightTransferMotor.cancel_INFO [9.095724026] Cancel: stopping motor.
Shooter.FeederMotor.cancel_INFO [9.096305113] Cancel: stopping motor.
Shooter.LeftShooter.cancel_INFO [9.498066827] owner=null
Shooter.LeftShooter.disableGoalTracking_INFO [9.499443735] Disable Goal Tracking.
Shooter.LeftShooter.stopGoalTracking_INFO [9.501174654] Stop GoalTracking.
Shooter.LeftTiltMotor.cancel_INFO [9.502350613] Cancel: stopping motor.
Shooter.LeftPrimaryMotor.cancel_INFO [9.50335169] Cancel: stopping motor.
Shooter.LeftPrimaryMotor.cancel_INFO [9.504746713] Cancel: stopping motor.
Shooter.LeftTiltMotor.cancel_INFO [9.506212093] Cancel: stopping motor.
Shooter.LeftTransferMotor.cancel_INFO [9.507951777] Cancel: stopping motor.
Shooter.FeederMotor.cancel_INFO [9.509135275] Cancel: stopping motor.
TaskAutoShoot.autoTask_INFO [9.513406778] <Event name="StateInfo" time="9.513121319" tag="vvvvv" TaskAutoShoot.state="DONE" />
TaskAutoShoot.stopSubsystems_INFO [9.517188929] Stopping subsystems.
Shooter.LeftTransferMotor.cancel_INFO [9.518915307] Cancel: stopping motor.
Shooter.RightTransferMotor.cancel_INFO [9.520589607] Cancel: stopping motor.
Shooter.FeederMotor.cancel_INFO [9.521764566] Cancel: stopping motor.
Shooter.LeftShooter.cancel_INFO [9.52338344] owner=null
Shooter.LeftPrimaryMotor.cancel_INFO [9.524572259] Cancel: stopping motor.
Shooter.LeftTiltMotor.cancel_INFO [9.526105199] Cancel: stopping motor.
Shooter.RightShooter.cancel_INFO [9.529701018] owner=null
Shooter.RightPrimaryMotor.cancel_INFO [9.532945414] Cancel: stopping motor.
Shooter.RightTiltMotor.cancel_INFO [9.536469272] Cancel: stopping motor.
Shooter.LeftTransferMotor.cancel_INFO [9.537143771] Cancel: stopping motor.
Shooter.RightTransferMotor.cancel_INFO [9.542097902] Cancel: stopping motor.
Shooter.FeederMotor.cancel_INFO [9.542771665] Cancel: stopping motor.
Shooter.stopTilt_ERR [9.546928601] StopTilt is called
TaskAutoShoot.autoTask_INFO [9.604112274] <Event name="StateInfo" time="9.60296071" tag="^^^^^" TaskAutoShoot.state="DONE" />
CmdDcmpAuto.cmdPeriodic_INFO [9.628088496] <Event name="StateInfo" time="9.627823575" tag="vvvvv" CmdDcmpAuto.state="HUB_PICKUP" />
TaskAutoShoot.cancel_INFO [9.632037417] Canceling auto task operation.
purePursuitDrive.start_INFO [9.657115098] Path=TrcPath(degrees=true, [Waypoint(simple=true,index=0,pose=(x=-21.638316,y=513.013057,angle=178.665565),vel=0.0), Waypoint(simple=false,index=-1,timestep=0.12701540438196798,pose=(x=-23.515739,y=440.120564,angle=179.684038),vel=175.0,encPos=0.0,accel=0.0,jerk=0.0), Waypoint(simple=true,index=1,pose=(x=-24.088047,y=417.900237,angle=179.994507),vel=175.0), Waypoint(simple=true,index=2,pose=(x=-41.078192,y=419.418608,angle=269.994507),vel=175.0), Waypoint(simple=true,index=3,pose=(x=-133.548192,y=419.409743,angle=269.994507),vel=175.0), Waypoint(simple=true,index=4,pose=(x=-178.616328,y=399.965422,angle=89.994507),vel=175.0), Waypoint(simple=true,index=5,pose=(x=-134.734089,y=376.619629,angle=89.994507),vel=175.0), Waypoint(simple=true,index=6,pose=(x=-64.273517,y=370.656384,angle=89.994507),vel=175.0), Waypoint(simple=false,index=-1,timestep=0.09801574770617812,pose=(x=-51.864050,y=376.548383,angle=130.683136),vel=175.0,encPos=0.0,accel=0.0,jerk=0.0), Waypoint(simple=true,index=7,pose=(x=-36.824767,y=383.689016,angle=179.994507),vel=164.7083464908513), Waypoint(simple=true,index=8,pose=(x=-27.385869,y=499.489921,angle=179.994507),vel=52.24940191045253), Waypoint(simple=true,index=9,pose=(x=-27.387115,y=512.489921,angle=179.994507),vel=0.0)])
CmdDcmpAuto.cmdPeriodic_INFO [9.678263453] <Event name="StateInfo" time="9.677454323" tag="^^^^^" CmdDcmpAuto.state="HUB_PICKUP" RobotPose=(x=-21.638316,y=513.013057,angle=178.665565) TargetPose=(x=-27.387115,y=512.489921,angle=179.994507) vel=(x=0.000100,y=-0.005408,angle=-0.013670) Path=TrcPath(degrees=true, [Waypoint(simple=true,index=0,pose=(x=0.000000,y=0.000000,angle=0.000000),vel=0.0), Waypoint(simple=false,index=-1,timestep=0.12701540438196798,pose=(x=3.574447,y=72.829003,angle=1.018474),vel=175.0,encPos=0.0,accel=0.0,jerk=0.0), Waypoint(simple=true,index=1,pose=(x=4.664071,y=95.029975,angle=1.328942),vel=175.0), Waypoint(simple=true,index=2,pose=(x=21.614248,y=93.116346,angle=91.328942),vel=175.0), Waypoint(simple=true,index=3,pose=(x=114.059376,y=90.971751,angle=91.328942),vel=175.0), Waypoint(simple=true,index=4,pose=(x=159.568112,y=109.361243,angle=-88.671058),vel=175.0), Waypoint(simple=true,index=5,pose=(x=116.241456,y=133.722642,angle=-88.671058),vel=175.0), Waypoint(simple=true,index=6,pose=(x=45.938866,y=141.325168,angle=-88.671058),vel=175.0), Waypoint(simple=false,index=-1,timestep=0.09801574770617812,pose=(x=33.395551,y=135.723761,angle=-47.982429),vel=175.0,encPos=0.0,accel=0.0,jerk=0.0), Waypoint(simple=true,index=7,pose=(x=18.194054,y=128.935303,angle=1.328942),vel=164.7083464908513), Waypoint(simple=true,index=8,pose=(x=6.060923,y=13.385618,angle=1.328942),vel=52.24940191045253), Waypoint(simple=true,index=9,pose=(x=5.759423,y=0.389115,angle=1.328942),vel=0.0)]) />
CmdDcmpAuto.lambda$cmdPeriodic$3_INFO [9.692607879] WaypointHandler: index=0
Robot.setRelocalizationMode_INFO [9.698473574] setRelocalizationMode to OneShot
Shooter.LeftTiltMotor.pidCtrlTask_INFO [9.703575243] controlMode: Position,onTarget=true(16.869603416614964/17.0), stalled=false, expired=false, event=(stopLeftTilt=SIGNALED)
Shooter.RightTiltMotor.pidCtrlTask_INFO [9.706396886] controlMode: Position,onTarget=true(17.502041468942974/17.0), stalled=false, expired=false, event=(stopRightTilt=SIGNALED)
Shooter.stopTiltCallback_ERR [9.71735173] StopRightTilt was completed.
Shooter.stopTiltCallback_ERR [9.721651681] StopLeftTilt was completed.
CmdDcmpAuto.lambda$cmdPeriodic$3_INFO [10.673656294] WaypointHandler: index=1
Robot.setRelocalizationMode_INFO [10.680300747] setRelocalizationMode to OneShot
Shooter.enableGoalTracking_INFO [10.680850181] EnableGoalTracking: goalTrackingParams=(trackFlywheel=false,trackTiltPos=false,trackPanPos=true), noPassback=true
Shooter.setupGoalTrackingMode_INFO [10.684372073] AlliancHub: alliance=Red, fieldLengthZone=5, fieldWidthZone=3.
Shooter.setupGoalTrackingMode_INFO [10.686630569] GoalTracking(trackingMode=AllianceHub, goalPose=(x=-158.838583,y=469.110472,angle=180.000000), noPassback=true).
Shooter.LeftShooter.enableGoalTracking_INFO [10.689195083] Enable GoalTracking (trackingParams=(trackFlywheel=false,trackTiltPos=false,trackPanPos=true)).
Shooter.LeftPrimaryMotor.cancel_INFO [10.69210454] Cancel: stopping motor.
Shooter.LeftTiltMotor.cancel_INFO [10.692736677] Cancel: stopping motor.
Shooter.RightShooter.enableGoalTracking_INFO [10.694851657] Enable GoalTracking (trackingParams=(trackFlywheel=false,trackTiltPos=false,trackPanPos=true)).
Shooter.RightPrimaryMotor.cancel_INFO [10.696689782] Cancel: stopping motor.
Shooter.RightTiltMotor.cancel_INFO [10.699060811] Cancel: stopping motor.
Shooter.TurretMotor.isMotorStalled_INFO [10.783440876] Stall detection triggered.
Climber.Motor.isMotorStalled_INFO [10.78486945] Stall detection triggered.
Climber.Motor.checkStallReset_INFO [10.78559108] Resetting stall.
CmdDcmpAuto.lambda$cmdPeriodic$3_INFO [10.894879614] WaypointHandler: index=2
Robot.setRelocalizationMode_INFO [10.895392529] setRelocalizationMode to OneShot
CmdDcmpAuto.lambda$cmdPeriodic$3_INFO [11.995222073] WaypointHandler: index=3
Robot.setRelocalizationMode_INFO [12.000445532] setRelocalizationMode to OneShot
Shooter.fieldTriggerCallback_INFO [12.004937654] FieldTriggerCallback: canceled=false, zoneCtxt=(value=-131.126081,prevZone=3,currZone=2)
Shooter.setupGoalTrackingMode_INFO [12.006558554] AlliancHub: alliance=Red, fieldLengthZone=5, fieldWidthZone=2.
Shooter.setupGoalTrackingMode_INFO [12.009849208] GoalTracking(trackingMode=AllianceHub, goalPose=(x=-158.838583,y=469.110472,angle=180.000000), noPassback=true).
Shooter.fieldTriggerCallback_INFO [12.070106602] FieldTriggerCallback: canceled=false, zoneCtxt=(value=-126.744714,prevZone=2,currZone=3)
Shooter.setupGoalTrackingMode_INFO [12.088865362] AlliancHub: alliance=Red, fieldLengthZone=5, fieldWidthZone=3.
Shooter.setupGoalTrackingMode_INFO [12.096724241] GoalTracking(trackingMode=AllianceHub, goalPose=(x=-158.838583,y=469.110472,angle=180.000000), noPassback=true).
Shooter.fieldTriggerCallback_INFO [12.156558545] FieldTriggerCallback: canceled=false, zoneCtxt=(value=-130.842798,prevZone=3,currZone=2)
Shooter.setupGoalTrackingMode_INFO [12.158326454] AlliancHub: alliance=Red, fieldLengthZone=5, fieldWidthZone=2.
Shooter.setupGoalTrackingMode_INFO [12.16100964] GoalTracking(trackingMode=AllianceHub, goalPose=(x=-158.838583,y=469.110472,angle=180.000000), noPassback=true).
Shooter.fieldTriggerCallback_INFO [12.440099583] FieldTriggerCallback: canceled=false, zoneCtxt=(value=-160.880676,prevZone=2,currZone=1)
Shooter.setupGoalTrackingMode_INFO [12.442522969] AlliancHub: alliance=Red, fieldLengthZone=5, fieldWidthZone=1.
Shooter.setupGoalTrackingMode_INFO [12.444325879] GoalTracking(trackingMode=AllianceHub, goalPose=(x=-158.838583,y=469.110472,angle=180.000000), noPassback=true).
CmdDcmpAuto.lambda$cmdPeriodic$3_INFO [12.608588344] WaypointHandler: index=4
Robot.setRelocalizationMode_INFO [12.611891079] setRelocalizationMode to OneShot
Shooter.fieldTriggerCallback_INFO [13.235230109] FieldTriggerCallback: canceled=false, zoneCtxt=(value=-157.539957,prevZone=1,currZone=2)
Shooter.setupGoalTrackingMode_INFO [13.236980094] AlliancHub: alliance=Red, fieldLengthZone=5, fieldWidthZone=2.
Shooter.setupGoalTrackingMode_INFO [13.240253452] GoalTracking(trackingMode=AllianceHub, goalPose=(x=-158.838583,y=469.110472,angle=180.000000), noPassback=true).
CmdDcmpAuto.lambda$cmdPeriodic$3_INFO [13.487695351] WaypointHandler: index=5
Robot.setRelocalizationMode_INFO [13.491198121] setRelocalizationMode to OneShot
Shooter.fieldTriggerCallback_INFO [13.626731249] FieldTriggerCallback: canceled=false, zoneCtxt=(value=-127.286260,prevZone=2,currZone=3)
Shooter.setupGoalTrackingMode_INFO [13.627408095] AlliancHub: alliance=Red, fieldLengthZone=5, fieldWidthZone=3.
Shooter.setupGoalTrackingMode_INFO [13.638557235] GoalTracking(trackingMode=AllianceHub, goalPose=(x=-158.838583,y=469.110472,angle=180.000000), noPassback=true).
CmdDcmpAuto.lambda$cmdPeriodic$3_INFO [14.230967352] WaypointHandler: index=6
Robot.setRelocalizationMode_INFO [14.233910851] setRelocalizationMode to OneShot
CmdDcmpAuto.lambda$cmdPeriodic$3_INFO [14.524692389] WaypointHandler: index=7
Robot.setRelocalizationMode_INFO [14.527386214] setRelocalizationMode to OneShot
Shooter.fieldTriggerCallback_INFO [15.121088506] FieldTriggerCallback: canceled=false, zoneCtxt=(value=436.439733,prevZone=5,currZone=6)
Shooter.setupGoalTrackingMode_INFO [15.12323247] AlliancHub: alliance=Red, fieldLengthZone=6, fieldWidthZone=3.
Shooter.setupGoalTrackingMode_INFO [15.124562592] GoalTracking(trackingMode=AllianceHub, goalPose=(x=-158.838583,y=469.110472,angle=180.000000), noPassback=true).
CmdDcmpAuto.lambda$cmdPeriodic$3_INFO [15.597458926] WaypointHandler: index=8
Robot.setRelocalizationMode_INFO [15.598244838] setRelocalizationMode to OneShot
CmdDcmpAuto.lambda$cmdPeriodic$3_INFO [15.608705626] WaypointHandler: index=-1
Robot.setRelocalizationMode_INFO [15.609511684] setRelocalizationMode to Continuous
Shooter.fieldTriggerCallback_INFO [15.625791215] FieldTriggerCallback: canceled=false, zoneCtxt=(value=501.180694,prevZone=6,currZone=7)
Shooter.setupGoalTrackingMode_INFO [15.649412156] AlliancHub: alliance=Red, fieldLengthZone=7, fieldWidthZone=3.
Shooter.setupGoalTrackingMode_INFO [15.651270961] GoalTracking(trackingMode=AllianceHub, goalPose=(x=-158.838583,y=469.110472,angle=180.000000), noPassback=true).
CmdDcmpAuto.cmdPeriodic_INFO [15.655682091] <Event name="StateInfo" time="15.655291999" tag="vvvvv" CmdDcmpAuto.state="SHOOT_HUB_FUEL" />
TaskAutoShoot.autoShoot_INFO [15.658717309] autoShoot(owner=null, event=(CmdDcmpAuto=CANCELED), taskParams=(autoStop=true, noPassback=true, noWait=false))
Shooter.enableGoalTracking_INFO [15.660507255] EnableGoalTracking: goalTrackingParams=(trackFlywheel=true,trackTiltPos=true,trackPanPos=true), noPassback=true
Shooter.setupGoalTrackingMode_INFO [15.66163831] AlliancHub: alliance=Red, fieldLengthZone=7, fieldWidthZone=3.
Shooter.setupGoalTrackingMode_INFO [15.666285347] GoalTracking(trackingMode=AllianceHub, goalPose=(x=-158.838583,y=469.110472,angle=180.000000), noPassback=true).
Shooter.LeftShooter.enableGoalTracking_INFO [15.668547615] Enable GoalTracking (trackingParams=(trackFlywheel=true,trackTiltPos=true,trackPanPos=true)).
Shooter.LeftPrimaryMotor.cancel_INFO [15.675144855] Cancel: stopping motor.
Shooter.LeftTiltMotor.cancel_INFO [15.677305012] Cancel: stopping motor.
Shooter.RightShooter.enableGoalTracking_INFO [15.68016716] Enable GoalTracking (trackingParams=(trackFlywheel=true,trackTiltPos=true,trackPanPos=true)).
Shooter.RightPrimaryMotor.cancel_INFO [15.682084873] Cancel: stopping motor.
Shooter.RightTiltMotor.cancel_INFO [15.68490577] Cancel: stopping motor.
CmdDcmpAuto.cmdPeriodic_INFO [15.688300914] <Event name="StateInfo" time="15.688067614" tag="^^^^^" CmdDcmpAuto.state="SHOOT_HUB_FUEL" />
TaskAutoShoot.autoTask_INFO [15.800454892] <Event name="StateInfo" time="15.798036278" tag="vvvvv" TaskAutoShoot.state="START" />
TaskAutoShoot.runTaskState_INFO [15.802342764] ***** Wait for left Shooter ready.
TaskAutoShoot.runTaskState_INFO [15.805075023] ***** Wait for right Shooter ready.
TaskAutoShoot.runTaskState_INFO [15.810435061] ***** Wait for Turret ready.
TaskAutoShoot.autoTask_INFO [15.812761637] <Event name="StateInfo" time="15.81256345" tag="^^^^^" TaskAutoShoot.state="START" />
Shooter.TurretMotor.pidCtrlTask_INFO [15.931080661] controlMode: Position,onTarget=true(49.35893249511719/49.35830733978413), stalled=false, expired=false, event=(TaskAutoShoot.turretReady=SIGNALED)
TaskAutoShoot.autoTask_INFO [16.042469128] <Event name="StateInfo" time="16.032106143" tag="vvvvv" TaskAutoShoot.state="SHOOT" />
TaskAutoShoot.autoTask_INFO [16.044427875] <Event name="StateInfo" time="16.044227288" tag="^^^^^" TaskAutoShoot.state="SHOOT" />
TaskAutoShoot.autoTask_INFO [16.123279066] <Event name="StateInfo" time="16.123063869" tag="vvvvv" TaskAutoShoot.state="SHOOT" />
TaskAutoShoot.autoTask_INFO [16.124025704] <Event name="StateInfo" time="16.123837274" tag="^^^^^" TaskAutoShoot.state="SHOOT" />
TaskAutoShoot.autoTask_INFO [16.226774572] <Event name="StateInfo" time="16.226582099" tag="vvvvv" TaskAutoShoot.state="SHOOT" />
TaskAutoShoot.autoTask_INFO [16.242730368] <Event name="StateInfo" time="16.242516602" tag="^^^^^" TaskAutoShoot.state="SHOOT" />
TaskAutoShoot.autoTask_INFO [16.358506158] <Event name="StateInfo" time="16.357793415" tag="vvvvv" TaskAutoShoot.state="SHOOT" />
TaskAutoShoot.autoTask_INFO [16.361636792] <Event name="StateInfo" time="16.361386638" tag="^^^^^" TaskAutoShoot.state="SHOOT" />
TaskAutoShoot.autoTask_INFO [16.474918555] <Event name="StateInfo" time="16.474695802" tag="vvvvv" TaskAutoShoot.state="SHOOT" />
TaskAutoShoot.autoTask_INFO [16.477431495] <Event name="StateInfo" time="16.47658208" tag="^^^^^" TaskAutoShoot.state="SHOOT" />
Shooter.LeftShooter.goalTrackingTask_INFO [16.551750294] Shooter.LeftShooter is Ready: rpm1=5053.251202/5134.181337, rpm2=3139.101563/0.000000, tilt=25.802786/25.781808, pan=null/null
Shooter.RightShooter.goalTrackingTask_INFO [16.590903659] Shooter.RightShooter is Ready: rpm1=5078.807091/5134.181337, rpm2=3125.507813/0.000000, tilt=25.802782/25.781808, pan=null/null
TaskAutoShoot.autoTask_INFO [16.5969587] <Event name="StateInfo" time="16.596057661" tag="vvvvv" TaskAutoShoot.state="SHOOT" />
TaskAutoShoot.runTaskState_INFO [16.602130492] ***** Start left shooter shooting (timedout=false, turretReady=true).
Shooter.shoot_INFO [16.607788391] shoot(owner=null, event=(TaskAutoShoot.leftShooterDone=CLEARED), shooter=leftShooter, autoStop=true)
Shooter.LeftTransferMotor.cancel_INFO [16.617391836] Cancel: stopping motor.
TaskAutoShoot.runTaskState_INFO [16.624275563] ***** Start right shooter shooting (timedout=false, turretReady=true).
Shooter.shoot_INFO [16.631094143] shoot(owner=null, event=(TaskAutoShoot.rightShooterDone=CLEARED), shooter=rightShooter, autoStop=true)
Shooter.RightTransferMotor.cancel_INFO [16.635615837] Cancel: stopping motor.
TaskAutoShoot.autoTask_INFO [16.640357093] <Event name="StateInfo" time="16.640146077" tag="^^^^^" TaskAutoShoot.state="SHOOT" />
Climber.Motor.isMotorStalled_INFO [17.311094516] Stall detection triggered.
Climber.Motor.checkStallReset_INFO [17.313068922] Resetting stall.
Shooter.LeftTiltMotor.isMotorStalled_INFO [17.342295183] Stall detection triggered.
Shooter.LeftTiltMotor.checkStallReset_INFO [17.342874679] Resetting stall.
Shooter.RightTiltMotor.isMotorStalled_INFO [17.369840277] Stall detection triggered.
Shooter.RightTiltMotor.checkStallReset_INFO [17.371144723] Resetting stall.
FrcRobot.startCompetition_INFO [20.106596965] *** Transitioning from AUTO_MODE to DISABLED_MODE ***
Shooter.LeftShooter.disableGoalTracking_INFO [20.110564887] Disable Goal Tracking.
Shooter.LeftShooter.stopGoalTracking_INFO [20.112689566] Stop GoalTracking.
Shooter.LeftTiltMotor.cancel_INFO [20.113233842] Cancel: stopping motor.
Shooter.LeftPrimaryMotor.cancel_INFO [20.11388586] Cancel: stopping motor.
Shooter.RightShooter.disableGoalTracking_INFO [20.11502631] Disable Goal Tracking.
Shooter.RightShooter.stopGoalTracking_INFO [20.116218916] Stop GoalTracking.
Shooter.RightTiltMotor.cancel_INFO [20.117311003] Cancel: stopping motor.
Shooter.RightPrimaryMotor.cancel_INFO [20.118304066] Cancel: stopping motor.
Robot.cancelAll_INFO [20.119895725] Cancel all operations.
Shooter.LeftShooter.cancel_INFO [20.122380521] owner=null
Shooter.LeftPrimaryMotor.cancel_INFO [20.124054233] Cancel: stopping motor.
Shooter.LeftTiltMotor.cancel_INFO [20.125677247] Cancel: stopping motor.
Shooter.RightShooter.cancel_INFO [20.127653028] owner=null
Shooter.RightPrimaryMotor.cancel_INFO [20.128852403] Cancel: stopping motor.
Shooter.RightTiltMotor.cancel_INFO [20.130186775] Cancel: stopping motor.
Shooter.LeftTransferMotor.cancel_INFO [20.133954369] Cancel: stopping motor.
Shooter.RightTransferMotor.cancel_INFO [20.135131361] Cancel: stopping motor.
Shooter.FeederMotor.cancel_INFO [20.136202848] Cancel: stopping motor.
Shooter.stopTilt_ERR [20.137522103] StopTilt is called
Intake.IntakeMotor.cancel_INFO [20.221072435] Cancel: stopping motor.
Climber.Motor.cancel_INFO [20.223365808] Cancel: stopping motor.
TaskAutoShoot.cancel_INFO [20.226532882] Canceling auto task operation.
TaskAutoShoot.stopSubsystems_INFO [20.230836823] Stopping subsystems.
Shooter.LeftTransferMotor.cancel_INFO [20.235609332] Cancel: stopping motor.
Shooter.RightTransferMotor.cancel_INFO [20.237657896] Cancel: stopping motor.
Shooter.FeederMotor.cancel_INFO [20.240164809] Cancel: stopping motor.
Shooter.LeftShooter.cancel_INFO [20.243577694] owner=null
Shooter.LeftPrimaryMotor.cancel_INFO [20.245536242] Cancel: stopping motor.
Shooter.LeftTiltMotor.cancel_INFO [20.248995404] Cancel: stopping motor.
Shooter.RightShooter.cancel_INFO [20.254086212] owner=null
Shooter.RightPrimaryMotor.cancel_INFO [20.257382211] Cancel: stopping motor.
Shooter.RightTiltMotor.cancel_INFO [20.260387724] Cancel: stopping motor.
Shooter.LeftTransferMotor.cancel_INFO [20.263684274] Cancel: stopping motor.
Shooter.RightTransferMotor.cancel_INFO [20.265390111] Cancel: stopping motor.
Shooter.FeederMotor.cancel_INFO [20.269632374] Cancel: stopping motor.
Shooter.stopTilt_ERR [20.272914692] StopTilt is called
TaskAutoClimb.cancel_INFO [20.365560962] Canceling auto task operation.
FrcRobot.printPerformanceMetrics_INFO [20.385100389] [FrcRobot] Loop Performance Metrics:
Average Loop Interval = 0.001539s (freq=649.564Hz, min=0.000846s, max=0.404911s)
[03]                StartTask=0.000000s
[04]          PrePeriodicTask=0.000103s
[07]               UpdateTask=0.001030s
[02]                StartMode=0.000000s
[06]         PostPeriodicTask=0.000133s
[08]                 StopTask=0.000000s
[09]                 StopMode=0.000000s
[00]                RobotInit=17.744423s
[01]           RobotStartMode=0.000001s
[05]                 Periodic=0.000224s
[10]            RobotStopMode=0.000000s

TrcTaskMgr.printTaskPerformanceMetrics_INFO [20.386173999] FrcDashboard.task: STANDALONE_TASK=2.903442413922978E-4/0.010476423222717428
TrcTaskMgr.printTaskPerformanceMetrics_INFO [20.396883284] TrcWatchdogMgr: STANDALONE_TASK=1.485500359281437E-4/0.9974081956616766
TrcTaskMgr.printTaskPerformanceMetrics_INFO [20.405607542] flDriveMotor.pidCtrlTask: OUTPUT_TASK=1.9591662831828015E-5/0.011463653332841101
TrcTaskMgr.printTaskPerformanceMetrics_INFO [20.407330803] flDriveMotor.odometryCleanupTask: STOP_TASK=5.5357E-5/10.106020758
TrcTaskMgr.printTaskPerformanceMetrics_INFO [20.40977271] frDriveMotor.pidCtrlTask: OUTPUT_TASK=6.773676122119579E-6/0.011463648777842646
TrcTaskMgr.printTaskPerformanceMetrics_INFO [20.414661501] blDriveMotor.pidCtrlTask: OUTPUT_TASK=5.516320993165974E-6/0.0114636483944847
TrcTaskMgr.printTaskPerformanceMetrics_INFO [20.41623069] brDriveMotor.pidCtrlTask: OUTPUT_TASK=6.495496823379924E-6/0.011463639036745767
TrcTaskMgr.printTaskPerformanceMetrics_INFO [20.419440545] flSteerMotor.pidCtrlTask: OUTPUT_TASK=7.571583742573577E-6/0.01146363767261925
TrcTaskMgr.printTaskPerformanceMetrics_INFO [20.420456703] frSteerMotor.pidCtrlTask: OUTPUT_TASK=7.351527799718397E-6/0.011463641203063292
TrcTaskMgr.printTaskPerformanceMetrics_INFO [20.42212342] blSteerMotor.pidCtrlTask: OUTPUT_TASK=8.476764208935747E-6/0.011463642460077611
TrcTaskMgr.printTaskPerformanceMetrics_INFO [20.42344635] brSteerMotor.pidCtrlTask: OUTPUT_TASK=7.696849514062982E-6/0.011463643462584567
TrcTaskMgr.printTaskPerformanceMetrics_INFO [20.424265261] FrcSwerveDrive.odometryTask: INPUT_TASK=0.0033504100804749343/0.026842554397097623
TrcTaskMgr.printTaskPerformanceMetrics_INFO [20.425646015] FrcSwerveDrive.stopTask: STOP_TASK=0.002773734/10.1059802475
TrcTaskMgr.printTaskPerformanceMetrics_INFO [20.427554878] purePursuitDrive.driveTask: OUTPUT_TASK=0.008227862470760234/0.044258003011695905
TrcTaskMgr.printTaskPerformanceMetrics_INFO [20.428717427] LED: OUTPUT_TASK=4.2344818091280605E-5/0.011463643379374291
TrcTaskMgr.printTaskPerformanceMetrics_INFO [20.4303988] LED.ledTask: OUTPUT_TASK=2.479022211433212E-4/0.011049027351152855
TrcTaskMgr.printTaskPerformanceMetrics_INFO [20.431299374] Shooter.LeftPrimaryMotor.pidCtrlTask: OUTPUT_TASK=9.797837259615384E-6/0.011464077067548078
TrcTaskMgr.printTaskPerformanceMetrics_INFO [20.432386496] Shooter.LeftFollowerMotor.pidCtrlTask: OUTPUT_TASK=4.927385542582418E-6/0.011464076689114013
TrcTaskMgr.printTaskPerformanceMetrics_INFO [20.433316118] Shooter.LeftTiltMotor.pidCtrlTask: OUTPUT_TASK=1.8270065088086816E-4/0.011464470137504722
TrcTaskMgr.printTaskPerformanceMetrics_INFO [20.43431617] Shooter.LeftShooter.ShooterMotor1VelTrigger.triggerTask: PRE_PERIODIC_TASK=2.8945515942028983E-4/0.19184450936231884
TrcTaskMgr.printTaskPerformanceMetrics_INFO [20.435730557] Shooter.LeftShooter.goalTracking: POST_PERIODIC_TASK=0.04092536998355263/0.060210704065789475
TrcTaskMgr.printTaskPerformanceMetrics_INFO [20.437179358] Shooter.LeftTransferMotor.pidCtrlTask: OUTPUT_TASK=6.3721751030219786E-6/0.01146423560418956
TrcTaskMgr.printTaskPerformanceMetrics_INFO [20.438130407] Shooter.RightPrimaryMotor.pidCtrlTask: OUTPUT_TASK=7.692921050824175E-6/0.01146423519639423
TrcTaskMgr.printTaskPerformanceMetrics_INFO [20.439976644] Shooter.RightFollowerMotor.pidCtrlTask: OUTPUT_TASK=5.527649828296703E-6/0.011464235011641484
TrcTaskMgr.printTaskPerformanceMetrics_INFO [20.442476147] Shooter.RightTiltMotor.pidCtrlTask: OUTPUT_TASK=1.3593873753434065E-4/0.011464234786332418
TrcTaskMgr.printTaskPerformanceMetrics_INFO [20.443676442] Shooter.RightShooter.ShooterMotor1VelTrigger.triggerTask: PRE_PERIODIC_TASK=9.555931746031746E-5/0.21011642014285714
TrcTaskMgr.printTaskPerformanceMetrics_INFO [20.444871255] Shooter.RightShooter.goalTracking: POST_PERIODIC_TASK=0.007049045560402685/0.061513705694630876
TrcTaskMgr.printTaskPerformanceMetrics_INFO [20.446328258] Shooter.RightTransferMotor.pidCtrlTask: OUTPUT_TASK=6.38140081041173E-6/0.011464118437553655
TrcTaskMgr.printTaskPerformanceMetrics_INFO [20.447669242] Shooter.TurretMotor.pidCtrlTask: OUTPUT_TASK=3.3874603677758316E-4/0.011464118064558222
TrcTaskMgr.printTaskPerformanceMetrics_INFO [20.449115652] Shooter.FeederMotor.pidCtrlTask: OUTPUT_TASK=6.768478005562995E-6/0.011464100703306892
TrcTaskMgr.printTaskPerformanceMetrics_INFO [20.450029337] ShooterfieldLengthTrigger.triggerTask: PRE_PERIODIC_TASK=1.3370533494280676E-5/0.0015376381762604208
TrcTaskMgr.printTaskPerformanceMetrics_INFO [20.451153463] ShooterfieldWidthTrigger.triggerTask: PRE_PERIODIC_TASK=5.6712734243008944E-6/0.0015376377451138787
TrcTaskMgr.printTaskPerformanceMetrics_INFO [20.451987649] Intake.IntakeMotor.pidCtrlTask: OUTPUT_TASK=5.9035496377184845E-6/0.011464100129768895
TrcTaskMgr.printTaskPerformanceMetrics_INFO [20.452810369] Climber.Motor.pidCtrlTask: OUTPUT_TASK=6.44755292400673E-5/0.011464099858177947
TrcTaskMgr.printTaskPerformanceMetrics_INFO [20.453580391] TaskAutoShoot: POST_PERIODIC_TASK=0.004130928623529412/0.16762079121176468
