Robot.robotStartMode_INFO [0.003741146] Sat Apr 11 02:01:49 UTC 2026: ***** AUTO_MODE *****
Robot.robotStartMode_INFO [0.017129726] <BuildInfo Host="TRC492-DS2024" User="User" Timestamp="2026-04-10 17:53:04" Branch="dev" />
FrcAuto.startMode_INFO [0.022829606] <Info name="MatchInfo" date="Sat Apr 11 02:01:49 UTC 2026" event="PNCMP" type="Qualification" match=86 replay=1 alliance="Red" location=1 gameMsg="" />
FrcAuto.startMode_INFO [0.034207088] <Info name="AutoChoices" alliance="Red" strategy="DCMP_AUTO" startPos="START_POS_DEPOT" startDelay=0.0 sec depotPickup="false" outpostPickup="false" neutralZonePickup="true" moveTo="DEPOT" passBack="NONE" climb="false" climbSide="DEPOT" neutralZoneCycles="0.0" type="TRENCH" sweepDistance="SHALLOW_SWEEP" pathFile="DrivePath.csv" xDistance=0.0 ft yDistance=0.0 ft turnDegrees=0.0 deg driveTime=0.0 sec drivePower=0.0"  />
CmdDcmpAuto.cmdPeriodic_INFO [0.078648472] <Event name="StateInfo" time="0.078373012" tag="vvvvv" CmdDcmpAuto.state="START" />
Shooter.LeftTiltMotor.isMotorStalled_INFO [0.095209287] Stall detection triggered.
Robot.zeroCalibrate_INFO [0.096252265] Zero calibrate all subsystems.
TrcSubsystem.zeroCalibrateAll_INFO [0.100076577] ZeroCalibrate(Subsystem=Shooter, owner=null, event=null)
Shooter.LeftTiltMotor.checkStallReset_INFO [0.101558963] Resetting stall.
Shooter.RightTiltMotor.isMotorStalled_INFO [0.105590993] Stall detection triggered.
Shooter.zeroCalibrate_INFO [0.104066178] ZeroCalibrate left shooter.
Shooter.RightTiltMotor.checkStallReset_INFO [0.109263323] Resetting stall.
Shooter.TurretMotor.isMotorStalled_INFO [0.113252621] Stall detection triggered.
Climber.Motor.isMotorStalled_INFO [0.116446996] Stall detection triggered.
Climber.Motor.checkStallReset_INFO [0.120748228] Resetting stall.
Shooter.zeroCalibrate_INFO [0.122676561] ZeroCalibrate right shooter.
TrcSubsystem.zeroCalibrateAll_INFO [0.13525647] ZeroCalibrate(Subsystem=Climber, owner=null, event=null)
CmdDcmpAuto.cmdPeriodic_INFO [0.138750626] <Event name="StateInfo" time="0.138505189" tag="^^^^^" CmdDcmpAuto.state="START" />
CmdDcmpAuto.cmdPeriodic_INFO [0.148120761] <Event name="StateInfo" time="0.147787803" tag="vvvvv" CmdDcmpAuto.state="NEUTRAL_ZONE_PICKUP" />
Climber.Motor.isMotorStalled_INFO [0.220582887] Stall detection triggered.
Climber.Motor.zeroCalibratingMotor_WARN [0.261336462] Stalled, lower limit switch may not exist or might have failed!
Climber.Motor.pidCtrlTask_INFO [0.274027115] Zero calibration done, event=null
Shooter.LeftTiltMotor.isMotorStalled_INFO [0.359415367] Stall detection triggered.
purePursuitDrive.start_INFO [0.363226481] ppStartTimestamps=[0.343021234, 0.343063183, 0.352449053, 0.36184059, 0.362180995, 0.362328037]
purePursuitDrive.start_INFO [0.364772035] ppStartBuildPathTimestamp=[0.170291966, 0.18033094, 0.180399343]
DEBUG_PERF.cmdPeriodic_INFO [0.374458918] NeutralZonePickupTimestamps=[0.148678588, 0.148778938, 0.153449717, 0.365928221, 0.365933005, 0.0, 0.0, 0.0]
CmdDcmpAuto.cmdPeriodic_INFO [0.506350101] <Event name="StateInfo" time="0.503340586" tag="^^^^^" CmdDcmpAuto.state="NEUTRAL_ZONE_PICKUP" RobotPose=(x=-17.220000,y=477.610472,angle=-90.010986) TargetPose=(x=-26.667165,y=522.470472,angle=180.000000) vel=(x=-0.000000,y=0.000000,angle=-0.000000) Path=TrcPath(degrees=true, [Waypoint(simple=true,index=0,pose=(x=0.000000,y=0.000000,angle=0.000000),vel=0.0), Waypoint(simple=false,index=-1,timestep=0.10785771685705113,pose=(x=-72.788164,y=4.327067,angle=0.000000),vel=175.0,encPos=0.0,accel=0.0,jerk=0.0), Waypoint(simple=true,index=1,pose=(x=-91.630000,y=5.447165,angle=360.000000),vel=175.0), Waypoint(simple=true,index=2,pose=(x=-105.770000,y=47.887165,angle=380.000000),vel=175.0), Waypoint(simple=true,index=3,pose=(x=-105.770000,y=128.397165,angle=380.000000),vel=175.0), Waypoint(simple=true,index=4,pose=(x=-63.810000,y=141.997165,angle=180.000000),vel=175.0), Waypoint(simple=true,index=5,pose=(x=-60.990000,y=49.517165,angle=180.000000),vel=175.0), Waypoint(simple=false,index=-1,timestep=0.11415422471271243,pose=(x=-72.035065,y=30.196337,angle=228.208332),vel=175.0,encPos=0.0,accel=0.0,jerk=0.0), Waypoint(simple=true,index=6,pose=(x=-81.610000,y=13.447165,angle=270.000000),vel=163.01380640516518), Waypoint(simple=true,index=7,pose=(x=31.860000,y=9.447165,angle=270.000000),vel=52.249401910452534), Waypoint(simple=true,index=8,pose=(x=44.860000,y=9.447165,angle=270.000000),vel=0.0)]) />
CmdDcmpAuto.lambda$cmdPeriodic$2_INFO [0.516014504] WaypointHandler: index=0
Shooter.LeftTiltMotor.zeroCalibratingMotor_WARN [0.519722871] Stalled, lower limit switch may not exist or might have failed!
Robot.setRelocalizationMode_INFO [0.521448589] setRelocalizationMode to OneShot
Shooter.LeftTiltMotor.pidCtrlTask_INFO [0.531859007] Zero calibration done, event=(Shooter.leftTiltZeroCalCallback=CLEARED)
Shooter.LeftTiltMotor.pidCtrlTask_INFO [0.536612011] controlMode: Power,onTarget=false(-0.07345286756753922/null), stalled=false, expired=false, event=(Shooter.leftTiltZeroCalCallback=SIGNALED)
Shooter.RightTiltMotor.isMotorStalled_INFO [0.538453609] Stall detection triggered.
Shooter.TurretMotor.isMotorStalled_INFO [0.543482957] Stall detection triggered.
Climber.Motor.isMotorStalled_INFO [0.548514455] Stall detection triggered.
Climber.Motor.checkStallReset_INFO [0.557220006] Resetting stall.
Shooter.LeftTiltMotor.isMotorStalled_INFO [0.619019282] Stall detection triggered.
Shooter.LeftTiltMotor.checkStallReset_INFO [0.628203771] Resetting stall.
Shooter.RightTiltMotor.zeroCalibratingMotor_WARN [0.647241536] Stalled, lower limit switch may not exist or might have failed!
Shooter.RightTiltMotor.pidCtrlTask_INFO [0.653590461] Zero calibration done, event=(Shooter.rightTiltZeroCalCallback=CLEARED)
Shooter.RightTiltMotor.pidCtrlTask_INFO [0.656502305] controlMode: Power,onTarget=false(-0.07280556857585907/null), stalled=false, expired=false, event=(Shooter.rightTiltZeroCalCallback=SIGNALED)
Shooter.TurretMotor.isMotorStalled_INFO [0.664916428] Stall detection triggered.
FrcDashboard.task.run_FATAL [0.669975619] Caught unexpected exception:
java.lang.ArrayIndexOutOfBoundsException: Index 763 out of bounds for length 763
Climber.Motor.isMotorStalled_INFO [0.675331491] Stall detection triggered.
Climber.Motor.checkStallReset_INFO [0.678382988] Resetting stall.
TrcDbgTrace.run_ERR [0.68562034] Stack Trace (depth=16):
org.photonvision.common.dataflow.structures.Packet.decodeShort(Packet.java:402)
org.photonvision.common.dataflow.structures.Packet.decodeShortList(Packet.java:440)
org.photonvision.struct.MultiTargetPNPResultSerde.unpack(MultiTargetPNPResultSerde.java:75)
org.photonvision.struct.MultiTargetPNPResultSerde.unpack(MultiTargetPNPResultSerde.java:43)
org.photonvision.common.dataflow.structures.Packet.decodeOptional(Packet.java:428)
org.photonvision.struct.PhotonPipelineResultSerde.unpack(PhotonPipelineResultSerde.java:81)
org.photonvision.struct.PhotonPipelineResultSerde.unpack(PhotonPipelineResultSerde.java:43)
org.photonvision.common.networktables.PacketSubscriber.parse(PacketSubscriber.java:66)
org.photonvision.common.networktables.PacketSubscriber.getAllChanges(PacketSubscriber.java:110)
org.photonvision.PhotonCamera.getAllUnreadResults(PhotonCamera.java:262)
frclib.vision.FrcPhotonVision.getDetectedAprilTag(FrcPhotonVision.java:633)
teamcode.vision.Vision.updateStatus(Vision.java:447)
frclib.driverio.FrcDashboard.dashboardTask(FrcDashboard.java:212)
trclib.robotcore.TrcTaskMgr$TaskObject.standaloneTask(TrcTaskMgr.java:425)
trclib.robotcore.TrcPeriodicThread.run(TrcPeriodicThread.java:351)
java.base/java.lang.Thread.run(Unknown Source)
Shooter.RightTiltMotor.isMotorStalled_INFO [0.726788312] Stall detection triggered.
Shooter.RightTiltMotor.checkStallReset_INFO [0.72836927] Resetting stall.
CmdDcmpAuto.lambda$cmdPeriodic$2_INFO [1.440367136] WaypointHandler: index=1
Robot.setRelocalizationMode_INFO [1.446339732] setRelocalizationMode to OneShot
Shooter.enableGoalTracking_INFO [1.460867149] EnableGoalTracking: goalTrackingParams=(trackFlywheel=false,trackTiltPos=false,trackPanPos=true), noPassback=true
Shooter.setupGoalTrackingMode_INFO [1.473886667] AlliancHub: alliance=Red, fieldLengthZone=5, fieldWidthZone=3.
Shooter.setupGoalTrackingMode_INFO [1.483935915] GoalTracking(trackingMode=AllianceHub, goalPose=(x=-158.838583,y=469.110472,angle=180.000000), noPassback=true).
Shooter.LeftShooter.enableGoalTracking_INFO [1.51427906] Enable GoalTracking (trackingParams=(trackFlywheel=false,trackTiltPos=false,trackPanPos=true)).
Shooter.LeftPrimaryMotor.cancel_INFO [1.523621014] Cancel: stopping motor.
Shooter.LeftTiltMotor.cancel_INFO [1.527581049] Cancel: stopping motor.
Shooter.RightShooter.enableGoalTracking_INFO [1.541289738] Enable GoalTracking (trackingParams=(trackFlywheel=false,trackTiltPos=false,trackPanPos=true)).
Shooter.RightPrimaryMotor.cancel_INFO [1.54389096] Cancel: stopping motor.
Shooter.RightTiltMotor.cancel_INFO [1.547069672] Cancel: stopping motor.
Shooter.LeftTiltMotor.isMotorStalled_INFO [1.566736609] Stall detection triggered.
Shooter.LeftTiltMotor.checkStallReset_INFO [1.567956155] Resetting stall.
Shooter.RightTiltMotor.isMotorStalled_INFO [1.568760437] Stall detection triggered.
Shooter.RightTiltMotor.checkStallReset_INFO [1.569331717] Resetting stall.
Shooter.TurretMotor.isMotorStalled_INFO [1.612081379] Stall detection triggered.
Climber.Motor.isMotorStalled_INFO [1.615628512] Stall detection triggered.
Climber.Motor.checkStallReset_INFO [1.623798348] Resetting stall.
CmdDcmpAuto.lambda$cmdPeriodic$2_INFO [1.943254588] WaypointHandler: index=2
Robot.setRelocalizationMode_INFO [1.944542654] setRelocalizationMode to OneShot
TrcWatchdogMgr.checkForExpiration_WARN [2.209887314] ([1.775872911987993E9]FrcDashboard.task:threshold=1.0,expiredTime=1.77587291138953E9,expired=true,paused=false) expired.
TrcDbgTrace.checkForExpiration_INFO [2.211704945] Thread stack: 
Shooter.fieldTriggerCallback_INFO [2.70854868] FieldTriggerCallback: canceled=false, zoneCtxt=(value=-128.944228,prevZone=3,currZone=2)
Shooter.setupGoalTrackingMode_INFO [2.713112128] AlliancHub: alliance=Red, fieldLengthZone=5, fieldWidthZone=2.
Shooter.setupGoalTrackingMode_INFO [2.718242516] GoalTracking(trackingMode=AllianceHub, goalPose=(x=-158.838583,y=469.110472,angle=180.000000), noPassback=true).
CmdDcmpAuto.lambda$cmdPeriodic$2_INFO [2.841601329] WaypointHandler: index=3
Robot.setRelocalizationMode_INFO [2.849843617] setRelocalizationMode to OneShot
CmdDcmpAuto.lambda$cmdPeriodic$2_INFO [3.318556486] WaypointHandler: index=4
Robot.setRelocalizationMode_INFO [3.323951917] setRelocalizationMode to OneShot
Shooter.fieldTriggerCallback_INFO [3.957864489] FieldTriggerCallback: canceled=false, zoneCtxt=(value=-128.120495,prevZone=2,currZone=3)
Shooter.setupGoalTrackingMode_INFO [3.972501639] AlliancHub: alliance=Red, fieldLengthZone=5, fieldWidthZone=3.
Shooter.setupGoalTrackingMode_INFO [3.975186175] GoalTracking(trackingMode=AllianceHub, goalPose=(x=-158.838583,y=469.110472,angle=180.000000), noPassback=true).
CmdDcmpAuto.lambda$cmdPeriodic$2_INFO [4.55607919] WaypointHandler: index=5
Robot.setRelocalizationMode_INFO [4.557973194] setRelocalizationMode to OneShot
CmdDcmpAuto.lambda$cmdPeriodic$2_INFO [4.974559169] WaypointHandler: index=6
Robot.setRelocalizationMode_INFO [4.976973908] setRelocalizationMode to OneShot
Shooter.fieldTriggerCallback_INFO [5.628967536] FieldTriggerCallback: canceled=false, zoneCtxt=(value=436.580620,prevZone=5,currZone=6)
Shooter.setupGoalTrackingMode_INFO [5.631094151] AlliancHub: alliance=Red, fieldLengthZone=6, fieldWidthZone=3.
Shooter.setupGoalTrackingMode_INFO [5.636032882] GoalTracking(trackingMode=AllianceHub, goalPose=(x=-158.838583,y=469.110472,angle=180.000000), noPassback=true).
Climber.Motor.isMotorStalled_INFO [6.144690602] Stall detection triggered.
Climber.Motor.checkStallReset_INFO [6.150304361] Resetting stall.
Shooter.fieldTriggerCallback_INFO [6.256134223] FieldTriggerCallback: canceled=false, zoneCtxt=(value=499.755216,prevZone=6,currZone=7)
Shooter.setupGoalTrackingMode_INFO [6.257623425] AlliancHub: alliance=Red, fieldLengthZone=7, fieldWidthZone=3.
Shooter.setupGoalTrackingMode_INFO [6.261177994] GoalTracking(trackingMode=AllianceHub, goalPose=(x=-158.838583,y=469.110472,angle=180.000000), noPassback=true).
CmdDcmpAuto.lambda$cmdPeriodic$2_INFO [6.296906704] WaypointHandler: index=7
Robot.setRelocalizationMode_INFO [6.299688284] setRelocalizationMode to OneShot
CmdDcmpAuto.lambda$cmdPeriodic$2_INFO [6.341575994] WaypointHandler: index=-1
Robot.setRelocalizationMode_INFO [6.347245122] setRelocalizationMode to Continuous
CmdDcmpAuto.cmdPeriodic_INFO [6.37332356] <Event name="StateInfo" time="6.372037125" tag="vvvvv" CmdDcmpAuto.state="SHOOT_NEUTRAL_FUEL" />
TaskAutoShoot.autoShoot_INFO [6.386755061] autoShoot(owner=null, event=(CmdDcmpAuto=CANCELED), taskParams=(autoStop=true, noPassback=true, noWait=false))
Shooter.enableGoalTracking_INFO [6.390709861] EnableGoalTracking: goalTrackingParams=(trackFlywheel=true,trackTiltPos=true,trackPanPos=true), noPassback=true
Shooter.setupGoalTrackingMode_INFO [6.393961723] AlliancHub: alliance=Red, fieldLengthZone=7, fieldWidthZone=3.
Shooter.setupGoalTrackingMode_INFO [6.397509216] GoalTracking(trackingMode=AllianceHub, goalPose=(x=-158.838583,y=469.110472,angle=180.000000), noPassback=true).
Shooter.LeftShooter.enableGoalTracking_INFO [6.403351273] Enable GoalTracking (trackingParams=(trackFlywheel=true,trackTiltPos=true,trackPanPos=true)).
Shooter.LeftPrimaryMotor.cancel_INFO [6.412556293] Cancel: stopping motor.
Shooter.LeftTiltMotor.cancel_INFO [6.41569223] Cancel: stopping motor.
Shooter.RightShooter.enableGoalTracking_INFO [6.418749927] Enable GoalTracking (trackingParams=(trackFlywheel=true,trackTiltPos=true,trackPanPos=true)).
Shooter.RightPrimaryMotor.cancel_INFO [6.423490292] Cancel: stopping motor.
Shooter.RightTiltMotor.cancel_INFO [6.429343075] Cancel: stopping motor.
CmdDcmpAuto.cmdPeriodic_INFO [6.434977952] <Event name="StateInfo" time="6.434687414" tag="^^^^^" CmdDcmpAuto.state="SHOOT_NEUTRAL_FUEL" />
TaskAutoShoot.autoTask_INFO [6.595054397] <Event name="StateInfo" time="6.592021551" tag="vvvvv" TaskAutoShoot.state="START" />
TaskAutoShoot.runTaskState_INFO [6.600401497] ***** Wait for left Shooter ready.
TaskAutoShoot.runTaskState_INFO [6.601930921] ***** Wait for right Shooter ready.
TaskAutoShoot.runTaskState_INFO [6.607151294] ***** Wait for Turret ready.
TaskAutoShoot.autoTask_INFO [6.608735405] <Event name="StateInfo" time="6.608359856" tag="^^^^^" TaskAutoShoot.state="START" />
TaskAutoShoot.autoTask_INFO [6.713493187] <Event name="StateInfo" time="6.713314786" tag="vvvvv" TaskAutoShoot.state="SHOOT" />
TaskAutoShoot.autoTask_INFO [6.716991577] <Event name="StateInfo" time="6.716739388" tag="^^^^^" TaskAutoShoot.state="SHOOT" />
Shooter.TurretMotor.pidCtrlTask_INFO [6.714047112] controlMode: Position,onTarget=true(52.40483093261719/53.3881622503271), stalled=false, expired=false, event=(TaskAutoShoot.turretReady=SIGNALED)
TaskAutoShoot.autoTask_INFO [6.809052097] <Event name="StateInfo" time="6.80886179" tag="vvvvv" TaskAutoShoot.state="SHOOT" />
TaskAutoShoot.autoTask_INFO [6.817062907] <Event name="StateInfo" time="6.813007495" tag="^^^^^" TaskAutoShoot.state="SHOOT" />
TaskAutoShoot.autoTask_INFO [6.93309728] <Event name="StateInfo" time="6.932075981" tag="vvvvv" TaskAutoShoot.state="SHOOT" />
TaskAutoShoot.autoTask_INFO [6.936643128] <Event name="StateInfo" time="6.936387152" tag="^^^^^" TaskAutoShoot.state="SHOOT" />
TaskAutoShoot.autoTask_INFO [7.024572493] <Event name="StateInfo" time="7.02436624" tag="vvvvv" TaskAutoShoot.state="SHOOT" />
TaskAutoShoot.autoTask_INFO [7.038303885] <Event name="StateInfo" time="7.038012599" tag="^^^^^" TaskAutoShoot.state="SHOOT" />
TaskAutoShoot.autoTask_INFO [7.144803703] <Event name="StateInfo" time="7.142242748" tag="vvvvv" TaskAutoShoot.state="SHOOT" />
TaskAutoShoot.autoTask_INFO [7.14791714] <Event name="StateInfo" time="7.147704446" tag="^^^^^" TaskAutoShoot.state="SHOOT" />
TaskAutoShoot.autoTask_INFO [7.255912782] <Event name="StateInfo" time="7.255688846" tag="vvvvv" TaskAutoShoot.state="SHOOT" />
TaskAutoShoot.autoTask_INFO [7.257742173] <Event name="StateInfo" time="7.257523558" tag="^^^^^" TaskAutoShoot.state="SHOOT" />
Shooter.LeftShooter.goalTrackingTask_INFO [7.339858701] Shooter.LeftShooter is Ready: rpm1=5222.866587/5252.276943, rpm2=3137.578125/0.000000, tilt=26.751442/26.688074, pan=null/null
TaskAutoShoot.autoTask_INFO [7.373419777] <Event name="StateInfo" time="7.3731747" tag="vvvvv" TaskAutoShoot.state="SHOOT" />
TaskAutoShoot.runTaskState_INFO [7.375352855] ***** Start left shooter shooting (timedout=false, turretReady=true).
Shooter.shoot_INFO [7.380321282] shoot(owner=null, event=(TaskAutoShoot.leftShooterDone=CLEARED), shooter=leftShooter, autoStop=true)
Shooter.LeftTransferMotor.cancel_INFO [7.400615175] Cancel: stopping motor.
TaskAutoShoot.autoTask_INFO [7.405848873] <Event name="StateInfo" time="7.405522093" tag="^^^^^" TaskAutoShoot.state="SHOOT" />
Shooter.RightShooter.goalTrackingTask_INFO [7.516453205] Shooter.RightShooter is Ready: rpm1=5185.573918/5251.816726, rpm2=3179.765625/0.000000, tilt=26.790967/26.684479, pan=null/null
TaskAutoShoot.autoTask_INFO [7.517223956] <Event name="StateInfo" time="7.517053067" tag="vvvvv" TaskAutoShoot.state="SHOOT" />
TaskAutoShoot.runTaskState_INFO [7.517875238] ***** Start right shooter shooting (timedout=false, turretReady=true).
Shooter.shoot_INFO [7.525658299] shoot(owner=null, event=(TaskAutoShoot.rightShooterDone=CLEARED), shooter=rightShooter, autoStop=true)
Shooter.RightTransferMotor.cancel_INFO [7.52824561] Cancel: stopping motor.
TaskAutoShoot.autoTask_INFO [7.531553588] <Event name="StateInfo" time="7.530680205" tag="^^^^^" TaskAutoShoot.state="SHOOT" />
CmdDcmpAuto.cmdPeriodic_INFO [11.011885882] <Event name="StateInfo" time="11.011307726" tag="vvvvv" CmdDcmpAuto.state="HUB_PICKUP" />
TaskAutoShoot.cancel_INFO [11.013053013] Canceling auto task operation.
TaskAutoShoot.stopSubsystems_INFO [11.015277414] Stopping subsystems.
Shooter.LeftTransferMotor.cancel_INFO [11.015895661] Cancel: stopping motor.
Shooter.RightTransferMotor.cancel_INFO [11.016633234] Cancel: stopping motor.
Shooter.FeederMotor.cancel_INFO [11.019300719] Cancel: stopping motor.
Shooter.LeftShooter.disableGoalTracking_INFO [11.020166401] Disable Goal Tracking.
Shooter.LeftShooter.stopGoalTracking_INFO [11.020664733] Stop GoalTracking.
Shooter.LeftTiltMotor.cancel_INFO [11.022346524] Cancel: stopping motor.
Shooter.LeftPrimaryMotor.cancel_INFO [11.02372885] Cancel: stopping motor.
Shooter.RightShooter.disableGoalTracking_INFO [11.024468064] Disable Goal Tracking.
Shooter.RightShooter.stopGoalTracking_INFO [11.025116819] Stop GoalTracking.
Shooter.RightTiltMotor.cancel_INFO [11.025577545] Cancel: stopping motor.
Shooter.RightPrimaryMotor.cancel_INFO [11.026357838] Cancel: stopping motor.
Shooter.LeftShooter.cancel_INFO [11.028405627] owner=null
Shooter.LeftPrimaryMotor.cancel_INFO [11.029079572] Cancel: stopping motor.
Shooter.LeftTiltMotor.cancel_INFO [11.029907094] Cancel: stopping motor.
Shooter.RightShooter.cancel_INFO [11.030620651] owner=null
Shooter.RightPrimaryMotor.cancel_INFO [11.03138761] Cancel: stopping motor.
Shooter.RightTiltMotor.cancel_INFO [11.032823383] Cancel: stopping motor.
Shooter.LeftTransferMotor.cancel_INFO [11.033755328] Cancel: stopping motor.
Shooter.RightTransferMotor.cancel_INFO [11.034505589] Cancel: stopping motor.
Shooter.FeederMotor.cancel_INFO [11.035128823] Cancel: stopping motor.
Climber.Motor.isMotorStalled_INFO [11.102188973] Stall detection triggered.
Climber.Motor.checkStallReset_INFO [11.110801874] Resetting stall.
purePursuitDrive.start_INFO [11.136781935] ppStartTimestamps=[11.133817965, 11.134191308, 11.134365285, 11.134865735, 11.134908169, 11.134977144]
purePursuitDrive.start_INFO [11.139994492] ppStartBuildPathTimestamp=[11.128090921, 11.13247903, 11.132812035]
CmdDcmpAuto.cmdPeriodic_INFO [11.166281025] <Event name="StateInfo" time="11.163995588" tag="^^^^^" CmdDcmpAuto.state="HUB_PICKUP" RobotPose=(x=-20.048826,y=539.845903,angle=-177.411536) TargetPose=(x=-27.387165,y=512.490472,angle=180.000000) vel=(x=-0.002111,y=-0.006137,angle=0.021242) Path=TrcPath(degrees=true, [Waypoint(simple=true,index=0,pose=(x=0.000000,y=0.000000,angle=0.000000),vel=0.0), Waypoint(simple=false,index=-1,timestep=0.2805482523846476,pose=(x=-0.853384,y=72.911673,angle=-1.537058),vel=175.0,encPos=0.0,accel=0.0,jerk=0.0), Waypoint(simple=true,index=1,pose=(x=-1.427981,y=122.004254,angle=357.428016),vel=175.0), Waypoint(simple=true,index=2,pose=(x=15.613113,y=121.248204,angle=447.428016),vel=175.0), Waypoint(simple=true,index=3,pose=(x=107.989961,y=125.397750,angle=447.428016),vel=175.0), Waypoint(simple=true,index=4,pose=(x=152.142199,y=146.840662,angle=267.428016),vel=175.0), Waypoint(simple=true,index=5,pose=(x=107.258582,y=168.198046,angle=267.428016),vel=175.0), Waypoint(simple=true,index=6,pose=(x=36.601660,y=171.000173,angle=267.428016),vel=175.0), Waypoint(simple=false,index=-1,timestep=0.09801574770617812,pose=(x=24.468477,y=164.558404,angle=308.116645),vel=175.0,encPos=0.0,accel=0.0,jerk=0.0), Waypoint(simple=true,index=7,pose=(x=9.764027,y=156.751494,angle=357.428016),vel=164.7083464908513), Waypoint(simple=true,index=8,pose=(x=5.520016,y=40.644083,angle=357.428016),vel=52.24940191045252), Waypoint(simple=true,index=9,pose=(x=6.103385,y=27.657178,angle=357.428016),vel=0.0)]) />
CmdDcmpAuto.lambda$cmdPeriodic$3_INFO [11.18758343] WaypointHandler: index=0
Robot.setRelocalizationMode_INFO [11.191865233] setRelocalizationMode to OneShot
Shooter.LeftTiltMotor.pidCtrlTask_INFO [11.196152817] controlMode: Position,onTarget=true(17.106767655315256/17.0), stalled=false, expired=false, event=(stopLeftTilt=SIGNALED)
Shooter.RightShooter.cancel_INFO [11.209179572] owner=null
Shooter.RightPrimaryMotor.cancel_INFO [11.213267215] Cancel: stopping motor.
Shooter.RightTiltMotor.cancel_INFO [11.216187962] Cancel: stopping motor.
Shooter.RightTransferMotor.cancel_INFO [11.219748018] Cancel: stopping motor.
Shooter.FeederMotor.cancel_INFO [11.227214008] Cancel: stopping motor.
Shooter.LeftShooter.cancel_INFO [11.230749462] owner=null
Shooter.LeftPrimaryMotor.cancel_INFO [11.23342461] Cancel: stopping motor.
Shooter.LeftTiltMotor.cancel_INFO [11.236449247] Cancel: stopping motor.
Shooter.LeftTransferMotor.cancel_INFO [11.239432313] Cancel: stopping motor.
Shooter.FeederMotor.cancel_INFO [11.24397562] Cancel: stopping motor.
CmdDcmpAuto.lambda$cmdPeriodic$3_INFO [12.347408676] WaypointHandler: index=1
Robot.setRelocalizationMode_INFO [12.350075556] setRelocalizationMode to OneShot
Shooter.enableGoalTracking_INFO [12.371494465] EnableGoalTracking: goalTrackingParams=(trackFlywheel=false,trackTiltPos=false,trackPanPos=true), noPassback=true
Shooter.setupGoalTrackingMode_INFO [12.375948491] AlliancHub: alliance=Red, fieldLengthZone=5, fieldWidthZone=3.
Shooter.setupGoalTrackingMode_INFO [12.380125576] GoalTracking(trackingMode=AllianceHub, goalPose=(x=-158.838583,y=469.110472,angle=180.000000), noPassback=true).
Shooter.LeftShooter.enableGoalTracking_INFO [12.384919761] Enable GoalTracking (trackingParams=(trackFlywheel=false,trackTiltPos=false,trackPanPos=true)).
Shooter.LeftPrimaryMotor.cancel_INFO [12.390720109] Cancel: stopping motor.
Shooter.LeftTiltMotor.cancel_INFO [12.39594744] Cancel: stopping motor.
Shooter.RightShooter.enableGoalTracking_INFO [12.400251137] Enable GoalTracking (trackingParams=(trackFlywheel=false,trackTiltPos=false,trackPanPos=true)).
Shooter.RightPrimaryMotor.cancel_INFO [12.403983554] Cancel: stopping motor.
Shooter.RightTiltMotor.cancel_INFO [12.409183284] Cancel: stopping motor.
Shooter.TurretMotor.isMotorStalled_INFO [12.455645489] Stall detection triggered.
Climber.Motor.isMotorStalled_INFO [12.457208254] Stall detection triggered.
Climber.Motor.checkStallReset_INFO [12.459806514] Resetting stall.
CmdDcmpAuto.lambda$cmdPeriodic$3_INFO [12.589899382] WaypointHandler: index=2
Robot.setRelocalizationMode_INFO [12.59322293] setRelocalizationMode to OneShot
CmdDcmpAuto.lambda$cmdPeriodic$3_INFO [13.63799516] WaypointHandler: index=3
Robot.setRelocalizationMode_INFO [13.641336177] setRelocalizationMode to OneShot
Shooter.fieldTriggerCallback_INFO [13.669920828] FieldTriggerCallback: canceled=false, zoneCtxt=(value=-130.396361,prevZone=3,currZone=2)
Shooter.setupGoalTrackingMode_INFO [13.676737011] AlliancHub: alliance=Red, fieldLengthZone=5, fieldWidthZone=2.
Shooter.setupGoalTrackingMode_INFO [13.680716919] GoalTracking(trackingMode=AllianceHub, goalPose=(x=-158.838583,y=469.110472,angle=180.000000), noPassback=true).
Shooter.fieldTriggerCallback_INFO [14.009431732] FieldTriggerCallback: canceled=false, zoneCtxt=(value=-159.674035,prevZone=2,currZone=1)
Shooter.setupGoalTrackingMode_INFO [14.012475814] AlliancHub: alliance=Red, fieldLengthZone=5, fieldWidthZone=1.
Shooter.setupGoalTrackingMode_INFO [14.014219568] GoalTracking(trackingMode=AllianceHub, goalPose=(x=-158.838583,y=469.110472,angle=180.000000), noPassback=true).
CmdDcmpAuto.lambda$cmdPeriodic$3_INFO [14.159277043] WaypointHandler: index=4
Robot.setRelocalizationMode_INFO [14.166472449] setRelocalizationMode to OneShot
Climber.Motor.isMotorStalled_INFO [14.435617027] Stall detection triggered.
Climber.Motor.checkStallReset_INFO [14.436219224] Resetting stall.
Shooter.fieldTriggerCallback_INFO [14.737643269] FieldTriggerCallback: canceled=false, zoneCtxt=(value=-158.719333,prevZone=1,currZone=2)
Shooter.setupGoalTrackingMode_INFO [14.74207813] AlliancHub: alliance=Red, fieldLengthZone=5, fieldWidthZone=2.
Shooter.setupGoalTrackingMode_INFO [14.746242195] GoalTracking(trackingMode=AllianceHub, goalPose=(x=-158.838583,y=469.110472,angle=180.000000), noPassback=true).
CmdDcmpAuto.lambda$cmdPeriodic$3_INFO [15.20138055] WaypointHandler: index=5
Robot.setRelocalizationMode_INFO [15.20367378] setRelocalizationMode to OneShot
Shooter.fieldTriggerCallback_INFO [15.369768148] FieldTriggerCallback: canceled=false, zoneCtxt=(value=-127.995060,prevZone=2,currZone=3)
Shooter.setupGoalTrackingMode_INFO [15.37136539] AlliancHub: alliance=Red, fieldLengthZone=5, fieldWidthZone=3.
Shooter.setupGoalTrackingMode_INFO [15.396691494] GoalTracking(trackingMode=AllianceHub, goalPose=(x=-158.838583,y=469.110472,angle=180.000000), noPassback=true).
CmdDcmpAuto.lambda$cmdPeriodic$3_INFO [16.240731242] WaypointHandler: index=6
Robot.setRelocalizationMode_INFO [16.245933161] setRelocalizationMode to OneShot
CmdDcmpAuto.lambda$cmdPeriodic$3_INFO [16.620608432] WaypointHandler: index=7
Robot.setRelocalizationMode_INFO [16.625629191] setRelocalizationMode to OneShot
Shooter.TurretMotor.isMotorStalled_INFO [18.471326126] Stall detection triggered.
Climber.Motor.isMotorStalled_INFO [18.476178684] Stall detection triggered.
Climber.Motor.checkStallReset_INFO [18.478411311] Resetting stall.
Shooter.fieldTriggerCallback_INFO [18.487256295] FieldTriggerCallback: canceled=false, zoneCtxt=(value=435.649728,prevZone=5,currZone=6)
Shooter.setupGoalTrackingMode_INFO [18.491578159] AlliancHub: alliance=Red, fieldLengthZone=6, fieldWidthZone=3.
Shooter.LeftTiltMotor.isMotorStalled_INFO [18.491333461] Stall detection triggered.
Shooter.LeftTiltMotor.checkStallReset_INFO [18.49588405] Resetting stall.
Shooter.setupGoalTrackingMode_INFO [18.496868542] GoalTracking(trackingMode=AllianceHub, goalPose=(x=-158.838583,y=469.110472,angle=180.000000), noPassback=true).
Shooter.RightTiltMotor.isMotorStalled_INFO [18.50017576] Stall detection triggered.
Shooter.RightTiltMotor.checkStallReset_INFO [18.504979596] Resetting stall.
FrcRobot.startCompetition_INFO [19.966820358] *** Transitioning from AUTO_MODE to DISABLED_MODE ***
Shooter.LeftShooter.disableGoalTracking_INFO [19.97897681] Disable Goal Tracking.
Shooter.LeftShooter.stopGoalTracking_INFO [19.981645631] Stop GoalTracking.
Shooter.LeftTiltMotor.cancel_INFO [19.982169586] Cancel: stopping motor.
Shooter.LeftPrimaryMotor.cancel_INFO [19.983884051] Cancel: stopping motor.
Shooter.RightShooter.disableGoalTracking_INFO [19.985390788] Disable Goal Tracking.
Shooter.RightShooter.stopGoalTracking_INFO [19.985770687] Stop GoalTracking.
Shooter.RightTiltMotor.cancel_INFO [19.987812187] Cancel: stopping motor.
Shooter.RightPrimaryMotor.cancel_INFO [19.988327075] Cancel: stopping motor.
Robot.cancelAll_INFO [19.991825075] Cancel all operations.
Shooter.LeftShooter.cancel_INFO [19.997291809] owner=null
Shooter.LeftPrimaryMotor.cancel_INFO [19.997850882] Cancel: stopping motor.
Shooter.LeftTiltMotor.cancel_INFO [19.99852578] Cancel: stopping motor.
Shooter.RightShooter.cancel_INFO [19.999098469] owner=null
Shooter.RightPrimaryMotor.cancel_INFO [19.99968363] Cancel: stopping motor.
Shooter.RightTiltMotor.cancel_INFO [20.000217009] Cancel: stopping motor.
Shooter.LeftTransferMotor.cancel_INFO [20.000708522] Cancel: stopping motor.
Shooter.RightTransferMotor.cancel_INFO [20.001131499] Cancel: stopping motor.
Shooter.FeederMotor.cancel_INFO [20.005065584] Cancel: stopping motor.
Shooter.LeftTiltMotor.pidCtrlTask_INFO [20.030255241] controlMode: Position,onTarget=true(16.988185490199534/17.0), stalled=false, expired=false, event=(stopLeftTilt=SIGNALED)
Intake.IntakeMotor.cancel_INFO [20.061483712] Cancel: stopping motor.
Shooter.RightTiltMotor.pidCtrlTask_INFO [20.062215098] controlMode: Position,onTarget=true(16.98818592559126/17.0), stalled=false, expired=false, event=(stopRightTilt=SIGNALED)
Climber.Motor.cancel_INFO [20.078293386] Cancel: stopping motor.
TaskAutoShoot.cancel_INFO [20.082038565] Canceling auto task operation.
TaskAutoClimb.cancel_INFO [20.085608575] Canceling auto task operation.
FrcRobot.printPerformanceMetrics_INFO [20.116124695] [FrcRobot] Loop Performance Metrics:
Average Loop Interval = 0.001620s (freq=617.112Hz, min=0.000836s, max=0.432315s)
[03]                StartTask=0.000000s
[04]          PrePeriodicTask=0.000106s
[07]               UpdateTask=0.001024s
[02]                StartMode=0.000000s
[06]         PostPeriodicTask=0.000189s
[08]                 StopTask=0.000000s
[09]                 StopMode=0.000000s
[00]                RobotInit=17.829202s
[01]           RobotStartMode=0.000002s
[05]                 Periodic=0.000237s
[10]            RobotStopMode=0.000001s

TrcTaskMgr.printTaskPerformanceMetrics_INFO [20.122407752] FrcDashboard.task: STANDALONE_TASK=2.337935531823218E-4/0.010427815100086175
TrcTaskMgr.printTaskPerformanceMetrics_INFO [20.126596493] TrcWatchdogMgr: STANDALONE_TASK=1.1177453723404255E-4/0.995028609680851
TrcTaskMgr.printTaskPerformanceMetrics_INFO [20.128504145] flDriveMotor.pidCtrlTask: OUTPUT_TASK=2.5569497056613224E-5/0.01183032551133517
TrcTaskMgr.printTaskPerformanceMetrics_INFO [20.136579196] flDriveMotor.odometryCleanupTask: STOP_TASK=2.103405E-4/10.0298893455
TrcTaskMgr.printTaskPerformanceMetrics_INFO [20.139657649] frDriveMotor.pidCtrlTask: OUTPUT_TASK=8.103956478176467E-6/0.011830225977268457
TrcTaskMgr.printTaskPerformanceMetrics_INFO [20.143839289] blDriveMotor.pidCtrlTask: OUTPUT_TASK=8.4735759283612E-6/0.011830225324566348
TrcTaskMgr.printTaskPerformanceMetrics_INFO [20.147555878] brDriveMotor.pidCtrlTask: OUTPUT_TASK=8.211019724483407E-6/0.011830143610457108
TrcTaskMgr.printTaskPerformanceMetrics_INFO [20.150567179] flSteerMotor.pidCtrlTask: OUTPUT_TASK=1.1821972698810269E-5/0.011830143322542267
TrcTaskMgr.printTaskPerformanceMetrics_INFO [20.160059975] frSteerMotor.pidCtrlTask: OUTPUT_TASK=9.50025308371423E-6/0.011830062158787803
TrcTaskMgr.printTaskPerformanceMetrics_INFO [20.169996476] blSteerMotor.pidCtrlTask: OUTPUT_TASK=9.195128224392686E-6/0.011830134119584272
TrcTaskMgr.printTaskPerformanceMetrics_INFO [20.17289281] brSteerMotor.pidCtrlTask: OUTPUT_TASK=8.775818620085149E-6/0.011830135966942148
TrcTaskMgr.printTaskPerformanceMetrics_INFO [20.17816054] FrcSwerveDrive.odometryTask: INPUT_TASK=0.0031240806248216835/0.028631006313837377
TrcTaskMgr.printTaskPerformanceMetrics_INFO [20.190472063] FrcSwerveDrive.stopTask: STOP_TASK=0.007220932/10.0296864815
TrcTaskMgr.printTaskPerformanceMetrics_INFO [20.193041634] purePursuitDrive.driveTask: OUTPUT_TASK=0.007124918841409692/0.04319639952202643
TrcTaskMgr.printTaskPerformanceMetrics_INFO [20.198058338] LED: OUTPUT_TASK=4.630670184663537E-5/0.011829835811017216
TrcTaskMgr.printTaskPerformanceMetrics_INFO [20.201155102] LED.ledTask: OUTPUT_TASK=2.5424773219560225E-4/0.011053014689858878
TrcTaskMgr.printTaskPerformanceMetrics_INFO [20.204820848] Shooter.LeftPrimaryMotor.pidCtrlTask: OUTPUT_TASK=8.947884319248826E-6/0.011829786101658841
TrcTaskMgr.printTaskPerformanceMetrics_INFO [20.213500684] Shooter.LeftFollowerMotor.pidCtrlTask: OUTPUT_TASK=5.366547446169254E-6/0.01182978526464697
TrcTaskMgr.printTaskPerformanceMetrics_INFO [20.215230371] Shooter.LeftTiltMotor.pidCtrlTask: OUTPUT_TASK=1.884173845142714E-4/0.011829788532048073
TrcTaskMgr.printTaskPerformanceMetrics_INFO [20.216580477] Shooter.LeftShooter.ShooterMotor1VelTrigger.triggerTask: PRE_PERIODIC_TASK=3.9611361538461536E-4/0.0922904623076923
TrcTaskMgr.printTaskPerformanceMetrics_INFO [20.21946869] Shooter.LeftShooter.goalTracking: POST_PERIODIC_TASK=0.03602394767759563/0.050254074568306016
TrcTaskMgr.printTaskPerformanceMetrics_INFO [20.222567916] Shooter.LeftTransferMotor.pidCtrlTask: OUTPUT_TASK=7.957005570507606E-6/0.011829503284471427
TrcTaskMgr.printTaskPerformanceMetrics_INFO [20.225829796] Shooter.RightPrimaryMotor.pidCtrlTask: OUTPUT_TASK=1.0041272203792952E-5/0.01182950128021531
TrcTaskMgr.printTaskPerformanceMetrics_INFO [20.227065514] Shooter.RightFollowerMotor.pidCtrlTask: OUTPUT_TASK=6.049375665018464E-6/0.011829500839707078
TrcTaskMgr.printTaskPerformanceMetrics_INFO [20.230435627] Shooter.RightTiltMotor.pidCtrlTask: OUTPUT_TASK=1.3828014526223557E-4/0.011829466242833897
TrcTaskMgr.printTaskPerformanceMetrics_INFO [20.232201683] Shooter.RightShooter.ShooterMotor1VelTrigger.triggerTask: PRE_PERIODIC_TASK=1.9687115789473686E-4/0.0912365657368421
TrcTaskMgr.printTaskPerformanceMetrics_INFO [20.246666601] Shooter.RightShooter.goalTracking: POST_PERIODIC_TASK=0.0033206223961748634/0.05014208472404372
TrcTaskMgr.printTaskPerformanceMetrics_INFO [20.248249027] Shooter.RightTransferMotor.pidCtrlTask: OUTPUT_TASK=6.7629788472369985E-6/0.011829378634332562
TrcTaskMgr.printTaskPerformanceMetrics_INFO [20.250906826] Shooter.TurretMotor.pidCtrlTask: OUTPUT_TASK=6.727783294117648E-4/0.01182930875
TrcTaskMgr.printTaskPerformanceMetrics_INFO [20.252940704] Shooter.FeederMotor.pidCtrlTask: OUTPUT_TASK=5.930187484355444E-6/0.011829275915269086
TrcTaskMgr.printTaskPerformanceMetrics_INFO [20.254390528] ShooterfieldLengthTrigger.triggerTask: PRE_PERIODIC_TASK=1.532902378847062E-5/0.0016177221566381936
TrcTaskMgr.printTaskPerformanceMetrics_INFO [20.258889337] ShooterfieldWidthTrigger.triggerTask: PRE_PERIODIC_TASK=5.768680894535777E-6/0.0016177215790530968
TrcTaskMgr.printTaskPerformanceMetrics_INFO [20.264823946] Intake.IntakeMotor.pidCtrlTask: OUTPUT_TASK=5.907766660409236E-6/0.011829187302734499
TrcTaskMgr.printTaskPerformanceMetrics_INFO [20.267882857] Climber.Motor.pidCtrlTask: OUTPUT_TASK=6.55216687316188E-5/0.011829186455791252
TrcTaskMgr.printTaskPerformanceMetrics_INFO [20.269803409] TaskAutoShoot: POST_PERIODIC_TASK=0.0026596958260869563/0.09596840354347827
