Robot.robotStartMode_INFO [0.009197398] Thu Apr 09 17:02:59 UTC 2026: ***** AUTO_MODE *****
Robot.robotStartMode_INFO [0.024078688] <BuildInfo Host="DESKTOP_NJF" User="NoahJ" Timestamp="2026-04-09 08:07:22" Branch="dev" />
FrcAuto.startMode_INFO [0.033827382] <Info name="MatchInfo" date="Thu Apr 09 17:02:59 UTC 2026" event="PNCMP" type="None" match=999 replay=7 alliance="Red" location=2 gameMsg="" />
FrcAuto.startMode_INFO [0.04543255] <Info name="AutoChoices" alliance="Red" strategy="DCMP_AUTO" startPos="START_POS_DEPOT" startDelay=0.0 sec depotPickup="false" outpostPickup="false" neutralZonePickup="true" moveTo="NONE" passBack="NONE" climb="false" climbSide="DEPOT" neutralZoneCycles="0.0" type="TRENCH" sweepDistance="STANDARD" pathFile="DrivePath.csv" xDistance=0.0 ft yDistance=0.0 ft turnDegrees=0.0 deg driveTime=0.0 sec drivePower=0.0"  />
FrcAuto.startMode_ERR [0.06231761] Selecting Dcmp Auto.
Shooter.stopTiltCallback_ERR [0.109775993] StopRightTilt was completed.
Shooter.stopTiltCallback_ERR [0.117207023] StopLeftTilt was completed.
FrcAuto.periodic_ERR [0.123725022] Calling cmdPeriodic.
CmdDcmpAuto.cmdPeriodic_INFO [0.130007555] <Event name="StateInfo" time="0.128402762" tag="vvvvv" CmdDcmpAuto.state="START" />
Shooter.LeftTiltMotor.isMotorStalled_INFO [0.133325823] Stall detection triggered.
Shooter.LeftTiltMotor.checkStallReset_INFO [0.138235053] Resetting stall.
Shooter.RightTiltMotor.isMotorStalled_INFO [0.142372777] Stall detection triggered.
Shooter.RightTiltMotor.checkStallReset_INFO [0.147010353] Resetting stall.
Shooter.TurretMotor.isMotorStalled_INFO [0.150630972] Stall detection triggered.
Robot.zeroCalibrate_INFO [0.15286438] Zero calibrate all subsystems.
Climber.Motor.isMotorStalled_INFO [0.154795143] Stall detection triggered.
Climber.Motor.checkStallReset_INFO [0.158558375] Resetting stall.
TrcSubsystem.zeroCalibrateAll_INFO [0.158169871] ZeroCalibrate(Subsystem=Shooter, owner=null, event=null)
Shooter.zeroCalibrate_INFO [0.163834383] ZeroCalibrate left shooter.
Shooter.zeroCalibrate_INFO [0.173369103] ZeroCalibrate right shooter.
TrcSubsystem.zeroCalibrateAll_INFO [0.1802944] ZeroCalibrate(Subsystem=Climber, owner=null, event=null)
CmdDcmpAuto.cmdPeriodic_INFO [0.184652798] <Event name="StateInfo" time="0.184387813" tag="^^^^^" CmdDcmpAuto.state="START" />
FrcAuto.periodic_ERR [0.203118599] Calling cmdPeriodic.
CmdDcmpAuto.cmdPeriodic_INFO [0.2069795] <Event name="StateInfo" time="0.206468316" tag="vvvvv" CmdDcmpAuto.state="NEUTRAL_ZONE_PICKUP" />
Climber.Motor.isMotorStalled_INFO [0.28295197] Stall detection triggered.
Climber.Motor.zeroCalibratingMotor_WARN [0.295063639] Stalled, lower limit switch may not exist or might have failed!
Climber.Motor.pidCtrlTask_INFO [0.300977978] Zero calibration done, event=null
purePursuitDrive.start_INFO [0.39127095] Path=TrcPath(degrees=true, [Waypoint(simple=true,index=0,pose=(x=-17.220000,y=477.610472,angle=-90.002747),vel=0.0), Waypoint(simple=false,index=-1,timestep=0.20104971205682792,pose=(x=-20.354402,y=404.761205,angle=-90.004599),vel=175.0,encPos=0.0,accel=0.0,jerk=0.0), Waypoint(simple=true,index=1,pose=(x=-21.866811,y=369.610026,angle=269.994507),vel=175.0), Waypoint(simple=true,index=2,pose=(x=-55.864893,y=349.606767,angle=269.994507),vel=175.0), Waypoint(simple=true,index=3,pose=(x=-150.864893,y=349.597659,angle=269.994507),vel=175.0), Waypoint(simple=true,index=4,pose=(x=-38.864893,y=349.608397,angle=179.994507),vel=175.0), Waypoint(simple=false,index=-1,timestep=1.1690533151385476,pose=(x=-38.179870,y=366.761438,angle=179.994507),vel=175.0,encPos=0.0,accel=0.0,jerk=0.0), Waypoint(simple=true,index=5,pose=(x=-32.879263,y=499.488971,angle=179.994507),vel=52.24940191045253), Waypoint(simple=true,index=6,pose=(x=-32.880509,y=512.488971,angle=179.994507),vel=0.0)])
Shooter.enableGoalTracking_INFO [0.399544] EnableGoalTracking: goalTrackingParams=(trackFlywheel=false,trackTiltPos=false,trackPanPos=true), noPassback=true
Shooter.setupGoalTrackingMode_INFO [0.402241046] AlliancHub: alliance=Red, fieldLengthZone=6, fieldWidthZone=3.
Shooter.setupGoalTrackingMode_INFO [0.404995099] GoalTracking(trackingMode=AllianceHub, goalPose=(x=-158.838583,y=469.110472,angle=180.000000), noPassback=true).
Shooter.LeftShooter.enableGoalTracking_INFO [0.419710258] Enable GoalTracking (trackingParams=(trackFlywheel=false,trackTiltPos=false,trackPanPos=true)).
Shooter.LeftPrimaryMotor.cancel_INFO [0.421273969] Cancel: stopping motor.
Shooter.LeftTiltMotor.cancel_INFO [0.423457323] Cancel: stopping motor.
Shooter.RightShooter.enableGoalTracking_INFO [0.432354924] Enable GoalTracking (trackingParams=(trackFlywheel=false,trackTiltPos=false,trackPanPos=true)).
Shooter.RightPrimaryMotor.cancel_INFO [0.434780237] Cancel: stopping motor.
Shooter.RightTiltMotor.cancel_INFO [0.436316256] Cancel: stopping motor.
Shooter.enableGoalTracking_ERR [0.438344306] EnableGoalTrackingTimestamps=[0.400185139, 0.405325521, 0.423931976, 0.437901659]
Shooter.LeftTiltMotor.isMotorStalled_INFO [0.446650097] Stall detection triggered.
CmdDcmpAuto.cmdPeriodic_INFO [0.449976184] <Event name="StateInfo" time="0.448762663" tag="^^^^^" CmdDcmpAuto.state="NEUTRAL_ZONE_PICKUP" RobotPose=(x=-17.220000,y=477.610472,angle=-90.000000) TargetPose=(x=-32.880509,y=512.488971,angle=179.994507) vel=(x=-0.000000,y=0.000000,angle=-0.000000) Path=TrcPath(degrees=true, [Waypoint(simple=true,index=0,pose=(x=0.000000,y=0.000000,angle=0.000000),vel=0.0), Waypoint(simple=false,index=-1,timestep=0.20104971205682792,pose=(x=-72.849117,y=3.137894,angle=-0.001853),vel=175.0,encPos=0.0,accel=0.0,jerk=0.0), Waypoint(simple=true,index=1,pose=(x=-108.000223,y=4.651988,angle=359.997253),vel=175.0), Waypoint(simple=true,index=2,pose=(x=-128.001853,y=38.651029,angle=359.997253),vel=175.0), Waypoint(simple=true,index=3,pose=(x=-128.006407,y=133.651029,angle=359.997253),vel=175.0), Waypoint(simple=true,index=4,pose=(x=-128.001038,y=21.651029,angle=269.997253),vel=175.0), Waypoint(simple=false,index=-1,timestep=1.1690533151385476,pose=(x=-110.848029,y=20.965183,angle=269.997253),vel=175.0,encPos=0.0,accel=0.0,jerk=0.0), Waypoint(simple=true,index=5,pose=(x=21.879249,y=15.658214,angle=269.997253),vel=52.24940191045253), Waypoint(simple=true,index=6,pose=(x=34.879249,y=15.658837,angle=269.997253),vel=0.0)]) />
Shooter.LeftTiltMotor.checkStallReset_INFO [0.450183474] Resetting stall.
Shooter.RightTiltMotor.isMotorStalled_INFO [0.462319144] Stall detection triggered.
Shooter.RightTiltMotor.checkStallReset_INFO [0.464209266] Resetting stall.
CmdDcmpAuto.lambda$cmdPeriodic$2_INFO [0.634030982] WaypointHandler: index=0
Robot.setRelocalizationMode_INFO [0.658494737] setRelocalizationMode to OneShot
FrcDashboard.task.run_FATAL [0.718121764] Caught unexpected exception:
java.lang.ArrayIndexOutOfBoundsException: Index 763 out of bounds for length 763
TrcDbgTrace.run_ERR [0.731765222] Stack Trace (depth=15):
org.photonvision.common.dataflow.structures.Packet.decodeInt(Packet.java:309)
org.photonvision.struct.PhotonTrackedTargetSerde.unpack(PhotonTrackedTargetSerde.java:112)
org.photonvision.struct.PhotonTrackedTargetSerde.unpack(PhotonTrackedTargetSerde.java:43)
org.photonvision.common.dataflow.structures.Packet.decodeList(Packet.java:419)
org.photonvision.struct.PhotonPipelineResultSerde.unpack(PhotonPipelineResultSerde.java:78)
org.photonvision.struct.PhotonPipelineResultSerde.unpack(PhotonPipelineResultSerde.java:43)
org.photonvision.common.networktables.PacketSubscriber.parse(PacketSubscriber.java:66)
org.photonvision.common.networktables.PacketSubscriber.getAllChanges(PacketSubscriber.java:110)
org.photonvision.PhotonCamera.getAllUnreadResults(PhotonCamera.java:262)
frclib.vision.FrcPhotonVision.getDetectedAprilTag(FrcPhotonVision.java:633)
teamcode.vision.Vision.updateStatus(Vision.java:447)
frclib.driverio.FrcDashboard.dashboardTask(FrcDashboard.java:212)
trclib.robotcore.TrcTaskMgr$TaskObject.standaloneTask(TrcTaskMgr.java:425)
trclib.robotcore.TrcPeriodicThread.run(TrcPeriodicThread.java:351)
java.base/java.lang.Thread.run(Unknown Source)
FrcAuto.periodic_ERR [0.749119068] Calling cmdPeriodic.
FrcAuto.periodic_ERR [0.964207354] Calling cmdPeriodic.
FrcAuto.periodic_ERR [1.018030558] Calling cmdPeriodic.
FrcAuto.periodic_ERR [1.079421728] Calling cmdPeriodic.
FrcAuto.periodic_ERR [1.164501849] Calling cmdPeriodic.
FrcAuto.periodic_ERR [1.219673069] Calling cmdPeriodic.
Shooter.fieldTriggerCallback_INFO [1.27995306] FieldTriggerCallback: canceled=false, zoneCtxt=(value-430.799185,prevZone=6,currZone=5)
Shooter.setupGoalTrackingMode_INFO [1.283289152] AlliancHub: alliance=Red, fieldLengthZone=5, fieldWidthZone=3.
Shooter.setupGoalTrackingMode_INFO [1.286011202] GoalTracking(trackingMode=AllianceHub, goalPose=(x=-158.838583,y=469.110472,angle=180.000000), noPassback=true).
FrcAuto.periodic_ERR [1.290317499] Calling cmdPeriodic.
FrcAuto.periodic_ERR [1.352956457] Calling cmdPeriodic.
FrcAuto.periodic_ERR [1.418333419] Calling cmdPeriodic.
FrcAuto.periodic_ERR [1.46220175] Calling cmdPeriodic.
FrcAuto.periodic_ERR [1.516966973] Calling cmdPeriodic.
FrcAuto.periodic_ERR [1.567402976] Calling cmdPeriodic.
FrcAuto.periodic_ERR [1.618036949] Calling cmdPeriodic.
FrcAuto.periodic_ERR [1.660797971] Calling cmdPeriodic.
CmdDcmpAuto.lambda$cmdPeriodic$2_INFO [1.711476788] WaypointHandler: index=1
Robot.setRelocalizationMode_INFO [1.716095832] setRelocalizationMode to OneShot
FrcAuto.periodic_ERR [1.735578472] Calling cmdPeriodic.
TrcWatchdogMgr.checkForExpiration_WARN [1.767435318] ([1.7757541808786547E9]FrcDashboard.task:threshold=1.0,expiredTime=1.7757541807311034E9,expired=true,paused=false) expired.
TrcDbgTrace.checkForExpiration_INFO [1.769457263] Thread stack: 
FrcAuto.periodic_ERR [1.795938676] Calling cmdPeriodic.
FrcAuto.periodic_ERR [1.861363335] Calling cmdPeriodic.
FrcAuto.periodic_ERR [1.921364938] Calling cmdPeriodic.
FrcAuto.periodic_ERR [1.972843367] Calling cmdPeriodic.
Shooter.fieldTriggerCallback_INFO [2.029239959] FieldTriggerCallback: canceled=false, zoneCtxt=(value-349.656958,prevZone=5,currZone=4)
Shooter.setupGoalTrackingMode_INFO [2.032191683] AlliancHub: alliance=Red, fieldLengthZone=4, fieldWidthZone=3.
Shooter.setupGoalTrackingMode_INFO [2.036068137] GoalTracking(trackingMode=AllianceHub, goalPose=(x=-158.838583,y=469.110472,angle=180.000000), noPassback=true).
CmdDcmpAuto.lambda$cmdPeriodic$2_INFO [2.037896074] WaypointHandler: index=2
Robot.setRelocalizationMode_INFO [2.039453254] setRelocalizationMode to OneShot
FrcAuto.periodic_ERR [2.049468708] Calling cmdPeriodic.
FrcAuto.periodic_ERR [2.111250317] Calling cmdPeriodic.
FrcAuto.periodic_ERR [2.168052724] Calling cmdPeriodic.
FrcAuto.periodic_ERR [2.209465422] Calling cmdPeriodic.
FrcAuto.periodic_ERR [2.257373357] Calling cmdPeriodic.
FrcAuto.periodic_ERR [2.3178795] Calling cmdPeriodic.
FrcAuto.periodic_ERR [2.364383629] Calling cmdPeriodic.
FrcAuto.periodic_ERR [2.410754032] Calling cmdPeriodic.
FrcAuto.periodic_ERR [2.453350579] Calling cmdPeriodic.
FrcAuto.periodic_ERR [2.498573978] Calling cmdPeriodic.
FrcAuto.periodic_ERR [2.55044393] Calling cmdPeriodic.
FrcAuto.periodic_ERR [2.602391617] Calling cmdPeriodic.
Shooter.fieldTriggerCallback_INFO [2.646297744] FieldTriggerCallback: canceled=false, zoneCtxt=(value-352.534394,prevZone=4,currZone=5)
Shooter.setupGoalTrackingMode_INFO [2.650574655] AlliancHub: alliance=Red, fieldLengthZone=5, fieldWidthZone=3.
Shooter.setupGoalTrackingMode_INFO [2.651850818] GoalTracking(trackingMode=AllianceHub, goalPose=(x=-158.838583,y=469.110472,angle=180.000000), noPassback=true).
FrcAuto.periodic_ERR [2.656763729] Calling cmdPeriodic.
FrcAuto.periodic_ERR [2.707065745] Calling cmdPeriodic.
FrcAuto.periodic_ERR [2.758553223] Calling cmdPeriodic.
FrcAuto.periodic_ERR [2.804640401] Calling cmdPeriodic.
FrcAuto.periodic_ERR [2.860643495] Calling cmdPeriodic.
FrcAuto.periodic_ERR [2.910908639] Calling cmdPeriodic.
Shooter.fieldTriggerCallback_INFO [2.961153612] FieldTriggerCallback: canceled=false, zoneCtxt=(value--131.306608,prevZone=3,currZone=2)
Shooter.setupGoalTrackingMode_INFO [2.973335836] AlliancHub: alliance=Red, fieldLengthZone=5, fieldWidthZone=2.
Shooter.setupGoalTrackingMode_INFO [2.981099112] GoalTracking(trackingMode=AllianceHub, goalPose=(x=-158.838583,y=469.110472,angle=180.000000), noPassback=true).
FrcAuto.periodic_ERR [2.983517543] Calling cmdPeriodic.
FrcAuto.periodic_ERR [3.045715229] Calling cmdPeriodic.
FrcAuto.periodic_ERR [3.099572492] Calling cmdPeriodic.
FrcAuto.periodic_ERR [3.145887707] Calling cmdPeriodic.
CmdDcmpAuto.lambda$cmdPeriodic$2_INFO [3.186921355] WaypointHandler: index=3
Robot.setRelocalizationMode_INFO [3.187906006] setRelocalizationMode to OneShot
FrcAuto.periodic_ERR [3.204438621] Calling cmdPeriodic.
Shooter.fieldTriggerCallback_INFO [3.239126613] FieldTriggerCallback: canceled=false, zoneCtxt=(value--110.669956,prevZone=2,currZone=3)
Shooter.setupGoalTrackingMode_INFO [3.250615881] AlliancHub: alliance=Red, fieldLengthZone=4, fieldWidthZone=3.
Shooter.setupGoalTrackingMode_INFO [3.256849768] GoalTracking(trackingMode=AllianceHub, goalPose=(x=-158.838583,y=469.110472,angle=180.000000), noPassback=true).
Shooter.fieldTriggerCallback_INFO [3.259215428] FieldTriggerCallback: canceled=false, zoneCtxt=(value-347.138142,prevZone=5,currZone=4)
Shooter.setupGoalTrackingMode_INFO [3.264095394] AlliancHub: alliance=Red, fieldLengthZone=4, fieldWidthZone=3.
Shooter.setupGoalTrackingMode_INFO [3.269024376] GoalTracking(trackingMode=AllianceHub, goalPose=(x=-158.838583,y=469.110472,angle=180.000000), noPassback=true).
FrcAuto.periodic_ERR [3.27060703] Calling cmdPeriodic.
FrcAuto.periodic_ERR [3.322085529] Calling cmdPeriodic.
FrcAuto.periodic_ERR [3.383256282] Calling cmdPeriodic.
FrcAuto.periodic_ERR [3.428787207] Calling cmdPeriodic.
FrcAuto.periodic_ERR [3.480925572] Calling cmdPeriodic.
FrcAuto.periodic_ERR [3.535043639] Calling cmdPeriodic.
Shooter.fieldTriggerCallback_INFO [3.582176379] FieldTriggerCallback: canceled=false, zoneCtxt=(value-352.481859,prevZone=4,currZone=5)
Shooter.setupGoalTrackingMode_INFO [3.583250199] AlliancHub: alliance=Red, fieldLengthZone=5, fieldWidthZone=3.
Shooter.setupGoalTrackingMode_INFO [3.583895529] GoalTracking(trackingMode=AllianceHub, goalPose=(x=-158.838583,y=469.110472,angle=180.000000), noPassback=true).
FrcAuto.periodic_ERR [3.585940811] Calling cmdPeriodic.
FrcAuto.periodic_ERR [3.646164737] Calling cmdPeriodic.
FrcAuto.periodic_ERR [3.709213294] Calling cmdPeriodic.
FrcAuto.periodic_ERR [3.757288371] Calling cmdPeriodic.
FrcAuto.periodic_ERR [3.808245043] Calling cmdPeriodic.
FrcAuto.periodic_ERR [3.862808093] Calling cmdPeriodic.
FrcAuto.periodic_ERR [3.913508131] Calling cmdPeriodic.
FrcAuto.periodic_ERR [3.965174028] Calling cmdPeriodic.
Shooter.fieldTriggerCallback_INFO [4.017832078] FieldTriggerCallback: canceled=false, zoneCtxt=(value-351.223726,prevZone=5,currZone=4)
Shooter.setupGoalTrackingMode_INFO [4.020523549] AlliancHub: alliance=Red, fieldLengthZone=4, fieldWidthZone=3.
Shooter.setupGoalTrackingMode_INFO [4.022310291] GoalTracking(trackingMode=AllianceHub, goalPose=(x=-158.838583,y=469.110472,angle=180.000000), noPassback=true).
CmdDcmpAuto.lambda$cmdPeriodic$2_INFO [4.024048189] WaypointHandler: index=4
Robot.setRelocalizationMode_INFO [4.025155798] setRelocalizationMode to OneShot
FrcAuto.periodic_ERR [4.031358368] Calling cmdPeriodic.
Shooter.fieldTriggerCallback_INFO [4.115706302] FieldTriggerCallback: canceled=false, zoneCtxt=(value-354.826075,prevZone=4,currZone=5)
Shooter.setupGoalTrackingMode_INFO [4.118343704] AlliancHub: alliance=Red, fieldLengthZone=5, fieldWidthZone=3.
Shooter.setupGoalTrackingMode_INFO [4.125816199] GoalTracking(trackingMode=AllianceHub, goalPose=(x=-158.838583,y=469.110472,angle=180.000000), noPassback=true).
FrcAuto.periodic_ERR [4.135457149] Calling cmdPeriodic.
FrcAuto.periodic_ERR [4.208312863] Calling cmdPeriodic.
FrcAuto.periodic_ERR [4.254510173] Calling cmdPeriodic.
FrcAuto.periodic_ERR [4.295128895] Calling cmdPeriodic.
FrcAuto.periodic_ERR [4.344325008] Calling cmdPeriodic.
FrcAuto.periodic_ERR [4.389551257] Calling cmdPeriodic.
FrcAuto.periodic_ERR [4.440931323] Calling cmdPeriodic.
Shooter.fieldTriggerCallback_INFO [4.502485424] FieldTriggerCallback: canceled=false, zoneCtxt=(value-351.148463,prevZone=5,currZone=4)
Shooter.setupGoalTrackingMode_INFO [4.50390852] AlliancHub: alliance=Red, fieldLengthZone=4, fieldWidthZone=3.
Shooter.setupGoalTrackingMode_INFO [4.515106782] GoalTracking(trackingMode=AllianceHub, goalPose=(x=-158.838583,y=469.110472,angle=180.000000), noPassback=true).
FrcAuto.periodic_ERR [4.516932293] Calling cmdPeriodic.
Shooter.fieldTriggerCallback_INFO [4.580483701] FieldTriggerCallback: canceled=false, zoneCtxt=(value-354.185101,prevZone=4,currZone=5)
Shooter.setupGoalTrackingMode_INFO [4.581923094] AlliancHub: alliance=Red, fieldLengthZone=5, fieldWidthZone=3.
Shooter.setupGoalTrackingMode_INFO [4.587516322] GoalTracking(trackingMode=AllianceHub, goalPose=(x=-158.838583,y=469.110472,angle=180.000000), noPassback=true).
FrcAuto.periodic_ERR [4.588414691] Calling cmdPeriodic.
FrcAuto.periodic_ERR [4.637995795] Calling cmdPeriodic.
FrcAuto.periodic_ERR [4.690585935] Calling cmdPeriodic.
FrcAuto.periodic_ERR [4.736611446] Calling cmdPeriodic.
FrcAuto.periodic_ERR [4.775728595] Calling cmdPeriodic.
FrcAuto.periodic_ERR [4.822915208] Calling cmdPeriodic.
FrcAuto.periodic_ERR [4.876862164] Calling cmdPeriodic.
FrcAuto.periodic_ERR [4.921349848] Calling cmdPeriodic.
FrcAuto.periodic_ERR [4.966945187] Calling cmdPeriodic.
FrcAuto.periodic_ERR [5.026806865] Calling cmdPeriodic.
FrcAuto.periodic_ERR [5.071950986] Calling cmdPeriodic.
FrcAuto.periodic_ERR [5.117637052] Calling cmdPeriodic.
FrcAuto.periodic_ERR [5.154514368] Calling cmdPeriodic.
FrcAuto.periodic_ERR [5.196403397] Calling cmdPeriodic.
FrcAuto.periodic_ERR [5.237858985] Calling cmdPeriodic.
FrcAuto.periodic_ERR [5.288509941] Calling cmdPeriodic.
FrcAuto.periodic_ERR [5.340980558] Calling cmdPeriodic.
FrcAuto.periodic_ERR [5.39460821] Calling cmdPeriodic.
FrcAuto.periodic_ERR [5.438170364] Calling cmdPeriodic.
FrcAuto.periodic_ERR [5.488048919] Calling cmdPeriodic.
Shooter.fieldTriggerCallback_INFO [5.533262751] FieldTriggerCallback: canceled=false, zoneCtxt=(value-437.730212,prevZone=5,currZone=6)
Shooter.setupGoalTrackingMode_INFO [5.534747638] AlliancHub: alliance=Red, fieldLengthZone=6, fieldWidthZone=3.
Shooter.setupGoalTrackingMode_INFO [5.535718269] GoalTracking(trackingMode=AllianceHub, goalPose=(x=-158.838583,y=469.110472,angle=180.000000), noPassback=true).
FrcAuto.periodic_ERR [5.536446418] Calling cmdPeriodic.
FrcAuto.periodic_ERR [5.583513894] Calling cmdPeriodic.
FrcAuto.periodic_ERR [5.63412692] Calling cmdPeriodic.
FrcAuto.periodic_ERR [5.68747714] Calling cmdPeriodic.
FrcAuto.periodic_ERR [5.730246682] Calling cmdPeriodic.
FrcAuto.periodic_ERR [5.779849698] Calling cmdPeriodic.
FrcAuto.periodic_ERR [5.819058972] Calling cmdPeriodic.
FrcAuto.periodic_ERR [5.865476226] Calling cmdPeriodic.
FrcAuto.periodic_ERR [5.910268823] Calling cmdPeriodic.
CmdDcmpAuto.lambda$cmdPeriodic$2_INFO [5.945648239] WaypointHandler: index=5
Robot.setRelocalizationMode_INFO [5.947510992] setRelocalizationMode to OneShot
FrcAuto.periodic_ERR [5.965065631] Calling cmdPeriodic.
CmdDcmpAuto.cmdPeriodic_INFO [5.967011458] <Event name="StateInfo" time="5.966686579" tag="vvvvv" CmdDcmpAuto.state="SHOOT_NEUTRAL_FUEL" />
TaskAutoShoot.autoShoot_INFO [5.972478495] autoShoot(owner=null, event=(CmdDcmpAuto=CANCELED), taskParams=(autoStop=true, noPassback=true, noWait=false))
Shooter.enableGoalTracking_INFO [5.975845752] EnableGoalTracking: goalTrackingParams=(trackFlywheel=true,trackTiltPos=true,trackPanPos=true), noPassback=true
Shooter.setupGoalTrackingMode_INFO [5.977958837] AlliancHub: alliance=Red, fieldLengthZone=6, fieldWidthZone=3.
Shooter.setupGoalTrackingMode_INFO [5.980404663] GoalTracking(trackingMode=AllianceHub, goalPose=(x=-158.838583,y=469.110472,angle=180.000000), noPassback=true).
Shooter.LeftShooter.enableGoalTracking_INFO [5.982715769] Enable GoalTracking (trackingParams=(trackFlywheel=true,trackTiltPos=true,trackPanPos=true)).
Shooter.LeftPrimaryMotor.cancel_INFO [5.984751947] Cancel: stopping motor.
Shooter.LeftTiltMotor.cancel_INFO [5.98638652] Cancel: stopping motor.
Shooter.RightShooter.enableGoalTracking_INFO [5.988069202] Enable GoalTracking (trackingParams=(trackFlywheel=true,trackTiltPos=true,trackPanPos=true)).
Shooter.RightPrimaryMotor.cancel_INFO [5.98983605] Cancel: stopping motor.
Shooter.RightTiltMotor.cancel_INFO [5.995106849] Cancel: stopping motor.
Shooter.enableGoalTracking_ERR [5.996967029] EnableGoalTrackingTimestamps=[5.977439447, 5.982222749, 5.987782298, 5.996511052]
CmdDcmpAuto.cmdPeriodic_INFO [6.011030485] <Event name="StateInfo" time="6.010664491" tag="^^^^^" CmdDcmpAuto.state="SHOOT_NEUTRAL_FUEL" />
TaskAutoShoot.autoTask_INFO [6.157955873] <Event name="StateInfo" time="6.157393843" tag="vvvvv" TaskAutoShoot.state="START" />
TaskAutoShoot.runTaskState_INFO [6.16565556] ***** Wait for left Shooter ready.
TaskAutoShoot.runTaskState_INFO [6.177545511] ***** Wait for right Shooter ready.
TaskAutoShoot.runTaskState_INFO [6.180908448] ***** Wait for Turret ready.
TaskAutoShoot.autoTask_INFO [6.182837771] <Event name="StateInfo" time="6.182628108" tag="^^^^^" TaskAutoShoot.state="START" />
Shooter.fieldTriggerCallback_INFO [6.189907523] FieldTriggerCallback: canceled=false, zoneCtxt=(value-510.015126,prevZone=6,currZone=7)
Shooter.setupGoalTrackingMode_INFO [6.192440633] AlliancHub: alliance=Red, fieldLengthZone=7, fieldWidthZone=3.
Shooter.setupGoalTrackingMode_INFO [6.197971156] GoalTracking(trackingMode=AllianceHub, goalPose=(x=-158.838583,y=469.110472,angle=180.000000), noPassback=true).
CmdDcmpAuto.lambda$cmdPeriodic$2_INFO [6.199304682] WaypointHandler: index=-1
Robot.setRelocalizationMode_INFO [6.200492375] setRelocalizationMode to Continuous
FrcAuto.periodic_ERR [6.217276586] Calling cmdPeriodic.
Shooter.TurretMotor.pidCtrlTask_INFO [6.262397609] controlMode: Position,onTarget=true(49.71038818359375/48.43573222263536), stalled=false, expired=false, event=(TaskAutoShoot.turretReady=SIGNALED)
TaskAutoShoot.autoTask_INFO [6.322726281] <Event name="StateInfo" time="6.322508338" tag="vvvvv" TaskAutoShoot.state="SHOOT" />
TaskAutoShoot.autoTask_INFO [6.325758146] <Event name="StateInfo" time="6.325574668" tag="^^^^^" TaskAutoShoot.state="SHOOT" />
FrcAuto.periodic_ERR [6.337353707] Calling cmdPeriodic.
TaskAutoShoot.autoTask_INFO [6.425127463] <Event name="StateInfo" time="6.42490611" tag="vvvvv" TaskAutoShoot.state="SHOOT" />
TaskAutoShoot.autoTask_INFO [6.428471047] <Event name="StateInfo" time="6.428273095" tag="^^^^^" TaskAutoShoot.state="SHOOT" />
FrcAuto.periodic_ERR [6.444905347] Calling cmdPeriodic.
TaskAutoShoot.autoTask_INFO [6.543645016] <Event name="StateInfo" time="6.539887617" tag="vvvvv" TaskAutoShoot.state="SHOOT" />
TaskAutoShoot.autoTask_INFO [6.545461661] <Event name="StateInfo" time="6.545211293" tag="^^^^^" TaskAutoShoot.state="SHOOT" />
FrcAuto.periodic_ERR [6.557231107] Calling cmdPeriodic.
TaskAutoShoot.autoTask_INFO [6.646703351] <Event name="StateInfo" time="6.646500036" tag="vvvvv" TaskAutoShoot.state="SHOOT" />
TaskAutoShoot.autoTask_INFO [6.650607714] <Event name="StateInfo" time="6.647095677" tag="^^^^^" TaskAutoShoot.state="SHOOT" />
FrcAuto.periodic_ERR [6.658351358] Calling cmdPeriodic.
TaskAutoShoot.autoTask_INFO [6.761219869] <Event name="StateInfo" time="6.760994664" tag="vvvvv" TaskAutoShoot.state="SHOOT" />
TaskAutoShoot.autoTask_INFO [6.762404385] <Event name="StateInfo" time="6.76218334" tag="^^^^^" TaskAutoShoot.state="SHOOT" />
FrcAuto.periodic_ERR [6.779873621] Calling cmdPeriodic.
TaskAutoShoot.autoTask_INFO [6.869297445] <Event name="StateInfo" time="6.869068318" tag="vvvvv" TaskAutoShoot.state="SHOOT" />
TaskAutoShoot.autoTask_INFO [6.872043497] <Event name="StateInfo" time="6.87181609" tag="^^^^^" TaskAutoShoot.state="SHOOT" />
FrcAuto.periodic_ERR [6.883172052] Calling cmdPeriodic.
Shooter.LeftShooter.goalTrackingTask_INFO [6.946321151] Shooter.LeftShooter is Ready: rpm1=5208.858173/5237.967877, rpm2=3202.031250/0.000000, tilt=26.672399/26.576519, pan=null/null
TaskAutoShoot.autoTask_INFO [6.974817037] <Event name="StateInfo" time="6.97460907" tag="vvvvv" TaskAutoShoot.state="SHOOT" />
TaskAutoShoot.runTaskState_INFO [6.982576593] ***** Start left shooter shooting (timedout=false, turretReady=true).
Shooter.shoot_INFO [6.988412915] shoot(owner=null, event=(TaskAutoShoot.leftShooterDone=CLEARED), shooter=leftShooter, autoStop=true)
Shooter.LeftTransferMotor.cancel_INFO [7.033354905] Cancel: stopping motor.
TaskAutoShoot.autoTask_INFO [7.040762542] <Event name="StateInfo" time="7.040052738" tag="^^^^^" TaskAutoShoot.state="SHOOT" />
FrcAuto.periodic_ERR [7.064429005] Calling cmdPeriodic.
TaskAutoShoot.autoTask_INFO [7.147120909] <Event name="StateInfo" time="7.14693112" tag="vvvvv" TaskAutoShoot.state="SHOOT" />
TaskAutoShoot.autoTask_INFO [7.151297957] <Event name="StateInfo" time="7.149938018" tag="^^^^^" TaskAutoShoot.state="SHOOT" />
FrcAuto.periodic_ERR [7.163861904] Calling cmdPeriodic.
Shooter.RightShooter.goalTrackingTask_INFO [7.257410941] Shooter.RightShooter is Ready: rpm1=5192.956731/5234.513623, rpm2=3209.179688/0.000000, tilt=26.553815/26.549664, pan=null/null
TaskAutoShoot.autoTask_INFO [7.259597892] <Event name="StateInfo" time="7.259399551" tag="vvvvv" TaskAutoShoot.state="SHOOT" />
TaskAutoShoot.runTaskState_INFO [7.261924985] ***** Start right shooter shooting (timedout=true, turretReady=true).
Shooter.shoot_INFO [7.2659224] shoot(owner=null, event=(TaskAutoShoot.rightShooterDone=CLEARED), shooter=rightShooter, autoStop=true)
Shooter.RightTransferMotor.cancel_INFO [7.267483233] Cancel: stopping motor.
TaskAutoShoot.autoTask_INFO [7.273716144] <Event name="StateInfo" time="7.273462771" tag="^^^^^" TaskAutoShoot.state="SHOOT" />
FrcAuto.periodic_ERR [7.294671638] Calling cmdPeriodic.
FrcAuto.periodic_ERR [7.400207814] Calling cmdPeriodic.
FrcAuto.periodic_ERR [7.504547774] Calling cmdPeriodic.
FrcAuto.periodic_ERR [7.602766876] Calling cmdPeriodic.
FrcAuto.periodic_ERR [7.70274194] Calling cmdPeriodic.
FrcAuto.periodic_ERR [7.802810842] Calling cmdPeriodic.
FrcAuto.periodic_ERR [7.917748109] Calling cmdPeriodic.
FrcAuto.periodic_ERR [8.014993763] Calling cmdPeriodic.
FrcAuto.periodic_ERR [8.125748753] Calling cmdPeriodic.
FrcAuto.periodic_ERR [8.226380683] Calling cmdPeriodic.
FrcAuto.periodic_ERR [8.336197892] Calling cmdPeriodic.
FrcAuto.periodic_ERR [8.424862614] Calling cmdPeriodic.
FrcAuto.periodic_ERR [8.52488712] Calling cmdPeriodic.
FrcAuto.periodic_ERR [8.621374029] Calling cmdPeriodic.
FrcAuto.periodic_ERR [8.714071457] Calling cmdPeriodic.
FrcAuto.periodic_ERR [8.815559105] Calling cmdPeriodic.
FrcAuto.periodic_ERR [8.914215487] Calling cmdPeriodic.
Shooter.RightShooter.cancel_INFO [9.015637137] owner=null
Shooter.RightShooter.disableGoalTracking_INFO [9.018206836] Disable Goal Tracking.
Shooter.RightShooter.stopGoalTracking_INFO [9.019075124] Stop GoalTracking.
Shooter.RightTiltMotor.cancel_INFO [9.024218098] Cancel: stopping motor.
Shooter.RightPrimaryMotor.cancel_INFO [9.031540429] Cancel: stopping motor.
Shooter.RightPrimaryMotor.cancel_INFO [9.034995824] Cancel: stopping motor.
Shooter.RightTiltMotor.cancel_INFO [9.039445482] Cancel: stopping motor.
Shooter.RightTransferMotor.cancel_INFO [9.040907532] Cancel: stopping motor.
Shooter.FeederMotor.cancel_INFO [9.0418434] Cancel: stopping motor.
Shooter.LeftShooter.cancel_INFO [9.044335641] owner=null
Shooter.LeftShooter.disableGoalTracking_INFO [9.045289572] Disable Goal Tracking.
Shooter.LeftShooter.stopGoalTracking_INFO [9.045961648] Stop GoalTracking.
Shooter.LeftTiltMotor.cancel_INFO [9.04957168] Cancel: stopping motor.
Shooter.LeftPrimaryMotor.cancel_INFO [9.053588419] Cancel: stopping motor.
Shooter.LeftPrimaryMotor.cancel_INFO [9.056031303] Cancel: stopping motor.
Shooter.LeftTiltMotor.cancel_INFO [9.062921888] Cancel: stopping motor.
Shooter.LeftTransferMotor.cancel_INFO [9.064578633] Cancel: stopping motor.
Shooter.FeederMotor.cancel_INFO [9.065827] Cancel: stopping motor.
FrcAuto.periodic_ERR [9.077668196] Calling cmdPeriodic.
TaskAutoShoot.autoTask_INFO [9.087466014] <Event name="StateInfo" time="9.08580671" tag="vvvvv" TaskAutoShoot.state="DONE" />
TaskAutoShoot.stopSubsystems_INFO [9.09554246] Stopping subsystems.
Shooter.LeftTransferMotor.cancel_INFO [9.098417374] Cancel: stopping motor.
Shooter.RightTransferMotor.cancel_INFO [9.101752997] Cancel: stopping motor.
Shooter.FeederMotor.cancel_INFO [9.104208717] Cancel: stopping motor.
Shooter.LeftShooter.cancel_INFO [9.108999147] owner=null
Shooter.LeftPrimaryMotor.cancel_INFO [9.110518926] Cancel: stopping motor.
Shooter.LeftTiltMotor.cancel_INFO [9.114555735] Cancel: stopping motor.
Shooter.RightShooter.cancel_INFO [9.117837832] owner=null
Shooter.RightPrimaryMotor.cancel_INFO [9.119565013] Cancel: stopping motor.
Shooter.RightTiltMotor.cancel_INFO [9.124432772] Cancel: stopping motor.
Shooter.LeftTransferMotor.cancel_INFO [9.128077066] Cancel: stopping motor.
Shooter.RightTransferMotor.cancel_INFO [9.129426595] Cancel: stopping motor.
Shooter.FeederMotor.cancel_INFO [9.135802546] Cancel: stopping motor.
Shooter.stopTilt_ERR [9.141375053] StopTilt is called
TaskAutoShoot.autoTask_INFO [9.229934736] <Event name="StateInfo" time="9.229694" tag="^^^^^" TaskAutoShoot.state="DONE" />
FrcAuto.periodic_ERR [9.249431859] Calling cmdPeriodic.
CmdDcmpAuto.cmdPeriodic_INFO [9.259659563] <Event name="StateInfo" time="9.251679089" tag="vvvvv" CmdDcmpAuto.state="HUB_PICKUP" />
TaskAutoShoot.cancel_INFO [9.263199648] Canceling auto task operation.
Shooter.LeftTiltMotor.pidCtrlTask_INFO [9.285832821] controlMode: Position,onTarget=true(17.541569450206325/17.0), stalled=false, expired=false, event=(stopLeftTilt=SIGNALED)
purePursuitDrive.start_INFO [9.3112834] Path=TrcPath(degrees=true, [Waypoint(simple=true,index=0,pose=(x=-21.579957,y=538.511315,angle=-167.505302),vel=0.0), Waypoint(simple=false,index=-1,timestep=0.2726882325623616,pose=(x=-23.101433,y=465.610524,angle=-175.057470),vel=175.0,encPos=0.0,accel=0.0,jerk=0.0), Waypoint(simple=true,index=1,pose=(x=-24.097165,y=417.900472,angle=180.000000),vel=175.0), Waypoint(simple=true,index=2,pose=(x=-41.087165,y=407.420472,angle=270.000000),vel=175.0), Waypoint(simple=true,index=3,pose=(x=-153.557165,y=407.420472,angle=270.000000),vel=175.0), Waypoint(simple=true,index=4,pose=(x=-198.627165,y=399.980472,angle=90.000000),vel=175.0), Waypoint(simple=true,index=5,pose=(x=-154.747165,y=376.630472,angle=90.000000),vel=175.0), Waypoint(simple=true,index=6,pose=(x=-64.287165,y=370.660472,angle=90.000000),vel=175.0), Waypoint(simple=false,index=-1,timestep=0.0980157477061782,pose=(x=-51.877133,y=376.551282,angle=130.688629),vel=175.0,encPos=0.0,accel=0.0,jerk=0.0), Waypoint(simple=true,index=7,pose=(x=-36.837165,y=383.690472,angle=180.000000),vel=164.7083464908513), Waypoint(simple=true,index=8,pose=(x=-27.387165,y=499.490472,angle=180.000000),vel=52.24940191045252), Waypoint(simple=true,index=9,pose=(x=-27.387165,y=512.490472,angle=180.000000),vel=0.0)])
CmdDcmpAuto.cmdPeriodic_INFO [9.343801556] <Event name="StateInfo" time="9.342783366" tag="^^^^^" CmdDcmpAuto.state="HUB_PICKUP" RobotPose=(x=-21.579957,y=538.511315,angle=-167.502555) TargetPose=(x=-27.387165,y=512.490472,angle=180.000000) vel=(x=-0.000000,y=0.000000,angle=-0.000000) Path=TrcPath(degrees=true, [Waypoint(simple=true,index=0,pose=(x=0.000000,y=0.000000,angle=0.000000),vel=0.0), Waypoint(simple=false,index=-1,timestep=0.2726882325623616,pose=(x=-14.286592,y=71.503381,angle=-7.552168),vel=175.0,encPos=0.0,accel=0.0,jerk=0.0), Waypoint(simple=true,index=1,pose=(x=-23.636477,y=118.298895,angle=347.505302),vel=175.0), Waypoint(simple=true,index=2,pose=(x=-9.316209,y=132.206461,angle=437.505302),vel=175.0), Waypoint(simple=true,index=3,pose=(x=100.490055,y=156.539264,angle=437.505302),vel=175.0), Waypoint(simple=true,index=4,pose=(x=142.882980,y=173.553917,angle=257.505302),vel=175.0), Waypoint(simple=true,index=5,pose=(x=94.990477,y=186.857490,angle=257.505302),vel=175.0), Waypoint(simple=true,index=6,pose=(x=5.381324,y=173.115142,angle=257.505302),vel=175.0), Waypoint(simple=false,index=-1,timestep=0.0980157477061782,pose=(x=-5.460317,y=164.678949,angle=298.193931),vel=175.0,encPos=0.0,accel=0.0,jerk=0.0), Waypoint(simple=true,index=7,pose=(x=-18.599520,y=154.454956,angle=347.505302),vel=164.7083464908513), Waypoint(simple=true,index=8,pose=(x=-2.772460,y=39.353059,angle=347.505302),vel=52.24940191045252), Waypoint(simple=true,index=9,pose=(x=0.040080,y=26.660951,angle=347.505302),vel=0.0)]) />
Shooter.RightTiltMotor.pidCtrlTask_INFO [9.349320601] controlMode: Position,onTarget=true(17.10676764294617/17.0), stalled=false, expired=false, event=(stopRightTilt=SIGNALED)
CmdDcmpAuto.lambda$cmdPeriodic$3_INFO [9.420004957] WaypointHandler: index=0
Robot.setRelocalizationMode_INFO [9.421980152] setRelocalizationMode to OneShot
Shooter.stopTiltCallback_ERR [9.428570444] StopRightTilt was completed.
Shooter.stopTiltCallback_ERR [9.431320246] StopLeftTilt was completed.
FrcAuto.periodic_ERR [9.450428209] Calling cmdPeriodic.
FrcAuto.periodic_ERR [9.475504356] Calling cmdPeriodic.
FrcAuto.periodic_ERR [9.502872975] Calling cmdPeriodic.
FrcAuto.periodic_ERR [9.542608518] Calling cmdPeriodic.
FrcAuto.periodic_ERR [9.600378123] Calling cmdPeriodic.
FrcAuto.periodic_ERR [9.624313601] Calling cmdPeriodic.
FrcAuto.periodic_ERR [9.637537199] Calling cmdPeriodic.
FrcAuto.periodic_ERR [9.657310943] Calling cmdPeriodic.
FrcAuto.periodic_ERR [9.670261085] Calling cmdPeriodic.
FrcAuto.periodic_ERR [9.689225121] Calling cmdPeriodic.
FrcAuto.periodic_ERR [9.708794715] Calling cmdPeriodic.
FrcAuto.periodic_ERR [9.740241548] Calling cmdPeriodic.
FrcAuto.periodic_ERR [9.767941255] Calling cmdPeriodic.
FrcAuto.periodic_ERR [9.789007133] Calling cmdPeriodic.
FrcAuto.periodic_ERR [9.81115851] Calling cmdPeriodic.
FrcAuto.periodic_ERR [9.860133781] Calling cmdPeriodic.
FrcAuto.periodic_ERR [9.896723524] Calling cmdPeriodic.
FrcAuto.periodic_ERR [9.918759459] Calling cmdPeriodic.
FrcAuto.periodic_ERR [9.931096398] Calling cmdPeriodic.
FrcAuto.periodic_ERR [9.950711774] Calling cmdPeriodic.
FrcAuto.periodic_ERR [9.97041196] Calling cmdPeriodic.
FrcAuto.periodic_ERR [9.991455869] Calling cmdPeriodic.
FrcAuto.periodic_ERR [10.008677148] Calling cmdPeriodic.
FrcAuto.periodic_ERR [10.040820018] Calling cmdPeriodic.
FrcAuto.periodic_ERR [10.057014925] Calling cmdPeriodic.
FrcAuto.periodic_ERR [10.064731006] Calling cmdPeriodic.
FrcAuto.periodic_ERR [10.077060134] Calling cmdPeriodic.
FrcAuto.periodic_ERR [10.086732771] Calling cmdPeriodic.
FrcAuto.periodic_ERR [10.100812669] Calling cmdPeriodic.
FrcAuto.periodic_ERR [10.126021051] Calling cmdPeriodic.
FrcAuto.periodic_ERR [10.155316518] Calling cmdPeriodic.
FrcAuto.periodic_ERR [10.175294753] Calling cmdPeriodic.
FrcAuto.periodic_ERR [10.185968112] Calling cmdPeriodic.
FrcAuto.periodic_ERR [10.197477346] Calling cmdPeriodic.
FrcAuto.periodic_ERR [10.204821916] Calling cmdPeriodic.
FrcAuto.periodic_ERR [10.218904413] Calling cmdPeriodic.
FrcAuto.periodic_ERR [10.228285041] Calling cmdPeriodic.
FrcAuto.periodic_ERR [10.242017341] Calling cmdPeriodic.
FrcAuto.periodic_ERR [10.249390783] Calling cmdPeriodic.
FrcAuto.periodic_ERR [10.268168215] Calling cmdPeriodic.
FrcAuto.periodic_ERR [10.278010993] Calling cmdPeriodic.
FrcAuto.periodic_ERR [10.288992466] Calling cmdPeriodic.
FrcAuto.periodic_ERR [10.299636221] Calling cmdPeriodic.
FrcAuto.periodic_ERR [10.311602278] Calling cmdPeriodic.
FrcAuto.periodic_ERR [10.322538427] Calling cmdPeriodic.
FrcAuto.periodic_ERR [10.338006164] Calling cmdPeriodic.
FrcAuto.periodic_ERR [10.352415905] Calling cmdPeriodic.
FrcAuto.periodic_ERR [10.367619123] Calling cmdPeriodic.
FrcAuto.periodic_ERR [10.399963114] Calling cmdPeriodic.
FrcAuto.periodic_ERR [10.419067613] Calling cmdPeriodic.
FrcAuto.periodic_ERR [10.437447667] Calling cmdPeriodic.
FrcAuto.periodic_ERR [10.448145766] Calling cmdPeriodic.
FrcAuto.periodic_ERR [10.456934834] Calling cmdPeriodic.
FrcAuto.periodic_ERR [10.47552094] Calling cmdPeriodic.
FrcAuto.periodic_ERR [10.510577648] Calling cmdPeriodic.
FrcAuto.periodic_ERR [10.526545351] Calling cmdPeriodic.
FrcAuto.periodic_ERR [10.547069676] Calling cmdPeriodic.
FrcAuto.periodic_ERR [10.588370056] Calling cmdPeriodic.
CmdDcmpAuto.lambda$cmdPeriodic$3_INFO [10.626814999] WaypointHandler: index=1
Robot.setRelocalizationMode_INFO [10.628536302] setRelocalizationMode to OneShot
Shooter.enableGoalTracking_INFO [10.631949483] EnableGoalTracking: goalTrackingParams=(trackFlywheel=false,trackTiltPos=false,trackPanPos=true), noPassback=true
Shooter.setupGoalTrackingMode_INFO [10.636301904] AlliancHub: alliance=Red, fieldLengthZone=5, fieldWidthZone=3.
Shooter.setupGoalTrackingMode_INFO [10.639966356] GoalTracking(trackingMode=AllianceHub, goalPose=(x=-158.838583,y=469.110472,angle=180.000000), noPassback=true).
Shooter.LeftShooter.enableGoalTracking_INFO [10.641797316] Enable GoalTracking (trackingParams=(trackFlywheel=false,trackTiltPos=false,trackPanPos=true)).
Shooter.LeftPrimaryMotor.cancel_INFO [10.645843628] Cancel: stopping motor.
Shooter.LeftTiltMotor.cancel_INFO [10.647674955] Cancel: stopping motor.
Shooter.RightShooter.enableGoalTracking_INFO [10.648803867] Enable GoalTracking (trackingParams=(trackFlywheel=false,trackTiltPos=false,trackPanPos=true)).
Shooter.RightPrimaryMotor.cancel_INFO [10.649301564] Cancel: stopping motor.
Shooter.RightTiltMotor.cancel_INFO [10.650111456] Cancel: stopping motor.
Shooter.enableGoalTracking_ERR [10.654188511] EnableGoalTrackingTimestamps=[10.635923078, 10.641501839, 10.648152068, 10.653946612]
FrcAuto.periodic_ERR [10.660444174] Calling cmdPeriodic.
FrcAuto.periodic_ERR [10.707463569] Calling cmdPeriodic.
FrcAuto.periodic_ERR [10.758212302] Calling cmdPeriodic.
FrcAuto.periodic_ERR [10.807955005] Calling cmdPeriodic.
CmdDcmpAuto.lambda$cmdPeriodic$3_INFO [10.859074854] WaypointHandler: index=2
Robot.setRelocalizationMode_INFO [10.863536943] setRelocalizationMode to OneShot
FrcAuto.periodic_ERR [10.868413944] Calling cmdPeriodic.
FrcAuto.periodic_ERR [10.90887875] Calling cmdPeriodic.
FrcAuto.periodic_ERR [10.951692325] Calling cmdPeriodic.
FrcAuto.periodic_ERR [10.993048764] Calling cmdPeriodic.
FrcAuto.periodic_ERR [11.034685063] Calling cmdPeriodic.
FrcAuto.periodic_ERR [11.080833531] Calling cmdPeriodic.
FrcAuto.periodic_ERR [11.133916653] Calling cmdPeriodic.
FrcAuto.periodic_ERR [11.174827077] Calling cmdPeriodic.
FrcAuto.periodic_ERR [11.225397639] Calling cmdPeriodic.
FrcAuto.periodic_ERR [11.269555969] Calling cmdPeriodic.
FrcAuto.periodic_ERR [11.320957765] Calling cmdPeriodic.
FrcAuto.periodic_ERR [11.355237875] Calling cmdPeriodic.
FrcAuto.periodic_ERR [11.405284298] Calling cmdPeriodic.
FrcAuto.periodic_ERR [11.452301953] Calling cmdPeriodic.
FrcAuto.periodic_ERR [11.507500145] Calling cmdPeriodic.
FrcAuto.periodic_ERR [11.559129172] Calling cmdPeriodic.
FrcAuto.periodic_ERR [11.601868394] Calling cmdPeriodic.
FrcAuto.periodic_ERR [11.645072998] Calling cmdPeriodic.
FrcAuto.periodic_ERR [11.685724001] Calling cmdPeriodic.
FrcAuto.periodic_ERR [11.72798619] Calling cmdPeriodic.
Shooter.fieldTriggerCallback_INFO [11.770974762] FieldTriggerCallback: canceled=false, zoneCtxt=(value--129.702897,prevZone=3,currZone=2)
Shooter.setupGoalTrackingMode_INFO [11.773577318] AlliancHub: alliance=Red, fieldLengthZone=5, fieldWidthZone=2.
Shooter.setupGoalTrackingMode_INFO [11.776465062] GoalTracking(trackingMode=AllianceHub, goalPose=(x=-158.838583,y=469.110472,angle=180.000000), noPassback=true).
FrcAuto.periodic_ERR [11.777528957] Calling cmdPeriodic.
FrcAuto.periodic_ERR [11.818269329] Calling cmdPeriodic.
FrcAuto.periodic_ERR [11.861420072] Calling cmdPeriodic.
FrcAuto.periodic_ERR [11.90515765] Calling cmdPeriodic.
CmdDcmpAuto.lambda$cmdPeriodic$3_INFO [11.952602579] WaypointHandler: index=3
Robot.setRelocalizationMode_INFO [11.954741351] setRelocalizationMode to OneShot
FrcAuto.periodic_ERR [11.978575234] Calling cmdPeriodic.
FrcAuto.periodic_ERR [12.014507809] Calling cmdPeriodic.
Shooter.fieldTriggerCallback_INFO [12.066033571] FieldTriggerCallback: canceled=false, zoneCtxt=(value--159.036366,prevZone=2,currZone=1)
Shooter.setupGoalTrackingMode_INFO [12.068346315] AlliancHub: alliance=Red, fieldLengthZone=5, fieldWidthZone=1.
Shooter.setupGoalTrackingMode_INFO [12.069809981] GoalTracking(trackingMode=AllianceHub, goalPose=(x=-158.838583,y=469.110472,angle=180.000000), noPassback=true).
FrcAuto.periodic_ERR [12.073471845] Calling cmdPeriodic.
FrcAuto.periodic_ERR [12.118215554] Calling cmdPeriodic.
FrcAuto.periodic_ERR [12.168291375] Calling cmdPeriodic.
FrcAuto.periodic_ERR [12.223724051] Calling cmdPeriodic.
FrcAuto.periodic_ERR [12.26889007] Calling cmdPeriodic.
FrcAuto.periodic_ERR [12.313012312] Calling cmdPeriodic.
FrcAuto.periodic_ERR [12.363875257] Calling cmdPeriodic.
FrcAuto.periodic_ERR [12.401925344] Calling cmdPeriodic.
FrcAuto.periodic_ERR [12.437269829] Calling cmdPeriodic.
FrcAuto.periodic_ERR [12.480132978] Calling cmdPeriodic.
FrcAuto.periodic_ERR [12.517710884] Calling cmdPeriodic.
FrcAuto.periodic_ERR [12.565496383] Calling cmdPeriodic.
FrcAuto.periodic_ERR [12.618283303] Calling cmdPeriodic.
FrcAuto.periodic_ERR [12.664295389] Calling cmdPeriodic.
FrcAuto.periodic_ERR [12.716974301] Calling cmdPeriodic.
FrcAuto.periodic_ERR [12.76676979] Calling cmdPeriodic.
FrcAuto.periodic_ERR [12.824409234] Calling cmdPeriodic.
FrcAuto.periodic_ERR [12.868249709] Calling cmdPeriodic.
Shooter.fieldTriggerCallback_INFO [12.910376015] FieldTriggerCallback: canceled=false, zoneCtxt=(value--190.003394,prevZone=1,currZone=0)
Shooter.setupGoalTrackingMode_INFO [12.915628807] AlliancHub: alliance=Red, fieldLengthZone=5, fieldWidthZone=0.
Shooter.setupGoalTrackingMode_INFO [12.920077083] GoalTracking(trackingMode=AllianceHub, goalPose=(x=-158.838583,y=469.110472,angle=180.000000), noPassback=true).
FrcAuto.periodic_ERR [12.922257455] Calling cmdPeriodic.
CmdDcmpAuto.lambda$cmdPeriodic$3_INFO [12.974617439] WaypointHandler: index=4
Robot.setRelocalizationMode_INFO [12.978197941] setRelocalizationMode to OneShot
FrcAuto.periodic_ERR [12.982666084] Calling cmdPeriodic.
FrcAuto.periodic_ERR [13.027293997] Calling cmdPeriodic.
Shooter.fieldTriggerCallback_INFO [13.068329186] FieldTriggerCallback: canceled=false, zoneCtxt=(value--187.723411,prevZone=0,currZone=1)
Shooter.setupGoalTrackingMode_INFO [13.068949411] AlliancHub: alliance=Red, fieldLengthZone=5, fieldWidthZone=1.
Shooter.setupGoalTrackingMode_INFO [13.069615865] GoalTracking(trackingMode=AllianceHub, goalPose=(x=-158.838583,y=469.110472,angle=180.000000), noPassback=true).
FrcAuto.periodic_ERR [13.070275328] Calling cmdPeriodic.
FrcAuto.periodic_ERR [13.115189584] Calling cmdPeriodic.
FrcAuto.periodic_ERR [13.156289529] Calling cmdPeriodic.
FrcAuto.periodic_ERR [13.195934454] Calling cmdPeriodic.
FrcAuto.periodic_ERR [13.244102907] Calling cmdPeriodic.
FrcAuto.periodic_ERR [13.289855527] Calling cmdPeriodic.
FrcAuto.periodic_ERR [13.330998093] Calling cmdPeriodic.
FrcAuto.periodic_ERR [13.374935838] Calling cmdPeriodic.
FrcAuto.periodic_ERR [13.417476655] Calling cmdPeriodic.
FrcAuto.periodic_ERR [13.460761812] Calling cmdPeriodic.
Shooter.fieldTriggerCallback_INFO [13.49795918] FieldTriggerCallback: canceled=false, zoneCtxt=(value--143.312382,prevZone=1,currZone=2)
Shooter.setupGoalTrackingMode_INFO [13.501148738] AlliancHub: alliance=Red, fieldLengthZone=5, fieldWidthZone=2.
Shooter.setupGoalTrackingMode_INFO [13.50937601] GoalTracking(trackingMode=AllianceHub, goalPose=(x=-158.838583,y=469.110472,angle=180.000000), noPassback=true).
FrcAuto.periodic_ERR [13.511315623] Calling cmdPeriodic.
CmdDcmpAuto.lambda$cmdPeriodic$3_INFO [13.554722409] WaypointHandler: index=5
Robot.setRelocalizationMode_INFO [13.556508877] setRelocalizationMode to OneShot
FrcAuto.periodic_ERR [13.560753323] Calling cmdPeriodic.
Shooter.fieldTriggerCallback_INFO [13.61286028] FieldTriggerCallback: canceled=false, zoneCtxt=(value--125.781453,prevZone=2,currZone=3)
Shooter.setupGoalTrackingMode_INFO [13.618756024] AlliancHub: alliance=Red, fieldLengthZone=5, fieldWidthZone=3.
Shooter.setupGoalTrackingMode_INFO [13.623361894] GoalTracking(trackingMode=AllianceHub, goalPose=(x=-158.838583,y=469.110472,angle=180.000000), noPassback=true).
FrcAuto.periodic_ERR [13.624680927] Calling cmdPeriodic.
FrcAuto.periodic_ERR [13.681115038] Calling cmdPeriodic.
FrcAuto.periodic_ERR [13.733228057] Calling cmdPeriodic.
FrcAuto.periodic_ERR [13.793037274] Calling cmdPeriodic.
FrcAuto.periodic_ERR [13.844324246] Calling cmdPeriodic.
FrcAuto.periodic_ERR [13.891332687] Calling cmdPeriodic.
FrcAuto.periodic_ERR [13.9436589] Calling cmdPeriodic.
FrcAuto.periodic_ERR [13.99163159] Calling cmdPeriodic.
FrcAuto.periodic_ERR [14.027625669] Calling cmdPeriodic.
FrcAuto.periodic_ERR [14.079799357] Calling cmdPeriodic.
FrcAuto.periodic_ERR [14.132289454] Calling cmdPeriodic.
CmdDcmpAuto.lambda$cmdPeriodic$3_INFO [14.177553561] WaypointHandler: index=6
Robot.setRelocalizationMode_INFO [14.178871671] setRelocalizationMode to OneShot
FrcAuto.periodic_ERR [14.181313013] Calling cmdPeriodic.
FrcAuto.periodic_ERR [14.221742112] Calling cmdPeriodic.
FrcAuto.periodic_ERR [14.261807482] Calling cmdPeriodic.
FrcAuto.periodic_ERR [14.305664275] Calling cmdPeriodic.
FrcAuto.periodic_ERR [14.361002382] Calling cmdPeriodic.
FrcAuto.periodic_ERR [14.402192593] Calling cmdPeriodic.
CmdDcmpAuto.lambda$cmdPeriodic$3_INFO [14.453414366] WaypointHandler: index=7
Robot.setRelocalizationMode_INFO [14.455572069] setRelocalizationMode to OneShot
FrcAuto.periodic_ERR [14.458036989] Calling cmdPeriodic.
FrcAuto.periodic_ERR [14.506283833] Calling cmdPeriodic.
FrcAuto.periodic_ERR [14.55016731] Calling cmdPeriodic.
FrcAuto.periodic_ERR [14.610816476] Calling cmdPeriodic.
FrcAuto.periodic_ERR [14.657650848] Calling cmdPeriodic.
FrcAuto.periodic_ERR [14.707645962] Calling cmdPeriodic.
FrcAuto.periodic_ERR [14.760908493] Calling cmdPeriodic.
FrcAuto.periodic_ERR [14.822565524] Calling cmdPeriodic.
FrcAuto.periodic_ERR [14.863354773] Calling cmdPeriodic.
FrcAuto.periodic_ERR [14.910455895] Calling cmdPeriodic.
FrcAuto.periodic_ERR [14.957814967] Calling cmdPeriodic.
FrcAuto.periodic_ERR [15.001192886] Calling cmdPeriodic.
Shooter.fieldTriggerCallback_INFO [15.039872358] FieldTriggerCallback: canceled=false, zoneCtxt=(value-436.710936,prevZone=5,currZone=6)
Shooter.setupGoalTrackingMode_INFO [15.04920524] AlliancHub: alliance=Red, fieldLengthZone=6, fieldWidthZone=3.
Shooter.setupGoalTrackingMode_INFO [15.050314079] GoalTracking(trackingMode=AllianceHub, goalPose=(x=-158.838583,y=469.110472,angle=180.000000), noPassback=true).
FrcAuto.periodic_ERR [15.051521759] Calling cmdPeriodic.
FrcAuto.periodic_ERR [15.105444524] Calling cmdPeriodic.
FrcAuto.periodic_ERR [15.156929528] Calling cmdPeriodic.
FrcAuto.periodic_ERR [15.198400442] Calling cmdPeriodic.
FrcAuto.periodic_ERR [15.234535754] Calling cmdPeriodic.
FrcAuto.periodic_ERR [15.278464711] Calling cmdPeriodic.
FrcAuto.periodic_ERR [15.319677823] Calling cmdPeriodic.
FrcAuto.periodic_ERR [15.366883041] Calling cmdPeriodic.
FrcAuto.periodic_ERR [15.403085553] Calling cmdPeriodic.
FrcAuto.periodic_ERR [15.449097175] Calling cmdPeriodic.
FrcAuto.periodic_ERR [15.494195377] Calling cmdPeriodic.
CmdDcmpAuto.lambda$cmdPeriodic$3_INFO [15.540254872] WaypointHandler: index=8
Robot.setRelocalizationMode_INFO [15.541390679] setRelocalizationMode to OneShot
FrcAuto.periodic_ERR [15.548739089] Calling cmdPeriodic.
CmdDcmpAuto.cmdPeriodic_INFO [15.552222668] <Event name="StateInfo" time="15.551842854" tag="vvvvv" CmdDcmpAuto.state="SHOOT_HUB_FUEL" />
TaskAutoShoot.autoShoot_INFO [15.555935295] autoShoot(owner=null, event=(CmdDcmpAuto=CANCELED), taskParams=(autoStop=true, noPassback=true, noWait=false))
Shooter.enableGoalTracking_INFO [15.558402244] EnableGoalTracking: goalTrackingParams=(trackFlywheel=true,trackTiltPos=true,trackPanPos=true), noPassback=true
Shooter.setupGoalTrackingMode_INFO [15.560115463] AlliancHub: alliance=Red, fieldLengthZone=6, fieldWidthZone=3.
Shooter.setupGoalTrackingMode_INFO [15.561430495] GoalTracking(trackingMode=AllianceHub, goalPose=(x=-158.838583,y=469.110472,angle=180.000000), noPassback=true).
Shooter.LeftShooter.enableGoalTracking_INFO [15.563132201] Enable GoalTracking (trackingParams=(trackFlywheel=true,trackTiltPos=true,trackPanPos=true)).
Shooter.LeftPrimaryMotor.cancel_INFO [15.564662856] Cancel: stopping motor.
Shooter.LeftTiltMotor.cancel_INFO [15.566113949] Cancel: stopping motor.
Shooter.RightShooter.enableGoalTracking_INFO [15.567736495] Enable GoalTracking (trackingParams=(trackFlywheel=true,trackTiltPos=true,trackPanPos=true)).
Shooter.RightPrimaryMotor.cancel_INFO [15.569777559] Cancel: stopping motor.
Shooter.RightTiltMotor.cancel_INFO [15.57114122] Cancel: stopping motor.
Shooter.enableGoalTracking_ERR [15.574233994] EnableGoalTrackingTimestamps=[15.559713138, 15.562863809, 15.567466608, 15.57399239]
CmdDcmpAuto.cmdPeriodic_INFO [15.576475991] <Event name="StateInfo" time="15.576231593" tag="^^^^^" CmdDcmpAuto.state="SHOOT_HUB_FUEL" />
TaskAutoShoot.autoTask_INFO [15.68974691] <Event name="StateInfo" time="15.689491885" tag="vvvvv" TaskAutoShoot.state="START" />
TaskAutoShoot.runTaskState_INFO [15.692262158] ***** Wait for left Shooter ready.
TaskAutoShoot.runTaskState_INFO [15.693400954] ***** Wait for right Shooter ready.
TaskAutoShoot.runTaskState_INFO [15.698208897] ***** Wait for Turret ready.
TaskAutoShoot.autoTask_INFO [15.700432019] <Event name="StateInfo" time="15.700242355" tag="^^^^^" TaskAutoShoot.state="START" />
Shooter.fieldTriggerCallback_INFO [15.707927967] FieldTriggerCallback: canceled=false, zoneCtxt=(value-499.622339,prevZone=6,currZone=7)
Shooter.setupGoalTrackingMode_INFO [15.709608503] AlliancHub: alliance=Red, fieldLengthZone=7, fieldWidthZone=3.
Shooter.setupGoalTrackingMode_INFO [15.712246857] GoalTracking(trackingMode=AllianceHub, goalPose=(x=-158.838583,y=469.110472,angle=180.000000), noPassback=true).
CmdDcmpAuto.lambda$cmdPeriodic$3_INFO [15.714195754] WaypointHandler: index=-1
Robot.setRelocalizationMode_INFO [15.714765219] setRelocalizationMode to Continuous
FrcAuto.periodic_ERR [15.720144316] Calling cmdPeriodic.
Shooter.TurretMotor.pidCtrlTask_INFO [15.767907725] controlMode: Position,onTarget=true(54.3963623046875/52.5904920836137), stalled=false, expired=false, event=(TaskAutoShoot.turretReady=SIGNALED)
TaskAutoShoot.autoTask_INFO [15.825445573] <Event name="StateInfo" time="15.825246862" tag="vvvvv" TaskAutoShoot.state="SHOOT" />
TaskAutoShoot.autoTask_INFO [15.826690896] <Event name="StateInfo" time="15.826498121" tag="^^^^^" TaskAutoShoot.state="SHOOT" />
FrcAuto.periodic_ERR [15.838319974] Calling cmdPeriodic.
TaskAutoShoot.autoTask_INFO [15.930862596] <Event name="StateInfo" time="15.930683607" tag="vvvvv" TaskAutoShoot.state="SHOOT" />
TaskAutoShoot.autoTask_INFO [15.943226231] <Event name="StateInfo" time="15.942903299" tag="^^^^^" TaskAutoShoot.state="SHOOT" />
FrcAuto.periodic_ERR [15.960621329] Calling cmdPeriodic.
TaskAutoShoot.autoTask_INFO [16.038247711] <Event name="StateInfo" time="16.037922088" tag="vvvvv" TaskAutoShoot.state="SHOOT" />
TaskAutoShoot.autoTask_INFO [16.039546565] <Event name="StateInfo" time="16.039295659" tag="^^^^^" TaskAutoShoot.state="SHOOT" />
FrcAuto.periodic_ERR [16.059550273] Calling cmdPeriodic.
TaskAutoShoot.autoTask_INFO [16.163886739] <Event name="StateInfo" time="16.163708426" tag="vvvvv" TaskAutoShoot.state="SHOOT" />
TaskAutoShoot.autoTask_INFO [16.164375753] <Event name="StateInfo" time="16.164217796" tag="^^^^^" TaskAutoShoot.state="SHOOT" />
FrcAuto.periodic_ERR [16.180425419] Calling cmdPeriodic.
TaskAutoShoot.autoTask_INFO [16.266691378] <Event name="StateInfo" time="16.266505576" tag="vvvvv" TaskAutoShoot.state="SHOOT" />
TaskAutoShoot.autoTask_INFO [16.271792038] <Event name="StateInfo" time="16.271591163" tag="^^^^^" TaskAutoShoot.state="SHOOT" />
FrcAuto.periodic_ERR [16.283952474] Calling cmdPeriodic.
TaskAutoShoot.autoTask_INFO [16.379193081] <Event name="StateInfo" time="16.378829091" tag="vvvvv" TaskAutoShoot.state="SHOOT" />
TaskAutoShoot.autoTask_INFO [16.380874032] <Event name="StateInfo" time="16.380620866" tag="^^^^^" TaskAutoShoot.state="SHOOT" />
FrcAuto.periodic_ERR [16.392457759] Calling cmdPeriodic.
Shooter.LeftShooter.goalTrackingTask_INFO [16.457029889] Shooter.LeftShooter is Ready: rpm1=4990.591947/5039.585058, rpm2=3101.015625/0.000000, tilt=25.130816/25.078201, pan=null/null
Shooter.RightShooter.goalTrackingTask_INFO [16.48672272] Shooter.RightShooter is Ready: rpm1=4976.962139/5039.585058, rpm2=3026.250000/0.000000, tilt=25.091289/25.078201, pan=null/null
TaskAutoShoot.autoTask_INFO [16.488468858] <Event name="StateInfo" time="16.488261016" tag="vvvvv" TaskAutoShoot.state="SHOOT" />
TaskAutoShoot.runTaskState_INFO [16.491430024] ***** Start left shooter shooting (timedout=false, turretReady=true).
Shooter.shoot_INFO [16.49370114] shoot(owner=null, event=(TaskAutoShoot.leftShooterDone=CLEARED), shooter=leftShooter, autoStop=true)
Shooter.LeftTransferMotor.cancel_INFO [16.499459926] Cancel: stopping motor.
TaskAutoShoot.runTaskState_INFO [16.506184698] ***** Start right shooter shooting (timedout=false, turretReady=true).
Shooter.shoot_INFO [16.507167914] shoot(owner=null, event=(TaskAutoShoot.rightShooterDone=CLEARED), shooter=rightShooter, autoStop=true)
Shooter.RightTransferMotor.cancel_INFO [16.511314378] Cancel: stopping motor.
TaskAutoShoot.autoTask_INFO [16.513632099] <Event name="StateInfo" time="16.513270297" tag="^^^^^" TaskAutoShoot.state="SHOOT" />
FrcAuto.periodic_ERR [16.529454065] Calling cmdPeriodic.
FrcAuto.periodic_ERR [16.639318752] Calling cmdPeriodic.
FrcAuto.periodic_ERR [16.751008747] Calling cmdPeriodic.
FrcAuto.periodic_ERR [16.854646075] Calling cmdPeriodic.
FrcAuto.periodic_ERR [16.954859186] Calling cmdPeriodic.
FrcAuto.periodic_ERR [17.058009451] Calling cmdPeriodic.
FrcAuto.periodic_ERR [17.169526692] Calling cmdPeriodic.
FrcAuto.periodic_ERR [17.271983843] Calling cmdPeriodic.
FrcAuto.periodic_ERR [17.377097803] Calling cmdPeriodic.
FrcAuto.periodic_ERR [17.48010101] Calling cmdPeriodic.
FrcAuto.periodic_ERR [17.584342745] Calling cmdPeriodic.
FrcAuto.periodic_ERR [17.674910352] Calling cmdPeriodic.
FrcAuto.periodic_ERR [17.75076782] Calling cmdPeriodic.
FrcAuto.periodic_ERR [17.840623235] Calling cmdPeriodic.
FrcAuto.periodic_ERR [17.928308612] Calling cmdPeriodic.
Shooter.RightShooter.cancel_INFO [18.016081859] owner=null
Shooter.RightShooter.disableGoalTracking_INFO [18.016819582] Disable Goal Tracking.
Shooter.RightShooter.stopGoalTracking_INFO [18.017117974] Stop GoalTracking.
Shooter.RightTiltMotor.cancel_INFO [18.020627125] Cancel: stopping motor.
Shooter.RightPrimaryMotor.cancel_INFO [18.021216085] Cancel: stopping motor.
Shooter.RightPrimaryMotor.cancel_INFO [18.022221583] Cancel: stopping motor.
Shooter.RightTiltMotor.cancel_INFO [18.022897444] Cancel: stopping motor.
Shooter.RightTransferMotor.cancel_INFO [18.024850248] Cancel: stopping motor.
Shooter.FeederMotor.cancel_INFO [18.025891959] Cancel: stopping motor.
Shooter.LeftShooter.cancel_INFO [18.032649948] owner=null
Shooter.LeftShooter.disableGoalTracking_INFO [18.033295211] Disable Goal Tracking.
Shooter.LeftShooter.stopGoalTracking_INFO [18.033644033] Stop GoalTracking.
Shooter.LeftTiltMotor.cancel_INFO [18.035402942] Cancel: stopping motor.
Shooter.LeftPrimaryMotor.cancel_INFO [18.036011928] Cancel: stopping motor.
Shooter.LeftPrimaryMotor.cancel_INFO [18.036718267] Cancel: stopping motor.
Shooter.LeftTiltMotor.cancel_INFO [18.037289058] Cancel: stopping motor.
Shooter.LeftTransferMotor.cancel_INFO [18.037715123] Cancel: stopping motor.
Shooter.FeederMotor.cancel_INFO [18.038196978] Cancel: stopping motor.
FrcAuto.periodic_ERR [18.041017562] Calling cmdPeriodic.
TaskAutoShoot.autoTask_INFO [18.042918251] <Event name="StateInfo" time="18.042645567" tag="vvvvv" TaskAutoShoot.state="DONE" />
TaskAutoShoot.stopSubsystems_INFO [18.044686719] Stopping subsystems.
Shooter.LeftTransferMotor.cancel_INFO [18.045284024] Cancel: stopping motor.
Shooter.RightTransferMotor.cancel_INFO [18.046081315] Cancel: stopping motor.
Shooter.FeederMotor.cancel_INFO [18.046615008] Cancel: stopping motor.
Shooter.LeftShooter.cancel_INFO [18.047032539] owner=null
Shooter.LeftPrimaryMotor.cancel_INFO [18.047484501] Cancel: stopping motor.
Shooter.LeftTiltMotor.cancel_INFO [18.047970249] Cancel: stopping motor.
Shooter.RightShooter.cancel_INFO [18.048405957] owner=null
Shooter.RightPrimaryMotor.cancel_INFO [18.049292289] Cancel: stopping motor.
Shooter.RightTiltMotor.cancel_INFO [18.049993724] Cancel: stopping motor.
Shooter.LeftTransferMotor.cancel_INFO [18.050493134] Cancel: stopping motor.
Shooter.RightTransferMotor.cancel_INFO [18.050923387] Cancel: stopping motor.
Shooter.FeederMotor.cancel_INFO [18.051444452] Cancel: stopping motor.
Shooter.stopTilt_ERR [18.052728041] StopTilt is called
TaskAutoShoot.autoTask_INFO [18.12380806] <Event name="StateInfo" time="18.118560296" tag="^^^^^" TaskAutoShoot.state="DONE" />
FrcAuto.periodic_ERR [18.140073514] Calling cmdPeriodic.
CmdDcmpAuto.cmdPeriodic_INFO [18.145132543] <Event name="StateInfo" time="18.144467171" tag="vvvvv" CmdDcmpAuto.state="DONE" />
CmdDcmpAuto.cmdPeriodic_INFO [18.147068381] <Event name="StateInfo" time="18.146514209" tag="^^^^^" CmdDcmpAuto.state="DONE" />
FrcAuto.periodic_ERR [18.167783838] Calling cmdPeriodic.
Shooter.LeftTiltMotor.pidCtrlTask_INFO [18.194418383] controlMode: Position,onTarget=true(17.027712867851545/17.0), stalled=false, expired=false, event=(stopLeftTilt=SIGNALED)
Shooter.stopTiltCallback_ERR [18.197784967] StopLeftTilt was completed.
FrcAuto.periodic_ERR [18.206682746] Calling cmdPeriodic.
Shooter.RightTiltMotor.pidCtrlTask_INFO [18.223175306] controlMode: Position,onTarget=true(17.067240304875195/17.0), stalled=false, expired=false, event=(stopRightTilt=SIGNALED)
FrcAuto.periodic_ERR [18.241200608] Calling cmdPeriodic.
Shooter.stopTiltCallback_ERR [18.254857923] StopRightTilt was completed.
FrcAuto.periodic_ERR [18.264059293] Calling cmdPeriodic.
FrcAuto.periodic_ERR [18.276644803] Calling cmdPeriodic.
FrcAuto.periodic_ERR [18.286783398] Calling cmdPeriodic.
FrcAuto.periodic_ERR [18.297470326] Calling cmdPeriodic.
FrcAuto.periodic_ERR [18.306479361] Calling cmdPeriodic.
FrcAuto.periodic_ERR [18.310037698] Calling cmdPeriodic.
FrcAuto.periodic_ERR [18.330009833] Calling cmdPeriodic.
FrcAuto.periodic_ERR [18.366816977] Calling cmdPeriodic.
FrcAuto.periodic_ERR [18.380353732] Calling cmdPeriodic.
FrcAuto.periodic_ERR [18.410600949] Calling cmdPeriodic.
FrcAuto.periodic_ERR [18.420583382] Calling cmdPeriodic.
FrcAuto.periodic_ERR [18.446200532] Calling cmdPeriodic.
FrcAuto.periodic_ERR [18.46605129] Calling cmdPeriodic.
FrcAuto.periodic_ERR [18.483490145] Calling cmdPeriodic.
FrcAuto.periodic_ERR [18.516060684] Calling cmdPeriodic.
FrcAuto.periodic_ERR [18.534901751] Calling cmdPeriodic.
FrcAuto.periodic_ERR [18.55498604] Calling cmdPeriodic.
FrcAuto.periodic_ERR [18.566589196] Calling cmdPeriodic.
FrcAuto.periodic_ERR [18.618403162] Calling cmdPeriodic.
FrcAuto.periodic_ERR [18.643605876] Calling cmdPeriodic.
FrcAuto.periodic_ERR [18.663728651] Calling cmdPeriodic.
FrcAuto.periodic_ERR [18.672445672] Calling cmdPeriodic.
FrcAuto.periodic_ERR [18.685445215] Calling cmdPeriodic.
FrcAuto.periodic_ERR [18.696389564] Calling cmdPeriodic.
FrcAuto.periodic_ERR [18.712079892] Calling cmdPeriodic.
FrcAuto.periodic_ERR [18.727390468] Calling cmdPeriodic.
FrcAuto.periodic_ERR [18.732808249] Calling cmdPeriodic.
FrcAuto.periodic_ERR [18.749612758] Calling cmdPeriodic.
FrcAuto.periodic_ERR [18.777447581] Calling cmdPeriodic.
FrcAuto.periodic_ERR [18.797577816] Calling cmdPeriodic.
FrcAuto.periodic_ERR [18.806947054] Calling cmdPeriodic.
FrcAuto.periodic_ERR [18.824502219] Calling cmdPeriodic.
FrcAuto.periodic_ERR [18.846299061] Calling cmdPeriodic.
FrcAuto.periodic_ERR [18.859337375] Calling cmdPeriodic.
FrcAuto.periodic_ERR [18.883295934] Calling cmdPeriodic.
FrcAuto.periodic_ERR [18.896416379] Calling cmdPeriodic.
FrcAuto.periodic_ERR [18.90464428] Calling cmdPeriodic.
FrcAuto.periodic_ERR [18.916172461] Calling cmdPeriodic.
FrcAuto.periodic_ERR [18.926176275] Calling cmdPeriodic.
FrcAuto.periodic_ERR [18.935356499] Calling cmdPeriodic.
FrcAuto.periodic_ERR [18.952643649] Calling cmdPeriodic.
FrcAuto.periodic_ERR [18.998321078] Calling cmdPeriodic.
FrcAuto.periodic_ERR [19.022889426] Calling cmdPeriodic.
FrcAuto.periodic_ERR [19.045760764] Calling cmdPeriodic.
FrcAuto.periodic_ERR [19.084349439] Calling cmdPeriodic.
FrcAuto.periodic_ERR [19.103582107] Calling cmdPeriodic.
FrcAuto.periodic_ERR [19.115078257] Calling cmdPeriodic.
FrcAuto.periodic_ERR [19.126038986] Calling cmdPeriodic.
FrcAuto.periodic_ERR [19.131289215] Calling cmdPeriodic.
FrcAuto.periodic_ERR [19.142242332] Calling cmdPeriodic.
FrcAuto.periodic_ERR [19.164849191] Calling cmdPeriodic.
FrcAuto.periodic_ERR [19.188131339] Calling cmdPeriodic.
FrcAuto.periodic_ERR [19.197779492] Calling cmdPeriodic.
FrcAuto.periodic_ERR [19.210862446] Calling cmdPeriodic.
FrcAuto.periodic_ERR [19.221534533] Calling cmdPeriodic.
FrcAuto.periodic_ERR [19.226355475] Calling cmdPeriodic.
FrcAuto.periodic_ERR [19.237398256] Calling cmdPeriodic.
FrcAuto.periodic_ERR [19.245633104] Calling cmdPeriodic.
FrcAuto.periodic_ERR [19.260145399] Calling cmdPeriodic.
FrcAuto.periodic_ERR [19.295549217] Calling cmdPeriodic.
FrcAuto.periodic_ERR [19.308924454] Calling cmdPeriodic.
FrcAuto.periodic_ERR [19.325997383] Calling cmdPeriodic.
FrcAuto.periodic_ERR [19.340091572] Calling cmdPeriodic.
FrcAuto.periodic_ERR [19.350418839] Calling cmdPeriodic.
FrcAuto.periodic_ERR [19.361794424] Calling cmdPeriodic.
FrcAuto.periodic_ERR [19.365616122] Calling cmdPeriodic.
FrcAuto.periodic_ERR [19.383149396] Calling cmdPeriodic.
FrcAuto.periodic_ERR [19.386535598] Calling cmdPeriodic.
FrcAuto.periodic_ERR [19.40601817] Calling cmdPeriodic.
FrcAuto.periodic_ERR [19.415302194] Calling cmdPeriodic.
FrcAuto.periodic_ERR [19.426225308] Calling cmdPeriodic.
FrcAuto.periodic_ERR [19.440127509] Calling cmdPeriodic.
FrcAuto.periodic_ERR [19.449708311] Calling cmdPeriodic.
FrcAuto.periodic_ERR [19.459675156] Calling cmdPeriodic.
FrcAuto.periodic_ERR [19.469080631] Calling cmdPeriodic.
FrcAuto.periodic_ERR [19.476827795] Calling cmdPeriodic.
FrcAuto.periodic_ERR [19.494380361] Calling cmdPeriodic.
FrcAuto.periodic_ERR [19.511319672] Calling cmdPeriodic.
FrcAuto.periodic_ERR [19.518478856] Calling cmdPeriodic.
FrcAuto.periodic_ERR [19.523843082] Calling cmdPeriodic.
FrcAuto.periodic_ERR [19.532319986] Calling cmdPeriodic.
FrcAuto.periodic_ERR [19.541739008] Calling cmdPeriodic.
FrcAuto.periodic_ERR [19.551249472] Calling cmdPeriodic.
FrcAuto.periodic_ERR [19.558103489] Calling cmdPeriodic.
FrcAuto.periodic_ERR [19.56430181] Calling cmdPeriodic.
FrcAuto.periodic_ERR [19.578433583] Calling cmdPeriodic.
FrcAuto.periodic_ERR [19.585665724] Calling cmdPeriodic.
FrcAuto.periodic_ERR [19.599348951] Calling cmdPeriodic.
FrcAuto.periodic_ERR [19.609493848] Calling cmdPeriodic.
FrcAuto.periodic_ERR [19.62279663] Calling cmdPeriodic.
FrcAuto.periodic_ERR [19.636814751] Calling cmdPeriodic.
FrcAuto.periodic_ERR [19.642673479] Calling cmdPeriodic.
FrcAuto.periodic_ERR [19.651550426] Calling cmdPeriodic.
FrcAuto.periodic_ERR [19.663421602] Calling cmdPeriodic.
FrcAuto.periodic_ERR [19.673921307] Calling cmdPeriodic.
FrcAuto.periodic_ERR [19.681639287] Calling cmdPeriodic.
FrcAuto.periodic_ERR [19.690591058] Calling cmdPeriodic.
FrcAuto.periodic_ERR [19.696800094] Calling cmdPeriodic.
FrcAuto.periodic_ERR [19.706718126] Calling cmdPeriodic.
FrcAuto.periodic_ERR [19.728861724] Calling cmdPeriodic.
FrcAuto.periodic_ERR [19.76017678] Calling cmdPeriodic.
FrcAuto.periodic_ERR [19.772560408] Calling cmdPeriodic.
FrcAuto.periodic_ERR [19.784424915] Calling cmdPeriodic.
FrcAuto.periodic_ERR [19.791243816] Calling cmdPeriodic.
FrcAuto.periodic_ERR [19.805565299] Calling cmdPeriodic.
FrcAuto.periodic_ERR [19.828113514] Calling cmdPeriodic.
FrcAuto.periodic_ERR [19.848875744] Calling cmdPeriodic.
FrcAuto.periodic_ERR [19.856903873] Calling cmdPeriodic.
FrcAuto.periodic_ERR [19.868580348] Calling cmdPeriodic.
FrcAuto.periodic_ERR [19.874606786] Calling cmdPeriodic.
FrcAuto.periodic_ERR [19.885280008] Calling cmdPeriodic.
FrcRobot.startCompetition_INFO [19.905239449] *** Transitioning from AUTO_MODE to DISABLED_MODE ***
Robot.cancelAll_INFO [19.912659855] Cancel all operations.
Shooter.LeftShooter.cancel_INFO [19.920666899] owner=null
Shooter.LeftPrimaryMotor.cancel_INFO [19.922582426] Cancel: stopping motor.
Shooter.LeftTiltMotor.cancel_INFO [19.927771466] Cancel: stopping motor.
Shooter.RightShooter.cancel_INFO [19.93111579] owner=null
Shooter.RightPrimaryMotor.cancel_INFO [19.934367197] Cancel: stopping motor.
Shooter.RightTiltMotor.cancel_INFO [19.935484894] Cancel: stopping motor.
Shooter.LeftTransferMotor.cancel_INFO [19.936774963] Cancel: stopping motor.
Shooter.RightTransferMotor.cancel_INFO [19.937846517] Cancel: stopping motor.
Shooter.FeederMotor.cancel_INFO [19.942130441] Cancel: stopping motor.
Shooter.stopTilt_ERR [19.944623265] StopTilt is called
Shooter.LeftTiltMotor.pidCtrlTask_INFO [19.974776044] controlMode: Position,onTarget=true(16.988185529780566/17.0), stalled=false, expired=false, event=(stopLeftTilt=SIGNALED)
Shooter.RightTiltMotor.pidCtrlTask_INFO [20.018036597] controlMode: Position,onTarget=true(16.988185529780566/17.0), stalled=false, expired=false, event=(stopRightTilt=SIGNALED)
Intake.IntakeMotor.cancel_INFO [20.038175172] Cancel: stopping motor.
Climber.Motor.cancel_INFO [20.043891312] Cancel: stopping motor.
TaskAutoShoot.cancel_INFO [20.049333876] Canceling auto task operation.
TaskAutoClimb.cancel_INFO [20.053173216] Canceling auto task operation.
FrcRobot.printPerformanceMetrics_INFO [20.080199577] [FrcRobot] Loop Performance Metrics:
Average Loop Interval = 0.002134s (freq=468.505Hz, min=0.000900s, max=0.429555s)
[03]                StartTask=0.000000s
[04]          PrePeriodicTask=0.000115s
[07]               UpdateTask=0.001054s
[02]                StartMode=0.000002s
[06]         PostPeriodicTask=0.000505s
[08]                 StopTask=0.000000s
[09]                 StopMode=0.000000s
[00]                RobotInit=17.884067s
[01]           RobotStartMode=0.000010s
[05]                 Periodic=0.000350s
[10]            RobotStopMode=0.000003s

TrcTaskMgr.printTaskPerformanceMetrics_INFO [20.092299666] FrcDashboard.task: STANDALONE_TASK=3.2294568914646997E-4/0.0104867369658588
TrcTaskMgr.printTaskPerformanceMetrics_INFO [20.093711762] TrcWatchdogMgr: STANDALONE_TASK=1.575168260869565E-4/0.9858492248405798
TrcTaskMgr.printTaskPerformanceMetrics_INFO [20.098442976] flDriveMotor.pidCtrlTask: OUTPUT_TASK=4.017630405770965E-5/0.01248269015040577
TrcTaskMgr.printTaskPerformanceMetrics_INFO [20.10127803] flDriveMotor.odometryCleanupTask: STOP_TASK=0.001353988/10.0042942975
TrcTaskMgr.printTaskPerformanceMetrics_INFO [20.103334006] frDriveMotor.pidCtrlTask: OUTPUT_TASK=1.7061455643707177E-5/0.012482341993869455
TrcTaskMgr.printTaskPerformanceMetrics_INFO [20.119708837] blDriveMotor.pidCtrlTask: OUTPUT_TASK=1.605981341265549E-5/0.012483403094826031
TrcTaskMgr.printTaskPerformanceMetrics_INFO [20.120685731] brDriveMotor.pidCtrlTask: OUTPUT_TASK=1.659531260140617E-5/0.012483401898503697
TrcTaskMgr.printTaskPerformanceMetrics_INFO [20.124469962] flSteerMotor.pidCtrlTask: OUTPUT_TASK=3.696052677122769E-5/0.01248340074472688
TrcTaskMgr.printTaskPerformanceMetrics_INFO [20.126012684] frSteerMotor.pidCtrlTask: OUTPUT_TASK=2.5826410492157924E-5/0.012483415185685957
TrcTaskMgr.printTaskPerformanceMetrics_INFO [20.127210203] blSteerMotor.pidCtrlTask: OUTPUT_TASK=2.5083804218496482E-5/0.012483421210203714
TrcTaskMgr.printTaskPerformanceMetrics_INFO [20.13495585] brSteerMotor.pidCtrlTask: OUTPUT_TASK=2.295567736121125E-5/0.012483261001261717
TrcTaskMgr.printTaskPerformanceMetrics_INFO [20.143517209] FrcSwerveDrive.odometryTask: INPUT_TASK=0.003182577913043478/0.01741740249652174
TrcTaskMgr.printTaskPerformanceMetrics_INFO [20.145443029] FrcSwerveDrive.stopTask: STOP_TASK=0.0038142035/10.005552681
TrcTaskMgr.printTaskPerformanceMetrics_INFO [20.147462239] purePursuitDrive.driveTask: POST_PERIODIC_TASK=0.009762422478599223/0.05853243914007782
TrcTaskMgr.printTaskPerformanceMetrics_INFO [20.156154028] LED: OUTPUT_TASK=7.426329369369369E-5/0.012482538669189188
TrcTaskMgr.printTaskPerformanceMetrics_INFO [20.15812777] LED.ledTask: OUTPUT_TASK=3.968485264003673E-4/0.011177049840449954
TrcTaskMgr.printTaskPerformanceMetrics_INFO [20.162624996] Shooter.LeftPrimaryMotor.pidCtrlTask: OUTPUT_TASK=2.3613391531531533E-5/0.012482426411351352
TrcTaskMgr.printTaskPerformanceMetrics_INFO [20.163860809] Shooter.LeftFollowerMotor.pidCtrlTask: OUTPUT_TASK=5.782384615384615E-6/0.012482012657899479
TrcTaskMgr.printTaskPerformanceMetrics_INFO [20.164925525] Shooter.LeftTiltMotor.pidCtrlTask: OUTPUT_TASK=3.538895492704017E-4/0.012482011379931542
TrcTaskMgr.printTaskPerformanceMetrics_INFO [20.166249017] Shooter.LeftShooter.ShooterMotor1VelTrigger.triggerTask: PRE_PERIODIC_TASK=3.3058327777777774E-4/0.3046741315277778
TrcTaskMgr.printTaskPerformanceMetrics_INFO [20.16787186] Shooter.LeftShooter.goalTracking: POST_PERIODIC_TASK=0.038970445516129035/0.07001992768548387
TrcTaskMgr.printTaskPerformanceMetrics_INFO [20.169367955] Shooter.LeftTransferMotor.pidCtrlTask: OUTPUT_TASK=1.0522973878580437E-5/0.012481892702756259
TrcTaskMgr.printTaskPerformanceMetrics_INFO [20.177719614] Shooter.RightPrimaryMotor.pidCtrlTask: OUTPUT_TASK=1.5236470280979828E-5/0.01248234240435879
TrcTaskMgr.printTaskPerformanceMetrics_INFO [20.179770405] Shooter.RightFollowerMotor.pidCtrlTask: OUTPUT_TASK=5.001016570605188E-6/0.012482341358609511
TrcTaskMgr.printTaskPerformanceMetrics_INFO [20.18444798] Shooter.RightTiltMotor.pidCtrlTask: OUTPUT_TASK=2.9940086745903116E-4/0.012481205753106428
TrcTaskMgr.printTaskPerformanceMetrics_INFO [20.186503582] Shooter.RightShooter.ShooterMotor1VelTrigger.triggerTask: PRE_PERIODIC_TASK=8.619314705882353E-5/0.31555749258823534
TrcTaskMgr.printTaskPerformanceMetrics_INFO [20.188156974] Shooter.RightShooter.goalTracking: POST_PERIODIC_TASK=0.005348283616935484/0.07001721817338709
TrcTaskMgr.printTaskPerformanceMetrics_INFO [20.190642869] Shooter.RightTransferMotor.pidCtrlTask: OUTPUT_TASK=8.576980731136322E-6/0.012481181436880965
TrcTaskMgr.printTaskPerformanceMetrics_INFO [20.199566491] Shooter.TurretMotor.pidCtrlTask: OUTPUT_TASK=0.0012058839220381707/0.012480738433741449
TrcTaskMgr.printTaskPerformanceMetrics_INFO [20.205598483] Shooter.FeederMotor.pidCtrlTask: OUTPUT_TASK=1.2077964710118833E-5/0.012480631988476773
TrcTaskMgr.printTaskPerformanceMetrics_INFO [20.207501674] ShooterfieldLengthTrigger.triggerTask: PRE_PERIODIC_TASK=2.0825577622464126E-5/0.0021247983282100444
TrcTaskMgr.printTaskPerformanceMetrics_INFO [20.210005001] ShooterfieldWidthTrigger.triggerTask: PRE_PERIODIC_TASK=7.615391637803068E-6/0.0021247959096981693
TrcTaskMgr.printTaskPerformanceMetrics_INFO [20.217414105] Intake.IntakeMotor.pidCtrlTask: OUTPUT_TASK=5.7924748020158386E-6/0.012480411007199424
TrcTaskMgr.printTaskPerformanceMetrics_INFO [20.222421011] Climber.Motor.pidCtrlTask: OUTPUT_TASK=6.300522048236141E-5/0.01248040943088553
TrcTaskMgr.printTaskPerformanceMetrics_INFO [20.225665525] TaskAutoShoot: POST_PERIODIC_TASK=0.008955139807692308/0.2285643044423077
