Shooter.LeftTiltMotor.isMotorStalled_INFO [0.004970007] Stall detection triggered.
Shooter.LeftTiltMotor.checkStallReset_INFO [0.0093698] Resetting stall.
Shooter.RightTiltMotor.isMotorStalled_INFO [0.019990539] Stall detection triggered.
Shooter.RightTiltMotor.checkStallReset_INFO [0.023075268] Resetting stall.
Robot.robotStartMode_INFO [0.025140554] Fri Apr 10 22:37:18 UTC 2026: ***** AUTO_MODE *****
Shooter.TurretMotor.isMotorStalled_INFO [0.026020405] Stall detection triggered.
Climber.Motor.isMotorStalled_INFO [0.028590201] Stall detection triggered.
Robot.robotStartMode_INFO [0.027044652] <BuildInfo Host="TRC492-DS2024" User="User" Timestamp="2026-04-10 13:38:01" Branch="dev" />
Climber.Motor.checkStallReset_INFO [0.032785364] Resetting stall.
FrcAuto.startMode_INFO [0.035082642] <Info name="MatchInfo" date="Fri Apr 10 22:37:18 UTC 2026" event="PNCMP" type="Qualification" match=67 replay=1 alliance="Blue" location=1 gameMsg="" />
FrcAuto.startMode_INFO [0.042212557] <Info name="AutoChoices" alliance="Blue" strategy="DCMP_AUTO" startPos="START_POS_OUTPOST" startDelay=0.0 sec depotPickup="false" outpostPickup="false" neutralZonePickup="true" moveTo="OUTPOST" passBack="NONE" climb="false" climbSide="OUTPOST" neutralZoneCycles="0.0" type="TRENCH" sweepDistance="SHALLOW_SWEEP" pathFile="DrivePath.csv" xDistance=0.0 ft yDistance=0.0 ft turnDegrees=0.0 deg driveTime=0.0 sec drivePower=0.0"  />
CmdDcmpAuto.cmdPeriodic_INFO [0.081522098] <Event name="StateInfo" time="0.080003646" tag="vvvvv" CmdDcmpAuto.state="START" />
Robot.zeroCalibrate_INFO [0.087455923] Zero calibrate all subsystems.
TrcSubsystem.zeroCalibrateAll_INFO [0.089704554] ZeroCalibrate(Subsystem=Shooter, owner=null, event=null)
Shooter.zeroCalibrate_INFO [0.090345458] ZeroCalibrate left shooter.
Shooter.zeroCalibrate_INFO [0.102007951] ZeroCalibrate right shooter.
TrcSubsystem.zeroCalibrateAll_INFO [0.106659758] ZeroCalibrate(Subsystem=Climber, owner=null, event=null)
CmdDcmpAuto.cmdPeriodic_INFO [0.108817386] <Event name="StateInfo" time="0.108360195" tag="^^^^^" CmdDcmpAuto.state="START" />
CmdDcmpAuto.cmdPeriodic_INFO [0.115256628] <Event name="StateInfo" time="0.114569879" tag="vvvvv" CmdDcmpAuto.state="NEUTRAL_ZONE_PICKUP" />
Climber.Motor.isMotorStalled_INFO [0.276751191] Stall detection triggered.
Climber.Motor.zeroCalibratingMotor_WARN [0.288387935] Stalled, lower limit switch may not exist or might have failed!
Climber.Motor.pidCtrlTask_INFO [0.294072905] Zero calibration done, event=null
purePursuitDrive.start_INFO [0.303379715] ppStartTimestamps=[0.286679241, 0.286717052, 0.291989096, 0.295738486, 0.302194703, 0.302334088]
purePursuitDrive.start_INFO [0.305761766] ppStartBuildPathTimestamp=[0.153301085, 0.167838976, 0.167905126]
DEBUG_PERF.cmdPeriodic_INFO [0.309191904] NeutralZonePickupTimestamps=[0.115865785, 0.115955134, 0.116981053, 0.307430193, 0.307435404, 0.0, 0.0, 0.0]
CmdDcmpAuto.cmdPeriodic_INFO [0.470539831] <Event name="StateInfo" time="0.470085299" tag="^^^^^" CmdDcmpAuto.state="NEUTRAL_ZONE_PICKUP" RobotPose=(x=-17.220000,y=173.610000,angle=-89.997253) TargetPose=(x=-26.682150,y=128.750454,angle=0.002747) vel=(x=-0.000000,y=0.000000,angle=-0.000000) Path=TrcPath(degrees=true, [Waypoint(simple=true,index=0,pose=(x=0.000000,y=0.000000,angle=0.000000),vel=0.0), Waypoint(simple=false,index=-1,timestep=0.10786207420460336,pose=(x=72.787559,y=4.337227,angle=0.000000),vel=175.0,encPos=0.0,accel=0.0,jerk=0.0), Waypoint(simple=true,index=1,pose=(x=91.630000,y=5.460000,angle=0.000000),vel=175.0), Waypoint(simple=true,index=2,pose=(x=105.770000,y=47.900000,angle=-20.000000),vel=175.0), Waypoint(simple=true,index=3,pose=(x=105.770000,y=128.410000,angle=-20.000000),vel=175.0), Waypoint(simple=true,index=4,pose=(x=63.810000,y=142.010000,angle=180.000000),vel=175.0), Waypoint(simple=true,index=5,pose=(x=60.990000,y=49.530000,angle=180.000000),vel=175.0), Waypoint(simple=false,index=-1,timestep=0.1141542247127128,pose=(x=72.035065,y=30.209172,angle=131.791668),vel=175.0,encPos=0.0,accel=0.0,jerk=0.0), Waypoint(simple=true,index=6,pose=(x=81.610000,y=13.460000,angle=90.000000),vel=163.01380640516516), Waypoint(simple=true,index=7,pose=(x=-31.860000,y=9.460000,angle=90.000000),vel=52.24940191045253), Waypoint(simple=true,index=8,pose=(x=-44.860000,y=9.460000,angle=90.000000),vel=0.0)]) />
CmdDcmpAuto.lambda$cmdPeriodic$2_INFO [0.483220397] WaypointHandler: index=0
Shooter.LeftTiltMotor.isMotorStalled_INFO [0.48458168] Stall detection triggered.
Robot.setRelocalizationMode_INFO [0.486619296] setRelocalizationMode to OneShot
Shooter.RightTiltMotor.isMotorStalled_INFO [0.491384198] Stall detection triggered.
Shooter.TurretMotor.isMotorStalled_INFO [0.493198575] Stall detection triggered.
Climber.Motor.isMotorStalled_INFO [0.497535818] Stall detection triggered.
Climber.Motor.checkStallReset_INFO [0.505625614] Resetting stall.
FrcDashboard.task.run_FATAL [0.554247109] Caught unexpected exception:
java.lang.ArrayIndexOutOfBoundsException: Index 763 out of bounds for length 763
TrcDbgTrace.run_ERR [0.568074907] Stack Trace (depth=16):
org.photonvision.common.dataflow.structures.Packet.decodeByte(Packet.java:297)
org.photonvision.common.dataflow.structures.Packet.decodeShortList(Packet.java:434)
org.photonvision.struct.MultiTargetPNPResultSerde.unpack(MultiTargetPNPResultSerde.java:75)
org.photonvision.struct.MultiTargetPNPResultSerde.unpack(MultiTargetPNPResultSerde.java:43)
org.photonvision.common.dataflow.structures.Packet.decodeOptional(Packet.java:428)
org.photonvision.struct.PhotonPipelineResultSerde.unpack(PhotonPipelineResultSerde.java:81)
org.photonvision.struct.PhotonPipelineResultSerde.unpack(PhotonPipelineResultSerde.java:43)
org.photonvision.common.networktables.PacketSubscriber.parse(PacketSubscriber.java:66)
org.photonvision.common.networktables.PacketSubscriber.getAllChanges(PacketSubscriber.java:110)
org.photonvision.PhotonCamera.getAllUnreadResults(PhotonCamera.java:262)
frclib.vision.FrcPhotonVision.getDetectedAprilTag(FrcPhotonVision.java:633)
teamcode.vision.Vision.updateStatus(Vision.java:430)
frclib.driverio.FrcDashboard.dashboardTask(FrcDashboard.java:212)
trclib.robotcore.TrcTaskMgr$TaskObject.standaloneTask(TrcTaskMgr.java:425)
trclib.robotcore.TrcPeriodicThread.run(TrcPeriodicThread.java:351)
java.base/java.lang.Thread.run(Unknown Source)
Shooter.LeftTiltMotor.zeroCalibratingMotor_WARN [0.579049242] Stalled, lower limit switch may not exist or might have failed!
Shooter.LeftTiltMotor.pidCtrlTask_INFO [0.588166464] Zero calibration done, event=(Shooter.leftTiltZeroCalCallback=CLEARED)
Shooter.LeftTiltMotor.pidCtrlTask_INFO [0.600531315] controlMode: Power,onTarget=false(-0.07400768995285034/null), stalled=false, expired=false, event=(Shooter.leftTiltZeroCalCallback=SIGNALED)
Shooter.RightTiltMotor.zeroCalibratingMotor_WARN [0.604812682] Stalled, lower limit switch may not exist or might have failed!
Shooter.RightTiltMotor.pidCtrlTask_INFO [0.611128206] Zero calibration done, event=(Shooter.rightTiltZeroCalCallback=CLEARED)
Shooter.RightTiltMotor.pidCtrlTask_INFO [0.621839335] controlMode: Power,onTarget=false(-0.07860042154788971/null), stalled=false, expired=false, event=(Shooter.rightTiltZeroCalCallback=SIGNALED)
Shooter.TurretMotor.isMotorStalled_INFO [0.625829886] Stall detection triggered.
Climber.Motor.isMotorStalled_INFO [0.628389985] Stall detection triggered.
Climber.Motor.checkStallReset_INFO [0.629745777] Resetting stall.
Shooter.LeftTiltMotor.isMotorStalled_INFO [0.646038145] Stall detection triggered.
Shooter.LeftTiltMotor.checkStallReset_INFO [0.648837452] Resetting stall.
Shooter.RightTiltMotor.isMotorStalled_INFO [0.651973015] Stall detection triggered.
Shooter.RightTiltMotor.checkStallReset_INFO [0.65400024] Resetting stall.
CmdDcmpAuto.lambda$cmdPeriodic$2_INFO [1.451903165] WaypointHandler: index=1
Robot.setRelocalizationMode_INFO [1.455303713] setRelocalizationMode to OneShot
Shooter.enableGoalTracking_INFO [1.46768448] EnableGoalTracking: goalTrackingParams=(trackFlywheel=false,trackTiltPos=false,trackPanPos=true), noPassback=true
Shooter.setupGoalTrackingMode_INFO [1.470645192] AlliancHub: alliance=Blue, fieldLengthZone=2, fieldWidthZone=3.
Shooter.setupGoalTrackingMode_INFO [1.477789925] GoalTracking(trackingMode=AllianceHub, goalPose=(x=-158.838583,y=182.110000,angle=0.000000), noPassback=true).
Shooter.LeftShooter.enableGoalTracking_INFO [1.498140389] Enable GoalTracking (trackingParams=(trackFlywheel=false,trackTiltPos=false,trackPanPos=true)).
Shooter.LeftPrimaryMotor.cancel_INFO [1.503053173] Cancel: stopping motor.
Shooter.LeftTiltMotor.cancel_INFO [1.50941261] Cancel: stopping motor.
Shooter.RightShooter.enableGoalTracking_INFO [1.531957508] Enable GoalTracking (trackingParams=(trackFlywheel=false,trackTiltPos=false,trackPanPos=true)).
Shooter.RightPrimaryMotor.cancel_INFO [1.547854054] Cancel: stopping motor.
Shooter.RightTiltMotor.cancel_INFO [1.554207745] Cancel: stopping motor.
Shooter.LeftTiltMotor.isMotorStalled_INFO [1.599025207] Stall detection triggered.
Shooter.LeftTiltMotor.checkStallReset_INFO [1.602013997] Resetting stall.
Shooter.RightTiltMotor.isMotorStalled_INFO [1.618479862] Stall detection triggered.
Shooter.RightTiltMotor.checkStallReset_INFO [1.622143268] Resetting stall.
TrcWatchdogMgr.checkForExpiration_WARN [1.642371137] ([1.7758606396655896E9]FrcDashboard.task:threshold=1.0,expiredTime=1.7758606394265819E9,expired=true,paused=false) expired.
TrcDbgTrace.checkForExpiration_INFO [1.647003218] Thread stack: 
Shooter.TurretMotor.isMotorStalled_INFO [1.662365415] Stall detection triggered.
Climber.Motor.isMotorStalled_INFO [1.667232959] Stall detection triggered.
Climber.Motor.checkStallReset_INFO [1.669963511] Resetting stall.
CmdDcmpAuto.lambda$cmdPeriodic$2_INFO [1.803708743] WaypointHandler: index=2
Robot.setRelocalizationMode_INFO [1.80437361] setRelocalizationMode to OneShot
Shooter.TurretMotor.isMotorStalled_INFO [2.511609938] Stall detection triggered.
Climber.Motor.isMotorStalled_INFO [2.512364779] Stall detection triggered.
Climber.Motor.checkStallReset_INFO [2.513044224] Resetting stall.
Shooter.LeftTiltMotor.isMotorStalled_INFO [2.54205566] Stall detection triggered.
Shooter.LeftTiltMotor.checkStallReset_INFO [2.544676107] Resetting stall.
Shooter.RightTiltMotor.isMotorStalled_INFO [2.546752139] Stall detection triggered.
Shooter.RightTiltMotor.checkStallReset_INFO [2.551412752] Resetting stall.
Shooter.fieldTriggerCallback_INFO [2.679825844] FieldTriggerCallback: canceled=false, zoneCtxt=(value=-129.846512,prevZone=3,currZone=2)
Shooter.setupGoalTrackingMode_INFO [2.686127078] AlliancHub: alliance=Blue, fieldLengthZone=2, fieldWidthZone=2.
Shooter.setupGoalTrackingMode_INFO [2.690016119] GoalTracking(trackingMode=AllianceHub, goalPose=(x=-158.838583,y=182.110000,angle=0.000000), noPassback=true).
CmdDcmpAuto.lambda$cmdPeriodic$2_INFO [2.809905994] WaypointHandler: index=3
Robot.setRelocalizationMode_INFO [2.811222013] setRelocalizationMode to OneShot
Shooter.fieldTriggerCallback_INFO [3.335433348] FieldTriggerCallback: canceled=false, zoneCtxt=(value=-159.362331,prevZone=2,currZone=1)
CmdDcmpAuto.lambda$cmdPeriodic$2_INFO [3.345270512] WaypointHandler: index=4
Shooter.setupGoalTrackingMode_INFO [3.348653951] AlliancHub: alliance=Blue, fieldLengthZone=2, fieldWidthZone=1.
Robot.setRelocalizationMode_INFO [3.350527827] setRelocalizationMode to OneShot
Shooter.setupGoalTrackingMode_INFO [3.35359013] GoalTracking(trackingMode=AllianceHub, goalPose=(x=-158.838583,y=182.110000,angle=0.000000), noPassback=true).
Shooter.fieldTriggerCallback_INFO [3.455183577] FieldTriggerCallback: canceled=false, zoneCtxt=(value=-158.044634,prevZone=1,currZone=2)
Shooter.setupGoalTrackingMode_INFO [3.458161215] AlliancHub: alliance=Blue, fieldLengthZone=2, fieldWidthZone=2.
Shooter.setupGoalTrackingMode_INFO [3.461538274] GoalTracking(trackingMode=AllianceHub, goalPose=(x=-158.838583,y=182.110000,angle=0.000000), noPassback=true).
Shooter.fieldTriggerCallback_INFO [4.016496985] FieldTriggerCallback: canceled=false, zoneCtxt=(value=-127.035374,prevZone=2,currZone=3)
Shooter.setupGoalTrackingMode_INFO [4.018875764] AlliancHub: alliance=Blue, fieldLengthZone=2, fieldWidthZone=3.
Shooter.setupGoalTrackingMode_INFO [4.019704765] GoalTracking(trackingMode=AllianceHub, goalPose=(x=-158.838583,y=182.110000,angle=0.000000), noPassback=true).
CmdDcmpAuto.lambda$cmdPeriodic$2_INFO [4.541744118] WaypointHandler: index=5
Robot.setRelocalizationMode_INFO [4.544295533] setRelocalizationMode to OneShot
CmdDcmpAuto.lambda$cmdPeriodic$2_INFO [4.99973116] WaypointHandler: index=6
Robot.setRelocalizationMode_INFO [5.004108225] setRelocalizationMode to OneShot
Shooter.fieldTriggerCallback_INFO [5.560351943] FieldTriggerCallback: canceled=false, zoneCtxt=(value=213.664863,prevZone=2,currZone=1)
Shooter.setupGoalTrackingMode_INFO [5.562422635] AlliancHub: alliance=Blue, fieldLengthZone=1, fieldWidthZone=3.
Shooter.setupGoalTrackingMode_INFO [5.564873241] GoalTracking(trackingMode=AllianceHub, goalPose=(x=-158.838583,y=182.110000,angle=0.000000), noPassback=true).
Shooter.fieldTriggerCallback_INFO [6.115935446] FieldTriggerCallback: canceled=false, zoneCtxt=(value=150.883736,prevZone=1,currZone=0)
CmdDcmpAuto.lambda$cmdPeriodic$2_INFO [6.124520327] WaypointHandler: index=7
Shooter.setupGoalTrackingMode_INFO [6.128997061] AlliancHub: alliance=Blue, fieldLengthZone=0, fieldWidthZone=3.
Robot.setRelocalizationMode_INFO [6.132210852] setRelocalizationMode to OneShot
Shooter.setupGoalTrackingMode_INFO [6.134350662] GoalTracking(trackingMode=AllianceHub, goalPose=(x=-158.838583,y=182.110000,angle=0.000000), noPassback=true).
CmdDcmpAuto.lambda$cmdPeriodic$2_INFO [6.147332849] WaypointHandler: index=-1
Robot.setRelocalizationMode_INFO [6.148530513] setRelocalizationMode to Continuous
CmdDcmpAuto.cmdPeriodic_INFO [6.14996767] <Event name="StateInfo" time="6.14973067" tag="vvvvv" CmdDcmpAuto.state="SHOOT_NEUTRAL_FUEL" />
TaskAutoShoot.autoShoot_INFO [6.162211607] autoShoot(owner=null, event=(CmdDcmpAuto=CANCELED), taskParams=(autoStop=true, noPassback=true, noWait=false))
Shooter.enableGoalTracking_INFO [6.163574683] EnableGoalTracking: goalTrackingParams=(trackFlywheel=true,trackTiltPos=true,trackPanPos=true), noPassback=true
Shooter.setupGoalTrackingMode_INFO [6.165031471] AlliancHub: alliance=Blue, fieldLengthZone=0, fieldWidthZone=3.
Shooter.setupGoalTrackingMode_INFO [6.167625721] GoalTracking(trackingMode=AllianceHub, goalPose=(x=-158.838583,y=182.110000,angle=0.000000), noPassback=true).
Shooter.LeftShooter.enableGoalTracking_INFO [6.170724724] Enable GoalTracking (trackingParams=(trackFlywheel=true,trackTiltPos=true,trackPanPos=true)).
Shooter.LeftPrimaryMotor.cancel_INFO [6.173457318] Cancel: stopping motor.
Shooter.LeftTiltMotor.cancel_INFO [6.177593706] Cancel: stopping motor.
Shooter.RightShooter.enableGoalTracking_INFO [6.182277509] Enable GoalTracking (trackingParams=(trackFlywheel=true,trackTiltPos=true,trackPanPos=true)).
Shooter.RightPrimaryMotor.cancel_INFO [6.184252192] Cancel: stopping motor.
Shooter.RightTiltMotor.cancel_INFO [6.186754126] Cancel: stopping motor.
CmdDcmpAuto.cmdPeriodic_INFO [6.199747227] <Event name="StateInfo" time="6.199513518" tag="^^^^^" CmdDcmpAuto.state="SHOOT_NEUTRAL_FUEL" />
TaskAutoShoot.autoTask_INFO [6.36441442] <Event name="StateInfo" time="6.364198306" tag="vvvvv" TaskAutoShoot.state="START" />
TaskAutoShoot.runTaskState_INFO [6.368687207] ***** Wait for left Shooter ready.
TaskAutoShoot.runTaskState_INFO [6.375219178] ***** Wait for right Shooter ready.
TaskAutoShoot.runTaskState_INFO [6.379058147] ***** Wait for Turret ready.
TaskAutoShoot.autoTask_INFO [6.385382807] <Event name="StateInfo" time="6.380690103" tag="^^^^^" TaskAutoShoot.state="START" />
Shooter.TurretMotor.pidCtrlTask_INFO [6.466565363] controlMode: Position,onTarget=true(-53.43964385986328/-53.86410898433093), stalled=false, expired=false, event=(TaskAutoShoot.turretReady=SIGNALED)
Shooter.RightTiltMotor.isMotorStalled_INFO [6.528939414] Stall detection triggered.
Shooter.RightTiltMotor.checkStallReset_INFO [6.533065402] Resetting stall.
TaskAutoShoot.autoTask_INFO [6.541294755] <Event name="StateInfo" time="6.540866962" tag="vvvvv" TaskAutoShoot.state="SHOOT" />
TaskAutoShoot.autoTask_INFO [6.5467537] <Event name="StateInfo" time="6.546532504" tag="^^^^^" TaskAutoShoot.state="SHOOT" />
TaskAutoShoot.autoTask_INFO [6.67270561] <Event name="StateInfo" time="6.672515791" tag="vvvvv" TaskAutoShoot.state="SHOOT" />
TaskAutoShoot.autoTask_INFO [6.674092857] <Event name="StateInfo" time="6.673893163" tag="^^^^^" TaskAutoShoot.state="SHOOT" />
TaskAutoShoot.autoTask_INFO [6.791275153] <Event name="StateInfo" time="6.791033486" tag="vvvvv" TaskAutoShoot.state="SHOOT" />
TaskAutoShoot.autoTask_INFO [6.795417437] <Event name="StateInfo" time="6.795218078" tag="^^^^^" TaskAutoShoot.state="SHOOT" />
TaskAutoShoot.autoTask_INFO [6.915502146] <Event name="StateInfo" time="6.915174576" tag="vvvvv" TaskAutoShoot.state="SHOOT" />
TaskAutoShoot.autoTask_INFO [6.921326551] <Event name="StateInfo" time="6.921050625" tag="^^^^^" TaskAutoShoot.state="SHOOT" />
TaskAutoShoot.autoTask_INFO [7.021577973] <Event name="StateInfo" time="7.021002351" tag="vvvvv" TaskAutoShoot.state="SHOOT" />
TaskAutoShoot.autoTask_INFO [7.023649909] <Event name="StateInfo" time="7.022836087" tag="^^^^^" TaskAutoShoot.state="SHOOT" />
Shooter.LeftShooter.goalTrackingTask_INFO [7.112069379] Shooter.LeftShooter is Ready: rpm1=5043.028846/5091.341235, rpm2=3091.875000/0.000000, tilt=25.565618/25.460817, pan=null/null
Shooter.RightShooter.goalTrackingTask_INFO [7.13926255] Shooter.RightShooter is Ready: rpm1=5027.506010/5091.341235, rpm2=3130.664063/0.000000, tilt=25.565618/25.460817, pan=null/null
TaskAutoShoot.autoTask_INFO [7.142105802] <Event name="StateInfo" time="7.141883248" tag="vvvvv" TaskAutoShoot.state="SHOOT" />
TaskAutoShoot.runTaskState_INFO [7.144313569] ***** Start left shooter shooting (timedout=false, turretReady=true).
Shooter.shoot_INFO [7.150113776] shoot(owner=null, event=(TaskAutoShoot.leftShooterDone=CLEARED), shooter=leftShooter, autoStop=true)
Shooter.LeftTransferMotor.cancel_INFO [7.17822865] Cancel: stopping motor.
TaskAutoShoot.runTaskState_INFO [7.180621582] ***** Start right shooter shooting (timedout=false, turretReady=true).
Shooter.shoot_INFO [7.184297078] shoot(owner=null, event=(TaskAutoShoot.rightShooterDone=CLEARED), shooter=rightShooter, autoStop=true)
Shooter.RightTransferMotor.cancel_INFO [7.186459854] Cancel: stopping motor.
TaskAutoShoot.autoTask_INFO [7.188163293] <Event name="StateInfo" time="7.187970479" tag="^^^^^" TaskAutoShoot.state="SHOOT" />
Shooter.LeftShooter.cancel_INFO [10.63145458] owner=null
Shooter.LeftShooter.disableGoalTracking_INFO [10.633371024] Disable Goal Tracking.
Shooter.LeftShooter.stopGoalTracking_INFO [10.635416793] Stop GoalTracking.
Shooter.LeftTiltMotor.cancel_INFO [10.653752018] Cancel: stopping motor.
Shooter.LeftPrimaryMotor.cancel_INFO [10.659653235] Cancel: stopping motor.
Shooter.LeftPrimaryMotor.cancel_INFO [10.663453136] Cancel: stopping motor.
Shooter.LeftTiltMotor.cancel_INFO [10.670338963] Cancel: stopping motor.
Shooter.LeftTransferMotor.cancel_INFO [10.677470877] Cancel: stopping motor.
Shooter.FeederMotor.cancel_INFO [10.682955165] Cancel: stopping motor.
Shooter.RightShooter.cancel_INFO [10.688403267] owner=null
Shooter.RightShooter.disableGoalTracking_INFO [10.690638532] Disable Goal Tracking.
Shooter.RightShooter.stopGoalTracking_INFO [10.692401076] Stop GoalTracking.
Shooter.RightTiltMotor.cancel_INFO [10.696463282] Cancel: stopping motor.
Shooter.RightPrimaryMotor.cancel_INFO [10.699114315] Cancel: stopping motor.
Shooter.RightPrimaryMotor.cancel_INFO [10.702697872] Cancel: stopping motor.
Shooter.RightTiltMotor.cancel_INFO [10.704217975] Cancel: stopping motor.
Shooter.RightTransferMotor.cancel_INFO [10.706368936] Cancel: stopping motor.
Shooter.FeederMotor.cancel_INFO [10.708505489] Cancel: stopping motor.
CmdDcmpAuto.cmdPeriodic_INFO [10.718941987] <Event name="StateInfo" time="10.718657492" tag="vvvvv" CmdDcmpAuto.state="HUB_PICKUP" />
TaskAutoShoot.cancel_INFO [10.726386854] Canceling auto task operation.
TaskAutoShoot.stopSubsystems_INFO [10.730567497] Stopping subsystems.
Shooter.LeftTransferMotor.cancel_INFO [10.733175316] Cancel: stopping motor.
Shooter.RightTransferMotor.cancel_INFO [10.734643555] Cancel: stopping motor.
Shooter.FeederMotor.cancel_INFO [10.73887851] Cancel: stopping motor.
Shooter.LeftShooter.cancel_INFO [10.743026862] owner=null
Shooter.LeftPrimaryMotor.cancel_INFO [10.747428729] Cancel: stopping motor.
Shooter.LeftTiltMotor.cancel_INFO [10.75419366] Cancel: stopping motor.
Shooter.RightShooter.cancel_INFO [10.755181708] owner=null
Shooter.RightPrimaryMotor.cancel_INFO [10.757038367] Cancel: stopping motor.
Shooter.RightTiltMotor.cancel_INFO [10.760289877] Cancel: stopping motor.
Shooter.LeftTransferMotor.cancel_INFO [10.763104796] Cancel: stopping motor.
Shooter.RightTransferMotor.cancel_INFO [10.766466794] Cancel: stopping motor.
Shooter.FeederMotor.cancel_INFO [10.770352152] Cancel: stopping motor.
purePursuitDrive.start_INFO [10.860494102] ppStartTimestamps=[10.855371805, 10.855406169, 10.855444121, 10.859187632, 10.859232874, 10.859548655]
purePursuitDrive.start_INFO [10.889118653] ppStartBuildPathTimestamp=[10.850729097, 10.850756167, 10.85080194]
Shooter.LeftTiltMotor.pidCtrlTask_INFO [10.899896366] controlMode: Position,onTarget=true(17.936842633010748/17.0), stalled=false, expired=false, event=(stopLeftTilt=SIGNALED)
CmdDcmpAuto.cmdPeriodic_INFO [10.904114807] <Event name="StateInfo" time="10.903011774" tag="^^^^^" CmdDcmpAuto.state="HUB_PICKUP" RobotPose=(x=-29.055725,y=124.870881,angle=-5.604706) TargetPose=(x=-27.398007,y=138.729762,angle=0.008240) vel=(x=0.000744,y=-0.005357,angle=0.011879) Path=TrcPath(degrees=true, [Waypoint(simple=true,index=0,pose=(x=0.000000,y=0.000000,angle=0.000000),vel=0.0), Waypoint(simple=false,index=-1,timestep=0.20368666452644207,pose=(x=10.426872,y=72.167310,angle=3.768148),vel=175.0,encPos=0.0,accel=0.0,jerk=0.0), Waypoint(simple=true,index=1,pose=(x=15.524028,y=107.446155,angle=5.610199),vel=175.0), Waypoint(simple=true,index=2,pose=(x=-1.533186,y=107.594379,angle=-84.389801),vel=175.0), Waypoint(simple=true,index=3,pose=(x=-93.560256,y=116.634251,angle=-84.389801),vel=175.0), Waypoint(simple=true,index=4,pose=(x=-136.513915,y=140.387180,angle=95.610199),vel=175.0), Waypoint(simple=true,index=5,pose=(x=-90.561403,y=159.335622,angle=95.610199),vel=175.0), Waypoint(simple=true,index=6,pose=(x=-19.855277,y=158.388852,angle=95.610199),vel=175.0), Waypoint(simple=false,index=-1,timestep=0.09801574770617817,pose=(x=-8.080575,y=151.313055,angle=54.921570),vel=175.0,encPos=0.0,accel=0.0,jerk=0.0), Waypoint(simple=true,index=7,pose=(x=6.189424,y=142.737752,angle=5.610199),vel=164.7083464908513), Waypoint(simple=true,index=8,pose=(x=4.273544,y=26.568600,angle=5.610199),vel=52.24940191045252), Waypoint(simple=true,index=9,pose=(x=3.002663,y=13.630870,angle=5.610199),vel=0.0)]) />
CmdDcmpAuto.lambda$cmdPeriodic$3_INFO [10.919375359] WaypointHandler: index=0
Robot.setRelocalizationMode_INFO [10.921033875] setRelocalizationMode to OneShot
Shooter.RightTiltMotor.pidCtrlTask_INFO [10.958569972] controlMode: Position,onTarget=true(16.909130717578687/17.0), stalled=false, expired=false, event=(stopRightTilt=SIGNALED)
CmdDcmpAuto.lambda$cmdPeriodic$3_INFO [12.005139678] WaypointHandler: index=1
Robot.setRelocalizationMode_INFO [12.019002538] setRelocalizationMode to OneShot
Shooter.enableGoalTracking_INFO [12.032454902] EnableGoalTracking: goalTrackingParams=(trackFlywheel=false,trackTiltPos=false,trackPanPos=true), noPassback=true
Shooter.setupGoalTrackingMode_INFO [12.04353081] AlliancHub: alliance=Blue, fieldLengthZone=2, fieldWidthZone=3.
Shooter.setupGoalTrackingMode_INFO [12.049304968] GoalTracking(trackingMode=AllianceHub, goalPose=(x=-158.838583,y=182.110000,angle=0.000000), noPassback=true).
Shooter.LeftShooter.enableGoalTracking_INFO [12.053625767] Enable GoalTracking (trackingParams=(trackFlywheel=false,trackTiltPos=false,trackPanPos=true)).
Shooter.LeftPrimaryMotor.cancel_INFO [12.060649805] Cancel: stopping motor.
Shooter.LeftTiltMotor.cancel_INFO [12.069342746] Cancel: stopping motor.
Shooter.RightShooter.enableGoalTracking_INFO [12.07476271] Enable GoalTracking (trackingParams=(trackFlywheel=false,trackTiltPos=false,trackPanPos=true)).
Shooter.RightPrimaryMotor.cancel_INFO [12.078360765] Cancel: stopping motor.
Shooter.RightTiltMotor.cancel_INFO [12.080611787] Cancel: stopping motor.
Shooter.TurretMotor.isMotorStalled_INFO [12.118109704] Stall detection triggered.
Climber.Motor.isMotorStalled_INFO [12.119015095] Stall detection triggered.
Climber.Motor.checkStallReset_INFO [12.119544521] Resetting stall.
CmdDcmpAuto.lambda$cmdPeriodic$3_INFO [12.207706854] WaypointHandler: index=2
Robot.setRelocalizationMode_INFO [12.213646183] setRelocalizationMode to OneShot
CmdDcmpAuto.lambda$cmdPeriodic$3_INFO [13.168369112] WaypointHandler: index=3
Robot.setRelocalizationMode_INFO [13.171875401] setRelocalizationMode to OneShot
Shooter.fieldTriggerCallback_INFO [13.219152137] FieldTriggerCallback: canceled=false, zoneCtxt=(value=-135.901295,prevZone=3,currZone=2)
Shooter.setupGoalTrackingMode_INFO [13.222072517] AlliancHub: alliance=Blue, fieldLengthZone=2, fieldWidthZone=2.
Shooter.setupGoalTrackingMode_INFO [13.226167226] GoalTracking(trackingMode=AllianceHub, goalPose=(x=-158.838583,y=182.110000,angle=0.000000), noPassback=true).
Shooter.fieldTriggerCallback_INFO [13.537545212] FieldTriggerCallback: canceled=false, zoneCtxt=(value=-160.042733,prevZone=2,currZone=1)
Shooter.setupGoalTrackingMode_INFO [13.539769698] AlliancHub: alliance=Blue, fieldLengthZone=2, fieldWidthZone=1.
Shooter.setupGoalTrackingMode_INFO [13.541435335] GoalTracking(trackingMode=AllianceHub, goalPose=(x=-158.838583,y=182.110000,angle=0.000000), noPassback=true).
CmdDcmpAuto.lambda$cmdPeriodic$3_INFO [13.683997532] WaypointHandler: index=4
Robot.setRelocalizationMode_INFO [13.684879569] setRelocalizationMode to OneShot
Shooter.fieldTriggerCallback_INFO [14.221385977] FieldTriggerCallback: canceled=false, zoneCtxt=(value=-157.232709,prevZone=1,currZone=2)
Shooter.setupGoalTrackingMode_INFO [14.226365979] AlliancHub: alliance=Blue, fieldLengthZone=2, fieldWidthZone=2.
Shooter.setupGoalTrackingMode_INFO [14.230086706] GoalTracking(trackingMode=AllianceHub, goalPose=(x=-158.838583,y=182.110000,angle=0.000000), noPassback=true).
CmdDcmpAuto.lambda$cmdPeriodic$3_INFO [14.507586206] WaypointHandler: index=5
Robot.setRelocalizationMode_INFO [14.509554224] setRelocalizationMode to OneShot
Shooter.fieldTriggerCallback_INFO [14.668527303] FieldTriggerCallback: canceled=false, zoneCtxt=(value=-125.146009,prevZone=2,currZone=3)
Shooter.setupGoalTrackingMode_INFO [14.682539422] AlliancHub: alliance=Blue, fieldLengthZone=2, fieldWidthZone=3.
Shooter.setupGoalTrackingMode_INFO [14.685302671] GoalTracking(trackingMode=AllianceHub, goalPose=(x=-158.838583,y=182.110000,angle=0.000000), noPassback=true).
CmdDcmpAuto.lambda$cmdPeriodic$3_INFO [15.264747628] WaypointHandler: index=6
Robot.setRelocalizationMode_INFO [15.268685066] setRelocalizationMode to OneShot
CmdDcmpAuto.lambda$cmdPeriodic$3_INFO [15.583490803] WaypointHandler: index=7
Robot.setRelocalizationMode_INFO [15.585279038] setRelocalizationMode to OneShot
Shooter.fieldTriggerCallback_INFO [16.200660728] FieldTriggerCallback: canceled=false, zoneCtxt=(value=213.971417,prevZone=2,currZone=1)
Shooter.setupGoalTrackingMode_INFO [16.209594633] AlliancHub: alliance=Blue, fieldLengthZone=1, fieldWidthZone=3.
Shooter.setupGoalTrackingMode_INFO [16.212068581] GoalTracking(trackingMode=AllianceHub, goalPose=(x=-158.838583,y=182.110000,angle=0.000000), noPassback=true).
CmdDcmpAuto.lambda$cmdPeriodic$3_INFO [16.708065605] WaypointHandler: index=8
Robot.setRelocalizationMode_INFO [16.708904075] setRelocalizationMode to OneShot
Shooter.fieldTriggerCallback_INFO [16.718954274] FieldTriggerCallback: canceled=false, zoneCtxt=(value=151.348044,prevZone=1,currZone=0)
CmdDcmpAuto.lambda$cmdPeriodic$3_INFO [16.720103881] WaypointHandler: index=-1
Robot.setRelocalizationMode_INFO [16.725621446] setRelocalizationMode to Continuous
Shooter.setupGoalTrackingMode_INFO [16.726040532] AlliancHub: alliance=Blue, fieldLengthZone=0, fieldWidthZone=3.
Shooter.setupGoalTrackingMode_INFO [16.73449952] GoalTracking(trackingMode=AllianceHub, goalPose=(x=-158.838583,y=182.110000,angle=0.000000), noPassback=true).
CmdDcmpAuto.cmdPeriodic_INFO [16.754232828] <Event name="StateInfo" time="16.753083888" tag="vvvvv" CmdDcmpAuto.state="SHOOT_HUB_FUEL" />
TaskAutoShoot.autoShoot_INFO [16.761005088] autoShoot(owner=null, event=(CmdDcmpAuto=CANCELED), taskParams=(autoStop=true, noPassback=true, noWait=false))
Shooter.enableGoalTracking_INFO [16.768385997] EnableGoalTracking: goalTrackingParams=(trackFlywheel=true,trackTiltPos=true,trackPanPos=true), noPassback=true
Shooter.setupGoalTrackingMode_INFO [16.770601631] AlliancHub: alliance=Blue, fieldLengthZone=0, fieldWidthZone=3.
Shooter.setupGoalTrackingMode_INFO [16.791103428] GoalTracking(trackingMode=AllianceHub, goalPose=(x=-158.838583,y=182.110000,angle=0.000000), noPassback=true).
Shooter.LeftShooter.enableGoalTracking_INFO [16.794490576] Enable GoalTracking (trackingParams=(trackFlywheel=true,trackTiltPos=true,trackPanPos=true)).
Shooter.LeftPrimaryMotor.cancel_INFO [16.800057071] Cancel: stopping motor.
Shooter.LeftTiltMotor.cancel_INFO [16.80310419] Cancel: stopping motor.
Shooter.RightShooter.enableGoalTracking_INFO [16.807956185] Enable GoalTracking (trackingParams=(trackFlywheel=true,trackTiltPos=true,trackPanPos=true)).
Shooter.RightPrimaryMotor.cancel_INFO [16.810088093] Cancel: stopping motor.
Shooter.RightTiltMotor.cancel_INFO [16.816425309] Cancel: stopping motor.
CmdDcmpAuto.cmdPeriodic_INFO [16.820852806] <Event name="StateInfo" time="16.820593671" tag="^^^^^" CmdDcmpAuto.state="SHOOT_HUB_FUEL" />
TaskAutoShoot.autoTask_INFO [16.930252548] <Event name="StateInfo" time="16.928604035" tag="vvvvv" TaskAutoShoot.state="START" />
TaskAutoShoot.runTaskState_INFO [16.934711857] ***** Wait for left Shooter ready.
TaskAutoShoot.runTaskState_INFO [16.941387907] ***** Wait for right Shooter ready.
TaskAutoShoot.runTaskState_INFO [16.943450629] ***** Wait for Turret ready.
TaskAutoShoot.autoTask_INFO [16.945621583] <Event name="StateInfo" time="16.945365473" tag="^^^^^" TaskAutoShoot.state="START" />
TaskAutoShoot.autoTask_INFO [17.060821885] <Event name="StateInfo" time="17.060674412" tag="vvvvv" TaskAutoShoot.state="SHOOT" />
TaskAutoShoot.autoTask_INFO [17.061519166] <Event name="StateInfo" time="17.061340318" tag="^^^^^" TaskAutoShoot.state="SHOOT" />
Shooter.TurretMotor.pidCtrlTask_INFO [17.061075058] controlMode: Position,onTarget=true(-58.555152893066406/-56.54040342799603), stalled=false, expired=false, event=(TaskAutoShoot.turretReady=SIGNALED)
TaskAutoShoot.autoTask_INFO [17.164532838] <Event name="StateInfo" time="17.16434283" tag="vvvvv" TaskAutoShoot.state="SHOOT" />
TaskAutoShoot.autoTask_INFO [17.169025008] <Event name="StateInfo" time="17.168161871" tag="^^^^^" TaskAutoShoot.state="SHOOT" />
TaskAutoShoot.autoTask_INFO [17.258419907] <Event name="StateInfo" time="17.258022934" tag="vvvvv" TaskAutoShoot.state="SHOOT" />
TaskAutoShoot.autoTask_INFO [17.258957247] <Event name="StateInfo" time="17.258789219" tag="^^^^^" TaskAutoShoot.state="SHOOT" />
TaskAutoShoot.autoTask_INFO [17.373305916] <Event name="StateInfo" time="17.373096481" tag="vvvvv" TaskAutoShoot.state="SHOOT" />
TaskAutoShoot.autoTask_INFO [17.373954465] <Event name="StateInfo" time="17.373692521" tag="^^^^^" TaskAutoShoot.state="SHOOT" />
TaskAutoShoot.autoTask_INFO [17.475556284] <Event name="StateInfo" time="17.475042305" tag="vvvvv" TaskAutoShoot.state="SHOOT" />
TaskAutoShoot.autoTask_INFO [17.484099804] <Event name="StateInfo" time="17.483903841" tag="^^^^^" TaskAutoShoot.state="SHOOT" />
TaskAutoShoot.autoTask_INFO [17.586206841] <Event name="StateInfo" time="17.586018206" tag="vvvvv" TaskAutoShoot.state="SHOOT" />
TaskAutoShoot.autoTask_INFO [17.590035397] <Event name="StateInfo" time="17.589827236" tag="^^^^^" TaskAutoShoot.state="SHOOT" />
Shooter.RightShooter.goalTrackingTask_INFO [17.678574429] Shooter.RightShooter is Ready: rpm1=5018.987380/5087.176863, rpm2=3149.648438/0.000000, tilt=25.486563/25.429825, pan=null/null
TaskAutoShoot.autoTask_INFO [17.688376481] <Event name="StateInfo" time="17.688142103" tag="vvvvv" TaskAutoShoot.state="SHOOT" />
TaskAutoShoot.runTaskState_INFO [17.691867648] ***** Start right shooter shooting (timedout=false, turretReady=true).
Shooter.shoot_INFO [17.693332264] shoot(owner=null, event=(TaskAutoShoot.rightShooterDone=CLEARED), shooter=rightShooter, autoStop=true)
Shooter.RightTransferMotor.cancel_INFO [17.697534826] Cancel: stopping motor.
TaskAutoShoot.autoTask_INFO [17.700858143] <Event name="StateInfo" time="17.699879068" tag="^^^^^" TaskAutoShoot.state="SHOOT" />
Shooter.LeftShooter.goalTrackingTask_INFO [17.780978537] Shooter.LeftShooter is Ready: rpm1=5081.646635/5085.073027, rpm2=3148.125000/0.000000, tilt=25.447037/25.414181, pan=null/null
TaskAutoShoot.autoTask_INFO [17.814298417] <Event name="StateInfo" time="17.814069413" tag="vvvvv" TaskAutoShoot.state="SHOOT" />
TaskAutoShoot.runTaskState_INFO [17.81558352] ***** Start left shooter shooting (timedout=false, turretReady=true).
Shooter.shoot_INFO [17.824521175] shoot(owner=null, event=(TaskAutoShoot.leftShooterDone=CLEARED), shooter=leftShooter, autoStop=true)
Shooter.LeftTransferMotor.cancel_INFO [17.828299154] Cancel: stopping motor.
TaskAutoShoot.autoTask_INFO [17.832294035] <Event name="StateInfo" time="17.831178581" tag="^^^^^" TaskAutoShoot.state="SHOOT" />
FrcRobot.startCompetition_INFO [20.507015907] *** Transitioning from AUTO_MODE to DISABLED_MODE ***
Shooter.LeftShooter.disableGoalTracking_INFO [20.511598075] Disable Goal Tracking.
Shooter.LeftShooter.stopGoalTracking_INFO [20.513163196] Stop GoalTracking.
Shooter.LeftTiltMotor.cancel_INFO [20.51440766] Cancel: stopping motor.
Shooter.LeftPrimaryMotor.cancel_INFO [20.520876606] Cancel: stopping motor.
Shooter.RightShooter.disableGoalTracking_INFO [20.524459728] Disable Goal Tracking.
Shooter.RightShooter.stopGoalTracking_INFO [20.526433451] Stop GoalTracking.
Shooter.RightTiltMotor.cancel_INFO [20.530206279] Cancel: stopping motor.
Shooter.RightPrimaryMotor.cancel_INFO [20.531914509] Cancel: stopping motor.
Robot.cancelAll_INFO [20.534191959] Cancel all operations.
Shooter.LeftShooter.cancel_INFO [20.539214527] owner=null
Shooter.LeftPrimaryMotor.cancel_INFO [20.542068729] Cancel: stopping motor.
Shooter.LeftTiltMotor.cancel_INFO [20.544489688] Cancel: stopping motor.
Shooter.RightShooter.cancel_INFO [20.546707971] owner=null
Shooter.RightPrimaryMotor.cancel_INFO [20.54838708] Cancel: stopping motor.
Shooter.RightTiltMotor.cancel_INFO [20.550823879] Cancel: stopping motor.
Shooter.LeftTransferMotor.cancel_INFO [20.552411779] Cancel: stopping motor.
Shooter.RightTransferMotor.cancel_INFO [20.557282641] Cancel: stopping motor.
Shooter.FeederMotor.cancel_INFO [20.560523562] Cancel: stopping motor.
Intake.IntakeMotor.cancel_INFO [20.631122955] Cancel: stopping motor.
Climber.Motor.cancel_INFO [20.633423482] Cancel: stopping motor.
TaskAutoShoot.cancel_INFO [20.635774031] Canceling auto task operation.
TaskAutoShoot.stopSubsystems_INFO [20.64081557] Stopping subsystems.
Shooter.LeftTransferMotor.cancel_INFO [20.644048767] Cancel: stopping motor.
Shooter.RightTransferMotor.cancel_INFO [20.646560584] Cancel: stopping motor.
Shooter.FeederMotor.cancel_INFO [20.650059129] Cancel: stopping motor.
Shooter.LeftShooter.cancel_INFO [20.651328463] owner=null
Shooter.LeftPrimaryMotor.cancel_INFO [20.654009591] Cancel: stopping motor.
Shooter.LeftTiltMotor.cancel_INFO [20.655251635] Cancel: stopping motor.
Shooter.RightShooter.cancel_INFO [20.657219603] owner=null
Shooter.RightPrimaryMotor.cancel_INFO [20.658549777] Cancel: stopping motor.
Shooter.RightTiltMotor.cancel_INFO [20.678348509] Cancel: stopping motor.
Shooter.LeftTransferMotor.cancel_INFO [20.683956522] Cancel: stopping motor.
Shooter.RightTransferMotor.cancel_INFO [20.689453881] Cancel: stopping motor.
Shooter.FeederMotor.cancel_INFO [20.690699502] Cancel: stopping motor.
TaskAutoClimb.cancel_INFO [20.752272558] Canceling auto task operation.
FrcRobot.printPerformanceMetrics_INFO [20.790140485] [FrcRobot] Loop Performance Metrics:
Average Loop Interval = 0.001754s (freq=570.079Hz, min=0.000827s, max=0.490940s)
[03]                StartTask=0.000000s
[04]          PrePeriodicTask=0.000114s
[07]               UpdateTask=0.001009s
[02]                StartMode=0.000000s
[06]         PostPeriodicTask=0.000289s
[08]                 StopTask=0.000000s
[09]                 StopMode=0.000000s
[00]                RobotInit=17.242276s
[01]           RobotStartMode=0.000006s
[05]                 Periodic=0.000256s
[10]            RobotStopMode=0.000001s

TrcTaskMgr.printTaskPerformanceMetrics_INFO [20.794286248] FrcDashboard.task: STANDALONE_TASK=2.839507276325383E-4/0.010451612040724924
TrcTaskMgr.printTaskPerformanceMetrics_INFO [20.795994607] TrcWatchdogMgr: STANDALONE_TASK=2.269115950413223E-4/0.9923855210826446
TrcTaskMgr.printTaskPerformanceMetrics_INFO [20.807157739] flDriveMotor.pidCtrlTask: OUTPUT_TASK=2.0314849540347292E-5/0.01233164920183861
TrcTaskMgr.printTaskPerformanceMetrics_INFO [20.808118004] flDriveMotor.odometryCleanupTask: STOP_TASK=8.78125E-5/10.3045521415
TrcTaskMgr.printTaskPerformanceMetrics_INFO [20.808599179] frDriveMotor.pidCtrlTask: OUTPUT_TASK=9.20758043100807E-6/0.012331482850168522
TrcTaskMgr.printTaskPerformanceMetrics_INFO [20.811932393] blDriveMotor.pidCtrlTask: OUTPUT_TASK=8.265851700541314E-6/0.012331481668981717
TrcTaskMgr.printTaskPerformanceMetrics_INFO [20.812439691] brDriveMotor.pidCtrlTask: OUTPUT_TASK=7.553236033091615E-6/0.012331481140639363
TrcTaskMgr.printTaskPerformanceMetrics_INFO [20.815009258] flSteerMotor.pidCtrlTask: OUTPUT_TASK=1.5262165662342968E-5/0.012331480272597284
TrcTaskMgr.printTaskPerformanceMetrics_INFO [20.816054894] frSteerMotor.pidCtrlTask: OUTPUT_TASK=1.478917975691962E-5/0.012331986369012359
TrcTaskMgr.printTaskPerformanceMetrics_INFO [20.819233092] blSteerMotor.pidCtrlTask: OUTPUT_TASK=1.1345672964967827E-5/0.012331994540087836
TrcTaskMgr.printTaskPerformanceMetrics_INFO [20.819728491] brSteerMotor.pidCtrlTask: OUTPUT_TASK=1.2086590440200183E-5/0.012332196106628538
TrcTaskMgr.printTaskPerformanceMetrics_INFO [20.823020917] FrcSwerveDrive.odometryTask: INPUT_TASK=0.0030624112541507028/0.026460574278416346
TrcTaskMgr.printTaskPerformanceMetrics_INFO [20.823406713] FrcSwerveDrive.stopTask: STOP_TASK=0.00327214/10.304486442
TrcTaskMgr.printTaskPerformanceMetrics_INFO [20.826306425] purePursuitDrive.driveTask: OUTPUT_TASK=0.007879822295392953/0.04434849400542005
TrcTaskMgr.printTaskPerformanceMetrics_INFO [20.826795014] LED: OUTPUT_TASK=5.1603783066081095E-5/0.012332200822898579
TrcTaskMgr.printTaskPerformanceMetrics_INFO [20.831228271] LED.ledTask: OUTPUT_TASK=3.036933066369214E-4/0.011093155866034578
TrcTaskMgr.printTaskPerformanceMetrics_INFO [20.833900604] Shooter.LeftPrimaryMotor.pidCtrlTask: OUTPUT_TASK=1.772178053513072E-5/0.012332413967116013
TrcTaskMgr.printTaskPerformanceMetrics_INFO [20.834595667] Shooter.LeftFollowerMotor.pidCtrlTask: OUTPUT_TASK=4.295470690359477E-6/0.012332413948937908
TrcTaskMgr.printTaskPerformanceMetrics_INFO [20.834945304] Shooter.LeftTiltMotor.pidCtrlTask: OUTPUT_TASK=3.1159072160947713E-4/0.012332413760723039
TrcTaskMgr.printTaskPerformanceMetrics_INFO [20.838244941] Shooter.LeftShooter.ShooterMotor1VelTrigger.triggerTask: PRE_PERIODIC_TASK=2.9139373913043473E-4/0.19187838955072462
TrcTaskMgr.printTaskPerformanceMetrics_INFO [20.841387241] Shooter.LeftShooter.goalTracking: POST_PERIODIC_TASK=0.03930547632/0.05817699082769231
TrcTaskMgr.printTaskPerformanceMetrics_INFO [20.84185981] Shooter.LeftTransferMotor.pidCtrlTask: OUTPUT_TASK=6.563145001531706E-6/0.012331775980802614
TrcTaskMgr.printTaskPerformanceMetrics_INFO [20.842294565] Shooter.RightPrimaryMotor.pidCtrlTask: OUTPUT_TASK=1.113361880935362E-5/0.012331774590013275
TrcTaskMgr.printTaskPerformanceMetrics_INFO [20.842690279] Shooter.RightFollowerMotor.pidCtrlTask: OUTPUT_TASK=5.20820994587971E-6/0.012331773745532524
TrcTaskMgr.printTaskPerformanceMetrics_INFO [20.843077819] Shooter.RightTiltMotor.pidCtrlTask: OUTPUT_TASK=2.7979443316654754E-4/0.012331772693046054
TrcTaskMgr.printTaskPerformanceMetrics_INFO [20.84348368] Shooter.RightShooter.ShooterMotor1VelTrigger.triggerTask: PRE_PERIODIC_TASK=1.1808074285714286E-4/0.18906686247142857
TrcTaskMgr.printTaskPerformanceMetrics_INFO [20.852190061] Shooter.RightShooter.goalTracking: POST_PERIODIC_TASK=0.006818514233846154/0.05806980327384616
TrcTaskMgr.printTaskPerformanceMetrics_INFO [20.854288746] Shooter.RightTransferMotor.pidCtrlTask: OUTPUT_TASK=6.865685930161323E-6/0.012331820964161732
TrcTaskMgr.printTaskPerformanceMetrics_INFO [20.854728239] Shooter.TurretMotor.pidCtrlTask: OUTPUT_TASK=9.299892894629365E-4/0.012331819741065958
TrcTaskMgr.printTaskPerformanceMetrics_INFO [20.857623022] Shooter.FeederMotor.pidCtrlTask: OUTPUT_TASK=6.1824443536859295E-6/0.012331758731672453
TrcTaskMgr.printTaskPerformanceMetrics_INFO [20.858270256] ShooterfieldLengthTrigger.triggerTask: PRE_PERIODIC_TASK=1.8073029409194197E-5/0.0017478363725310262
TrcTaskMgr.printTaskPerformanceMetrics_INFO [20.862032309] ShooterfieldWidthTrigger.triggerTask: PRE_PERIODIC_TASK=7.0057976460991664E-6/0.0017478459000029134
TrcTaskMgr.printTaskPerformanceMetrics_INFO [20.865849357] Intake.IntakeMotor.pidCtrlTask: OUTPUT_TASK=6.968267789688617E-6/0.012331642210719754
TrcTaskMgr.printTaskPerformanceMetrics_INFO [20.868104604] Climber.Motor.pidCtrlTask: OUTPUT_TASK=7.273395569620254E-5/0.012331013981829318
TrcTaskMgr.printTaskPerformanceMetrics_INFO [20.874516435] TaskAutoShoot: POST_PERIODIC_TASK=0.0022860688095238096/0.16832607204761904
