Robot.robotStartMode_INFO [0.047648111] Thu Apr 09 21:38:42 UTC 2026: ***** TELEOP_MODE *****
Robot.robotStartMode_INFO [0.048902411] <BuildInfo Host="TRC492-DS2024" User="User" Timestamp="2026-04-09 14:11:30" Branch="dev" />
Shooter.stopTiltCallback_ERR [0.084212171] StopRightTilt was completed.
Shooter.stopTiltCallback_ERR [0.085600421] StopLeftTilt was completed.
FrcTeleOp.operatorControllerButtonEvent_INFO [0.288702691] ##### button=DpadDown, pressed=true
FrcTeleOp.operatorControllerButtonEvent_INFO [0.297022261] >>>>> Retract climber.
FrcTeleOp.operatorControllerButtonEvent_INFO [0.491915222] ##### button=DpadDown, pressed=false
FrcTeleOp.driverControllerButtonEvent_INFO [1.777166831] ##### button=B, pressed=true
FrcTeleOp.driverControllerButtonEvent_INFO [1.783954092] >>>>> Reset field forward heading (heading=-10.561925370359024)
FrcTeleOp.driverControllerButtonEvent_INFO [1.876582469] ##### button=B, pressed=false
FrcTeleOp.driverControllerButtonEvent_INFO [3.115072595] ##### button=A, pressed=true
FrcTeleOp.toggleIntake_INFO [3.117659892] >>>>> Toggle Intake.
FrcTeleOp.driverControllerButtonEvent_INFO [3.267087036] ##### button=A, pressed=false
FrcTeleOp.operatorControllerButtonEvent_INFO [6.300811814] ##### button=Y, pressed=true
FrcTeleOp.shoot_INFO [6.30221883] >>>>> Start Auto Shoot.
TaskAutoShoot.autoShoot_INFO [6.303425451] autoShoot(owner=null, event=null, taskParams=(autoStop=false, noPassback=false, noWait=false))
Shooter.enableGoalTracking_INFO [6.304382204] EnableGoalTracking: goalTrackingParams=(trackFlywheel=true,trackTiltPos=true,trackPanPos=true), noPassback=false
Shooter.setupGoalTrackingMode_INFO [6.305593016] AlliancHub: alliance=Blue, fieldLengthZone=0, fieldWidthZone=0.
Shooter.setupGoalTrackingMode_INFO [6.307108805] GoalTracking(trackingMode=AllianceHub, goalPose=(x=-158.838583,y=182.110000,angle=0.000000), noPassback=false).
Shooter.LeftShooter.enableGoalTracking_INFO [6.308257004] Enable GoalTracking (trackingParams=(trackFlywheel=true,trackTiltPos=true,trackPanPos=true)).
Shooter.LeftPrimaryMotor.cancel_INFO [6.30975726] Cancel: stopping motor.
Shooter.LeftTiltMotor.cancel_INFO [6.324996114] Cancel: stopping motor.
Shooter.RightShooter.enableGoalTracking_INFO [6.327231517] Enable GoalTracking (trackingParams=(trackFlywheel=true,trackTiltPos=true,trackPanPos=true)).
Shooter.RightPrimaryMotor.cancel_INFO [6.328730089] Cancel: stopping motor.
Shooter.RightTiltMotor.cancel_INFO [6.332484197] Cancel: stopping motor.
Shooter.enableGoalTracking_ERR [6.336689865] EnableGoalTrackingTimestamps=[6.305164216, 6.307977162, 6.326832739, 6.3363361]
Climber.Motor.isMotorStalled_INFO [6.377033168] Stall detection triggered.
Climber.Motor.checkStallReset_INFO [6.378163358] Resetting stall.
TaskAutoShoot.autoTask_INFO [6.44316199] <Event name="StateInfo" time="6.439080236" tag="vvvvv" TaskAutoShoot.state="START" />
TaskAutoShoot.runTaskState_INFO [6.44815618] ***** Wait for left Shooter ready.
TaskAutoShoot.runTaskState_INFO [6.458025725] ***** Wait for right Shooter ready.
TaskAutoShoot.runTaskState_INFO [6.460912138] ***** Wait for Turret ready.
TaskAutoShoot.autoTask_INFO [6.464057008] <Event name="StateInfo" time="6.463828051" tag="^^^^^" TaskAutoShoot.state="START" />
TaskAutoShoot.autoTask_INFO [6.659828757] <Event name="StateInfo" time="6.659603446" tag="vvvvv" TaskAutoShoot.state="SHOOT" />
TaskAutoShoot.autoTask_INFO [6.662232593] <Event name="StateInfo" time="6.66204609" tag="^^^^^" TaskAutoShoot.state="SHOOT" />
TaskAutoShoot.autoTask_INFO [6.761267967] <Event name="StateInfo" time="6.76096976" tag="vvvvv" TaskAutoShoot.state="SHOOT" />
TaskAutoShoot.autoTask_INFO [6.761767878] <Event name="StateInfo" time="6.761618076" tag="^^^^^" TaskAutoShoot.state="SHOOT" />
TaskAutoShoot.autoTask_INFO [6.861370586] <Event name="StateInfo" time="6.861084359" tag="vvvvv" TaskAutoShoot.state="SHOOT" />
TaskAutoShoot.autoTask_INFO [6.871819709] <Event name="StateInfo" time="6.871637969" tag="^^^^^" TaskAutoShoot.state="SHOOT" />
FrcTeleOp.operatorControllerButtonEvent_INFO [6.875757548] ##### button=Y, pressed=false
FrcTeleOp.shoot_INFO [6.88093582] >>>>> Stop Auto Shoot.
TaskAutoShoot.cancel_INFO [6.882059775] Canceling auto task operation.
TaskAutoShoot.stopSubsystems_INFO [6.883956627] Stopping subsystems.
Shooter.LeftTransferMotor.cancel_INFO [6.887336572] Cancel: stopping motor.
Shooter.RightTransferMotor.cancel_INFO [6.890036974] Cancel: stopping motor.
Shooter.FeederMotor.cancel_INFO [6.891644851] Cancel: stopping motor.
Shooter.LeftShooter.disableGoalTracking_INFO [6.89585678] Disable Goal Tracking.
Shooter.LeftShooter.stopGoalTracking_INFO [6.897953535] Stop GoalTracking.
Shooter.LeftTiltMotor.cancel_INFO [6.901194881] Cancel: stopping motor.
Shooter.LeftPrimaryMotor.cancel_INFO [6.902655747] Cancel: stopping motor.
Shooter.RightShooter.disableGoalTracking_INFO [6.911364613] Disable Goal Tracking.
Shooter.RightShooter.stopGoalTracking_INFO [6.912737492] Stop GoalTracking.
Shooter.RightTiltMotor.cancel_INFO [6.915113263] Cancel: stopping motor.
Shooter.RightPrimaryMotor.cancel_INFO [6.917533476] Cancel: stopping motor.
Shooter.LeftShooter.cancel_INFO [6.919796838] owner=null
Shooter.LeftPrimaryMotor.cancel_INFO [6.922859217] Cancel: stopping motor.
Shooter.LeftTiltMotor.cancel_INFO [6.926965604] Cancel: stopping motor.
Shooter.RightShooter.cancel_INFO [6.930725208] owner=null
Shooter.RightPrimaryMotor.cancel_INFO [6.932029825] Cancel: stopping motor.
Shooter.RightTiltMotor.cancel_INFO [6.934757914] Cancel: stopping motor.
Shooter.LeftTransferMotor.cancel_INFO [6.93755025] Cancel: stopping motor.
Shooter.RightTransferMotor.cancel_INFO [6.939697232] Cancel: stopping motor.
Shooter.FeederMotor.cancel_INFO [6.942140838] Cancel: stopping motor.
Shooter.stopTilt_ERR [6.944934367] StopTilt is called
Shooter.stopTilt_ERR [7.000866013] StopTilt is called
Shooter.stopTiltCallback_ERR [7.070220316] StopRightTilt was canceled.
Shooter.stopTiltCallback_ERR [7.079004229] StopLeftTilt was canceled.
Shooter.LeftTiltMotor.pidCtrlTask_INFO [7.121227529] controlMode: Position,onTarget=true(17.422987139135376/17.0), stalled=false, expired=false, event=(stopLeftTilt=SIGNALED)
Shooter.stopTiltCallback_ERR [7.132569257] StopLeftTilt was completed.
Shooter.RightTiltMotor.pidCtrlTask_INFO [7.15470893] controlMode: Position,onTarget=true(17.027712867851545/17.0), stalled=false, expired=false, event=(stopRightTilt=SIGNALED)
Shooter.stopTiltCallback_ERR [7.163854266] StopRightTilt was completed.
FrcTeleOp.periodic_INFO [10.018271986] >>>>> Shift[1]: Blue
FrcTeleOp.operatorControllerButtonEvent_INFO [12.122577598] ##### button=Y, pressed=true
FrcTeleOp.shoot_INFO [12.123789896] >>>>> Start Auto Shoot.
TaskAutoShoot.autoShoot_INFO [12.124666219] autoShoot(owner=null, event=null, taskParams=(autoStop=false, noPassback=false, noWait=false))
Shooter.enableGoalTracking_INFO [12.125128676] EnableGoalTracking: goalTrackingParams=(trackFlywheel=true,trackTiltPos=true,trackPanPos=true), noPassback=false
Shooter.setupGoalTrackingMode_INFO [12.126187436] AlliancHub: alliance=Blue, fieldLengthZone=0, fieldWidthZone=0.
Shooter.setupGoalTrackingMode_INFO [12.127078717] GoalTracking(trackingMode=AllianceHub, goalPose=(x=-158.838583,y=182.110000,angle=0.000000), noPassback=false).
Shooter.LeftShooter.enableGoalTracking_INFO [12.127517943] Enable GoalTracking (trackingParams=(trackFlywheel=true,trackTiltPos=true,trackPanPos=true)).
Shooter.LeftPrimaryMotor.cancel_INFO [12.128018285] Cancel: stopping motor.
Shooter.LeftTiltMotor.cancel_INFO [12.12873273] Cancel: stopping motor.
Shooter.RightShooter.enableGoalTracking_INFO [12.12940567] Enable GoalTracking (trackingParams=(trackFlywheel=true,trackTiltPos=true,trackPanPos=true)).
Shooter.RightPrimaryMotor.cancel_INFO [12.129831137] Cancel: stopping motor.
Shooter.RightTiltMotor.cancel_INFO [12.130303489] Cancel: stopping motor.
Shooter.enableGoalTracking_ERR [12.130843685] EnableGoalTrackingTimestamps=[12.125620122, 12.127271368, 12.129159199, 12.130595544]
TaskAutoShoot.autoTask_INFO [12.239645665] <Event name="StateInfo" time="12.238937301" tag="vvvvv" TaskAutoShoot.state="START" />
TaskAutoShoot.runTaskState_INFO [12.242571854] ***** Wait for left Shooter ready.
TaskAutoShoot.runTaskState_INFO [12.25250701] ***** Wait for right Shooter ready.
TaskAutoShoot.runTaskState_INFO [12.254966043] ***** Wait for Turret ready.
TaskAutoShoot.autoTask_INFO [12.258602728] <Event name="StateInfo" time="12.258365982" tag="^^^^^" TaskAutoShoot.state="START" />
TaskAutoShoot.autoTask_INFO [12.464595323] <Event name="StateInfo" time="12.464439473" tag="vvvvv" TaskAutoShoot.state="SHOOT" />
TaskAutoShoot.autoTask_INFO [12.46572824] <Event name="StateInfo" time="12.465546403" tag="^^^^^" TaskAutoShoot.state="SHOOT" />
TaskAutoShoot.autoTask_INFO [12.54482788] <Event name="StateInfo" time="12.544616807" tag="vvvvv" TaskAutoShoot.state="SHOOT" />
TaskAutoShoot.autoTask_INFO [12.553251677] <Event name="StateInfo" time="12.553052978" tag="^^^^^" TaskAutoShoot.state="SHOOT" />
FrcTeleOp.operatorControllerButtonEvent_INFO [12.564837071] ##### button=Y, pressed=false
FrcTeleOp.shoot_INFO [12.567139404] >>>>> Stop Auto Shoot.
TaskAutoShoot.cancel_INFO [12.567536588] Canceling auto task operation.
TaskAutoShoot.stopSubsystems_INFO [12.568290823] Stopping subsystems.
Shooter.LeftTransferMotor.cancel_INFO [12.568706064] Cancel: stopping motor.
Shooter.RightTransferMotor.cancel_INFO [12.569419977] Cancel: stopping motor.
Shooter.FeederMotor.cancel_INFO [12.57172451] Cancel: stopping motor.
Shooter.LeftShooter.disableGoalTracking_INFO [12.572329838] Disable Goal Tracking.
Shooter.LeftShooter.stopGoalTracking_INFO [12.572811089] Stop GoalTracking.
Shooter.LeftTiltMotor.cancel_INFO [12.573379483] Cancel: stopping motor.
Shooter.LeftPrimaryMotor.cancel_INFO [12.573970444] Cancel: stopping motor.
Shooter.RightShooter.disableGoalTracking_INFO [12.574699188] Disable Goal Tracking.
Shooter.RightShooter.stopGoalTracking_INFO [12.575159254] Stop GoalTracking.
Shooter.RightTiltMotor.cancel_INFO [12.575791114] Cancel: stopping motor.
Shooter.RightPrimaryMotor.cancel_INFO [12.576529319] Cancel: stopping motor.
Shooter.LeftShooter.cancel_INFO [12.578797688] owner=null
Shooter.LeftPrimaryMotor.cancel_INFO [12.57938504] Cancel: stopping motor.
Shooter.LeftTiltMotor.cancel_INFO [12.580930176] Cancel: stopping motor.
Shooter.RightShooter.cancel_INFO [12.582050995] owner=null
Shooter.RightPrimaryMotor.cancel_INFO [12.582613213] Cancel: stopping motor.
Shooter.RightTiltMotor.cancel_INFO [12.583245262] Cancel: stopping motor.
Shooter.LeftTransferMotor.cancel_INFO [12.583779752] Cancel: stopping motor.
Shooter.RightTransferMotor.cancel_INFO [12.584252466] Cancel: stopping motor.
Shooter.FeederMotor.cancel_INFO [12.584774972] Cancel: stopping motor.
Shooter.stopTilt_ERR [12.585380997] StopTilt is called
Climber.Motor.isMotorStalled_INFO [12.658887003] Stall detection triggered.
Shooter.stopTilt_ERR [12.659298829] StopTilt is called
Climber.Motor.checkStallReset_INFO [12.661027911] Resetting stall.
Shooter.stopTiltCallback_ERR [12.717353201] StopRightTilt was canceled.
Shooter.stopTiltCallback_ERR [12.718461269] StopLeftTilt was canceled.
Shooter.LeftTiltMotor.pidCtrlTask_INFO [12.717980739] controlMode: Position,onTarget=true(17.462514576159027/17.0), stalled=false, expired=false, event=(stopLeftTilt=SIGNALED)
Shooter.stopTiltCallback_ERR [12.731604378] StopLeftTilt was completed.
Shooter.RightTiltMotor.pidCtrlTask_INFO [12.760926058] controlMode: Position,onTarget=true(17.10676764294617/17.0), stalled=false, expired=false, event=(stopRightTilt=SIGNALED)
Shooter.stopTiltCallback_ERR [12.763812522] StopRightTilt was completed.
FrcTeleOp.operatorControllerButtonEvent_INFO [12.784905439] ##### button=Y, pressed=true
FrcTeleOp.shoot_INFO [12.78748684] >>>>> Start Auto Shoot.
TaskAutoShoot.autoShoot_INFO [12.788055785] autoShoot(owner=null, event=null, taskParams=(autoStop=false, noPassback=false, noWait=false))
Shooter.enableGoalTracking_INFO [12.788762128] EnableGoalTracking: goalTrackingParams=(trackFlywheel=true,trackTiltPos=true,trackPanPos=true), noPassback=false
Shooter.setupGoalTrackingMode_INFO [12.790362891] AlliancHub: alliance=Blue, fieldLengthZone=0, fieldWidthZone=0.
Shooter.setupGoalTrackingMode_INFO [12.792258998] GoalTracking(trackingMode=AllianceHub, goalPose=(x=-158.838583,y=182.110000,angle=0.000000), noPassback=false).
Shooter.LeftShooter.enableGoalTracking_INFO [12.797251044] Enable GoalTracking (trackingParams=(trackFlywheel=true,trackTiltPos=true,trackPanPos=true)).
Shooter.LeftPrimaryMotor.cancel_INFO [12.797857046] Cancel: stopping motor.
Shooter.LeftTiltMotor.cancel_INFO [12.798484367] Cancel: stopping motor.
Shooter.RightShooter.enableGoalTracking_INFO [12.799494446] Enable GoalTracking (trackingParams=(trackFlywheel=true,trackTiltPos=true,trackPanPos=true)).
Shooter.RightPrimaryMotor.cancel_INFO [12.799930533] Cancel: stopping motor.
Shooter.RightTiltMotor.cancel_INFO [12.803243581] Cancel: stopping motor.
Shooter.enableGoalTracking_ERR [12.814787076] EnableGoalTrackingTimestamps=[12.788923085, 12.796945646, 12.79905688, 12.81432376]
TaskAutoShoot.autoTask_INFO [12.934802299] <Event name="StateInfo" time="12.931477559" tag="vvvvv" TaskAutoShoot.state="START" />
TaskAutoShoot.runTaskState_INFO [12.937609402] ***** Wait for left Shooter ready.
TaskAutoShoot.runTaskState_INFO [12.939424056] ***** Wait for right Shooter ready.
TaskAutoShoot.runTaskState_INFO [12.939826616] ***** Wait for Turret ready.
TaskAutoShoot.autoTask_INFO [12.941035905] <Event name="StateInfo" time="12.940797647" tag="^^^^^" TaskAutoShoot.state="START" />
Shooter.TurretMotor.pidCtrlTask_INFO [12.995051594] controlMode: Position,onTarget=true(-86.69053649902344/-84.43957314274684), stalled=false, expired=false, event=(TaskAutoShoot.turretReady=SIGNALED)
TaskAutoShoot.autoTask_INFO [13.045130564] <Event name="StateInfo" time="13.044749564" tag="vvvvv" TaskAutoShoot.state="SHOOT" />
TaskAutoShoot.autoTask_INFO [13.046631806] <Event name="StateInfo" time="13.046467201" tag="^^^^^" TaskAutoShoot.state="SHOOT" />
TaskAutoShoot.autoTask_INFO [13.142036612] <Event name="StateInfo" time="13.141808915" tag="vvvvv" TaskAutoShoot.state="SHOOT" />
TaskAutoShoot.autoTask_INFO [13.142828852] <Event name="StateInfo" time="13.142356756" tag="^^^^^" TaskAutoShoot.state="SHOOT" />
TaskAutoShoot.autoTask_INFO [13.245138641] <Event name="StateInfo" time="13.244012194" tag="vvvvv" TaskAutoShoot.state="SHOOT" />
TaskAutoShoot.autoTask_INFO [13.246642548] <Event name="StateInfo" time="13.246457275" tag="^^^^^" TaskAutoShoot.state="SHOOT" />
TaskAutoShoot.autoTask_INFO [13.354261382] <Event name="StateInfo" time="13.354087758" tag="vvvvv" TaskAutoShoot.state="SHOOT" />
TaskAutoShoot.autoTask_INFO [13.357034115] <Event name="StateInfo" time="13.356802188" tag="^^^^^" TaskAutoShoot.state="SHOOT" />
Shooter.LeftShooter.goalTrackingTask_INFO [13.421715575] Shooter.LeftShooter is Ready: rpm1=4968.632813/4931.492214, rpm2=3039.726563/0.000000, tilt=24.577434/24.296393, pan=null/null
Shooter.RightShooter.goalTrackingTask_INFO [13.459369448] Shooter.RightShooter is Ready: rpm1=4901.808894/4931.492214, rpm2=3059.765625/0.000000, tilt=24.577434/24.296393, pan=null/null
TaskAutoShoot.autoTask_INFO [13.460944132] <Event name="StateInfo" time="13.460759403" tag="vvvvv" TaskAutoShoot.state="SHOOT" />
TaskAutoShoot.runTaskState_INFO [13.461718432] ***** Start left shooter shooting (timedout=false, turretReady=true).
Shooter.shoot_INFO [13.464638235] shoot(owner=null, event=(TaskAutoShoot.leftShooterDone=CLEARED), shooter=leftShooter, autoStop=false)
Shooter.LeftTransferMotor.cancel_INFO [13.466182919] Cancel: stopping motor.
TaskAutoShoot.runTaskState_INFO [13.468715837] ***** Start right shooter shooting (timedout=false, turretReady=true).
Shooter.shoot_INFO [13.46977586] shoot(owner=null, event=(TaskAutoShoot.rightShooterDone=CLEARED), shooter=rightShooter, autoStop=false)
Shooter.RightTransferMotor.cancel_INFO [13.482228085] Cancel: stopping motor.
TaskAutoShoot.autoTask_INFO [13.48985786] <Event name="StateInfo" time="13.489656442" tag="^^^^^" TaskAutoShoot.state="SHOOT" />
FrcTeleOp.operatorControllerButtonEvent_INFO [14.560804957] ##### button=Y, pressed=false
FrcTeleOp.shoot_INFO [14.564347945] >>>>> Stop Auto Shoot.
TaskAutoShoot.cancel_INFO [14.574717716] Canceling auto task operation.
TaskAutoShoot.stopSubsystems_INFO [14.576480296] Stopping subsystems.
Shooter.LeftTransferMotor.cancel_INFO [14.579212085] Cancel: stopping motor.
Shooter.RightTransferMotor.cancel_INFO [14.585317549] Cancel: stopping motor.
Shooter.FeederMotor.cancel_INFO [14.588138724] Cancel: stopping motor.
Shooter.LeftShooter.disableGoalTracking_INFO [14.589691127] Disable Goal Tracking.
Shooter.LeftShooter.stopGoalTracking_INFO [14.593381821] Stop GoalTracking.
Shooter.LeftTiltMotor.cancel_INFO [14.597307561] Cancel: stopping motor.
Shooter.LeftPrimaryMotor.cancel_INFO [14.605284684] Cancel: stopping motor.
Shooter.LeftPrimaryMotor.recordResponseCode_ERR [14.62281857] setMotorPowerWithVolt (StatusCode=TxFailed)
Shooter.RightShooter.disableGoalTracking_INFO [14.627947144] Disable Goal Tracking.
Shooter.RightShooter.stopGoalTracking_INFO [14.629747804] Stop GoalTracking.
Shooter.RightTiltMotor.cancel_INFO [14.633218261] Cancel: stopping motor.
Shooter.RightPrimaryMotor.cancel_INFO [14.642467947] Cancel: stopping motor.
Shooter.RightPrimaryMotor.recordResponseCode_ERR [14.658811698] setMotorPowerWithVolt (StatusCode=TxFailed)
Shooter.LeftShooter.cancel_INFO [14.660660981] owner=null
Shooter.LeftPrimaryMotor.cancel_INFO [14.665192052] Cancel: stopping motor.
Shooter.LeftPrimaryMotor.recordResponseCode_ERR [14.67008793] setMotorPowerWithVolt (StatusCode=TxFailed)
Shooter.LeftTiltMotor.cancel_INFO [14.675016542] Cancel: stopping motor.
Shooter.RightShooter.cancel_INFO [14.678276741] owner=null
Shooter.RightPrimaryMotor.cancel_INFO [14.680070861] Cancel: stopping motor.
Shooter.RightPrimaryMotor.recordResponseCode_ERR [14.684216379] setMotorPowerWithVolt (StatusCode=TxFailed)
Shooter.RightTiltMotor.cancel_INFO [14.687916166] Cancel: stopping motor.
Shooter.LeftTransferMotor.cancel_INFO [14.692040453] Cancel: stopping motor.
Shooter.RightTransferMotor.cancel_INFO [14.693970399] Cancel: stopping motor.
Shooter.FeederMotor.cancel_INFO [14.695561736] Cancel: stopping motor.
Shooter.stopTilt_ERR [14.713198824] StopTilt is called
Shooter.LeftTiltMotor.isMotorStalled_INFO [14.874517307] Stall detection triggered.
Shooter.LeftTiltMotor.checkStallReset_INFO [14.876961384] Resetting stall.
Shooter.RightTiltMotor.isMotorStalled_INFO [14.893531986] Stall detection triggered.
Shooter.stopTilt_ERR [14.894001581] StopTilt is called
Shooter.RightTiltMotor.checkStallReset_INFO [14.898098898] Resetting stall.
Shooter.TurretMotor.isMotorStalled_INFO [14.901695637] Stall detection triggered.
Climber.Motor.isMotorStalled_INFO [14.904011672] Stall detection triggered.
Climber.Motor.checkStallReset_INFO [14.905252273] Resetting stall.
Shooter.LeftTiltMotor.pidCtrlTask_INFO [14.958476809] controlMode: Position,onTarget=true(17.620624324253626/17.0), stalled=false, expired=false, event=(stopLeftTilt=SIGNALED)
Shooter.stopTiltCallback_ERR [14.960450864] StopLeftTilt was completed.
Shooter.stopTiltCallback_ERR [14.966875011] StopRightTilt was canceled.
Shooter.stopTiltCallback_ERR [14.969739626] StopLeftTilt was canceled.
Shooter.RightTiltMotor.pidCtrlTask_INFO [14.984045235] controlMode: Position,onTarget=true(17.857789144300877/17.0), stalled=false, expired=false, event=(stopRightTilt=SIGNALED)
Shooter.stopTiltCallback_ERR [14.990779854] StopRightTilt was completed.
FrcTeleOp.driverControllerButtonEvent_INFO [15.142488894] ##### button=RightBumper, pressed=true
FrcTeleOp.driverControllerButtonEvent_INFO [15.143564692] >>>>> Slow Drive
FrcTeleOp.driverControllerButtonEvent_INFO [16.782729397] ##### button=RightBumper, pressed=false
FrcTeleOp.driverControllerButtonEvent_INFO [16.788633561] >>>>> Normal Drive
FrcTeleOp.operatorControllerButtonEvent_INFO [26.250518489] ##### button=LeftBumper, pressed=true
FrcTeleOp.operatorControllerButtonEvent_INFO [26.253890291] >>>>> OperatorAltFunc=true
Shooter.TurretMotor.isMotorStalled_INFO [26.667773545] Stall detection triggered.
Shooter.TurretMotor.checkStallReset_WARN [26.669429044] Stall detected, removing power to protect motor.
Shooter.TurretMotor.isMotorStalled_INFO [26.966699576] Stall detection triggered.
Shooter.TurretMotor.checkStallReset_WARN [26.968201] Stall detected, removing power to protect motor.
Shooter.TurretMotor.isMotorStalled_INFO [27.171630262] Stall detection triggered.
Shooter.TurretMotor.checkStallReset_WARN [27.179053956] Stall detected, removing power to protect motor.
Shooter.TurretMotor.isMotorStalled_INFO [27.33489084] Stall detection triggered.
Shooter.TurretMotor.checkStallReset_WARN [27.33560415] Stall detected, removing power to protect motor.
Shooter.TurretMotor.isMotorStalled_INFO [27.478474692] Stall detection triggered.
Shooter.TurretMotor.checkStallReset_WARN [27.478906551] Stall detected, removing power to protect motor.
Shooter.TurretMotor.isMotorStalled_INFO [27.632611575] Stall detection triggered.
Shooter.TurretMotor.checkStallReset_WARN [27.633654354] Stall detected, removing power to protect motor.
FrcTeleOp.operatorControllerButtonEvent_INFO [27.840901177] ##### button=LeftBumper, pressed=false
FrcTeleOp.operatorControllerButtonEvent_INFO [27.841538545] >>>>> OperatorAltFunc=false
Shooter.TurretMotor.recordResponseCode_ERR [29.534350433] setPosition (ErrCode=kCANDisconnected)
Shooter.TurretMotor.recordResponseCode_ERR [29.587524329] setPosition (ErrCode=kCANDisconnected)
Shooter.TurretMotor.recordResponseCode_ERR [29.840223469] setPosition (ErrCode=kCANDisconnected)
Shooter.TurretMotor.recordResponseCode_ERR [29.888070085] setPosition (ErrCode=kCANDisconnected)
Shooter.TurretMotor.recordResponseCode_ERR [29.950426978] setPosition (ErrCode=kCANDisconnected)
Shooter.TurretMotor.recordResponseCode_ERR [30.100473204] setPosition (ErrCode=kCANDisconnected)
Shooter.TurretMotor.recordResponseCode_ERR [30.145521805] setPosition (ErrCode=kCANDisconnected)
Shooter.TurretMotor.recordResponseCode_ERR [30.295729525] setPosition (ErrCode=kCANDisconnected)
Shooter.TurretMotor.recordResponseCode_ERR [30.355299271] setPosition (ErrCode=kCANDisconnected)
Shooter.TurretMotor.recordResponseCode_ERR [30.509861685] setPosition (ErrCode=kCANDisconnected)
Shooter.TurretMotor.recordResponseCode_ERR [30.559257012] setPosition (ErrCode=kCANDisconnected)
Shooter.TurretMotor.recordResponseCode_ERR [30.658839498] setPosition (ErrCode=kCANDisconnected)
Shooter.TurretMotor.recordResponseCode_ERR [30.718206511] setPosition (ErrCode=kCANDisconnected)
Shooter.TurretMotor.recordResponseCode_ERR [30.819501782] setPosition (ErrCode=kCANDisconnected)
Shooter.TurretMotor.recordResponseCode_ERR [30.863964135] setPosition (ErrCode=kCANDisconnected)
Shooter.TurretMotor.recordResponseCode_ERR [30.889930905] setPosition (ErrCode=kCANDisconnected)
Shooter.TurretMotor.recordResponseCode_ERR [30.899528623] setPosition (ErrCode=kCANDisconnected)
Shooter.TurretMotor.recordResponseCode_ERR [30.912168401] setPosition (ErrCode=kCANDisconnected)
Shooter.TurretMotor.recordResponseCode_ERR [30.920235456] setPosition (ErrCode=kCANDisconnected)
Shooter.TurretMotor.recordResponseCode_ERR [30.934854002] setPosition (ErrCode=kCANDisconnected)
Shooter.TurretMotor.recordResponseCode_ERR [30.945295045] setPosition (ErrCode=kCANDisconnected)
Shooter.TurretMotor.recordResponseCode_ERR [30.955776229] setPosition (ErrCode=kCANDisconnected)
Shooter.TurretMotor.recordResponseCode_ERR [30.966668668] setPosition (ErrCode=kCANDisconnected)
Shooter.TurretMotor.recordResponseCode_ERR [30.979517322] setPosition (ErrCode=kCANDisconnected)
Shooter.TurretMotor.recordResponseCode_ERR [30.987861744] setPosition (ErrCode=kCANDisconnected)
Shooter.TurretMotor.recordResponseCode_ERR [31.001888272] setPosition (ErrCode=kCANDisconnected)
Shooter.TurretMotor.recordResponseCode_ERR [31.009871196] setPosition (ErrCode=kCANDisconnected)
FrcTeleOp.operatorControllerButtonEvent_INFO [31.01545568] ##### button=LeftBumper, pressed=true
FrcTeleOp.operatorControllerButtonEvent_INFO [31.017818097] >>>>> OperatorAltFunc=true
Shooter.TurretMotor.recordResponseCode_ERR [31.023381846] setPosition (ErrCode=kCANDisconnected)
Shooter.TurretMotor.recordResponseCode_ERR [31.034407428] setPosition (ErrCode=kCANDisconnected)
Shooter.TurretMotor.recordResponseCode_ERR [31.062710181] setPosition (ErrCode=kCANDisconnected)
Shooter.TurretMotor.recordResponseCode_ERR [31.071554063] setPosition (ErrCode=kCANDisconnected)
Shooter.TurretMotor.recordResponseCode_ERR [31.087623856] setPosition (ErrCode=kCANDisconnected)
Shooter.TurretMotor.recordResponseCode_ERR [31.111715068] setPosition (ErrCode=kCANDisconnected)
Shooter.TurretMotor.recordResponseCode_ERR [31.128128602] setPosition (ErrCode=kCANDisconnected)
Shooter.TurretMotor.isMotorStalled_INFO [31.231411138] Stall detection triggered.
Shooter.TurretMotor.isMotorStalled_INFO [31.394019428] Stall detection triggered.
Shooter.TurretMotor.checkStallReset_WARN [31.399758703] Stall detected, removing power to protect motor.
Shooter.TurretMotor.isMotorStalled_INFO [31.549965812] Stall detection triggered.
Shooter.TurretMotor.checkStallReset_WARN [31.560984586] Stall detected, removing power to protect motor.
Shooter.TurretMotor.isMotorStalled_INFO [31.800210652] Stall detection triggered.
Shooter.TurretMotor.checkStallReset_WARN [31.811146993] Stall detected, removing power to protect motor.
Shooter.TurretMotor.isMotorStalled_INFO [31.953791476] Stall detection triggered.
Shooter.TurretMotor.checkStallReset_WARN [31.956693311] Stall detected, removing power to protect motor.
Shooter.TurretMotor.isMotorStalled_INFO [32.214556977] Stall detection triggered.
Shooter.TurretMotor.checkStallReset_WARN [32.228725052] Stall detected, removing power to protect motor.
Shooter.TurretMotor.isMotorStalled_INFO [32.35839156] Stall detection triggered.
Shooter.TurretMotor.checkStallReset_WARN [32.367084104] Stall detected, removing power to protect motor.
Shooter.TurretMotor.isMotorStalled_INFO [32.481481366] Stall detection triggered.
Shooter.TurretMotor.checkStallReset_WARN [32.489257989] Stall detected, removing power to protect motor.
Shooter.TurretMotor.isMotorStalled_INFO [32.725054223] Stall detection triggered.
Shooter.TurretMotor.checkStallReset_WARN [32.729804136] Stall detected, removing power to protect motor.
Shooter.TurretMotor.isMotorStalled_INFO [32.837969443] Stall detection triggered.
Shooter.TurretMotor.checkStallReset_WARN [32.839256658] Stall detected, removing power to protect motor.
Shooter.TurretMotor.isMotorStalled_INFO [33.131560742] Stall detection triggered.
Shooter.TurretMotor.checkStallReset_WARN [33.133614999] Stall detected, removing power to protect motor.
Shooter.TurretMotor.isMotorStalled_INFO [33.345785475] Stall detection triggered.
Shooter.TurretMotor.checkStallReset_WARN [33.34927799] Stall detected, removing power to protect motor.
FrcTeleOp.operatorControllerButtonEvent_INFO [33.397315087] ##### button=LeftBumper, pressed=false
FrcTeleOp.operatorControllerButtonEvent_INFO [33.405369879] >>>>> OperatorAltFunc=false
Shooter.TurretMotor.isMotorStalled_INFO [33.452159272] Stall detection triggered.
Shooter.TurretMotor.checkStallReset_WARN [33.452821547] Stall detected, removing power to protect motor.
FrcTeleOp.periodic_INFO [35.028955068] >>>>> Shift[2]: Red
FrcTeleOp.driverControllerButtonEvent_INFO [49.126213398] ##### button=A, pressed=true
FrcTeleOp.toggleIntake_INFO [49.127721267] >>>>> Toggle Intake.
FrcTeleOp.driverControllerButtonEvent_INFO [49.184116517] ##### button=A, pressed=false
FrcTeleOp.driverControllerButtonEvent_INFO [50.403217822] ##### button=A, pressed=true
FrcTeleOp.toggleIntake_INFO [50.404476692] >>>>> Toggle Intake.
FrcTeleOp.driverControllerButtonEvent_INFO [50.555297229] ##### button=A, pressed=false
FrcTeleOp.driverControllerButtonEvent_INFO [53.112961391] ##### button=A, pressed=true
FrcTeleOp.toggleIntake_INFO [53.113595418] >>>>> Toggle Intake.
FrcTeleOp.driverControllerButtonEvent_INFO [53.217293489] ##### button=A, pressed=false
Shooter.TurretMotor.recordResponseCode_ERR [54.090851417] setPosition (ErrCode=kCANDisconnected)
Shooter.TurretMotor.recordResponseCode_ERR [54.149153478] setPosition (ErrCode=kCANDisconnected)
Shooter.TurretMotor.recordResponseCode_ERR [54.200936587] setPosition (ErrCode=kCANDisconnected)
Shooter.TurretMotor.recordResponseCode_ERR [54.260139428] setPosition (ErrCode=kCANDisconnected)
Shooter.TurretMotor.recordResponseCode_ERR [54.305696714] setPosition (ErrCode=kCANDisconnected)
Shooter.TurretMotor.recordResponseCode_ERR [54.465819889] setPosition (ErrCode=kCANDisconnected)
Shooter.TurretMotor.recordResponseCode_ERR [54.512455393] setPosition (ErrCode=kCANDisconnected)
Shooter.TurretMotor.recordResponseCode_ERR [54.611835128] setPosition (ErrCode=kCANDisconnected)
Shooter.TurretMotor.recordResponseCode_ERR [54.698055621] setPosition (ErrCode=kCANDisconnected)
Shooter.TurretMotor.recordResponseCode_ERR [54.799429825] setPosition (ErrCode=kCANDisconnected)
Shooter.TurretMotor.recordResponseCode_ERR [54.911595546] setPosition (ErrCode=kCANDisconnected)
Shooter.TurretMotor.recordResponseCode_ERR [54.945566432] setPosition (ErrCode=kCANDisconnected)
Shooter.TurretMotor.recordResponseCode_ERR [55.043935899] setPosition (ErrCode=kCANDisconnected)
Shooter.TurretMotor.recordResponseCode_ERR [55.145774316] setPosition (ErrCode=kCANDisconnected)
Shooter.TurretMotor.recordResponseCode_ERR [55.201651507] setPosition (ErrCode=kCANDisconnected)
Shooter.TurretMotor.recordResponseCode_ERR [55.246777459] setPosition (ErrCode=kCANDisconnected)
Shooter.TurretMotor.recordResponseCode_ERR [55.295520251] setPosition (ErrCode=kCANDisconnected)
Shooter.TurretMotor.recordResponseCode_ERR [55.351343091] setPosition (ErrCode=kCANDisconnected)
Shooter.TurretMotor.recordResponseCode_ERR [55.404648276] setPosition (ErrCode=kCANDisconnected)
Shooter.TurretMotor.recordResponseCode_ERR [55.454951257] setPosition (ErrCode=kCANDisconnected)
Shooter.TurretMotor.recordResponseCode_ERR [55.514272688] setPosition (ErrCode=kCANDisconnected)
Shooter.TurretMotor.recordResponseCode_ERR [55.559425132] setPosition (ErrCode=kCANDisconnected)
Shooter.TurretMotor.recordResponseCode_ERR [55.609146951] setPosition (ErrCode=kCANDisconnected)
Shooter.TurretMotor.recordResponseCode_ERR [55.658217366] setPosition (ErrCode=kCANDisconnected)
Shooter.TurretMotor.recordResponseCode_ERR [55.710556532] setPosition (ErrCode=kCANDisconnected)
Shooter.TurretMotor.recordResponseCode_ERR [55.77038794] setPosition (ErrCode=kCANDisconnected)
Shooter.TurretMotor.recordResponseCode_ERR [55.813314816] setPosition (ErrCode=kCANDisconnected)
Shooter.TurretMotor.recordResponseCode_ERR [55.928336669] setPosition (ErrCode=kCANDisconnected)
Shooter.TurretMotor.recordResponseCode_ERR [55.96867221] setPosition (ErrCode=kCANDisconnected)
Shooter.TurretMotor.recordResponseCode_ERR [56.026992751] setPosition (ErrCode=kCANDisconnected)
Shooter.TurretMotor.recordResponseCode_ERR [56.081466699] setPosition (ErrCode=kCANDisconnected)
Shooter.LeftTiltMotor.recordResponseCode_ERR [56.122302579] setPosition (ErrCode=kCANDisconnected)
Shooter.RightTiltMotor.recordResponseCode_ERR [56.133142057] setPosition (ErrCode=kCANDisconnected)
Shooter.TurretMotor.recordResponseCode_ERR [56.139232618] setPosition (ErrCode=kCANDisconnected)
Shooter.TurretMotor.recordResponseCode_ERR [56.188973507] setPosition (ErrCode=kCANDisconnected)
Shooter.TurretMotor.recordResponseCode_ERR [56.22947814] setPosition (ErrCode=kCANDisconnected)
Shooter.TurretMotor.recordResponseCode_ERR [56.275583403] setPosition (ErrCode=kCANDisconnected)
Shooter.LeftTiltMotor.recordResponseCode_ERR [56.282333027] setPosition (ErrCode=kCANDisconnected)
Shooter.RightTiltMotor.recordResponseCode_ERR [56.286603788] setPosition (ErrCode=kCANDisconnected)
Shooter.TurretMotor.recordResponseCode_ERR [56.336193708] setPosition (ErrCode=kCANDisconnected)
Shooter.TurretMotor.recordResponseCode_ERR [56.38426275] setPosition (ErrCode=kCANDisconnected)
Shooter.LeftTiltMotor.recordResponseCode_ERR [57.252308593] setPosition (ErrCode=kCANDisconnected)
Shooter.RightTiltMotor.recordResponseCode_ERR [57.260434594] setPosition (ErrCode=kCANDisconnected)
Shooter.LeftTiltMotor.recordResponseCode_ERR [57.318011745] setPosition (ErrCode=kCANDisconnected)
Shooter.RightTiltMotor.recordResponseCode_ERR [57.321653791] setPosition (ErrCode=kCANDisconnected)
Shooter.LeftTiltMotor.recordResponseCode_ERR [57.363586732] setPosition (ErrCode=kCANDisconnected)
Shooter.RightTiltMotor.recordResponseCode_ERR [57.369588814] setPosition (ErrCode=kCANDisconnected)
Shooter.LeftTiltMotor.recordResponseCode_ERR [57.424950531] setPosition (ErrCode=kCANDisconnected)
Shooter.RightTiltMotor.recordResponseCode_ERR [57.432812846] setPosition (ErrCode=kCANDisconnected)
Shooter.LeftTiltMotor.recordResponseCode_ERR [57.476417381] setPosition (ErrCode=kCANDisconnected)
Shooter.RightTiltMotor.recordResponseCode_ERR [57.479938245] setPosition (ErrCode=kCANDisconnected)
Shooter.LeftTiltMotor.recordResponseCode_ERR [57.534423007] setPosition (ErrCode=kCANDisconnected)
Shooter.RightTiltMotor.recordResponseCode_ERR [57.544040308] setPosition (ErrCode=kCANDisconnected)
FrcTeleOp.periodic_INFO [60.018669788] >>>>> Shift[3]: Blue
Shooter.LeftTiltMotor.recordResponseCode_ERR [61.867534144] setPosition (ErrCode=kCANDisconnected)
Shooter.RightTiltMotor.recordResponseCode_ERR [61.874849436] setPosition (ErrCode=kCANDisconnected)
Shooter.LeftTiltMotor.recordResponseCode_ERR [61.909557621] setPosition (ErrCode=kCANDisconnected)
Shooter.RightTiltMotor.recordResponseCode_ERR [61.917278891] setPosition (ErrCode=kCANDisconnected)
Shooter.LeftTiltMotor.recordResponseCode_ERR [66.20483628] setPosition (ErrCode=kCANDisconnected)
Shooter.RightTiltMotor.recordResponseCode_ERR [66.224986] setPosition (ErrCode=kCANDisconnected)
Shooter.LeftTiltMotor.recordResponseCode_ERR [66.262659901] setPosition (ErrCode=kCANDisconnected)
Shooter.RightTiltMotor.recordResponseCode_ERR [66.268285622] setPosition (ErrCode=kCANDisconnected)
Shooter.LeftTiltMotor.recordResponseCode_ERR [66.310436954] setPosition (ErrCode=kCANDisconnected)
Shooter.RightTiltMotor.recordResponseCode_ERR [66.317485957] setPosition (ErrCode=kCANDisconnected)
Shooter.LeftTiltMotor.recordResponseCode_ERR [66.368045953] setPosition (ErrCode=kCANDisconnected)
Shooter.RightTiltMotor.recordResponseCode_ERR [66.375736443] setPosition (ErrCode=kCANDisconnected)
Shooter.LeftTiltMotor.recordResponseCode_ERR [66.414265324] setPosition (ErrCode=kCANDisconnected)
Shooter.RightTiltMotor.recordResponseCode_ERR [66.421562951] setPosition (ErrCode=kCANDisconnected)
Shooter.LeftTiltMotor.recordResponseCode_ERR [66.463516041] setPosition (ErrCode=kCANDisconnected)
Shooter.RightTiltMotor.recordResponseCode_ERR [66.467834352] setPosition (ErrCode=kCANDisconnected)
Shooter.LeftTiltMotor.recordResponseCode_ERR [67.175817904] setPosition (ErrCode=kCANDisconnected)
Shooter.RightTiltMotor.recordResponseCode_ERR [67.179571248] setPosition (ErrCode=kCANDisconnected)
Shooter.LeftTiltMotor.recordResponseCode_ERR [67.223981158] setPosition (ErrCode=kCANDisconnected)
Shooter.RightTiltMotor.recordResponseCode_ERR [67.22805267] setPosition (ErrCode=kCANDisconnected)
FrcTeleOp.periodic_INFO [85.012499778] >>>>> Shift[4]: Red
FrcTeleOp.periodic_INFO [110.040407441] >>>>> Shift[5]: Blue
FrcTeleOp.operatorControllerButtonEvent_INFO [118.902371729] ##### button=DpadUp, pressed=true
FrcTeleOp.operatorControllerButtonEvent_INFO [118.904081424] >>>>> Extend climber.
Climber.Motor.recordResponseCode_ERR [118.908798853] setPosition (ErrCode=kCANDisconnected)
FrcTeleOp.operatorControllerButtonEvent_INFO [119.219000497] ##### button=DpadUp, pressed=false
FrcTeleOp.operatorControllerButtonEvent_INFO [120.557346942] ##### button=DpadUp, pressed=true
FrcTeleOp.operatorControllerButtonEvent_INFO [120.558338869] >>>>> Extend climber.
Climber.Motor.recordResponseCode_ERR [120.560730654] setPosition (ErrCode=kCANDisconnected)
FrcTeleOp.operatorControllerButtonEvent_INFO [120.65821777] ##### button=DpadUp, pressed=false
FrcTeleOp.operatorControllerButtonEvent_INFO [120.811238952] ##### button=DpadUp, pressed=true
FrcTeleOp.operatorControllerButtonEvent_INFO [120.812373061] >>>>> Extend climber.
Climber.Motor.recordResponseCode_ERR [120.818851415] setPosition (ErrCode=kCANDisconnected)
FrcTeleOp.operatorControllerButtonEvent_INFO [120.864358285] ##### button=DpadUp, pressed=false
FrcTeleOp.operatorControllerButtonEvent_INFO [120.96817061] ##### button=DpadUp, pressed=true
FrcTeleOp.operatorControllerButtonEvent_INFO [120.969809641] >>>>> Extend climber.
Climber.Motor.recordResponseCode_ERR [120.974599303] setPosition (ErrCode=kCANDisconnected)
FrcTeleOp.operatorControllerButtonEvent_INFO [121.071007102] ##### button=DpadUp, pressed=false
FrcTeleOp.operatorControllerButtonEvent_INFO [121.121785719] ##### button=DpadUp, pressed=true
FrcTeleOp.operatorControllerButtonEvent_INFO [121.12323896] >>>>> Extend climber.
Climber.Motor.recordResponseCode_ERR [121.127290133] setPosition (ErrCode=kCANDisconnected)
FrcTeleOp.operatorControllerButtonEvent_INFO [121.276162401] ##### button=DpadUp, pressed=false
FrcRobot.startCompetition_INFO [140.260328465] *** Transitioning from TELEOP_MODE to DISABLED_MODE ***
Robot.cancelAll_INFO [140.266305552] Cancel all operations.
Shooter.LeftShooter.cancel_INFO [140.269915719] owner=null
Shooter.LeftPrimaryMotor.cancel_INFO [140.270870735] Cancel: stopping motor.
Shooter.LeftPrimaryMotor.recordResponseCode_ERR [140.273812283] setMotorPowerWithVolt (StatusCode=TxFailed)
Shooter.LeftTiltMotor.cancel_INFO [140.289351421] Cancel: stopping motor.
Shooter.RightShooter.cancel_INFO [140.291001014] owner=null
Shooter.RightPrimaryMotor.cancel_INFO [140.294176729] Cancel: stopping motor.
Shooter.RightPrimaryMotor.recordResponseCode_ERR [140.297664795] setMotorPowerWithVolt (StatusCode=TxFailed)
Shooter.RightTiltMotor.cancel_INFO [140.300423872] Cancel: stopping motor.
Shooter.LeftTransferMotor.cancel_INFO [140.302537692] Cancel: stopping motor.
Shooter.RightTransferMotor.cancel_INFO [140.304842096] Cancel: stopping motor.
Shooter.FeederMotor.cancel_INFO [140.306474779] Cancel: stopping motor.
Shooter.stopTilt_ERR [140.308533167] StopTilt is called
Shooter.LeftTiltMotor.recordResponseCode_ERR [140.322620632] setPosition (ErrCode=kCANDisconnected)
Shooter.RightTiltMotor.recordResponseCode_ERR [140.3363837] setPosition (ErrCode=kCANDisconnected)
Intake.IntakeMotor.cancel_INFO [140.341312677] Cancel: stopping motor.
Climber.Motor.cancel_INFO [140.342290624] Cancel: stopping motor.
TaskAutoShoot.cancel_INFO [140.343721407] Canceling auto task operation.
TaskAutoClimb.cancel_INFO [140.344531947] Canceling auto task operation.
FrcRobot.printPerformanceMetrics_INFO [140.348076244] [FrcRobot] Loop Performance Metrics:
Average Loop Interval = 0.001749s (freq=571.762Hz, min=0.000794s, max=0.431241s)
[03]                StartTask=0.000000s
[04]          PrePeriodicTask=0.000167s
[07]               UpdateTask=0.001053s
[02]                StartMode=0.000000s
[06]         PostPeriodicTask=0.000168s
[08]                 StopTask=0.000000s
[09]                 StopMode=0.000000s
[00]                RobotInit=18.100240s
[01]           RobotStartMode=0.000002s
[05]                 Periodic=0.000304s
[10]            RobotStopMode=0.000002s

TrcTaskMgr.printTaskPerformanceMetrics_INFO [140.348987939] FrcDashboard.task: STANDALONE_TASK=3.735862510180707E-4/0.010517909311847798
TrcTaskMgr.printTaskPerformanceMetrics_INFO [140.349355539] TrcWatchdogMgr: STANDALONE_TASK=1.3042569696969698E-4/0.9973649857666667
TrcTaskMgr.printTaskPerformanceMetrics_INFO [140.349682668] DriverController.buttonEventTask: PRE_PERIODIC_TASK=6.968558850761364E-6/0.0019967077604233436
TrcTaskMgr.printTaskPerformanceMetrics_INFO [140.350251629] OperatorController.buttonEventTask: PRE_PERIODIC_TASK=1.6465075609304447E-5/0.001996704920430751
TrcTaskMgr.printTaskPerformanceMetrics_INFO [140.350701535] flDriveMotor.pidCtrlTask: OUTPUT_TASK=6.7818043715847E-5/0.011579315073630378
TrcTaskMgr.printTaskPerformanceMetrics_INFO [140.351461227] flDriveMotor.odometryCleanupTask: STOP_TASK=2.2222775E-4/41.3005326825
TrcTaskMgr.printTaskPerformanceMetrics_INFO [140.352191058] frDriveMotor.pidCtrlTask: OUTPUT_TASK=4.1560713615187926E-5/0.011580111602858243
TrcTaskMgr.printTaskPerformanceMetrics_INFO [140.352713718] blDriveMotor.pidCtrlTask: OUTPUT_TASK=3.759773189954114E-5/0.011580111068338646
TrcTaskMgr.printTaskPerformanceMetrics_INFO [140.355112137] brDriveMotor.pidCtrlTask: OUTPUT_TASK=3.6980548215349054E-5/0.011580110831903044
TrcTaskMgr.printTaskPerformanceMetrics_INFO [140.355612671] flSteerMotor.pidCtrlTask: OUTPUT_TASK=4.510380734876879E-5/0.011580110199516621
TrcTaskMgr.printTaskPerformanceMetrics_INFO [140.356542503] frSteerMotor.pidCtrlTask: OUTPUT_TASK=4.295405313671232E-5/0.01158011154775999
TrcTaskMgr.printTaskPerformanceMetrics_INFO [140.356996859] blSteerMotor.pidCtrlTask: OUTPUT_TASK=4.2189476549091033E-5/0.011580112465760623
TrcTaskMgr.printTaskPerformanceMetrics_INFO [140.358387893] brSteerMotor.pidCtrlTask: OUTPUT_TASK=4.018723321307227E-5/0.011580113222039301
TrcTaskMgr.printTaskPerformanceMetrics_INFO [140.358709772] FrcSwerveDrive.odometryTask: INPUT_TASK=0.0016875389864120178/0.012469787298558164
TrcTaskMgr.printTaskPerformanceMetrics_INFO [140.35939404] FrcSwerveDrive.stopTask: STOP_TASK=0.002409573/41.30077774325
TrcTaskMgr.printTaskPerformanceMetrics_INFO [140.359999467] purePursuitDrive.driveTask: POST_PERIODIC_TASK=0.008909523261964735/0.05107319371788413
TrcTaskMgr.printTaskPerformanceMetrics_INFO [140.360647003] LED: OUTPUT_TASK=4.948236833625219E-5/0.011580027688791593
TrcTaskMgr.printTaskPerformanceMetrics_INFO [140.361316594] LED.ledTask: OUTPUT_TASK=2.6185558413634874E-4/0.01244374731340544
TrcTaskMgr.printTaskPerformanceMetrics_INFO [140.361745013] Shooter.LeftPrimaryMotor.pidCtrlTask: OUTPUT_TASK=1.0663652329246936E-5/0.011580002624973731
TrcTaskMgr.printTaskPerformanceMetrics_INFO [140.362023339] Shooter.LeftFollowerMotor.pidCtrlTask: OUTPUT_TASK=5.042137968476357E-6/0.011580002169316988
TrcTaskMgr.printTaskPerformanceMetrics_INFO [140.363325874] Shooter.LeftTiltMotor.pidCtrlTask: OUTPUT_TASK=2.0099015908931698E-4/0.01158000189117338
TrcTaskMgr.printTaskPerformanceMetrics_INFO [140.364883957] Shooter.LeftShooter.ShooterMotor1VelTrigger.triggerTask: PRE_PERIODIC_TASK=3.242577368421053E-4/0.093702591
TrcTaskMgr.printTaskPerformanceMetrics_INFO [140.365423054] Shooter.LeftShooter.goalTracking: POST_PERIODIC_TASK=0.038438058188854485/0.1200067356130031
TrcTaskMgr.printTaskPerformanceMetrics_INFO [140.36652819] Shooter.LeftTransferMotor.pidCtrlTask: OUTPUT_TASK=6.9531583187390544E-6/0.011579739718528896
TrcTaskMgr.printTaskPerformanceMetrics_INFO [140.367678383] Shooter.RightPrimaryMotor.pidCtrlTask: OUTPUT_TASK=7.477927600700525E-6/0.011579739517232925
TrcTaskMgr.printTaskPerformanceMetrics_INFO [140.3686128] Shooter.RightFollowerMotor.pidCtrlTask: OUTPUT_TASK=5.322651558669002E-6/0.011579739313660246
TrcTaskMgr.printTaskPerformanceMetrics_INFO [140.369359174] Shooter.RightTiltMotor.pidCtrlTask: OUTPUT_TASK=1.4818456777583187E-4/0.011579738711033275
TrcTaskMgr.printTaskPerformanceMetrics_INFO [140.369840081] Shooter.RightShooter.ShooterMotor1VelTrigger.triggerTask: PRE_PERIODIC_TASK=2.187352105263158E-4/0.09366365963157895
TrcTaskMgr.printTaskPerformanceMetrics_INFO [140.37013407] Shooter.RightShooter.goalTracking: POST_PERIODIC_TASK=0.0046602028916408675/0.1200362959752322
TrcTaskMgr.printTaskPerformanceMetrics_INFO [140.3717117] Shooter.RightTransferMotor.pidCtrlTask: OUTPUT_TASK=6.733769527145359E-6/0.011579745571383538
TrcTaskMgr.printTaskPerformanceMetrics_INFO [140.372195979] Shooter.TurretMotor.pidCtrlTask: OUTPUT_TASK=4.0450515201401053E-4/0.011579743757583187
TrcTaskMgr.printTaskPerformanceMetrics_INFO [140.372742692] Shooter.FeederMotor.pidCtrlTask: OUTPUT_TASK=6.718667530647986E-6/0.011579723679369528
TrcTaskMgr.printTaskPerformanceMetrics_INFO [140.373258249] ShooterfieldLengthTrigger.triggerTask: PRE_PERIODIC_TASK=5.656793953633588E-5/0.0017474368296582052
TrcTaskMgr.printTaskPerformanceMetrics_INFO [140.375751824] ShooterfieldWidthTrigger.triggerTask: PRE_PERIODIC_TASK=7.470898657480169E-6/0.00174743649082144
TrcTaskMgr.printTaskPerformanceMetrics_INFO [140.376431384] Intake.IntakeMotor.pidCtrlTask: OUTPUT_TASK=6.518325382648593E-6/0.011579644943889881
TrcTaskMgr.printTaskPerformanceMetrics_INFO [140.376776042] Climber.Motor.pidCtrlTask: OUTPUT_TASK=8.63687948583237E-5/0.011579644664880389
TrcTaskMgr.printTaskPerformanceMetrics_INFO [140.391164065] TaskAutoShoot: POST_PERIODIC_TASK=0.006036285696428572/0.5287673106428571
TrcTaskMgr.printTaskPerformanceMetrics_INFO [140.391477877] TaskAutoClimb: POST_PERIODIC_TASK=7.0354816E-4/0.04826338513
