Shooter.RightTiltMotor.isMotorStalled_INFO [0.004277848] Stall detection triggered.
Shooter.RightTiltMotor.checkStallReset_INFO [0.007991391] Resetting stall.
Shooter.TurretMotor.isMotorStalled_INFO [0.014455856] Stall detection triggered.
Climber.Motor.isMotorStalled_INFO [0.017379146] Stall detection triggered.
Robot.robotStartMode_INFO [0.01663305] Thu Apr 09 21:23:58 UTC 2026: ***** AUTO_MODE *****
Climber.Motor.checkStallReset_INFO [0.021432963] Resetting stall.
Robot.robotStartMode_INFO [0.024700524] <BuildInfo Host="TRC492-DS2024" User="User" Timestamp="2026-04-09 14:11:30" Branch="dev" />
FrcAuto.startMode_INFO [0.027919558] <Info name="MatchInfo" date="Thu Apr 09 21:23:58 UTC 2026" event="PNCMP" type="Qualification" match=7 replay=1 alliance="Blue" location=3 gameMsg="" />
FrcAuto.startMode_INFO [0.042717677] <Info name="AutoChoices" alliance="Blue" strategy="DCMP_AUTO" startPos="START_POS_CENTER" startDelay=0.0 sec depotPickup="false" outpostPickup="false" neutralZonePickup="true" moveTo="DEPOT" passBack="NONE" climb="true" climbSide="DEPOT" neutralZoneCycles="0.0" type="CENTER" sweepDistance="STANDARD" pathFile="DrivePath.csv" xDistance=0.0 ft yDistance=0.0 ft turnDegrees=0.0 deg driveTime=0.0 sec drivePower=0.0"  />
FrcAuto.startMode_ERR [0.050853255] Selecting Dcmp Auto.
Shooter.stopTiltCallback_ERR [0.09228692] StopRightTilt was completed.
Shooter.stopTiltCallback_ERR [0.094882451] StopLeftTilt was completed.
FrcAuto.periodic_ERR [0.101296366] Calling cmdPeriodic.
CmdDcmpAuto.cmdPeriodic_INFO [0.106132437] <Event name="StateInfo" time="0.105785771" tag="vvvvv" CmdDcmpAuto.state="START" />
Shooter.LeftTiltMotor.isMotorStalled_INFO [0.109081315] Stall detection triggered.
Shooter.LeftTiltMotor.checkStallReset_INFO [0.114162664] Resetting stall.
Shooter.RightTiltMotor.isMotorStalled_INFO [0.118043861] Stall detection triggered.
Shooter.RightTiltMotor.checkStallReset_INFO [0.121392766] Resetting stall.
Shooter.TurretMotor.isMotorStalled_INFO [0.136221619] Stall detection triggered.
Climber.Motor.isMotorStalled_INFO [0.143074766] Stall detection triggered.
Robot.zeroCalibrate_INFO [0.145610218] Zero calibrate all subsystems.
TrcSubsystem.zeroCalibrateAll_INFO [0.148096237] ZeroCalibrate(Subsystem=Shooter, owner=null, event=null)
Climber.Motor.checkStallReset_INFO [0.14693142] Resetting stall.
Shooter.zeroCalibrate_INFO [0.154882759] ZeroCalibrate left shooter.
Shooter.zeroCalibrate_INFO [0.169237212] ZeroCalibrate right shooter.
TrcSubsystem.zeroCalibrateAll_INFO [0.180849816] ZeroCalibrate(Subsystem=Climber, owner=null, event=null)
CmdDcmpAuto.cmdPeriodic_INFO [0.188416497] <Event name="StateInfo" time="0.185840113" tag="^^^^^" CmdDcmpAuto.state="START" />
FrcAuto.periodic_ERR [0.203877345] Calling cmdPeriodic.
CmdDcmpAuto.cmdPeriodic_INFO [0.207078885] <Event name="StateInfo" time="0.206833206" tag="vvvvv" CmdDcmpAuto.state="PICKUP_DEPOT" />
purePursuitDrive.start_INFO [0.37819359] Path=TrcPath(degrees=true, [Waypoint(simple=true,index=0,pose=(x=-158.838664,y=139.609983,angle=180.000000),vel=0.0), Waypoint(simple=false,index=-1,timestep=0.34926151239279585,pose=(x=-208.781855,y=86.482608,angle=180.000000),vel=122.4045997986548,encPos=0.0,accel=0.0,jerk=0.0), Waypoint(simple=true,index=1,pose=(x=-233.677247,y=59.999983,angle=180.000000),vel=85.73214099741124), Waypoint(simple=true,index=2,pose=(x=-233.677247,y=24.999983,angle=180.000000),vel=0.0)])
Shooter.enableGoalTracking_INFO [0.394569245] EnableGoalTracking: goalTrackingParams=(trackFlywheel=false,trackTiltPos=false,trackPanPos=true), noPassback=true
Shooter.setupGoalTrackingMode_INFO [0.400554146] AlliancHub: alliance=Blue, fieldLengthZone=0, fieldWidthZone=2.
Shooter.setupGoalTrackingMode_INFO [0.404165627] GoalTracking(trackingMode=AllianceHub, goalPose=(x=-158.838583,y=182.110000,angle=0.000000), noPassback=true).
Shooter.LeftTiltMotor.isMotorStalled_INFO [0.421055184] Stall detection triggered.
Shooter.LeftShooter.enableGoalTracking_INFO [0.421821393] Enable GoalTracking (trackingParams=(trackFlywheel=false,trackTiltPos=false,trackPanPos=true)).
Shooter.LeftPrimaryMotor.cancel_INFO [0.429176315] Cancel: stopping motor.
Shooter.LeftTiltMotor.cancel_INFO [0.440358802] Cancel: stopping motor.
Shooter.LeftTiltMotor.isMotorStalled_INFO [0.440353079] Stall detection triggered.
Shooter.LeftTiltMotor.checkStallReset_WARN [0.448463376] Stall detected, removing power to protect motor.
Shooter.RightTiltMotor.isMotorStalled_INFO [0.45466586] Stall detection triggered.
Shooter.RightShooter.enableGoalTracking_INFO [0.458068499] Enable GoalTracking (trackingParams=(trackFlywheel=false,trackTiltPos=false,trackPanPos=true)).
Shooter.RightPrimaryMotor.cancel_INFO [0.460438444] Cancel: stopping motor.
Shooter.RightTiltMotor.cancel_INFO [0.461528794] Cancel: stopping motor.
Shooter.enableGoalTracking_ERR [0.462750777] EnableGoalTrackingTimestamps=[0.398578306, 0.40596441, 0.454252091, 0.462217675]
CmdDcmpAuto.cmdPeriodic_INFO [0.465416912] <Event name="StateInfo" time="0.465217268" tag="^^^^^" CmdDcmpAuto.state="PICKUP_DEPOT" RobotPose=(x=-158.838813,y=139.609678,angle=-179.994507) TargetPose=(x=-233.677247,y=24.999983,angle=180.000000) vel=(x=-0.002985,y=0.054004,angle=-0.146760) Path=TrcPath(degrees=true, [Waypoint(simple=true,index=0,pose=(x=0.000000,y=0.000000,angle=0.000000),vel=0.0), Waypoint(simple=false,index=-1,timestep=0.34926151239279585,pose=(x=49.943191,y=53.127375,angle=0.000000),vel=122.4045997986548,encPos=0.0,accel=0.0,jerk=0.0), Waypoint(simple=true,index=1,pose=(x=74.838583,y=79.610000,angle=0.000000),vel=85.73214099741124), Waypoint(simple=true,index=2,pose=(x=74.838583,y=114.610000,angle=0.000000),vel=0.0)]) />
Shooter.RightTiltMotor.isMotorStalled_INFO [0.482117813] Stall detection triggered.
Shooter.RightTiltMotor.checkStallReset_INFO [0.484885959] Resetting stall.
Climber.Motor.isMotorStalled_INFO [0.603196991] Stall detection triggered.
Climber.Motor.zeroCalibratingMotor_WARN [0.629374334] Stalled, lower limit switch may not exist or might have failed!
Climber.Motor.pidCtrlTask_INFO [0.632299147] Zero calibration done, event=null
Climber.Motor.isMotorStalled_INFO [0.731945789] Stall detection triggered.
Climber.Motor.checkStallReset_INFO [0.739020242] Resetting stall.
Shooter.fieldTriggerCallback_INFO [0.764073554] FieldTriggerCallback: canceled=false, zoneCtxt=(value--159.912698,prevZone=2,currZone=1)
Shooter.setupGoalTrackingMode_INFO [0.767340711] AlliancHub: alliance=Blue, fieldLengthZone=0, fieldWidthZone=1.
Shooter.setupGoalTrackingMode_INFO [0.771241648] GoalTracking(trackingMode=AllianceHub, goalPose=(x=-158.838583,y=182.110000,angle=0.000000), noPassback=true).
CmdDcmpAuto.lambda$cmdPeriodic$1_INFO [0.780919126] WaypointHandler: index=0
Robot.setRelocalizationMode_INFO [0.787959328] setRelocalizationMode to OneShot
FrcAuto.periodic_ERR [0.812073525] Calling cmdPeriodic.
FrcAuto.periodic_ERR [0.900219683] Calling cmdPeriodic.
FrcAuto.periodic_ERR [0.956799398] Calling cmdPeriodic.
FrcAuto.periodic_ERR [1.00872137] Calling cmdPeriodic.
FrcAuto.periodic_ERR [1.063575165] Calling cmdPeriodic.
FrcAuto.periodic_ERR [1.122139192] Calling cmdPeriodic.
FrcAuto.periodic_ERR [1.17289503] Calling cmdPeriodic.
FrcAuto.periodic_ERR [1.228556607] Calling cmdPeriodic.
FrcAuto.periodic_ERR [1.282674563] Calling cmdPeriodic.
FrcAuto.periodic_ERR [1.340900978] Calling cmdPeriodic.
FrcAuto.periodic_ERR [1.379826602] Calling cmdPeriodic.
FrcAuto.periodic_ERR [1.444013027] Calling cmdPeriodic.
FrcAuto.periodic_ERR [1.497106785] Calling cmdPeriodic.
FrcAuto.periodic_ERR [1.551568782] Calling cmdPeriodic.
FrcAuto.periodic_ERR [1.593879165] Calling cmdPeriodic.
FrcAuto.periodic_ERR [1.734562707] Calling cmdPeriodic.
FrcAuto.periodic_ERR [1.789294292] Calling cmdPeriodic.
FrcAuto.periodic_ERR [1.831053651] Calling cmdPeriodic.
FrcAuto.periodic_ERR [1.874861376] Calling cmdPeriodic.
Shooter.fieldTriggerCallback_INFO [1.919403533] FieldTriggerCallback: canceled=false, zoneCtxt=(value--188.860125,prevZone=1,currZone=0)
Shooter.setupGoalTrackingMode_INFO [1.922735818] AlliancHub: alliance=Blue, fieldLengthZone=0, fieldWidthZone=0.
Shooter.setupGoalTrackingMode_INFO [1.925379695] GoalTracking(trackingMode=AllianceHub, goalPose=(x=-158.838583,y=182.110000,angle=0.000000), noPassback=true).
FrcAuto.periodic_ERR [1.928128876] Calling cmdPeriodic.
FrcAuto.periodic_ERR [1.993909307] Calling cmdPeriodic.
FrcAuto.periodic_ERR [2.051817378] Calling cmdPeriodic.
FrcAuto.periodic_ERR [2.102746263] Calling cmdPeriodic.
FrcAuto.periodic_ERR [2.153499731] Calling cmdPeriodic.
FrcAuto.periodic_ERR [2.232502625] Calling cmdPeriodic.
FrcAuto.periodic_ERR [2.273510942] Calling cmdPeriodic.
FrcAuto.periodic_ERR [2.336129853] Calling cmdPeriodic.
FrcAuto.periodic_ERR [2.3733829] Calling cmdPeriodic.
FrcAuto.periodic_ERR [2.425007907] Calling cmdPeriodic.
FrcAuto.periodic_ERR [2.466922085] Calling cmdPeriodic.
FrcAuto.periodic_ERR [2.517908759] Calling cmdPeriodic.
FrcAuto.periodic_ERR [2.565176854] Calling cmdPeriodic.
FrcAuto.periodic_ERR [2.629973655] Calling cmdPeriodic.
FrcAuto.periodic_ERR [2.67632876] Calling cmdPeriodic.
FrcAuto.periodic_ERR [2.731108833] Calling cmdPeriodic.
FrcAuto.periodic_ERR [2.771688084] Calling cmdPeriodic.
FrcAuto.periodic_ERR [2.81149451] Calling cmdPeriodic.
CmdDcmpAuto.lambda$cmdPeriodic$1_INFO [2.868678178] WaypointHandler: index=1
Robot.setRelocalizationMode_INFO [2.870609193] setRelocalizationMode to OneShot
FrcAuto.periodic_ERR [2.904817672] Calling cmdPeriodic.
FrcAuto.periodic_ERR [2.962139993] Calling cmdPeriodic.
FrcAuto.periodic_ERR [3.006342252] Calling cmdPeriodic.
FrcAuto.periodic_ERR [3.058068371] Calling cmdPeriodic.
FrcAuto.periodic_ERR [3.106357156] Calling cmdPeriodic.
FrcAuto.periodic_ERR [3.154214731] Calling cmdPeriodic.
FrcAuto.periodic_ERR [3.209483137] Calling cmdPeriodic.
FrcAuto.periodic_ERR [3.264228977] Calling cmdPeriodic.
FrcAuto.periodic_ERR [3.313431431] Calling cmdPeriodic.
FrcAuto.periodic_ERR [3.356274729] Calling cmdPeriodic.
FrcAuto.periodic_ERR [3.409687187] Calling cmdPeriodic.
FrcAuto.periodic_ERR [3.459674093] Calling cmdPeriodic.
FrcAuto.periodic_ERR [3.499687073] Calling cmdPeriodic.
FrcAuto.periodic_ERR [3.546117797] Calling cmdPeriodic.
FrcAuto.periodic_ERR [3.603559121] Calling cmdPeriodic.
FrcAuto.periodic_ERR [3.657919482] Calling cmdPeriodic.
FrcAuto.periodic_ERR [3.714493772] Calling cmdPeriodic.
FrcAuto.periodic_ERR [3.759498132] Calling cmdPeriodic.
FrcAuto.periodic_ERR [3.80317226] Calling cmdPeriodic.
FrcAuto.periodic_ERR [3.84159815] Calling cmdPeriodic.
FrcAuto.periodic_ERR [3.891110744] Calling cmdPeriodic.
FrcAuto.periodic_ERR [3.934799581] Calling cmdPeriodic.
FrcAuto.periodic_ERR [3.984460412] Calling cmdPeriodic.
FrcAuto.periodic_ERR [4.046898453] Calling cmdPeriodic.
FrcAuto.periodic_ERR [4.086488923] Calling cmdPeriodic.
FrcAuto.periodic_ERR [4.129496762] Calling cmdPeriodic.
FrcAuto.periodic_ERR [4.188687165] Calling cmdPeriodic.
FrcAuto.periodic_ERR [4.241564176] Calling cmdPeriodic.
FrcAuto.periodic_ERR [4.300394789] Calling cmdPeriodic.
FrcAuto.periodic_ERR [4.357906832] Calling cmdPeriodic.
FrcAuto.periodic_ERR [4.403061097] Calling cmdPeriodic.
FrcAuto.periodic_ERR [4.445089619] Calling cmdPeriodic.
FrcAuto.periodic_ERR [4.498884445] Calling cmdPeriodic.
FrcAuto.periodic_ERR [4.541318509] Calling cmdPeriodic.
FrcAuto.periodic_ERR [4.595918085] Calling cmdPeriodic.
FrcAuto.periodic_ERR [4.652689521] Calling cmdPeriodic.
FrcAuto.periodic_ERR [4.699733648] Calling cmdPeriodic.
FrcAuto.periodic_ERR [4.756129419] Calling cmdPeriodic.
FrcAuto.periodic_ERR [4.803491054] Calling cmdPeriodic.
FrcAuto.periodic_ERR [4.84821698] Calling cmdPeriodic.
FrcAuto.periodic_ERR [4.89343326] Calling cmdPeriodic.
FrcAuto.periodic_ERR [4.949908298] Calling cmdPeriodic.
FrcAuto.periodic_ERR [5.003114056] Calling cmdPeriodic.
FrcAuto.periodic_ERR [5.051512106] Calling cmdPeriodic.
FrcAuto.periodic_ERR [5.101306222] Calling cmdPeriodic.
FrcAuto.periodic_ERR [5.148051958] Calling cmdPeriodic.
FrcAuto.periodic_ERR [5.200563245] Calling cmdPeriodic.
purePursuitDrive.xPosPid.isStalled_INFO [5.212475749] PID stalled (stallTime=0.20539426803588867/0.2, error=-0.6593982977470318, errorRate=0.015981638601398774/0.1).
purePursuitDrive.yPosPid.isStalled_INFO [5.215686356] PID stalled (stallTime=4.3443145751953125/0.2, error=0.35720846614265156, errorRate=0.00683287070688667/0.1).
purePursuitDrive.turnPid.isStalled_INFO [5.216905141] PID stalled (stallTime=4.345216751098633/0.2, error=-7.694714620800255, errorRate=0.04832660732114541/0.1).
purePursuitDrive.driveTask_INFO [5.228045849] Done: index=3/4, stalled=true, timeout=false, posOnTarget=true, headingOnTarget=false, robotPose=(x=-234.282743,y=25.442330,angle=-172.305285)
purePursuitDrive.driveTask_INFO [5.230842237] Signal completion event (CmdDcmpAuto=CLEARED).
CmdDcmpAuto.lambda$cmdPeriodic$1_INFO [5.270741817] WaypointHandler: index=-1
Robot.setRelocalizationMode_INFO [5.273730655] setRelocalizationMode to Continuous
FrcAuto.periodic_ERR [5.306705061] Calling cmdPeriodic.
CmdDcmpAuto.cmdPeriodic_INFO [5.30946145] <Event name="StateInfo" time="5.309188939" tag="vvvvv" CmdDcmpAuto.state="SHOOT_DEPOT" />
TaskAutoShoot.autoShoot_INFO [5.318049068] autoShoot(owner=null, event=(CmdDcmpAuto=SIGNALED), taskParams=(autoStop=true, noPassback=true, noWait=false))
Shooter.enableGoalTracking_INFO [5.320166708] EnableGoalTracking: goalTrackingParams=(trackFlywheel=true,trackTiltPos=true,trackPanPos=true), noPassback=true
Shooter.setupGoalTrackingMode_INFO [5.324434861] AlliancHub: alliance=Blue, fieldLengthZone=0, fieldWidthZone=0.
Shooter.setupGoalTrackingMode_INFO [5.326723489] GoalTracking(trackingMode=AllianceHub, goalPose=(x=-158.838583,y=182.110000,angle=0.000000), noPassback=true).
Shooter.LeftShooter.enableGoalTracking_INFO [5.328318882] Enable GoalTracking (trackingParams=(trackFlywheel=true,trackTiltPos=true,trackPanPos=true)).
Shooter.LeftPrimaryMotor.cancel_INFO [5.330289552] Cancel: stopping motor.
Shooter.LeftTiltMotor.cancel_INFO [5.33191138] Cancel: stopping motor.
Shooter.RightShooter.enableGoalTracking_INFO [5.336609124] Enable GoalTracking (trackingParams=(trackFlywheel=true,trackTiltPos=true,trackPanPos=true)).
Shooter.RightPrimaryMotor.cancel_INFO [5.345310419] Cancel: stopping motor.
Shooter.RightTiltMotor.cancel_INFO [5.347517916] Cancel: stopping motor.
Shooter.enableGoalTracking_ERR [5.348993304] EnableGoalTrackingTimestamps=[5.321737205, 5.327875782, 5.336304972, 5.348756274]
CmdDcmpAuto.cmdPeriodic_INFO [5.373151211] <Event name="StateInfo" time="5.372121551" tag="^^^^^" CmdDcmpAuto.state="SHOOT_DEPOT" />
TaskAutoShoot.autoTask_INFO [5.52306372] <Event name="StateInfo" time="5.522826927" tag="vvvvv" TaskAutoShoot.state="START" />
TaskAutoShoot.runTaskState_INFO [5.530634238] ***** Wait for left Shooter ready.
TaskAutoShoot.runTaskState_INFO [5.53142226] ***** Wait for right Shooter ready.
TaskAutoShoot.runTaskState_INFO [5.531971463] ***** Wait for Turret ready.
TaskAutoShoot.autoTask_INFO [5.535968478] <Event name="StateInfo" time="5.532420849" tag="^^^^^" TaskAutoShoot.state="START" />
FrcAuto.periodic_ERR [5.566586749] Calling cmdPeriodic.
Shooter.TurretMotor.pidCtrlTask_INFO [5.605966178] controlMode: Position,onTarget=true(-152.56752395629883/-149.77657845754317), stalled=false, expired=false, event=(TaskAutoShoot.turretReady=SIGNALED)
TaskAutoShoot.autoTask_INFO [5.652260587] <Event name="StateInfo" time="5.652034463" tag="vvvvv" TaskAutoShoot.state="SHOOT" />
TaskAutoShoot.autoTask_INFO [5.653413847] <Event name="StateInfo" time="5.653234696" tag="^^^^^" TaskAutoShoot.state="SHOOT" />
FrcAuto.periodic_ERR [5.679695802] Calling cmdPeriodic.
TaskAutoShoot.autoTask_INFO [5.78484932] <Event name="StateInfo" time="5.782604201" tag="vvvvv" TaskAutoShoot.state="SHOOT" />
TaskAutoShoot.autoTask_INFO [5.78570934] <Event name="StateInfo" time="5.785477186" tag="^^^^^" TaskAutoShoot.state="SHOOT" />
FrcAuto.periodic_ERR [5.810558869] Calling cmdPeriodic.
TaskAutoShoot.autoTask_INFO [5.885822588] <Event name="StateInfo" time="5.885627258" tag="vvvvv" TaskAutoShoot.state="SHOOT" />
TaskAutoShoot.autoTask_INFO [5.890492686] <Event name="StateInfo" time="5.890293048" tag="^^^^^" TaskAutoShoot.state="SHOOT" />
FrcAuto.periodic_ERR [5.918526397] Calling cmdPeriodic.
TaskAutoShoot.autoTask_INFO [6.001350675] <Event name="StateInfo" time="6.00044534" tag="vvvvv" TaskAutoShoot.state="SHOOT" />
TaskAutoShoot.autoTask_INFO [6.00273938] <Event name="StateInfo" time="6.002524907" tag="^^^^^" TaskAutoShoot.state="SHOOT" />
FrcAuto.periodic_ERR [6.022939299] Calling cmdPeriodic.
TaskAutoShoot.autoTask_INFO [6.123972057] <Event name="StateInfo" time="6.123754681" tag="vvvvv" TaskAutoShoot.state="SHOOT" />
TaskAutoShoot.autoTask_INFO [6.124879817] <Event name="StateInfo" time="6.124679687" tag="^^^^^" TaskAutoShoot.state="SHOOT" />
FrcAuto.periodic_ERR [6.143820558] Calling cmdPeriodic.
TaskAutoShoot.autoTask_INFO [6.232115265] <Event name="StateInfo" time="6.231914445" tag="vvvvv" TaskAutoShoot.state="SHOOT" />
TaskAutoShoot.autoTask_INFO [6.23277673] <Event name="StateInfo" time="6.232587979" tag="^^^^^" TaskAutoShoot.state="SHOOT" />
FrcAuto.periodic_ERR [6.24555778] Calling cmdPeriodic.
TaskAutoShoot.autoTask_INFO [6.342773707] <Event name="StateInfo" time="6.342544881" tag="vvvvv" TaskAutoShoot.state="SHOOT" />
TaskAutoShoot.autoTask_INFO [6.349345094] <Event name="StateInfo" time="6.349144357" tag="^^^^^" TaskAutoShoot.state="SHOOT" />
FrcAuto.periodic_ERR [6.366900672] Calling cmdPeriodic.
Shooter.LeftShooter.goalTrackingTask_INFO [6.425806066] Shooter.LeftShooter is Ready: rpm1=5463.470553/5481.966761, rpm2=3377.695313/0.000000, tilt=28.530208/28.552535, pan=null/null
Shooter.RightShooter.goalTrackingTask_INFO [6.455888412] Shooter.RightShooter is Ready: rpm1=5407.626202/5481.966761, rpm2=3342.421875/0.000000, tilt=28.490680/28.552535, pan=null/null
TaskAutoShoot.autoTask_INFO [6.461675204] <Event name="StateInfo" time="6.461446826" tag="vvvvv" TaskAutoShoot.state="SHOOT" />
TaskAutoShoot.runTaskState_INFO [6.46550682] ***** Start left shooter shooting (timedout=false, turretReady=true).
Shooter.shoot_INFO [6.468089903] shoot(owner=null, event=(TaskAutoShoot.leftShooterDone=CLEARED), shooter=leftShooter, autoStop=true)
Shooter.LeftTransferMotor.cancel_INFO [6.509942803] Cancel: stopping motor.
TaskAutoShoot.runTaskState_INFO [6.513380828] ***** Start right shooter shooting (timedout=false, turretReady=true).
Shooter.shoot_INFO [6.515602866] shoot(owner=null, event=(TaskAutoShoot.rightShooterDone=CLEARED), shooter=rightShooter, autoStop=true)
Shooter.RightTransferMotor.cancel_INFO [6.523864984] Cancel: stopping motor.
TaskAutoShoot.autoTask_INFO [6.526845225] <Event name="StateInfo" time="6.526634459" tag="^^^^^" TaskAutoShoot.state="SHOOT" />
FrcAuto.periodic_ERR [6.543635187] Calling cmdPeriodic.
FrcAuto.periodic_ERR [6.647517712] Calling cmdPeriodic.
FrcAuto.periodic_ERR [6.767771055] Calling cmdPeriodic.
FrcAuto.periodic_ERR [6.871214142] Calling cmdPeriodic.
FrcAuto.periodic_ERR [6.97280394] Calling cmdPeriodic.
FrcAuto.periodic_ERR [7.072135144] Calling cmdPeriodic.
FrcAuto.periodic_ERR [7.159485225] Calling cmdPeriodic.
FrcAuto.periodic_ERR [7.252482801] Calling cmdPeriodic.
FrcAuto.periodic_ERR [7.340598667] Calling cmdPeriodic.
FrcAuto.periodic_ERR [7.425750664] Calling cmdPeriodic.
FrcAuto.periodic_ERR [7.524021361] Calling cmdPeriodic.
FrcAuto.periodic_ERR [7.630824663] Calling cmdPeriodic.
FrcAuto.periodic_ERR [7.728869928] Calling cmdPeriodic.
FrcAuto.periodic_ERR [7.811284367] Calling cmdPeriodic.
FrcAuto.periodic_ERR [7.909283765] Calling cmdPeriodic.
FrcAuto.periodic_ERR [8.019646648] Calling cmdPeriodic.
FrcAuto.periodic_ERR [8.118383711] Calling cmdPeriodic.
FrcAuto.periodic_ERR [8.221640792] Calling cmdPeriodic.
Shooter.LeftShooter.cancel_INFO [8.318936318] owner=null
Shooter.LeftShooter.disableGoalTracking_INFO [8.322230443] Disable Goal Tracking.
Shooter.LeftShooter.stopGoalTracking_INFO [8.323484092] Stop GoalTracking.
Shooter.LeftTiltMotor.cancel_INFO [8.327562054] Cancel: stopping motor.
Shooter.LeftPrimaryMotor.cancel_INFO [8.328822288] Cancel: stopping motor.
Shooter.LeftPrimaryMotor.cancel_INFO [8.330743121] Cancel: stopping motor.
Shooter.LeftTiltMotor.cancel_INFO [8.333698931] Cancel: stopping motor.
Shooter.LeftTransferMotor.cancel_INFO [8.33823926] Cancel: stopping motor.
Shooter.FeederMotor.cancel_INFO [8.339781535] Cancel: stopping motor.
FrcAuto.periodic_ERR [8.362621574] Calling cmdPeriodic.
FrcAuto.periodic_ERR [8.405598257] Calling cmdPeriodic.
FrcAuto.periodic_ERR [8.44910551] Calling cmdPeriodic.
FrcAuto.periodic_ERR [8.478900281] Calling cmdPeriodic.
FrcAuto.periodic_ERR [8.523015815] Calling cmdPeriodic.
FrcAuto.periodic_ERR [8.561023342] Calling cmdPeriodic.
FrcAuto.periodic_ERR [8.59864568] Calling cmdPeriodic.
FrcAuto.periodic_ERR [8.629328144] Calling cmdPeriodic.
FrcAuto.periodic_ERR [8.686362022] Calling cmdPeriodic.
FrcAuto.periodic_ERR [8.729683785] Calling cmdPeriodic.
FrcAuto.periodic_ERR [8.766152162] Calling cmdPeriodic.
FrcAuto.periodic_ERR [8.799434941] Calling cmdPeriodic.
FrcAuto.periodic_ERR [8.830245107] Calling cmdPeriodic.
FrcAuto.periodic_ERR [8.865341852] Calling cmdPeriodic.
FrcAuto.periodic_ERR [8.914848439] Calling cmdPeriodic.
FrcAuto.periodic_ERR [8.955091367] Calling cmdPeriodic.
FrcAuto.periodic_ERR [8.983552303] Calling cmdPeriodic.
Shooter.RightShooter.cancel_INFO [9.020188396] owner=null
Shooter.RightShooter.disableGoalTracking_INFO [9.02104869] Disable Goal Tracking.
Shooter.RightShooter.stopGoalTracking_INFO [9.021658881] Stop GoalTracking.
Shooter.RightTiltMotor.cancel_INFO [9.032122911] Cancel: stopping motor.
Shooter.RightPrimaryMotor.cancel_INFO [9.034165622] Cancel: stopping motor.
Shooter.RightPrimaryMotor.cancel_INFO [9.04405909] Cancel: stopping motor.
Shooter.RightTiltMotor.cancel_INFO [9.047626823] Cancel: stopping motor.
Shooter.RightTransferMotor.cancel_INFO [9.050736522] Cancel: stopping motor.
Shooter.FeederMotor.cancel_INFO [9.056211875] Cancel: stopping motor.
FrcAuto.periodic_ERR [9.085720868] Calling cmdPeriodic.
TaskAutoShoot.autoTask_INFO [9.089524817] <Event name="StateInfo" time="9.088851991" tag="vvvvv" TaskAutoShoot.state="DONE" />
TaskAutoShoot.stopSubsystems_INFO [9.098586555] Stopping subsystems.
Shooter.LeftTransferMotor.cancel_INFO [9.101813987] Cancel: stopping motor.
Shooter.RightTransferMotor.cancel_INFO [9.105584459] Cancel: stopping motor.
Shooter.FeederMotor.cancel_INFO [9.108744698] Cancel: stopping motor.
Shooter.LeftShooter.cancel_INFO [9.111535275] owner=null
Shooter.LeftPrimaryMotor.cancel_INFO [9.115962244] Cancel: stopping motor.
Shooter.LeftTiltMotor.cancel_INFO [9.120091942] Cancel: stopping motor.
Shooter.RightShooter.cancel_INFO [9.122599486] owner=null
Shooter.RightPrimaryMotor.cancel_INFO [9.12931712] Cancel: stopping motor.
Shooter.RightTiltMotor.cancel_INFO [9.134290151] Cancel: stopping motor.
Shooter.LeftTransferMotor.cancel_INFO [9.13684584] Cancel: stopping motor.
Shooter.RightTransferMotor.cancel_INFO [9.138040569] Cancel: stopping motor.
Shooter.FeederMotor.cancel_INFO [9.140383151] Cancel: stopping motor.
Shooter.stopTilt_ERR [9.142273631] StopTilt is called
TaskAutoShoot.autoTask_INFO [9.203103259] <Event name="StateInfo" time="9.19940872" tag="^^^^^" TaskAutoShoot.state="DONE" />
FrcAuto.periodic_ERR [9.225198906] Calling cmdPeriodic.
CmdDcmpAuto.cmdPeriodic_INFO [9.228107224] <Event name="StateInfo" time="9.227864348" tag="vvvvv" CmdDcmpAuto.state="GO_TO_CLIMB_POS" />
TaskAutoShoot.cancel_INFO [9.229894328] Canceling auto task operation.
purePursuitDrive.start_INFO [9.240659745] Path=TrcPath(degrees=true, [Waypoint(simple=true,index=0,pose=(x=-272.360609,y=33.570239,angle=-172.548077),vel=0.0), Waypoint(simple=false,index=-1,timestep=0.4879500364742666,pose=(x=-270.739431,y=45.964665,angle=-172.548077),vel=51.234753829797995,encPos=0.0,accel=0.0,jerk=0.0), Waypoint(simple=true,index=1,pose=(x=-269.118253,y=58.359090,angle=-172.548077),vel=0.0)])
CmdDcmpAuto.cmdPeriodic_INFO [9.248258238] <Event name="StateInfo" time="9.248044947" tag="^^^^^" CmdDcmpAuto.state="GO_TO_CLIMB_POS" RobotPose=(x=-272.360609,y=33.570239,angle=-172.548077) TargetPose=(x=-269.118253,y=58.359090,angle=-172.548077) vel=(x=-0.000000,y=0.000000,angle=-0.000000) Path=TrcPath(degrees=true, [Waypoint(simple=true,index=0,pose=(x=0.000000,y=0.000000,angle=0.000000),vel=0.0), Waypoint(simple=false,index=-1,timestep=0.4879500364742666,pose=(x=0.000000,y=-12.500000,angle=0.000000),vel=51.234753829797995,encPos=0.0,accel=0.0,jerk=0.0), Waypoint(simple=true,index=1,pose=(x=0.000000,y=-25.000000,angle=0.000000),vel=0.0)]) />
FrcAuto.periodic_ERR [9.280661716] Calling cmdPeriodic.
Shooter.LeftTiltMotor.pidCtrlTask_INFO [9.301225355] controlMode: Position,onTarget=true(17.383459702111725/17.0), stalled=false, expired=false, event=(stopLeftTilt=SIGNALED)
Shooter.stopTiltCallback_ERR [9.313916922] StopLeftTilt was completed.
FrcAuto.periodic_ERR [9.336762402] Calling cmdPeriodic.
Shooter.RightTiltMotor.pidCtrlTask_INFO [9.352111926] controlMode: Position,onTarget=true(17.10676764294617/17.0), stalled=false, expired=false, event=(stopRightTilt=SIGNALED)
Shooter.stopTiltCallback_ERR [9.370292824] StopRightTilt was completed.
FrcAuto.periodic_ERR [9.389647613] Calling cmdPeriodic.
FrcAuto.periodic_ERR [9.423857781] Calling cmdPeriodic.
FrcAuto.periodic_ERR [9.455257016] Calling cmdPeriodic.
FrcAuto.periodic_ERR [9.479221072] Calling cmdPeriodic.
FrcAuto.periodic_ERR [9.506778064] Calling cmdPeriodic.
FrcAuto.periodic_ERR [9.548937914] Calling cmdPeriodic.
FrcAuto.periodic_ERR [9.594410911] Calling cmdPeriodic.
FrcAuto.periodic_ERR [9.60888568] Calling cmdPeriodic.
FrcAuto.periodic_ERR [9.638853648] Calling cmdPeriodic.
FrcAuto.periodic_ERR [9.64801215] Calling cmdPeriodic.
FrcAuto.periodic_ERR [9.663750302] Calling cmdPeriodic.
FrcAuto.periodic_ERR [9.683907605] Calling cmdPeriodic.
FrcAuto.periodic_ERR [9.709176499] Calling cmdPeriodic.
FrcAuto.periodic_ERR [9.729278752] Calling cmdPeriodic.
FrcAuto.periodic_ERR [9.751340332] Calling cmdPeriodic.
FrcAuto.periodic_ERR [9.762831613] Calling cmdPeriodic.
FrcAuto.periodic_ERR [9.779292625] Calling cmdPeriodic.
FrcAuto.periodic_ERR [9.791269061] Calling cmdPeriodic.
FrcAuto.periodic_ERR [9.817045117] Calling cmdPeriodic.
FrcAuto.periodic_ERR [9.840510437] Calling cmdPeriodic.
FrcAuto.periodic_ERR [9.853907193] Calling cmdPeriodic.
FrcAuto.periodic_ERR [9.887486111] Calling cmdPeriodic.
FrcAuto.periodic_ERR [9.912712516] Calling cmdPeriodic.
FrcAuto.periodic_ERR [9.939488216] Calling cmdPeriodic.
FrcAuto.periodic_ERR [9.966048044] Calling cmdPeriodic.
FrcAuto.periodic_ERR [9.996926752] Calling cmdPeriodic.
FrcAuto.periodic_ERR [10.031197193] Calling cmdPeriodic.
FrcAuto.periodic_ERR [10.063809981] Calling cmdPeriodic.
FrcAuto.periodic_ERR [10.095299839] Calling cmdPeriodic.
FrcAuto.periodic_ERR [10.160599696] Calling cmdPeriodic.
FrcAuto.periodic_ERR [10.189389385] Calling cmdPeriodic.
FrcAuto.periodic_ERR [10.212855785] Calling cmdPeriodic.
FrcAuto.periodic_ERR [10.250453565] Calling cmdPeriodic.
FrcAuto.periodic_ERR [10.27269224] Calling cmdPeriodic.
FrcAuto.periodic_ERR [10.29210599] Calling cmdPeriodic.
FrcAuto.periodic_ERR [10.30573743] Calling cmdPeriodic.
FrcAuto.periodic_ERR [10.318134233] Calling cmdPeriodic.
FrcAuto.periodic_ERR [10.349579354] Calling cmdPeriodic.
FrcAuto.periodic_ERR [10.366405745] Calling cmdPeriodic.
FrcAuto.periodic_ERR [10.389681901] Calling cmdPeriodic.
FrcAuto.periodic_ERR [10.410758233] Calling cmdPeriodic.
FrcAuto.periodic_ERR [10.425565278] Calling cmdPeriodic.
FrcAuto.periodic_ERR [10.43979411] Calling cmdPeriodic.
FrcAuto.periodic_ERR [10.454372966] Calling cmdPeriodic.
FrcAuto.periodic_ERR [10.466372036] Calling cmdPeriodic.
FrcAuto.periodic_ERR [10.478000578] Calling cmdPeriodic.
FrcAuto.periodic_ERR [10.493610003] Calling cmdPeriodic.
FrcAuto.periodic_ERR [10.514919724] Calling cmdPeriodic.
FrcAuto.periodic_ERR [10.531270585] Calling cmdPeriodic.
FrcAuto.periodic_ERR [10.547049175] Calling cmdPeriodic.
FrcAuto.periodic_ERR [10.5787749] Calling cmdPeriodic.
FrcAuto.periodic_ERR [10.609878224] Calling cmdPeriodic.
FrcAuto.periodic_ERR [10.633975026] Calling cmdPeriodic.
FrcAuto.periodic_ERR [10.653170344] Calling cmdPeriodic.
FrcAuto.periodic_ERR [10.675052976] Calling cmdPeriodic.
FrcAuto.periodic_ERR [10.692600874] Calling cmdPeriodic.
FrcAuto.periodic_ERR [10.712158832] Calling cmdPeriodic.
FrcAuto.periodic_ERR [10.72594672] Calling cmdPeriodic.
FrcAuto.periodic_ERR [10.739967938] Calling cmdPeriodic.
FrcAuto.periodic_ERR [10.756458892] Calling cmdPeriodic.
FrcAuto.periodic_ERR [10.777400687] Calling cmdPeriodic.
FrcAuto.periodic_ERR [10.791091232] Calling cmdPeriodic.
FrcAuto.periodic_ERR [10.811203024] Calling cmdPeriodic.
FrcAuto.periodic_ERR [10.831830374] Calling cmdPeriodic.
FrcAuto.periodic_ERR [10.859873977] Calling cmdPeriodic.
FrcAuto.periodic_ERR [10.877609087] Calling cmdPeriodic.
FrcAuto.periodic_ERR [10.891272084] Calling cmdPeriodic.
FrcAuto.periodic_ERR [10.90452359] Calling cmdPeriodic.
FrcAuto.periodic_ERR [10.921622291] Calling cmdPeriodic.
FrcAuto.periodic_ERR [10.940026105] Calling cmdPeriodic.
FrcAuto.periodic_ERR [10.954880998] Calling cmdPeriodic.
FrcAuto.periodic_ERR [10.978098886] Calling cmdPeriodic.
FrcAuto.periodic_ERR [10.998641119] Calling cmdPeriodic.
FrcAuto.periodic_ERR [11.020329696] Calling cmdPeriodic.
FrcAuto.periodic_ERR [11.03283671] Calling cmdPeriodic.
FrcAuto.periodic_ERR [11.05224947] Calling cmdPeriodic.
FrcAuto.periodic_ERR [11.074669647] Calling cmdPeriodic.
FrcAuto.periodic_ERR [11.096511854] Calling cmdPeriodic.
FrcAuto.periodic_ERR [11.122680995] Calling cmdPeriodic.
FrcAuto.periodic_ERR [11.137583671] Calling cmdPeriodic.
FrcAuto.periodic_ERR [11.159793867] Calling cmdPeriodic.
FrcAuto.periodic_ERR [11.180507522] Calling cmdPeriodic.
FrcAuto.periodic_ERR [11.197438137] Calling cmdPeriodic.
FrcAuto.periodic_ERR [11.208613442] Calling cmdPeriodic.
FrcAuto.periodic_ERR [11.226055692] Calling cmdPeriodic.
FrcAuto.periodic_ERR [11.24098939] Calling cmdPeriodic.
FrcAuto.periodic_ERR [11.25118873] Calling cmdPeriodic.
FrcAuto.periodic_ERR [11.27394898] Calling cmdPeriodic.
FrcAuto.periodic_ERR [11.300051238] Calling cmdPeriodic.
FrcAuto.periodic_ERR [11.321230626] Calling cmdPeriodic.
FrcAuto.periodic_ERR [11.354111834] Calling cmdPeriodic.
FrcAuto.periodic_ERR [11.367701532] Calling cmdPeriodic.
FrcAuto.periodic_ERR [11.384280631] Calling cmdPeriodic.
FrcAuto.periodic_ERR [11.401618965] Calling cmdPeriodic.
FrcAuto.periodic_ERR [11.421289307] Calling cmdPeriodic.
FrcAuto.periodic_ERR [11.444258496] Calling cmdPeriodic.
FrcAuto.periodic_ERR [11.472177662] Calling cmdPeriodic.
FrcAuto.periodic_ERR [11.49938169] Calling cmdPeriodic.
FrcAuto.periodic_ERR [11.524698312] Calling cmdPeriodic.
purePursuitDrive.driveTask_INFO [11.534703456] Done: index=2/3, stalled=false, timeout=false, posOnTarget=true, headingOnTarget=true, robotPose=(x=-268.548206,y=60.278579,angle=-171.325349)
purePursuitDrive.driveTask_INFO [11.53778368] Signal completion event (CmdDcmpAuto=CLEARED).
FrcAuto.periodic_ERR [11.544136374] Calling cmdPeriodic.
CmdDcmpAuto.cmdPeriodic_INFO [11.547459234] <Event name="StateInfo" time="11.54715343" tag="vvvvv" CmdDcmpAuto.state="AUTO_CLIMB" />
TaskAutoClimb.autoClimb_INFO [11.557825942] autoClimb(owner=null, event=(CmdDcmpAuto=SIGNALED), taskParams=(climbSide=DEPOT, alliance=Blue, climbDelay=4.945208136))
CmdDcmpAuto.cmdPeriodic_INFO [11.56361441] <Event name="StateInfo" time="11.563392366" tag="^^^^^" CmdDcmpAuto.state="AUTO_CLIMB" />
TaskAutoClimb.autoTask_INFO [11.565779069] <Event name="StateInfo" time="11.565562892" tag="vvvvv" TaskAutoClimb.state="START" />
TaskAutoClimb.runTaskState_INFO [11.571586986] ***** Enabling GoalTracking on turret only.
Shooter.enableGoalTracking_INFO [11.576583484] EnableGoalTracking: goalTrackingParams=(trackFlywheel=false,trackTiltPos=false,trackPanPos=true), noPassback=true
Shooter.setupGoalTrackingMode_INFO [11.579378185] AlliancHub: alliance=Blue, fieldLengthZone=0, fieldWidthZone=0.
Shooter.setupGoalTrackingMode_INFO [11.583637142] GoalTracking(trackingMode=AllianceHub, goalPose=(x=-158.838583,y=182.110000,angle=0.000000), noPassback=true).
Shooter.LeftShooter.enableGoalTracking_INFO [11.585069353] Enable GoalTracking (trackingParams=(trackFlywheel=false,trackTiltPos=false,trackPanPos=true)).
Shooter.LeftPrimaryMotor.cancel_INFO [11.587243594] Cancel: stopping motor.
Shooter.LeftTiltMotor.cancel_INFO [11.590063163] Cancel: stopping motor.
Shooter.RightShooter.enableGoalTracking_INFO [11.59253066] Enable GoalTracking (trackingParams=(trackFlywheel=false,trackTiltPos=false,trackPanPos=true)).
Shooter.RightPrimaryMotor.cancel_INFO [11.594818098] Cancel: stopping motor.
Shooter.RightTiltMotor.cancel_INFO [11.602452496] Cancel: stopping motor.
Shooter.enableGoalTracking_ERR [11.604628634] EnableGoalTrackingTimestamps=[11.578767099, 11.584829005, 11.592242522, 11.603953629]
purePursuitDrive.start_INFO [11.637729301] Path=TrcPath(degrees=true, [Waypoint(simple=true,index=0,pose=(x=-268.454733,y=60.302617,angle=-171.275043),vel=0.0), Waypoint(simple=true,index=1,pose=(x=-202.958048,y=43.243930,angle=-89.956055),vel=168.60106806494963), Waypoint(simple=false,index=-1,timestep=0.3589680442729558,pose=(x=-197.723098,y=43.239915,angle=-89.956055),vel=37.691644648660365,encPos=0.0,accel=0.0,jerk=0.0), Waypoint(simple=true,index=2,pose=(x=-190.958052,y=43.234726,angle=-89.956055),vel=0.0)])
TaskAutoClimb.autoTask_INFO [11.640790588] <Event name="StateInfo" time="11.640594377" tag="^^^^^" TaskAutoClimb.state="START" />
FrcAuto.periodic_ERR [11.668104961] Calling cmdPeriodic.
FrcAuto.periodic_ERR [11.750669024] Calling cmdPeriodic.
FrcAuto.periodic_ERR [11.814716143] Calling cmdPeriodic.
FrcAuto.periodic_ERR [11.861476922] Calling cmdPeriodic.
FrcAuto.periodic_ERR [11.906240288] Calling cmdPeriodic.
FrcAuto.periodic_ERR [11.964241043] Calling cmdPeriodic.
FrcAuto.periodic_ERR [12.000291079] Calling cmdPeriodic.
FrcAuto.periodic_ERR [12.052608772] Calling cmdPeriodic.
FrcAuto.periodic_ERR [12.094884071] Calling cmdPeriodic.
FrcAuto.periodic_ERR [12.138938841] Calling cmdPeriodic.
FrcAuto.periodic_ERR [12.181281324] Calling cmdPeriodic.
FrcAuto.periodic_ERR [12.224625636] Calling cmdPeriodic.
FrcAuto.periodic_ERR [12.266356643] Calling cmdPeriodic.
FrcAuto.periodic_ERR [12.313508673] Calling cmdPeriodic.
FrcAuto.periodic_ERR [12.366649207] Calling cmdPeriodic.
FrcAuto.periodic_ERR [12.40253506] Calling cmdPeriodic.
FrcAuto.periodic_ERR [12.45668183] Calling cmdPeriodic.
FrcAuto.periodic_ERR [12.507903104] Calling cmdPeriodic.
FrcAuto.periodic_ERR [12.54776611] Calling cmdPeriodic.
FrcAuto.periodic_ERR [12.590373447] Calling cmdPeriodic.
FrcAuto.periodic_ERR [12.651620181] Calling cmdPeriodic.
FrcAuto.periodic_ERR [12.698151001] Calling cmdPeriodic.
FrcAuto.periodic_ERR [12.739614731] Calling cmdPeriodic.
FrcAuto.periodic_ERR [12.786837831] Calling cmdPeriodic.
FrcAuto.periodic_ERR [12.845571747] Calling cmdPeriodic.
FrcAuto.periodic_ERR [12.898794323] Calling cmdPeriodic.
FrcAuto.periodic_ERR [12.96123859] Calling cmdPeriodic.
FrcAuto.periodic_ERR [13.006572339] Calling cmdPeriodic.
FrcAuto.periodic_ERR [13.053641403] Calling cmdPeriodic.
FrcAuto.periodic_ERR [13.101123731] Calling cmdPeriodic.
FrcAuto.periodic_ERR [13.144087707] Calling cmdPeriodic.
FrcAuto.periodic_ERR [13.186928218] Calling cmdPeriodic.
FrcAuto.periodic_ERR [13.226768408] Calling cmdPeriodic.
FrcAuto.periodic_ERR [13.27270833] Calling cmdPeriodic.
Climber.Motor.pidCtrlTask_INFO [13.311043964] controlMode: Position,onTarget=true(24.499285437277013/25.4), stalled=false, expired=false, event=(TaskAutoClimb.climberEvent=SIGNALED)
FrcAuto.periodic_ERR [13.322131441] Calling cmdPeriodic.
FrcAuto.periodic_ERR [13.376041305] Calling cmdPeriodic.
FrcAuto.periodic_ERR [13.421003887] Calling cmdPeriodic.
FrcAuto.periodic_ERR [13.473832213] Calling cmdPeriodic.
FrcAuto.periodic_ERR [13.52039369] Calling cmdPeriodic.
FrcAuto.periodic_ERR [13.555143563] Calling cmdPeriodic.
FrcAuto.periodic_ERR [13.597769145] Calling cmdPeriodic.
FrcAuto.periodic_ERR [13.645989936] Calling cmdPeriodic.
FrcAuto.periodic_ERR [13.688963183] Calling cmdPeriodic.
FrcAuto.periodic_ERR [13.721630816] Calling cmdPeriodic.
FrcAuto.periodic_ERR [13.765637494] Calling cmdPeriodic.
FrcAuto.periodic_ERR [13.82194105] Calling cmdPeriodic.
FrcAuto.periodic_ERR [13.867102457] Calling cmdPeriodic.
FrcAuto.periodic_ERR [13.93043799] Calling cmdPeriodic.
FrcAuto.periodic_ERR [13.977293779] Calling cmdPeriodic.
FrcAuto.periodic_ERR [14.023807315] Calling cmdPeriodic.
FrcAuto.periodic_ERR [14.084999622] Calling cmdPeriodic.
FrcAuto.periodic_ERR [14.12433229] Calling cmdPeriodic.
FrcAuto.periodic_ERR [14.173324652] Calling cmdPeriodic.
Shooter.fieldTriggerCallback_INFO [14.228202354] FieldTriggerCallback: canceled=false, zoneCtxt=(value--188.196666,prevZone=0,currZone=1)
Shooter.setupGoalTrackingMode_INFO [14.231153438] AlliancHub: alliance=Blue, fieldLengthZone=0, fieldWidthZone=1.
Shooter.setupGoalTrackingMode_INFO [14.232966903] GoalTracking(trackingMode=AllianceHub, goalPose=(x=-158.838583,y=182.110000,angle=0.000000), noPassback=true).
FrcAuto.periodic_ERR [14.237078585] Calling cmdPeriodic.
FrcAuto.periodic_ERR [14.289791547] Calling cmdPeriodic.
Shooter.fieldTriggerCallback_INFO [14.331543933] FieldTriggerCallback: canceled=false, zoneCtxt=(value--188.925878,prevZone=1,currZone=0)
Shooter.setupGoalTrackingMode_INFO [14.3336836] AlliancHub: alliance=Blue, fieldLengthZone=0, fieldWidthZone=0.
Shooter.setupGoalTrackingMode_INFO [14.337150743] GoalTracking(trackingMode=AllianceHub, goalPose=(x=-158.838583,y=182.110000,angle=0.000000), noPassback=true).
FrcAuto.periodic_ERR [14.340567986] Calling cmdPeriodic.
Shooter.fieldTriggerCallback_INFO [14.38360934] FieldTriggerCallback: canceled=false, zoneCtxt=(value--187.138187,prevZone=0,currZone=1)
Shooter.setupGoalTrackingMode_INFO [14.385105569] AlliancHub: alliance=Blue, fieldLengthZone=0, fieldWidthZone=1.
Shooter.setupGoalTrackingMode_INFO [14.386446622] GoalTracking(trackingMode=AllianceHub, goalPose=(x=-158.838583,y=182.110000,angle=0.000000), noPassback=true).
FrcAuto.periodic_ERR [14.396568041] Calling cmdPeriodic.
Shooter.fieldTriggerCallback_INFO [14.455456789] FieldTriggerCallback: canceled=false, zoneCtxt=(value--189.669168,prevZone=1,currZone=0)
Shooter.setupGoalTrackingMode_INFO [14.456952937] AlliancHub: alliance=Blue, fieldLengthZone=0, fieldWidthZone=0.
Shooter.setupGoalTrackingMode_INFO [14.45832786] GoalTracking(trackingMode=AllianceHub, goalPose=(x=-158.838583,y=182.110000,angle=0.000000), noPassback=true).
FrcAuto.periodic_ERR [14.461332053] Calling cmdPeriodic.
FrcAuto.periodic_ERR [14.520891731] Calling cmdPeriodic.
Shooter.fieldTriggerCallback_INFO [14.560891264] FieldTriggerCallback: canceled=false, zoneCtxt=(value--188.826275,prevZone=0,currZone=1)
Shooter.setupGoalTrackingMode_INFO [14.563622822] AlliancHub: alliance=Blue, fieldLengthZone=0, fieldWidthZone=1.
Shooter.setupGoalTrackingMode_INFO [14.565812891] GoalTracking(trackingMode=AllianceHub, goalPose=(x=-158.838583,y=182.110000,angle=0.000000), noPassback=true).
FrcAuto.periodic_ERR [14.569202732] Calling cmdPeriodic.
Shooter.fieldTriggerCallback_INFO [14.613776463] FieldTriggerCallback: canceled=false, zoneCtxt=(value--188.876354,prevZone=1,currZone=0)
Shooter.setupGoalTrackingMode_INFO [14.614369272] AlliancHub: alliance=Blue, fieldLengthZone=0, fieldWidthZone=0.
Shooter.setupGoalTrackingMode_INFO [14.617882021] GoalTracking(trackingMode=AllianceHub, goalPose=(x=-158.838583,y=182.110000,angle=0.000000), noPassback=true).
FrcAuto.periodic_ERR [14.625924017] Calling cmdPeriodic.
Shooter.fieldTriggerCallback_INFO [14.671564529] FieldTriggerCallback: canceled=false, zoneCtxt=(value--188.257008,prevZone=0,currZone=1)
Shooter.setupGoalTrackingMode_INFO [14.672532576] AlliancHub: alliance=Blue, fieldLengthZone=0, fieldWidthZone=1.
Shooter.setupGoalTrackingMode_INFO [14.673454989] GoalTracking(trackingMode=AllianceHub, goalPose=(x=-158.838583,y=182.110000,angle=0.000000), noPassback=true).
FrcAuto.periodic_ERR [14.683970997] Calling cmdPeriodic.
FrcAuto.periodic_ERR [14.732506166] Calling cmdPeriodic.
FrcAuto.periodic_ERR [14.778895457] Calling cmdPeriodic.
FrcAuto.periodic_ERR [14.815029073] Calling cmdPeriodic.
FrcAuto.periodic_ERR [14.866119806] Calling cmdPeriodic.
FrcAuto.periodic_ERR [14.91415541] Calling cmdPeriodic.
Shooter.fieldTriggerCallback_INFO [14.966100582] FieldTriggerCallback: canceled=false, zoneCtxt=(value--189.663003,prevZone=1,currZone=0)
Shooter.setupGoalTrackingMode_INFO [14.968270581] AlliancHub: alliance=Blue, fieldLengthZone=0, fieldWidthZone=0.
Shooter.setupGoalTrackingMode_INFO [14.971368972] GoalTracking(trackingMode=AllianceHub, goalPose=(x=-158.838583,y=182.110000,angle=0.000000), noPassback=true).
FrcAuto.periodic_ERR [14.975891885] Calling cmdPeriodic.
FrcAuto.periodic_ERR [15.017762881] Calling cmdPeriodic.
FrcAuto.periodic_ERR [15.078558731] Calling cmdPeriodic.
FrcAuto.periodic_ERR [15.121725222] Calling cmdPeriodic.
FrcAuto.periodic_ERR [15.176527531] Calling cmdPeriodic.
FrcAuto.periodic_ERR [15.226868963] Calling cmdPeriodic.
FrcAuto.periodic_ERR [15.275642796] Calling cmdPeriodic.
FrcAuto.periodic_ERR [15.327251291] Calling cmdPeriodic.
FrcAuto.periodic_ERR [15.362356156] Calling cmdPeriodic.
FrcAuto.periodic_ERR [15.403045635] Calling cmdPeriodic.
FrcAuto.periodic_ERR [15.460399098] Calling cmdPeriodic.
FrcAuto.periodic_ERR [15.50264928] Calling cmdPeriodic.
FrcAuto.periodic_ERR [15.553420642] Calling cmdPeriodic.
FrcAuto.periodic_ERR [15.59599923] Calling cmdPeriodic.
FrcAuto.periodic_ERR [15.647414758] Calling cmdPeriodic.
FrcAuto.periodic_ERR [15.686553828] Calling cmdPeriodic.
Shooter.fieldTriggerCallback_INFO [15.729959188] FieldTriggerCallback: canceled=false, zoneCtxt=(value--188.652516,prevZone=0,currZone=1)
Shooter.setupGoalTrackingMode_INFO [15.730726537] AlliancHub: alliance=Blue, fieldLengthZone=0, fieldWidthZone=1.
Shooter.setupGoalTrackingMode_INFO [15.739914905] GoalTracking(trackingMode=AllianceHub, goalPose=(x=-158.838583,y=182.110000,angle=0.000000), noPassback=true).
FrcAuto.periodic_ERR [15.742188914] Calling cmdPeriodic.
Shooter.fieldTriggerCallback_INFO [15.817262891] FieldTriggerCallback: canceled=false, zoneCtxt=(value--189.652670,prevZone=1,currZone=0)
Shooter.setupGoalTrackingMode_INFO [15.819346038] AlliancHub: alliance=Blue, fieldLengthZone=0, fieldWidthZone=0.
Shooter.setupGoalTrackingMode_INFO [15.821432734] GoalTracking(trackingMode=AllianceHub, goalPose=(x=-158.838583,y=182.110000,angle=0.000000), noPassback=true).
FrcAuto.periodic_ERR [15.824981374] Calling cmdPeriodic.
FrcAuto.periodic_ERR [15.881369001] Calling cmdPeriodic.
FrcAuto.periodic_ERR [15.921356542] Calling cmdPeriodic.
FrcAuto.periodic_ERR [15.975790382] Calling cmdPeriodic.
FrcAuto.periodic_ERR [16.009954113] Calling cmdPeriodic.
FrcAuto.periodic_ERR [16.054059889] Calling cmdPeriodic.
FrcAuto.periodic_ERR [16.096763981] Calling cmdPeriodic.
FrcAuto.periodic_ERR [16.153721227] Calling cmdPeriodic.
FrcAuto.periodic_ERR [16.198450185] Calling cmdPeriodic.
FrcAuto.periodic_ERR [16.239612281] Calling cmdPeriodic.
FrcAuto.periodic_ERR [16.289964633] Calling cmdPeriodic.
FrcAuto.periodic_ERR [16.337219771] Calling cmdPeriodic.
FrcAuto.periodic_ERR [16.376899195] Calling cmdPeriodic.
FrcAuto.periodic_ERR [16.426216415] Calling cmdPeriodic.
purePursuitDrive.driveTask_INFO [16.429303732] Done: index=3/4, stalled=false, timeout=false, posOnTarget=true, headingOnTarget=true, robotPose=(x=-190.033445,y=41.565035,angle=-90.878319)
purePursuitDrive.driveTask_INFO [16.432988163] Signal completion event (TaskAutoClimb.event=CLEARED).
TaskAutoClimb.autoTask_INFO [16.468646831] <Event name="StateInfo" time="16.468111721" tag="vvvvv" TaskAutoClimb.state="ALIGN_CLIMBER" />
purePursuitDrive.start_INFO [16.481106558] Path=TrcPath(degrees=true, [Waypoint(simple=true,index=0,pose=(x=-191.842864,y=42.777398,angle=-89.919468),vel=0.0), Waypoint(simple=false,index=-1,timestep=0.4472135954999578,pose=(x=-181.342875,y=42.762640,angle=-89.919468),vel=46.957427527495575,encPos=0.0,accel=0.0,jerk=0.0), Waypoint(simple=true,index=1,pose=(x=-170.842885,y=42.747881,angle=-89.919468),vel=0.0)])
TaskAutoClimb.autoTask_INFO [16.48364123] <Event name="StateInfo" time="16.483386992" tag="^^^^^" TaskAutoClimb.state="ALIGN_CLIMBER" />
FrcAuto.periodic_ERR [16.492566708] Calling cmdPeriodic.
FrcAuto.periodic_ERR [16.546276427] Calling cmdPeriodic.
FrcAuto.periodic_ERR [16.591292388] Calling cmdPeriodic.
FrcAuto.periodic_ERR [16.638820375] Calling cmdPeriodic.
FrcAuto.periodic_ERR [16.676498867] Calling cmdPeriodic.
FrcAuto.periodic_ERR [16.723140426] Calling cmdPeriodic.
FrcAuto.periodic_ERR [16.787456107] Calling cmdPeriodic.
FrcAuto.periodic_ERR [16.832415271] Calling cmdPeriodic.
Shooter.fieldTriggerCallback_INFO [16.865024907] FieldTriggerCallback: canceled=false, zoneCtxt=(value--187.926194,prevZone=0,currZone=1)
Shooter.setupGoalTrackingMode_INFO [16.866171599] AlliancHub: alliance=Blue, fieldLengthZone=0, fieldWidthZone=1.
Shooter.setupGoalTrackingMode_INFO [16.875861212] GoalTracking(trackingMode=AllianceHub, goalPose=(x=-158.838583,y=182.110000,angle=0.000000), noPassback=true).
FrcAuto.periodic_ERR [16.881603526] Calling cmdPeriodic.
FrcAuto.periodic_ERR [16.922966606] Calling cmdPeriodic.
FrcAuto.periodic_ERR [16.97238986] Calling cmdPeriodic.
FrcAuto.periodic_ERR [17.017532681] Calling cmdPeriodic.
FrcAuto.periodic_ERR [17.057991621] Calling cmdPeriodic.
FrcAuto.periodic_ERR [17.09927803] Calling cmdPeriodic.
FrcAuto.periodic_ERR [17.144529814] Calling cmdPeriodic.
FrcAuto.periodic_ERR [17.185488328] Calling cmdPeriodic.
FrcAuto.periodic_ERR [17.238764092] Calling cmdPeriodic.
FrcAuto.periodic_ERR [17.28585744] Calling cmdPeriodic.
FrcAuto.periodic_ERR [17.324539865] Calling cmdPeriodic.
FrcAuto.periodic_ERR [17.376334769] Calling cmdPeriodic.
FrcAuto.periodic_ERR [17.424189822] Calling cmdPeriodic.
FrcAuto.periodic_ERR [17.468527164] Calling cmdPeriodic.
FrcAuto.periodic_ERR [17.510371456] Calling cmdPeriodic.
FrcAuto.periodic_ERR [17.560429463] Calling cmdPeriodic.
FrcAuto.periodic_ERR [17.612899017] Calling cmdPeriodic.
FrcAuto.periodic_ERR [17.660834949] Calling cmdPeriodic.
FrcAuto.periodic_ERR [17.734796498] Calling cmdPeriodic.
FrcAuto.periodic_ERR [17.78369978] Calling cmdPeriodic.
FrcAuto.periodic_ERR [17.832102961] Calling cmdPeriodic.
FrcAuto.periodic_ERR [17.876259043] Calling cmdPeriodic.
FrcAuto.periodic_ERR [17.923010605] Calling cmdPeriodic.
FrcAuto.periodic_ERR [17.975160806] Calling cmdPeriodic.
TaskAutoClimb.autoTask_INFO [18.013872131] <Event name="StateInfo" time="18.012924304" tag="vvvvv" TaskAutoClimb.state="CLIMB_DELAY" />
TaskAutoClimb.autoTask_INFO [18.016747292] <Event name="StateInfo" time="18.015329967" tag="^^^^^" TaskAutoClimb.state="CLIMB_DELAY" />
FrcAuto.periodic_ERR [18.023226472] Calling cmdPeriodic.
FrcAuto.periodic_ERR [18.073711163] Calling cmdPeriodic.
FrcAuto.periodic_ERR [18.118996222] Calling cmdPeriodic.
FrcAuto.periodic_ERR [18.172236849] Calling cmdPeriodic.
FrcAuto.periodic_ERR [18.224536898] Calling cmdPeriodic.
FrcAuto.periodic_ERR [18.26125967] Calling cmdPeriodic.
FrcAuto.periodic_ERR [18.304053175] Calling cmdPeriodic.
FrcAuto.periodic_ERR [18.344409903] Calling cmdPeriodic.
FrcAuto.periodic_ERR [18.38646694] Calling cmdPeriodic.
FrcAuto.periodic_ERR [18.430307799] Calling cmdPeriodic.
FrcAuto.periodic_ERR [18.475258277] Calling cmdPeriodic.
FrcAuto.periodic_ERR [18.516097044] Calling cmdPeriodic.
FrcAuto.periodic_ERR [18.556125288] Calling cmdPeriodic.
FrcAuto.periodic_ERR [18.602377254] Calling cmdPeriodic.
FrcAuto.periodic_ERR [18.655478431] Calling cmdPeriodic.
FrcAuto.periodic_ERR [18.708147815] Calling cmdPeriodic.
FrcAuto.periodic_ERR [18.752010629] Calling cmdPeriodic.
FrcAuto.periodic_ERR [18.795905519] Calling cmdPeriodic.
FrcAuto.periodic_ERR [18.829079901] Calling cmdPeriodic.
FrcAuto.periodic_ERR [18.882787734] Calling cmdPeriodic.
FrcAuto.periodic_ERR [18.917806199] Calling cmdPeriodic.
FrcAuto.periodic_ERR [18.963164871] Calling cmdPeriodic.
FrcAuto.periodic_ERR [18.998773021] Calling cmdPeriodic.
FrcAuto.periodic_ERR [19.038443796] Calling cmdPeriodic.
FrcAuto.periodic_ERR [19.080652128] Calling cmdPeriodic.
FrcAuto.periodic_ERR [19.122988221] Calling cmdPeriodic.
FrcAuto.periodic_ERR [19.168962518] Calling cmdPeriodic.
FrcAuto.periodic_ERR [19.228682354] Calling cmdPeriodic.
FrcAuto.periodic_ERR [19.269852211] Calling cmdPeriodic.
FrcAuto.periodic_ERR [19.311647076] Calling cmdPeriodic.
FrcAuto.periodic_ERR [19.362186113] Calling cmdPeriodic.
FrcAuto.periodic_ERR [19.400425992] Calling cmdPeriodic.
FrcAuto.periodic_ERR [19.451698876] Calling cmdPeriodic.
FrcAuto.periodic_ERR [19.49010366] Calling cmdPeriodic.
FrcAuto.periodic_ERR [19.533578507] Calling cmdPeriodic.
FrcAuto.periodic_ERR [19.580853653] Calling cmdPeriodic.
FrcAuto.periodic_ERR [19.621116439] Calling cmdPeriodic.
FrcAuto.periodic_ERR [19.655550769] Calling cmdPeriodic.
FrcAuto.periodic_ERR [19.701565774] Calling cmdPeriodic.
FrcAuto.periodic_ERR [19.747204369] Calling cmdPeriodic.
FrcAuto.periodic_ERR [19.787275517] Calling cmdPeriodic.
FrcAuto.periodic_ERR [19.822948753] Calling cmdPeriodic.
FrcAuto.periodic_ERR [19.860155245] Calling cmdPeriodic.
FrcAuto.periodic_ERR [19.902581401] Calling cmdPeriodic.
FrcAuto.periodic_ERR [19.946865982] Calling cmdPeriodic.
FrcAuto.periodic_ERR [19.998280685] Calling cmdPeriodic.
FrcAuto.periodic_ERR [20.04441397] Calling cmdPeriodic.
FrcAuto.periodic_ERR [20.091323353] Calling cmdPeriodic.
FrcAuto.periodic_ERR [20.142192776] Calling cmdPeriodic.
FrcAuto.periodic_ERR [20.177164556] Calling cmdPeriodic.
FrcAuto.periodic_ERR [20.224229406] Calling cmdPeriodic.
FrcAuto.periodic_ERR [20.266265271] Calling cmdPeriodic.
FrcAuto.periodic_ERR [20.31481151] Calling cmdPeriodic.
FrcAuto.periodic_ERR [20.35876301] Calling cmdPeriodic.
FrcAuto.periodic_ERR [20.402076247] Calling cmdPeriodic.
FrcAuto.periodic_ERR [20.45290549] Calling cmdPeriodic.
FrcAuto.periodic_ERR [20.509232363] Calling cmdPeriodic.
FrcAuto.periodic_ERR [20.555016185] Calling cmdPeriodic.
FrcRobot.startCompetition_INFO [20.593832258] *** Transitioning from AUTO_MODE to DISABLED_MODE ***
Shooter.LeftShooter.disableGoalTracking_INFO [20.597670043] Disable Goal Tracking.
Shooter.LeftShooter.stopGoalTracking_INFO [20.598643679] Stop GoalTracking.
Shooter.LeftTiltMotor.cancel_INFO [20.600402547] Cancel: stopping motor.
Shooter.LeftPrimaryMotor.cancel_INFO [20.602656872] Cancel: stopping motor.
Shooter.RightShooter.disableGoalTracking_INFO [20.603784366] Disable Goal Tracking.
Shooter.RightShooter.stopGoalTracking_INFO [20.604691045] Stop GoalTracking.
Shooter.RightTiltMotor.cancel_INFO [20.606703717] Cancel: stopping motor.
Shooter.RightPrimaryMotor.cancel_INFO [20.608409877] Cancel: stopping motor.
Robot.cancelAll_INFO [20.610641263] Cancel all operations.
Shooter.LeftShooter.cancel_INFO [20.614374662] owner=null
Shooter.LeftPrimaryMotor.cancel_INFO [20.615866578] Cancel: stopping motor.
Shooter.LeftTiltMotor.cancel_INFO [20.617362417] Cancel: stopping motor.
Shooter.RightShooter.cancel_INFO [20.618577131] owner=null
Shooter.RightPrimaryMotor.cancel_INFO [20.619642143] Cancel: stopping motor.
Shooter.RightTiltMotor.cancel_INFO [20.621286641] Cancel: stopping motor.
Shooter.LeftTransferMotor.cancel_INFO [20.623428946] Cancel: stopping motor.
Shooter.RightTransferMotor.cancel_INFO [20.625084734] Cancel: stopping motor.
Shooter.FeederMotor.cancel_INFO [20.626734424] Cancel: stopping motor.
Shooter.stopTilt_ERR [20.628381563] StopTilt is called
Shooter.LeftTiltMotor.pidCtrlTask_INFO [20.659046437] controlMode: Position,onTarget=true(16.948658092756915/17.0), stalled=false, expired=false, event=(stopLeftTilt=SIGNALED)
Shooter.RightTiltMotor.pidCtrlTask_INFO [20.680758635] controlMode: Position,onTarget=true(16.988185529780566/17.0), stalled=false, expired=false, event=(stopRightTilt=SIGNALED)
Intake.IntakeMotor.cancel_INFO [20.68743271] Cancel: stopping motor.
Climber.Motor.cancel_INFO [20.690683261] Cancel: stopping motor.
TaskAutoShoot.cancel_INFO [20.69713831] Canceling auto task operation.
TaskAutoClimb.cancel_INFO [20.699271306] Canceling auto task operation.
TaskAutoClimb.stopSubsystems_INFO [20.701482336] Stopping subsystems.
Climber.Motor.cancel_INFO [20.710184323] Cancel: stopping motor.
FrcRobot.printPerformanceMetrics_INFO [20.730745509] [FrcRobot] Loop Performance Metrics:
Average Loop Interval = 0.001602s (freq=624.115Hz, min=0.000857s, max=0.545878s)
[03]                StartTask=0.000000s
[04]          PrePeriodicTask=0.000102s
[07]               UpdateTask=0.000970s
[02]                StartMode=0.000000s
[06]         PostPeriodicTask=0.000211s
[08]                 StopTask=0.000000s
[09]                 StopMode=0.000000s
[00]                RobotInit=18.360229s
[01]           RobotStartMode=0.000003s
[05]                 Periodic=0.000255s
[10]            RobotStopMode=0.000001s

TrcTaskMgr.printTaskPerformanceMetrics_INFO [20.739444775] FrcDashboard.task: STANDALONE_TASK=5.160698362892223E-4/0.010667924675306957
TrcTaskMgr.printTaskPerformanceMetrics_INFO [20.741396469] TrcWatchdogMgr: STANDALONE_TASK=1.6317305421686745E-4/0.9943309174036145
TrcTaskMgr.printTaskPerformanceMetrics_INFO [20.743529829] flDriveMotor.pidCtrlTask: OUTPUT_TASK=2.4794898780912576E-5/0.011548583016997562
TrcTaskMgr.printTaskPerformanceMetrics_INFO [20.744902848] flDriveMotor.odometryCleanupTask: STOP_TASK=4.772E-5/10.3494618935
TrcTaskMgr.printTaskPerformanceMetrics_INFO [20.747904607] frDriveMotor.pidCtrlTask: OUTPUT_TASK=1.4449232810867293E-5/0.011548574720376174
TrcTaskMgr.printTaskPerformanceMetrics_INFO [20.757258468] blDriveMotor.pidCtrlTask: OUTPUT_TASK=1.198268013374199E-5/0.011548524355043189
TrcTaskMgr.printTaskPerformanceMetrics_INFO [20.761592935] brDriveMotor.pidCtrlTask: OUTPUT_TASK=1.1033760395625827E-5/0.011548466740475029
TrcTaskMgr.printTaskPerformanceMetrics_INFO [20.763163168] flSteerMotor.pidCtrlTask: OUTPUT_TASK=1.4279978686355089E-5/0.011548465365884237
TrcTaskMgr.printTaskPerformanceMetrics_INFO [20.765191888] frSteerMotor.pidCtrlTask: OUTPUT_TASK=1.2668727310719508E-5/0.011548495551647279
TrcTaskMgr.printTaskPerformanceMetrics_INFO [20.767262165] blSteerMotor.pidCtrlTask: OUTPUT_TASK=1.3869186947133803E-5/0.01154849855965731
TrcTaskMgr.printTaskPerformanceMetrics_INFO [20.771444024] brSteerMotor.pidCtrlTask: OUTPUT_TASK=1.1045098627847043E-5/0.011548500513617051
TrcTaskMgr.printTaskPerformanceMetrics_INFO [20.774512798] FrcSwerveDrive.odometryTask: INPUT_TASK=0.002942871719563392/0.01736290752392947
TrcTaskMgr.printTaskPerformanceMetrics_INFO [20.776655322] FrcSwerveDrive.stopTask: STOP_TASK=0.0047085015/10.3494258095
TrcTaskMgr.printTaskPerformanceMetrics_INFO [20.778163858] purePursuitDrive.driveTask: POST_PERIODIC_TASK=0.008734831498666667/0.053562970176
TrcTaskMgr.printTaskPerformanceMetrics_INFO [20.781794769] LED: OUTPUT_TASK=4.530487694129118E-5/0.01154833398495717
TrcTaskMgr.printTaskPerformanceMetrics_INFO [20.783021769] LED.ledTask: OUTPUT_TASK=2.634237753656307E-4/0.0110130505345064
TrcTaskMgr.printTaskPerformanceMetrics_INFO [20.784155426] Shooter.LeftPrimaryMotor.pidCtrlTask: OUTPUT_TASK=1.0272817118183716E-5/0.011548295656870254
TrcTaskMgr.printTaskPerformanceMetrics_INFO [20.786379637] Shooter.LeftFollowerMotor.pidCtrlTask: OUTPUT_TASK=4.75386628595306E-6/0.011548294762170067
TrcTaskMgr.printTaskPerformanceMetrics_INFO [20.787760057] Shooter.LeftTiltMotor.pidCtrlTask: OUTPUT_TASK=1.5048768737377255E-4/0.011548308981057177
TrcTaskMgr.printTaskPerformanceMetrics_INFO [20.790712613] Shooter.LeftShooter.ShooterMotor1VelTrigger.triggerTask: PRE_PERIODIC_TASK=3.443201052631579E-4/0.09392439836842105
TrcTaskMgr.printTaskPerformanceMetrics_INFO [20.795420518] Shooter.LeftShooter.goalTracking: POST_PERIODIC_TASK=0.035145434026666665/0.06636333638666667
TrcTaskMgr.printTaskPerformanceMetrics_INFO [20.79731602] Shooter.LeftTransferMotor.pidCtrlTask: OUTPUT_TASK=6.76934282729805E-6/0.011548209099164345
TrcTaskMgr.printTaskPerformanceMetrics_INFO [20.799356994] Shooter.RightPrimaryMotor.pidCtrlTask: OUTPUT_TASK=8.154980362116991E-6/0.011548208149025069
TrcTaskMgr.printTaskPerformanceMetrics_INFO [20.801804089] Shooter.RightFollowerMotor.pidCtrlTask: OUTPUT_TASK=5.125015807799443E-6/0.0115482074571727
TrcTaskMgr.printTaskPerformanceMetrics_INFO [20.805081794] Shooter.RightTiltMotor.pidCtrlTask: OUTPUT_TASK=1.3743598851054942E-4/0.011548054691316761
TrcTaskMgr.printTaskPerformanceMetrics_INFO [20.806716831] Shooter.RightShooter.ShooterMotor1VelTrigger.triggerTask: PRE_PERIODIC_TASK=1.9638011111111113E-4/0.06897087013888889
TrcTaskMgr.printTaskPerformanceMetrics_INFO [20.80862839] Shooter.RightShooter.goalTracking: POST_PERIODIC_TASK=0.003564756211356467/0.06265281521135647
TrcTaskMgr.printTaskPerformanceMetrics_INFO [20.815281393] Shooter.RightTransferMotor.pidCtrlTask: OUTPUT_TASK=7.102530636401615E-6/0.01154800625483916
TrcTaskMgr.printTaskPerformanceMetrics_INFO [20.817431013] Shooter.TurretMotor.pidCtrlTask: OUTPUT_TASK=5.837226975351622E-4/0.011548005452235065
TrcTaskMgr.printTaskPerformanceMetrics_INFO [20.818965647] Shooter.FeederMotor.pidCtrlTask: OUTPUT_TASK=6.038212435593929E-6/0.011547966578192452
TrcTaskMgr.printTaskPerformanceMetrics_INFO [20.822032482] ShooterfieldLengthTrigger.triggerTask: PRE_PERIODIC_TASK=1.2557344133353972E-5/0.0015990833410374986
TrcTaskMgr.printTaskPerformanceMetrics_INFO [20.823325376] ShooterfieldWidthTrigger.triggerTask: PRE_PERIODIC_TASK=5.737508687744282E-6/0.0015990897884466545
TrcTaskMgr.printTaskPerformanceMetrics_INFO [20.825534265] Intake.IntakeMotor.pidCtrlTask: OUTPUT_TASK=7.480646870430968E-6/0.011547943845784307
TrcTaskMgr.printTaskPerformanceMetrics_INFO [20.827904138] Climber.Motor.pidCtrlTask: OUTPUT_TASK=6.365827020817378E-5/0.011547942672770312
TrcTaskMgr.printTaskPerformanceMetrics_INFO [20.830400713] TaskAutoShoot: POST_PERIODIC_TASK=0.005396096822222223/0.07930546255555555
TrcTaskMgr.printTaskPerformanceMetrics_INFO [20.838476454] TaskAutoClimb: POST_PERIODIC_TASK=5.937753862433862E-4/0.04776078777777778
