Shooter.LeftTiltMotor.isMotorStalled_INFO [0.009470022] Stall detection triggered.
Shooter.LeftTiltMotor.checkStallReset_INFO [0.015990093] Resetting stall.
Shooter.RightTiltMotor.isMotorStalled_INFO [0.018795654] Stall detection triggered.
Shooter.RightTiltMotor.checkStallReset_INFO [0.021363174] Resetting stall.
Shooter.TurretMotor.isMotorStalled_INFO [0.025952832] Stall detection triggered.
Climber.Motor.isMotorStalled_INFO [0.028993872] Stall detection triggered.
Climber.Motor.checkStallReset_INFO [0.03761467] Resetting stall.
Robot.robotStartMode_INFO [0.039918384] Fri Apr 10 17:21:53 UTC 2026: ***** AUTO_MODE *****
Robot.robotStartMode_INFO [0.046454837] <BuildInfo Host="TRC492-DS2024" User="User" Timestamp="2026-04-10 09:57:47" Branch="dev" />
FrcAuto.startMode_INFO [0.055234653] <Info name="MatchInfo" date="Fri Apr 10 17:21:53 UTC 2026" event="PNCMP" type="Qualification" match=39 replay=1 alliance="Blue" location=1 gameMsg="" />
FrcAuto.startMode_INFO [0.065071543] <Info name="AutoChoices" alliance="Blue" strategy="DCMP_AUTO" startPos="START_POS_DEPOT" startDelay=0.0 sec depotPickup="false" outpostPickup="false" neutralZonePickup="true" moveTo="DEPOT" passBack="NONE" climb="false" climbSide="DEPOT" neutralZoneCycles="0.0" type="TRENCH" sweepDistance="PUSH_FUEL" pathFile="DrivePath.csv" xDistance=0.0 ft yDistance=0.0 ft turnDegrees=0.0 deg driveTime=0.0 sec drivePower=0.0"  />
FrcAuto.startMode_ERR [0.07996892] Selecting Dcmp Auto.
Shooter.stopTiltCallback_ERR [0.126798325] StopRightTilt was completed.
Shooter.stopTiltCallback_ERR [0.129057563] StopLeftTilt was completed.
CmdDcmpAuto.cmdPeriodic_INFO [0.136296879] <Event name="StateInfo" time="0.136054196" tag="vvvvv" CmdDcmpAuto.state="START" />
Shooter.LeftTiltMotor.isMotorStalled_INFO [0.142040557] Stall detection triggered.
Shooter.LeftTiltMotor.checkStallReset_INFO [0.145298504] Resetting stall.
Shooter.RightTiltMotor.isMotorStalled_INFO [0.147156021] Stall detection triggered.
Shooter.RightTiltMotor.checkStallReset_INFO [0.15035113] Resetting stall.
Robot.zeroCalibrate_INFO [0.151417194] Zero calibrate all subsystems.
Shooter.TurretMotor.isMotorStalled_INFO [0.159042381] Stall detection triggered.
TrcSubsystem.zeroCalibrateAll_INFO [0.160016052] ZeroCalibrate(Subsystem=Shooter, owner=null, event=null)
Climber.Motor.isMotorStalled_INFO [0.166157308] Stall detection triggered.
Shooter.zeroCalibrate_INFO [0.167286185] ZeroCalibrate left shooter.
Climber.Motor.checkStallReset_INFO [0.174428581] Resetting stall.
Shooter.zeroCalibrate_INFO [0.203964463] ZeroCalibrate right shooter.
TrcWatchdogMgr.checkForExpiration_WARN [0.22565586] ([1.7758417135186872E9]main.watchdog:threshold=1.0,expiredTime=1.7739814041600323E9,expired=true,paused=false) expired.
TrcDbgTrace.checkForExpiration_INFO [0.236208237] Thread stack: 
java.base@17.0.9.7-frc/java.lang.Object.clone(Native Method)
java.base@17.0.9.7-frc/java.lang.invoke.MemberName.clone(Unknown Source)
java.base@17.0.9.7-frc/java.lang.invoke.MemberName$Factory.resolve(Unknown Source)
java.base@17.0.9.7-frc/java.lang.invoke.MemberName$Factory.resolveOrFail(Unknown Source)
java.base@17.0.9.7-frc/java.lang.invoke.MethodHandles$Lookup.resolveOrFail(Unknown Source)
java.base@17.0.9.7-frc/java.lang.invoke.MethodHandles$Lookup.findConstructor(Unknown Source)
java.base@17.0.9.7-frc/java.lang.invoke.InnerClassLambdaMetafactory.buildCallSite(Unknown Source)
java.base@17.0.9.7-frc/java.lang.invoke.LambdaMetafactory.metafactory(Unknown Source)
java.base@17.0.9.7-frc/java.lang.invoke.LambdaForm$DMH/0xabe082c0.invokeStatic(LambdaForm$DMH)
java.base@17.0.9.7-frc/java.lang.invoke.Invokers$Holder.invokeExact_MT(Unknown Source)
java.base@17.0.9.7-frc/java.lang.invoke.BootstrapMethodInvoker.invoke(Unknown Source)
java.base@17.0.9.7-frc/java.lang.invoke.CallSite.makeSite(Unknown Source)
java.base@17.0.9.7-frc/java.lang.invoke.MethodHandleNatives.linkCallSiteImpl(Unknown Source)
java.base@17.0.9.7-frc/java.lang.invoke.MethodHandleNatives.linkCallSite(Unknown Source)
app//teamcode.subsystems.Shooter.zeroCalibrate(Shooter.java:1583)
app//trclib.subsystem.TrcSubsystem.zeroCalibrateAll(TrcSubsystem.java:193)
app//teamcode.Robot.zeroCalibrate(Robot.java:533)
app//teamcode.autocommands.CmdDcmpAuto.cmdPeriodic(CmdDcmpAuto.java:227)
app//teamcode.FrcAuto.periodic(FrcAuto.java:537)
app//frclib.robotcore.FrcRobot.startCompetition(FrcRobot.java:619)
app//edu.wpi.first.wpilibj.RobotBase.runRobot(RobotBase.java:436)
app//edu.wpi.first.wpilibj.RobotBase.startRobot(RobotBase.java:527)
app//teamcode.Main.main(Main.java:33)
TrcSubsystem.zeroCalibrateAll_INFO [0.246012874] ZeroCalibrate(Subsystem=Climber, owner=null, event=null)
CmdDcmpAuto.cmdPeriodic_INFO [0.256624089] <Event name="StateInfo" time="0.250744636" tag="^^^^^" CmdDcmpAuto.state="START" />
CmdDcmpAuto.cmdPeriodic_INFO [0.27482167] <Event name="StateInfo" time="0.274545386" tag="vvvvv" CmdDcmpAuto.state="NEUTRAL_ZONE_PICKUP" />
Shooter.LeftTiltMotor.isMotorStalled_INFO [0.432414998] Stall detection triggered.
Shooter.LeftTiltMotor.zeroCalibratingMotor_WARN [0.448872873] Stalled, lower limit switch may not exist or might have failed!
Shooter.LeftTiltMotor.pidCtrlTask_INFO [0.486810784] Zero calibration done, event=(Shooter.leftTiltZeroCalCallback=CLEARED)
Shooter.LeftTiltMotor.pidCtrlTask_INFO [0.491456561] controlMode: Power,onTarget=false(-0.0717267394065857/null), stalled=false, expired=false, event=(Shooter.leftTiltZeroCalCallback=SIGNALED)
Climber.Motor.isMotorStalled_INFO [0.498469054] Stall detection triggered.
Shooter.LeftTiltMotor.isMotorStalled_INFO [0.510801037] Stall detection triggered.
Shooter.LeftTiltMotor.checkStallReset_INFO [0.516164497] Resetting stall.
Shooter.RightTiltMotor.isMotorStalled_INFO [0.522017938] Stall detection triggered.
Climber.Motor.zeroCalibratingMotor_WARN [0.526621708] Stalled, lower limit switch may not exist or might have failed!
Climber.Motor.pidCtrlTask_INFO [0.530459086] Zero calibration done, event=null
Shooter.RightTiltMotor.zeroCalibratingMotor_WARN [0.541019677] Stalled, lower limit switch may not exist or might have failed!
Shooter.RightTiltMotor.pidCtrlTask_INFO [0.548753043] Zero calibration done, event=(Shooter.rightTiltZeroCalCallback=CLEARED)
Shooter.RightTiltMotor.pidCtrlTask_INFO [0.554920402] controlMode: Power,onTarget=false(-0.07520981132984161/null), stalled=false, expired=false, event=(Shooter.rightTiltZeroCalCallback=SIGNALED)
Shooter.RightTiltMotor.isMotorStalled_INFO [0.579904116] Stall detection triggered.
Shooter.RightTiltMotor.checkStallReset_INFO [0.58803926] Resetting stall.
purePursuitDrive.start_ERR [0.675481951] ppStartTimestamps=[0.65919714, 0.65936503, 0.664788635, 0.668347556, 0.668937907, 0.669100914]
DEBUG_PERF.cmdPeriodic_ERR [0.683081941] NeutralZonePickupTimestamps=[0.278059037, 0.279453358, 0.281457967, 0.679602321, 0.679607583, 0.0, 0.0, 0.0]
CmdDcmpAuto.cmdPeriodic_INFO [0.886167621] <Event name="StateInfo" time="0.88473549" tag="^^^^^" CmdDcmpAuto.state="NEUTRAL_ZONE_PICKUP" RobotPose=(x=-300.457186,y=173.610270,angle=90.005493) TargetPose=(x=-284.806709,y=138.727268,angle=0.010986) vel=(x=-0.000000,y=0.000000,angle=-0.000000) Path=TrcPath(degrees=true, [Waypoint(simple=true,index=0,pose=(x=0.000000,y=0.000000,angle=0.000000),vel=0.0), Waypoint(simple=false,index=-1,timestep=0.20104971205682792,pose=(x=-72.848665,y=3.148370,angle=0.003705),vel=175.0,encPos=0.0,accel=0.0,jerk=0.0), Waypoint(simple=true,index=1,pose=(x=-107.999553,y=4.667520,angle=0.005493),vel=175.0), Waypoint(simple=true,index=2,pose=(x=-137.996293,y=38.670396,angle=20.005493),vel=175.0), Waypoint(simple=true,index=3,pose=(x=-137.987185,y=133.670395,angle=20.005493),vel=175.0), Waypoint(simple=true,index=4,pose=(x=-127.997923,y=21.669437,angle=-89.994507),vel=175.0), Waypoint(simple=false,index=-1,timestep=1.1690533151385474,pose=(x=-110.845013,y=20.981124,angle=-89.994507),vel=175.0,encPos=0.0,accel=0.0,jerk=0.0), Waypoint(simple=true,index=5,pose=(x=21.881501,y=15.655068,angle=-89.994507),vel=52.249401910452534), Waypoint(simple=true,index=6,pose=(x=34.881501,y=15.653821,angle=-89.994507),vel=0.0)]) />
CmdDcmpAuto.lambda$cmdPeriodic$2_INFO [0.897279351] WaypointHandler: index=0
Shooter.LeftTiltMotor.isMotorStalled_INFO [0.897727322] Stall detection triggered.
Robot.setRelocalizationMode_INFO [0.904367363] setRelocalizationMode to OneShot
Shooter.LeftTiltMotor.checkStallReset_INFO [0.906330875] Resetting stall.
Shooter.RightTiltMotor.isMotorStalled_INFO [0.917114721] Stall detection triggered.
Shooter.RightTiltMotor.checkStallReset_INFO [0.918773103] Resetting stall.
Shooter.TurretMotor.isMotorStalled_INFO [0.921340152] Stall detection triggered.
Climber.Motor.isMotorStalled_INFO [0.928639399] Stall detection triggered.
Climber.Motor.checkStallReset_INFO [0.936913976] Resetting stall.
Shooter.LeftTiltMotor.isMotorStalled_INFO [1.008742331] Stall detection triggered.
Shooter.LeftTiltMotor.checkStallReset_INFO [1.010208646] Resetting stall.
CmdDcmpAuto.lambda$cmdPeriodic$2_INFO [1.964673776] WaypointHandler: index=1
Robot.setRelocalizationMode_INFO [1.970569768] setRelocalizationMode to OneShot
Shooter.enableGoalTracking_INFO [1.98959566] EnableGoalTracking: goalTrackingParams=(trackFlywheel=false,trackTiltPos=false,trackPanPos=true), noPassback=true
Shooter.setupGoalTrackingMode_INFO [1.998397026] AlliancHub: alliance=Blue, fieldLengthZone=2, fieldWidthZone=0.
Shooter.setupGoalTrackingMode_INFO [2.004023293] GoalTracking(trackingMode=AllianceHub, goalPose=(x=-158.838583,y=182.110000,angle=0.000000), noPassback=true).
Shooter.LeftShooter.enableGoalTracking_INFO [2.029906707] Enable GoalTracking (trackingParams=(trackFlywheel=false,trackTiltPos=false,trackPanPos=true)).
Shooter.LeftPrimaryMotor.cancel_INFO [2.034554882] Cancel: stopping motor.
Shooter.LeftTiltMotor.cancel_INFO [2.03759099] Cancel: stopping motor.
Shooter.RightShooter.enableGoalTracking_INFO [2.046652832] Enable GoalTracking (trackingParams=(trackFlywheel=false,trackTiltPos=false,trackPanPos=true)).
Shooter.RightPrimaryMotor.cancel_INFO [2.047577268] Cancel: stopping motor.
Shooter.RightTiltMotor.cancel_INFO [2.064907943] Cancel: stopping motor.
Shooter.LeftTiltMotor.isMotorStalled_INFO [2.10034042] Stall detection triggered.
Shooter.LeftTiltMotor.checkStallReset_INFO [2.102959224] Resetting stall.
Shooter.RightTiltMotor.isMotorStalled_INFO [2.105477387] Stall detection triggered.
Shooter.RightTiltMotor.checkStallReset_INFO [2.108261242] Resetting stall.
Shooter.TurretMotor.isMotorStalled_INFO [2.155381183] Stall detection triggered.
Climber.Motor.isMotorStalled_INFO [2.158779223] Stall detection triggered.
Climber.Motor.checkStallReset_INFO [2.162255261] Resetting stall.
Shooter.fieldTriggerCallback_INFO [2.284750278] FieldTriggerCallback: canceled=false, zoneCtxt=(value=300.350008,prevZone=2,currZone=3)
Shooter.setupGoalTrackingMode_INFO [2.307040315] AlliancHub: alliance=Blue, fieldLengthZone=3, fieldWidthZone=0.
Shooter.setupGoalTrackingMode_INFO [2.31479964] GoalTracking(trackingMode=AllianceHub, goalPose=(x=-158.838583,y=182.110000,angle=0.000000), noPassback=true).
Climber.Motor.isMotorStalled_INFO [2.417182181] Stall detection triggered.
Climber.Motor.checkStallReset_INFO [2.420416947] Resetting stall.
CmdDcmpAuto.lambda$cmdPeriodic$2_INFO [2.423313156] WaypointHandler: index=2
Robot.setRelocalizationMode_INFO [2.42567984] setRelocalizationMode to OneShot
Shooter.LeftTiltMotor.isMotorStalled_INFO [2.441745641] Stall detection triggered.
Shooter.LeftTiltMotor.checkStallReset_INFO [2.443583261] Resetting stall.
Shooter.RightTiltMotor.isMotorStalled_INFO [2.445075593] Stall detection triggered.
Shooter.RightTiltMotor.checkStallReset_INFO [2.447078901] Resetting stall.
Climber.Motor.isMotorStalled_INFO [3.070820803] Stall detection triggered.
Climber.Motor.checkStallReset_INFO [3.079947457] Resetting stall.
Shooter.LeftTiltMotor.isMotorStalled_INFO [3.098540398] Stall detection triggered.
Shooter.LeftTiltMotor.checkStallReset_INFO [3.103202733] Resetting stall.
Shooter.RightTiltMotor.isMotorStalled_INFO [3.103714632] Stall detection triggered.
Shooter.RightTiltMotor.checkStallReset_INFO [3.104486947] Resetting stall.
Shooter.fieldTriggerCallback_INFO [3.408925003] FieldTriggerCallback: canceled=false, zoneCtxt=(value=-187.709444,prevZone=0,currZone=1)
Shooter.setupGoalTrackingMode_INFO [3.426999359] AlliancHub: alliance=Blue, fieldLengthZone=3, fieldWidthZone=1.
Shooter.setupGoalTrackingMode_INFO [3.430171028] GoalTracking(trackingMode=AllianceHub, goalPose=(x=-158.838583,y=182.110000,angle=0.000000), noPassback=true).
CmdDcmpAuto.lambda$cmdPeriodic$2_INFO [3.691025981] WaypointHandler: index=3
Robot.setRelocalizationMode_INFO [3.692182158] setRelocalizationMode to OneShot
Shooter.fieldTriggerCallback_INFO [4.123657239] FieldTriggerCallback: canceled=false, zoneCtxt=(value=-189.314140,prevZone=1,currZone=0)
Shooter.setupGoalTrackingMode_INFO [4.148462285] AlliancHub: alliance=Blue, fieldLengthZone=3, fieldWidthZone=0.
Shooter.setupGoalTrackingMode_INFO [4.157206722] GoalTracking(trackingMode=AllianceHub, goalPose=(x=-158.838583,y=182.110000,angle=0.000000), noPassback=true).
CmdDcmpAuto.lambda$cmdPeriodic$2_INFO [4.967066625] WaypointHandler: index=4
Robot.setRelocalizationMode_INFO [4.967636914] setRelocalizationMode to OneShot
Shooter.fieldTriggerCallback_INFO [4.976599287] FieldTriggerCallback: canceled=false, zoneCtxt=(value=299.269264,prevZone=3,currZone=2)
Shooter.setupGoalTrackingMode_INFO [4.980186539] AlliancHub: alliance=Blue, fieldLengthZone=2, fieldWidthZone=0.
Shooter.setupGoalTrackingMode_INFO [4.983277695] GoalTracking(trackingMode=AllianceHub, goalPose=(x=-158.838583,y=182.110000,angle=0.000000), noPassback=true).
Shooter.fieldTriggerCallback_INFO [5.717776198] FieldTriggerCallback: canceled=false, zoneCtxt=(value=215.819552,prevZone=2,currZone=1)
Shooter.setupGoalTrackingMode_INFO [5.71922182] AlliancHub: alliance=Blue, fieldLengthZone=1, fieldWidthZone=0.
Shooter.setupGoalTrackingMode_INFO [5.720702147] GoalTracking(trackingMode=AllianceHub, goalPose=(x=-158.838583,y=182.110000,angle=0.000000), noPassback=true).
CmdDcmpAuto.lambda$cmdPeriodic$2_INFO [6.199726962] WaypointHandler: index=5
Robot.setRelocalizationMode_INFO [6.202645413] setRelocalizationMode to OneShot
CmdDcmpAuto.lambda$cmdPeriodic$2_INFO [6.234428528] WaypointHandler: index=-1
Robot.setRelocalizationMode_INFO [6.235940551] setRelocalizationMode to Continuous
Shooter.fieldTriggerCallback_INFO [6.237612783] FieldTriggerCallback: canceled=false, zoneCtxt=(value=150.618950,prevZone=1,currZone=0)
Shooter.setupGoalTrackingMode_INFO [6.244660969] AlliancHub: alliance=Blue, fieldLengthZone=0, fieldWidthZone=0.
Shooter.setupGoalTrackingMode_INFO [6.246248062] GoalTracking(trackingMode=AllianceHub, goalPose=(x=-158.838583,y=182.110000,angle=0.000000), noPassback=true).
CmdDcmpAuto.cmdPeriodic_INFO [6.248973613] <Event name="StateInfo" time="6.248679763" tag="vvvvv" CmdDcmpAuto.state="SHOOT_NEUTRAL_FUEL" />
TaskAutoShoot.autoShoot_INFO [6.266284656] autoShoot(owner=null, event=(CmdDcmpAuto=CANCELED), taskParams=(autoStop=true, noPassback=true, noWait=false))
Shooter.enableGoalTracking_INFO [6.268105584] EnableGoalTracking: goalTrackingParams=(trackFlywheel=true,trackTiltPos=true,trackPanPos=true), noPassback=true
Shooter.setupGoalTrackingMode_INFO [6.269805535] AlliancHub: alliance=Blue, fieldLengthZone=0, fieldWidthZone=0.
Shooter.setupGoalTrackingMode_INFO [6.273867719] GoalTracking(trackingMode=AllianceHub, goalPose=(x=-158.838583,y=182.110000,angle=0.000000), noPassback=true).
Shooter.LeftShooter.enableGoalTracking_INFO [6.276177837] Enable GoalTracking (trackingParams=(trackFlywheel=true,trackTiltPos=true,trackPanPos=true)).
Shooter.LeftPrimaryMotor.cancel_INFO [6.277792038] Cancel: stopping motor.
Shooter.LeftTiltMotor.cancel_INFO [6.279120408] Cancel: stopping motor.
Shooter.RightShooter.enableGoalTracking_INFO [6.281381695] Enable GoalTracking (trackingParams=(trackFlywheel=true,trackTiltPos=true,trackPanPos=true)).
Shooter.RightPrimaryMotor.cancel_INFO [6.287333249] Cancel: stopping motor.
Shooter.RightTiltMotor.cancel_INFO [6.288542524] Cancel: stopping motor.
CmdDcmpAuto.cmdPeriodic_INFO [6.296293216] <Event name="StateInfo" time="6.295914623" tag="^^^^^" CmdDcmpAuto.state="SHOOT_NEUTRAL_FUEL" />
TaskAutoShoot.autoTask_INFO [6.451423597] <Event name="StateInfo" time="6.451179879" tag="vvvvv" TaskAutoShoot.state="START" />
TaskAutoShoot.runTaskState_INFO [6.466559705] ***** Wait for left Shooter ready.
TaskAutoShoot.runTaskState_INFO [6.470918297] ***** Wait for right Shooter ready.
TaskAutoShoot.runTaskState_INFO [6.478731229] ***** Wait for Turret ready.
TaskAutoShoot.autoTask_INFO [6.487159713] <Event name="StateInfo" time="6.486964261" tag="^^^^^" TaskAutoShoot.state="START" />
Shooter.TurretMotor.pidCtrlTask_INFO [6.55724163] controlMode: Position,onTarget=true(49.30035400390625/46.85356063506381), stalled=false, expired=false, event=(TaskAutoShoot.turretReady=SIGNALED)
TaskAutoShoot.autoTask_INFO [6.612029288] <Event name="StateInfo" time="6.611803971" tag="vvvvv" TaskAutoShoot.state="SHOOT" />
TaskAutoShoot.autoTask_INFO [6.617687851] <Event name="StateInfo" time="6.617230104" tag="^^^^^" TaskAutoShoot.state="SHOOT" />
TaskAutoShoot.autoTask_INFO [6.716658116] <Event name="StateInfo" time="6.715518376" tag="vvvvv" TaskAutoShoot.state="SHOOT" />
TaskAutoShoot.autoTask_INFO [6.729750319] <Event name="StateInfo" time="6.729431183" tag="^^^^^" TaskAutoShoot.state="SHOOT" />
TaskAutoShoot.autoTask_INFO [6.84006327] <Event name="StateInfo" time="6.839699677" tag="vvvvv" TaskAutoShoot.state="SHOOT" />
TaskAutoShoot.autoTask_INFO [6.848442321] <Event name="StateInfo" time="6.848149763" tag="^^^^^" TaskAutoShoot.state="SHOOT" />
TaskAutoShoot.autoTask_INFO [6.947959645] <Event name="StateInfo" time="6.945697239" tag="vvvvv" TaskAutoShoot.state="SHOOT" />
TaskAutoShoot.autoTask_INFO [6.948602559] <Event name="StateInfo" time="6.948432927" tag="^^^^^" TaskAutoShoot.state="SHOOT" />
TaskAutoShoot.autoTask_INFO [7.041504444] <Event name="StateInfo" time="7.04129657" tag="vvvvv" TaskAutoShoot.state="SHOOT" />
TaskAutoShoot.autoTask_INFO [7.058765792] <Event name="StateInfo" time="7.058544415" tag="^^^^^" TaskAutoShoot.state="SHOOT" />
TaskAutoShoot.autoTask_INFO [7.176972008] <Event name="StateInfo" time="7.176731609" tag="vvvvv" TaskAutoShoot.state="SHOOT" />
TaskAutoShoot.autoTask_INFO [7.179490455] <Event name="StateInfo" time="7.179136012" tag="^^^^^" TaskAutoShoot.state="SHOOT" />
Shooter.LeftShooter.goalTrackingTask_INFO [7.25534614] Shooter.LeftShooter is Ready: rpm1=5108.716947/5125.083879, rpm2=3174.960938/0.000000, tilt=25.723727/25.713310, pan=null/null
Shooter.RightShooter.goalTrackingTask_INFO [7.294206352] Shooter.RightShooter is Ready: rpm1=5100.009014/5125.083879, rpm2=3144.492188/0.000000, tilt=25.723729/25.713310, pan=null/null
TaskAutoShoot.autoTask_INFO [7.298663118] <Event name="StateInfo" time="7.298469403" tag="vvvvv" TaskAutoShoot.state="SHOOT" />
TaskAutoShoot.runTaskState_INFO [7.301320762] ***** Start left shooter shooting (timedout=false, turretReady=true).
Shooter.shoot_INFO [7.304472168] shoot(owner=null, event=(TaskAutoShoot.leftShooterDone=CLEARED), shooter=leftShooter, autoStop=true)
Shooter.LeftTransferMotor.cancel_INFO [7.366524716] Cancel: stopping motor.
TaskAutoShoot.runTaskState_INFO [7.369318613] ***** Start right shooter shooting (timedout=false, turretReady=true).
Shooter.shoot_INFO [7.37119249] shoot(owner=null, event=(TaskAutoShoot.rightShooterDone=CLEARED), shooter=rightShooter, autoStop=true)
Shooter.RightTransferMotor.cancel_INFO [7.374315199] Cancel: stopping motor.
TaskAutoShoot.autoTask_INFO [7.375994876] <Event name="StateInfo" time="7.375747662" tag="^^^^^" TaskAutoShoot.state="SHOOT" />
Shooter.LeftShooter.cancel_INFO [9.085402157] owner=null
Shooter.LeftShooter.disableGoalTracking_INFO [9.086965106] Disable Goal Tracking.
Shooter.LeftShooter.stopGoalTracking_INFO [9.088218264] Stop GoalTracking.
Shooter.LeftTiltMotor.cancel_INFO [9.08905351] Cancel: stopping motor.
Shooter.LeftPrimaryMotor.cancel_INFO [9.094369506] Cancel: stopping motor.
Shooter.LeftPrimaryMotor.cancel_INFO [9.09562961] Cancel: stopping motor.
Shooter.LeftTiltMotor.cancel_INFO [9.096533489] Cancel: stopping motor.
Shooter.LeftTransferMotor.cancel_INFO [9.097554174] Cancel: stopping motor.
Shooter.FeederMotor.cancel_INFO [9.098319964] Cancel: stopping motor.
Shooter.RightShooter.cancel_INFO [9.812075889] owner=null
Shooter.RightShooter.disableGoalTracking_INFO [9.813031611] Disable Goal Tracking.
Shooter.RightShooter.stopGoalTracking_INFO [9.813811736] Stop GoalTracking.
Shooter.RightTiltMotor.cancel_INFO [9.817029363] Cancel: stopping motor.
Shooter.RightPrimaryMotor.cancel_INFO [9.818311556] Cancel: stopping motor.
Shooter.RightPrimaryMotor.cancel_INFO [9.820142696] Cancel: stopping motor.
Shooter.RightTiltMotor.cancel_INFO [9.822035855] Cancel: stopping motor.
Shooter.RightTransferMotor.cancel_INFO [9.823810923] Cancel: stopping motor.
Shooter.FeederMotor.cancel_INFO [9.824377288] Cancel: stopping motor.
TaskAutoShoot.autoTask_INFO [9.829504607] <Event name="StateInfo" time="9.829130207" tag="vvvvv" TaskAutoShoot.state="DONE" />
TaskAutoShoot.stopSubsystems_INFO [9.831060686] Stopping subsystems.
Shooter.LeftTransferMotor.cancel_INFO [9.83381902] Cancel: stopping motor.
Shooter.RightTransferMotor.cancel_INFO [9.835037269] Cancel: stopping motor.
Shooter.FeederMotor.cancel_INFO [9.836204138] Cancel: stopping motor.
Shooter.LeftShooter.cancel_INFO [9.839006149] owner=null
Shooter.LeftPrimaryMotor.cancel_INFO [9.840195418] Cancel: stopping motor.
Shooter.LeftTiltMotor.cancel_INFO [9.841499091] Cancel: stopping motor.
Shooter.RightShooter.cancel_INFO [9.842164471] owner=null
Shooter.RightPrimaryMotor.cancel_INFO [9.844134605] Cancel: stopping motor.
Shooter.RightTiltMotor.cancel_INFO [9.845505795] Cancel: stopping motor.
Shooter.LeftTransferMotor.cancel_INFO [9.84684211] Cancel: stopping motor.
Shooter.RightTransferMotor.cancel_INFO [9.848145472] Cancel: stopping motor.
Shooter.FeederMotor.cancel_INFO [9.850039923] Cancel: stopping motor.
Shooter.stopTilt_ERR [9.851509367] StopTilt is called
TaskAutoShoot.autoTask_INFO [9.91647213] <Event name="StateInfo" time="9.914842664" tag="^^^^^" TaskAutoShoot.state="DONE" />
CmdDcmpAuto.cmdPeriodic_INFO [9.940617681] <Event name="StateInfo" time="9.939305435" tag="vvvvv" CmdDcmpAuto.state="HUB_PICKUP" />
TaskAutoShoot.cancel_INFO [9.944080145] Canceling auto task operation.
purePursuitDrive.start_ERR [9.967919071] ppStartTimestamps=[9.963415281, 9.963444093, 9.963475427, 9.964779785, 9.967412301, 9.967482081]
CmdDcmpAuto.cmdPeriodic_INFO [9.976897778] <Event name="StateInfo" time="9.976428628" tag="^^^^^" CmdDcmpAuto.state="HUB_PICKUP" RobotPose=(x=-301.440744,y=148.992257,angle=0.621899) TargetPose=(x=-290.290984,y=138.728931,angle=0.005493) vel=(x=-0.000000,y=0.000000,angle=-0.000000) Path=TrcPath(degrees=true, [Waypoint(simple=true,index=0,pose=(x=0.000000,y=0.000000,angle=0.000000),vel=0.0), Waypoint(simple=false,index=-1,timestep=0.06729520005974327,pose=(x=5.986252,y=72.670524,angle=-0.530694),vel=175.0,encPos=0.0,accel=0.0,jerk=0.0), Waypoint(simple=true,index=1,pose=(x=6.953082,y=84.407430,angle=-0.616406),vel=175.0), Waypoint(simple=true,index=2,pose=(x=23.958451,y=83.070298,angle=89.383594),vel=175.0), Waypoint(simple=true,index=3,pose=(x=116.423100,y=84.065100,angle=89.383594),vel=175.0), Waypoint(simple=true,index=4,pose=(x=161.281354,y=103.988843,angle=-90.616406),vel=175.0), Waypoint(simple=true,index=5,pose=(x=117.152692,y=126.865426,angle=-90.616406),vel=175.0), Waypoint(simple=true,index=6,pose=(x=46.632544,y=132.077064,angle=-90.616406),vel=175.0), Waypoint(simple=false,index=-1,timestep=0.09801574770617796,pose=(x=34.286604,y=126.053088,angle=-49.927777),vel=175.0,encPos=0.0,accel=0.0,jerk=0.0), Waypoint(simple=true,index=7,pose=(x=19.324310,y=118.752508,angle=-0.616406),vel=164.7083464908513), Waypoint(simple=true,index=8,pose=(x=11.120645,y=2.857546,angle=-0.616406),vel=52.24940191045253), Waypoint(simple=true,index=9,pose=(x=11.260501,y=-10.141702,angle=-0.616406),vel=0.0)]) />
CmdDcmpAuto.lambda$cmdPeriodic$3_INFO [9.9815086] WaypointHandler: index=0
Robot.setRelocalizationMode_INFO [9.983540025] setRelocalizationMode to OneShot
Shooter.LeftTiltMotor.pidCtrlTask_INFO [10.011704304] controlMode: Position,onTarget=true(16.86960337950771/17.0), stalled=false, expired=false, event=(stopLeftTilt=SIGNALED)
Shooter.stopTiltCallback_ERR [10.016162131] StopRightTilt was completed.
Shooter.RightTiltMotor.pidCtrlTask_INFO [10.016142985] controlMode: Position,onTarget=true(17.699678963288328/17.0), stalled=false, expired=false, event=(stopRightTilt=SIGNALED)
Shooter.stopTiltCallback_ERR [10.017625587] StopLeftTilt was completed.
CmdDcmpAuto.lambda$cmdPeriodic$3_INFO [10.924837017] WaypointHandler: index=1
Robot.setRelocalizationMode_INFO [10.929166317] setRelocalizationMode to OneShot
Shooter.enableGoalTracking_INFO [10.940143594] EnableGoalTracking: goalTrackingParams=(trackFlywheel=false,trackTiltPos=false,trackPanPos=true), noPassback=true
Shooter.setupGoalTrackingMode_INFO [10.941468927] AlliancHub: alliance=Blue, fieldLengthZone=2, fieldWidthZone=0.
Shooter.setupGoalTrackingMode_INFO [10.94568791] GoalTracking(trackingMode=AllianceHub, goalPose=(x=-158.838583,y=182.110000,angle=0.000000), noPassback=true).
Shooter.LeftShooter.enableGoalTracking_INFO [10.948024541] Enable GoalTracking (trackingParams=(trackFlywheel=false,trackTiltPos=false,trackPanPos=true)).
Shooter.LeftPrimaryMotor.cancel_INFO [10.950472788] Cancel: stopping motor.
Shooter.LeftTiltMotor.cancel_INFO [10.954034444] Cancel: stopping motor.
Shooter.RightShooter.enableGoalTracking_INFO [10.956940357] Enable GoalTracking (trackingParams=(trackFlywheel=false,trackTiltPos=false,trackPanPos=true)).
Shooter.RightPrimaryMotor.cancel_INFO [10.958615921] Cancel: stopping motor.
Shooter.RightTiltMotor.cancel_INFO [10.961116996] Cancel: stopping motor.
CmdDcmpAuto.lambda$cmdPeriodic$3_INFO [11.184890388] WaypointHandler: index=2
Robot.setRelocalizationMode_INFO [11.186540582] setRelocalizationMode to OneShot
Climber.Motor.isMotorStalled_INFO [11.506108205] Stall detection triggered.
Climber.Motor.checkStallReset_INFO [11.509679615] Resetting stall.
CmdDcmpAuto.lambda$cmdPeriodic$3_INFO [12.271558916] WaypointHandler: index=3
Robot.setRelocalizationMode_INFO [12.278042885] setRelocalizationMode to OneShot
Shooter.fieldTriggerCallback_INFO [12.294935265] FieldTriggerCallback: canceled=false, zoneCtxt=(value=-188.126717,prevZone=0,currZone=1)
Shooter.setupGoalTrackingMode_INFO [12.301973786] AlliancHub: alliance=Blue, fieldLengthZone=2, fieldWidthZone=1.
Shooter.setupGoalTrackingMode_INFO [12.303615301] GoalTracking(trackingMode=AllianceHub, goalPose=(x=-158.838583,y=182.110000,angle=0.000000), noPassback=true).
Shooter.fieldTriggerCallback_INFO [12.982003836] FieldTriggerCallback: canceled=false, zoneCtxt=(value=-158.620590,prevZone=1,currZone=2)
Shooter.setupGoalTrackingMode_INFO [12.983881811] AlliancHub: alliance=Blue, fieldLengthZone=2, fieldWidthZone=2.
Shooter.setupGoalTrackingMode_INFO [12.987210006] GoalTracking(trackingMode=AllianceHub, goalPose=(x=-158.838583,y=182.110000,angle=0.000000), noPassback=true).
CmdDcmpAuto.lambda$cmdPeriodic$3_INFO [13.275949424] WaypointHandler: index=4
Robot.setRelocalizationMode_INFO [13.279111717] setRelocalizationMode to OneShot
Shooter.fieldTriggerCallback_INFO [13.678597793] FieldTriggerCallback: canceled=false, zoneCtxt=(value=-160.128889,prevZone=2,currZone=1)
Shooter.setupGoalTrackingMode_INFO [13.681318555] AlliancHub: alliance=Blue, fieldLengthZone=2, fieldWidthZone=1.
Shooter.setupGoalTrackingMode_INFO [13.68204201] GoalTracking(trackingMode=AllianceHub, goalPose=(x=-158.838583,y=182.110000,angle=0.000000), noPassback=true).
CmdDcmpAuto.lambda$cmdPeriodic$3_INFO [13.937204236] WaypointHandler: index=5
Robot.setRelocalizationMode_INFO [13.938199874] setRelocalizationMode to OneShot
Shooter.fieldTriggerCallback_INFO [13.985211202] FieldTriggerCallback: canceled=false, zoneCtxt=(value=-189.707858,prevZone=1,currZone=0)
Shooter.setupGoalTrackingMode_INFO [13.98626563] AlliancHub: alliance=Blue, fieldLengthZone=2, fieldWidthZone=0.
Shooter.setupGoalTrackingMode_INFO [13.987225215] GoalTracking(trackingMode=AllianceHub, goalPose=(x=-158.838583,y=182.110000,angle=0.000000), noPassback=true).
CmdDcmpAuto.lambda$cmdPeriodic$3_INFO [14.64257167] WaypointHandler: index=6
Robot.setRelocalizationMode_INFO [14.643862559] setRelocalizationMode to OneShot
CmdDcmpAuto.lambda$cmdPeriodic$3_INFO [14.847672436] WaypointHandler: index=7
Robot.setRelocalizationMode_INFO [14.854665937] setRelocalizationMode to OneShot
Shooter.fieldTriggerCallback_INFO [15.645271473] FieldTriggerCallback: canceled=false, zoneCtxt=(value=213.448849,prevZone=2,currZone=1)
Shooter.setupGoalTrackingMode_INFO [15.661505246] AlliancHub: alliance=Blue, fieldLengthZone=1, fieldWidthZone=0.
Shooter.setupGoalTrackingMode_INFO [15.663277395] GoalTracking(trackingMode=AllianceHub, goalPose=(x=-158.838583,y=182.110000,angle=0.000000), noPassback=true).
CmdDcmpAuto.lambda$cmdPeriodic$3_INFO [16.08739052] WaypointHandler: index=8
Robot.setRelocalizationMode_INFO [16.094435242] setRelocalizationMode to OneShot
CmdDcmpAuto.lambda$cmdPeriodic$3_INFO [16.125123658] WaypointHandler: index=-1
Robot.setRelocalizationMode_INFO [16.127424247] setRelocalizationMode to Continuous
CmdDcmpAuto.cmdPeriodic_INFO [16.137947583] <Event name="StateInfo" time="16.137681362" tag="vvvvv" CmdDcmpAuto.state="SHOOT_HUB_FUEL" />
TaskAutoShoot.autoShoot_INFO [16.141487474] autoShoot(owner=null, event=(CmdDcmpAuto=CANCELED), taskParams=(autoStop=true, noPassback=true, noWait=false))
Shooter.enableGoalTracking_INFO [16.143590068] EnableGoalTracking: goalTrackingParams=(trackFlywheel=true,trackTiltPos=true,trackPanPos=true), noPassback=true
Shooter.setupGoalTrackingMode_INFO [16.14537801] AlliancHub: alliance=Blue, fieldLengthZone=1, fieldWidthZone=0.
Shooter.setupGoalTrackingMode_INFO [16.150903244] GoalTracking(trackingMode=AllianceHub, goalPose=(x=-158.838583,y=182.110000,angle=0.000000), noPassback=true).
Shooter.LeftShooter.enableGoalTracking_INFO [16.152687434] Enable GoalTracking (trackingParams=(trackFlywheel=true,trackTiltPos=true,trackPanPos=true)).
Shooter.LeftPrimaryMotor.cancel_INFO [16.157846707] Cancel: stopping motor.
Shooter.LeftTiltMotor.cancel_INFO [16.158832217] Cancel: stopping motor.
Shooter.RightShooter.enableGoalTracking_INFO [16.160958868] Enable GoalTracking (trackingParams=(trackFlywheel=true,trackTiltPos=true,trackPanPos=true)).
Shooter.RightPrimaryMotor.cancel_INFO [16.162956873] Cancel: stopping motor.
Shooter.RightTiltMotor.cancel_INFO [16.165343359] Cancel: stopping motor.
CmdDcmpAuto.cmdPeriodic_INFO [16.167690541] <Event name="StateInfo" time="16.166585615" tag="^^^^^" CmdDcmpAuto.state="SHOOT_HUB_FUEL" />
TaskAutoShoot.autoTask_INFO [16.261684276] <Event name="StateInfo" time="16.261422925" tag="vvvvv" TaskAutoShoot.state="START" />
TaskAutoShoot.runTaskState_INFO [16.262998579] ***** Wait for left Shooter ready.
TaskAutoShoot.runTaskState_INFO [16.263857762] ***** Wait for right Shooter ready.
TaskAutoShoot.runTaskState_INFO [16.264866838] ***** Wait for Turret ready.
TaskAutoShoot.autoTask_INFO [16.265976681] <Event name="StateInfo" time="16.265542475" tag="^^^^^" TaskAutoShoot.state="START" />
Shooter.fieldTriggerCallback_INFO [16.371947217] FieldTriggerCallback: canceled=false, zoneCtxt=(value=150.771725,prevZone=1,currZone=0)
Shooter.setupGoalTrackingMode_INFO [16.374218118] AlliancHub: alliance=Blue, fieldLengthZone=0, fieldWidthZone=0.
Shooter.setupGoalTrackingMode_INFO [16.376272777] GoalTracking(trackingMode=AllianceHub, goalPose=(x=-158.838583,y=182.110000,angle=0.000000), noPassback=true).
Shooter.TurretMotor.pidCtrlTask_INFO [16.395796316] controlMode: Position,onTarget=true(52.36576843261719/51.47278419631512), stalled=false, expired=false, event=(TaskAutoShoot.turretReady=SIGNALED)
TaskAutoShoot.autoTask_INFO [16.512934772] <Event name="StateInfo" time="16.509532698" tag="vvvvv" TaskAutoShoot.state="SHOOT" />
TaskAutoShoot.autoTask_INFO [16.524220738] <Event name="StateInfo" time="16.523949766" tag="^^^^^" TaskAutoShoot.state="SHOOT" />
TaskAutoShoot.autoTask_INFO [16.640148653] <Event name="StateInfo" time="16.639917254" tag="vvvvv" TaskAutoShoot.state="SHOOT" />
TaskAutoShoot.autoTask_INFO [16.64104032] <Event name="StateInfo" time="16.640844708" tag="^^^^^" TaskAutoShoot.state="SHOOT" />
Shooter.RightTiltMotor.isMotorStalled_INFO [16.655078585] Stall detection triggered.
Shooter.RightTiltMotor.checkStallReset_INFO [16.657571315] Resetting stall.
TaskAutoShoot.autoTask_INFO [16.753009389] <Event name="StateInfo" time="16.752436336" tag="vvvvv" TaskAutoShoot.state="SHOOT" />
TaskAutoShoot.autoTask_INFO [16.75405737] <Event name="StateInfo" time="16.75373481" tag="^^^^^" TaskAutoShoot.state="SHOOT" />
TaskAutoShoot.autoTask_INFO [16.870178074] <Event name="StateInfo" time="16.869995298" tag="vvvvv" TaskAutoShoot.state="SHOOT" />
TaskAutoShoot.autoTask_INFO [16.871646369] <Event name="StateInfo" time="16.871087882" tag="^^^^^" TaskAutoShoot.state="SHOOT" />
TaskAutoShoot.autoTask_INFO [16.967424816] <Event name="StateInfo" time="16.967210452" tag="vvvvv" TaskAutoShoot.state="SHOOT" />
TaskAutoShoot.autoTask_INFO [16.97056022] <Event name="StateInfo" time="16.970350425" tag="^^^^^" TaskAutoShoot.state="SHOOT" />
Shooter.LeftShooter.goalTrackingTask_INFO [17.037307505] Shooter.LeftShooter is Ready: rpm1=5047.950721/5142.600580, rpm2=3111.562500/0.000000, tilt=25.881836/25.845362, pan=null/null
Shooter.RightShooter.goalTrackingTask_INFO [17.068210808] Shooter.RightShooter is Ready: rpm1=5100.009014/5142.600580, rpm2=3129.726563/0.000000, tilt=25.881838/25.845362, pan=null/null
TaskAutoShoot.autoTask_INFO [17.069885913] <Event name="StateInfo" time="17.069459724" tag="vvvvv" TaskAutoShoot.state="SHOOT" />
TaskAutoShoot.runTaskState_INFO [17.075118986] ***** Start left shooter shooting (timedout=false, turretReady=true).
Shooter.shoot_INFO [17.077441097] shoot(owner=null, event=(TaskAutoShoot.leftShooterDone=CLEARED), shooter=leftShooter, autoStop=true)
Shooter.LeftTransferMotor.cancel_INFO [17.08045177] Cancel: stopping motor.
TaskAutoShoot.runTaskState_INFO [17.085813345] ***** Start right shooter shooting (timedout=false, turretReady=true).
Shooter.shoot_INFO [17.089005149] shoot(owner=null, event=(TaskAutoShoot.rightShooterDone=CLEARED), shooter=rightShooter, autoStop=true)
Shooter.RightTransferMotor.cancel_INFO [17.092856466] Cancel: stopping motor.
TaskAutoShoot.autoTask_INFO [17.09569105] <Event name="StateInfo" time="17.095154879" tag="^^^^^" TaskAutoShoot.state="SHOOT" />
Climber.Motor.isMotorStalled_INFO [18.510073681] Stall detection triggered.
Climber.Motor.checkStallReset_INFO [18.511190657] Resetting stall.
Shooter.LeftShooter.cancel_INFO [20.478909583] owner=null
Shooter.LeftShooter.disableGoalTracking_INFO [20.496832059] Disable Goal Tracking.
Shooter.LeftShooter.stopGoalTracking_INFO [20.500959157] Stop GoalTracking.
Shooter.LeftTiltMotor.cancel_INFO [20.507573206] Cancel: stopping motor.
Shooter.LeftPrimaryMotor.cancel_INFO [20.511455462] Cancel: stopping motor.
Shooter.LeftPrimaryMotor.cancel_INFO [20.520670122] Cancel: stopping motor.
Shooter.LeftTiltMotor.cancel_INFO [20.529531997] Cancel: stopping motor.
Shooter.LeftTransferMotor.cancel_INFO [20.531422606] Cancel: stopping motor.
Shooter.FeederMotor.cancel_INFO [20.533599402] Cancel: stopping motor.
FrcRobot.startCompetition_INFO [20.705161912] *** Transitioning from AUTO_MODE to DISABLED_MODE ***
Shooter.RightShooter.disableGoalTracking_INFO [20.726264293] Disable Goal Tracking.
Shooter.RightShooter.stopGoalTracking_INFO [20.727663948] Stop GoalTracking.
Shooter.RightTiltMotor.cancel_INFO [20.728987718] Cancel: stopping motor.
Shooter.RightPrimaryMotor.cancel_INFO [20.73113264] Cancel: stopping motor.
Robot.cancelAll_INFO [20.737270924] Cancel all operations.
Shooter.LeftShooter.cancel_INFO [20.741140421] owner=null
Shooter.LeftPrimaryMotor.cancel_INFO [20.743075949] Cancel: stopping motor.
Shooter.LeftTiltMotor.cancel_INFO [20.749723075] Cancel: stopping motor.
Shooter.RightShooter.cancel_INFO [20.751408669] owner=null
Shooter.RightPrimaryMotor.cancel_INFO [20.753910369] Cancel: stopping motor.
Shooter.RightTiltMotor.cancel_INFO [20.760206208] Cancel: stopping motor.
Shooter.LeftTransferMotor.cancel_INFO [20.762150494] Cancel: stopping motor.
Shooter.RightTransferMotor.cancel_INFO [20.764239076] Cancel: stopping motor.
Shooter.FeederMotor.cancel_INFO [20.765547646] Cancel: stopping motor.
Shooter.stopTilt_ERR [20.77185516] StopTilt is called
Intake.IntakeMotor.cancel_INFO [20.83838099] Cancel: stopping motor.
Climber.Motor.cancel_INFO [20.841252359] Cancel: stopping motor.
TaskAutoShoot.cancel_INFO [20.843101566] Canceling auto task operation.
TaskAutoShoot.stopSubsystems_INFO [20.853379695] Stopping subsystems.
Shooter.LeftTransferMotor.cancel_INFO [20.857217404] Cancel: stopping motor.
Shooter.RightTransferMotor.cancel_INFO [20.863980394] Cancel: stopping motor.
Shooter.FeederMotor.cancel_INFO [20.867687958] Cancel: stopping motor.
Shooter.LeftShooter.cancel_INFO [20.874420126] owner=null
Shooter.LeftPrimaryMotor.cancel_INFO [20.87790081] Cancel: stopping motor.
Shooter.LeftTiltMotor.cancel_INFO [20.88159222] Cancel: stopping motor.
Shooter.RightShooter.cancel_INFO [20.88614432] owner=null
Shooter.RightPrimaryMotor.cancel_INFO [20.900026565] Cancel: stopping motor.
Shooter.RightTiltMotor.cancel_INFO [20.90761074] Cancel: stopping motor.
Shooter.LeftTransferMotor.cancel_INFO [20.910926264] Cancel: stopping motor.
Shooter.RightTransferMotor.cancel_INFO [20.914721382] Cancel: stopping motor.
Shooter.FeederMotor.cancel_INFO [20.92094922] Cancel: stopping motor.
Shooter.stopTilt_ERR [20.924767339] StopTilt is called
TaskAutoClimb.cancel_INFO [20.983550828] Canceling auto task operation.
FrcRobot.printPerformanceMetrics_INFO [21.01000965] [FrcRobot] Loop Performance Metrics:
Average Loop Interval = 0.001585s (freq=630.814Hz, min=0.000825s, max=0.628545s)
[03]                StartTask=0.000000s
[04]          PrePeriodicTask=0.000108s
[07]               UpdateTask=0.000973s
[02]                StartMode=0.000000s
[06]         PostPeriodicTask=0.000201s
[08]                 StopTask=0.000000s
[09]                 StopMode=0.000000s
[00]                RobotInit=17.708177s
[01]           RobotStartMode=0.000003s
[05]                 Periodic=0.000236s
[10]            RobotStopMode=0.000001s

TrcTaskMgr.printTaskPerformanceMetrics_INFO [21.01201352] FrcDashboard.task: STANDALONE_TASK=3.904937968234941E-4/0.010542271750314655
TrcTaskMgr.printTaskPerformanceMetrics_INFO [21.013587129] TrcWatchdogMgr: STANDALONE_TASK=2.5912653409090907E-4/0.9947084251136363
TrcTaskMgr.printTaskPerformanceMetrics_INFO [21.014281165] flDriveMotor.pidCtrlTask: OUTPUT_TASK=2.0781236214605066E-5/0.011915666004809646
TrcTaskMgr.printTaskPerformanceMetrics_INFO [21.014847877] flDriveMotor.odometryCleanupTask: STOP_TASK=5.70195E-5/10.4124545245
TrcTaskMgr.printTaskPerformanceMetrics_INFO [21.029530943] frDriveMotor.pidCtrlTask: OUTPUT_TASK=6.338757569599675E-6/0.011916396012463592
TrcTaskMgr.printTaskPerformanceMetrics_INFO [21.031985472] blDriveMotor.pidCtrlTask: OUTPUT_TASK=7.218971821445506E-6/0.011916395085822665
TrcTaskMgr.printTaskPerformanceMetrics_INFO [21.033078838] brDriveMotor.pidCtrlTask: OUTPUT_TASK=8.803341868183975E-6/0.01191639434566145
TrcTaskMgr.printTaskPerformanceMetrics_INFO [21.034936959] flSteerMotor.pidCtrlTask: OUTPUT_TASK=1.0432106414685362E-5/0.011916393688952111
TrcTaskMgr.printTaskPerformanceMetrics_INFO [21.037861805] frSteerMotor.pidCtrlTask: OUTPUT_TASK=1.0275256993835942E-5/0.01191641280999797
TrcTaskMgr.printTaskPerformanceMetrics_INFO [21.038373817] blSteerMotor.pidCtrlTask: OUTPUT_TASK=8.431817990923255E-6/0.011916415992007046
TrcTaskMgr.printTaskPerformanceMetrics_INFO [21.040880497] brSteerMotor.pidCtrlTask: OUTPUT_TASK=9.570726207410418E-6/0.011916418341868185
TrcTaskMgr.printTaskPerformanceMetrics_INFO [21.043647635] FrcSwerveDrive.odometryTask: INPUT_TASK=0.0035033821621621624/0.026952877167310166
TrcTaskMgr.printTaskPerformanceMetrics_INFO [21.045425645] FrcSwerveDrive.stopTask: STOP_TASK=0.004739204/10.412413503
TrcTaskMgr.printTaskPerformanceMetrics_INFO [21.046959427] purePursuitDrive.driveTask: OUTPUT_TASK=0.007911878612021857/0.042044920114754095
TrcTaskMgr.printTaskPerformanceMetrics_INFO [21.047398814] LED: OUTPUT_TASK=4.7922154101469886E-5/0.011917541025062655
TrcTaskMgr.printTaskPerformanceMetrics_INFO [21.047792356] LED.ledTask: OUTPUT_TASK=2.706025410600301E-4/0.01107347384450979
TrcTaskMgr.printTaskPerformanceMetrics_INFO [21.0481429] Shooter.LeftPrimaryMotor.pidCtrlTask: OUTPUT_TASK=1.2241383052225158E-5/0.011916395333875228
TrcTaskMgr.printTaskPerformanceMetrics_INFO [21.053276804] Shooter.LeftFollowerMotor.pidCtrlTask: OUTPUT_TASK=5.640018085754928E-6/0.011916394710086025
TrcTaskMgr.printTaskPerformanceMetrics_INFO [21.055872077] Shooter.LeftTiltMotor.pidCtrlTask: OUTPUT_TASK=2.3707610241820767E-4/0.011916394134457765
TrcTaskMgr.printTaskPerformanceMetrics_INFO [21.058228918] Shooter.LeftShooter.ShooterMotor1VelTrigger.triggerTask: PRE_PERIODIC_TASK=2.9689203571428574E-4/0.23381356501785713
TrcTaskMgr.printTaskPerformanceMetrics_INFO [21.060104382] Shooter.LeftShooter.goalTracking: POST_PERIODIC_TASK=0.03926730720711974/0.05935292449838188
TrcTaskMgr.printTaskPerformanceMetrics_INFO [21.062981313] Shooter.LeftTransferMotor.pidCtrlTask: OUTPUT_TASK=7.398503860742347E-6/0.011917730908290437
TrcTaskMgr.printTaskPerformanceMetrics_INFO [21.065133624] Shooter.RightPrimaryMotor.pidCtrlTask: OUTPUT_TASK=1.0520197033324302E-5/0.011917730507721486
TrcTaskMgr.printTaskPerformanceMetrics_INFO [21.067275296] Shooter.RightFollowerMotor.pidCtrlTask: OUTPUT_TASK=5.6032131391804946E-6/0.011917210064679986
TrcTaskMgr.printTaskPerformanceMetrics_INFO [21.06863638] Shooter.RightTiltMotor.pidCtrlTask: OUTPUT_TASK=2.2334224686759228E-4/0.011917209710870302
TrcTaskMgr.printTaskPerformanceMetrics_INFO [21.072204568] Shooter.RightShooter.ShooterMotor1VelTrigger.triggerTask: PRE_PERIODIC_TASK=1.7609410975609756E-4/0.1619591496219512
TrcTaskMgr.printTaskPerformanceMetrics_INFO [21.07367767] Shooter.RightShooter.goalTracking: POST_PERIODIC_TASK=0.007591672047619047/0.055214838833333335
TrcTaskMgr.printTaskPerformanceMetrics_INFO [21.075944606] Shooter.RightTransferMotor.pidCtrlTask: OUTPUT_TASK=7.540128411784626E-6/0.01191724697013207
TrcTaskMgr.printTaskPerformanceMetrics_INFO [21.076440952] Shooter.TurretMotor.pidCtrlTask: OUTPUT_TASK=6.078543376904842E-4/0.011917290421605147
TrcTaskMgr.printTaskPerformanceMetrics_INFO [21.076847874] Shooter.FeederMotor.pidCtrlTask: OUTPUT_TASK=7.4886910938029124E-6/0.0119167056786319
TrcTaskMgr.printTaskPerformanceMetrics_INFO [21.083936964] ShooterfieldLengthTrigger.triggerTask: PRE_PERIODIC_TASK=1.7071359977610864E-5/0.0015819311137602917
TrcTaskMgr.printTaskPerformanceMetrics_INFO [21.086071487] ShooterfieldWidthTrigger.triggerTask: PRE_PERIODIC_TASK=6.4809409486494294E-6/0.001581934319695219
TrcTaskMgr.printTaskPerformanceMetrics_INFO [21.087460323] Intake.IntakeMotor.pidCtrlTask: OUTPUT_TASK=5.793704185290532E-6/0.011917067006298254
TrcTaskMgr.printTaskPerformanceMetrics_INFO [21.09063127] Climber.Motor.pidCtrlTask: OUTPUT_TASK=7.272653216849519E-5/0.01191705283495869
TrcTaskMgr.printTaskPerformanceMetrics_INFO [21.102519922] TaskAutoShoot: POST_PERIODIC_TASK=0.003651490928571429/0.1454106490102041
