Shooter.LeftTiltMotor.isMotorStalled_INFO [0.00138225] Stall detection triggered.
Shooter.LeftTiltMotor.checkStallReset_INFO [0.002333305] Resetting stall.
Shooter.RightTiltMotor.isMotorStalled_INFO [0.002946221] Stall detection triggered.
Shooter.RightTiltMotor.checkStallReset_INFO [0.003424645] Resetting stall.
Shooter.TurretMotor.isMotorStalled_INFO [0.005195714] Stall detection triggered.
Climber.Motor.isMotorStalled_INFO [0.006504754] Stall detection triggered.
Climber.Motor.checkStallReset_INFO [0.00747173] Resetting stall.
Robot.robotStartMode_INFO [0.013748492] Sat Apr 11 16:59:45 UTC 2026: ***** AUTO_MODE *****
Robot.robotStartMode_INFO [0.018267367] <BuildInfo Host="TRC492-DS2024" User="User" Timestamp="2026-04-11 09:33:42" Branch="dev" />
CmdDcmpAuto.cmdPeriodic_INFO [0.087437297] <Event name="StateInfo" time="0.086139647" tag="vvvvv" CmdDcmpAuto.state="START" />
Robot.zeroCalibrate_INFO [0.106271097] Zero calibrate all subsystems.
TrcSubsystem.zeroCalibrateAll_INFO [0.108509708] ZeroCalibrate(Subsystem=Shooter, owner=null, event=null)
Shooter.zeroCalibrate_INFO [0.110560065] ZeroCalibrate left shooter.
Shooter.zeroCalibrate_INFO [0.117580825] ZeroCalibrate right shooter.
TrcSubsystem.zeroCalibrateAll_INFO [0.125195907] ZeroCalibrate(Subsystem=Climber, owner=null, event=null)
CmdDcmpAuto.cmdPeriodic_INFO [0.130784224] <Event name="StateInfo" time="0.130040335" tag="^^^^^" CmdDcmpAuto.state="START" />
CmdDcmpAuto.cmdPeriodic_INFO [0.163445502] <Event name="StateInfo" time="0.162700687" tag="vvvvv" CmdDcmpAuto.state="NEUTRAL_ZONE_PICKUP" />
purePursuitDrive.start_INFO [0.288459266] ppStartTimestamps=[0.284162326, 0.284218265, 0.285972609, 0.28695111, 0.287402312, 0.287567483]
purePursuitDrive.start_INFO [0.289972306] ppStartBuildPathTimestamp=[0.220461038, 0.236890386, 0.23695628]
DEBUG_PERF.cmdPeriodic_INFO [0.294013498] NeutralZonePickupTimestamps=[0.166443012, 0.166557683, 0.167111509, 0.291050765, 0.291059123, 0.0, 0.0, 0.0]
Climber.Motor.isMotorStalled_INFO [0.371842705] Stall detection triggered.
CmdDcmpAuto.cmdPeriodic_INFO [0.373986009] <Event name="StateInfo" time="0.372981195" tag="^^^^^" CmdDcmpAuto.state="NEUTRAL_ZONE_PICKUP" RobotPose=(x=-17.220020,y=477.610203,angle=-90.002747) TargetPose=(x=-26.673617,y=522.469113,angle=179.991760) vel=(x=-0.005208,y=-0.001459,angle=0.009656) Path=TrcPath(degrees=true, [Waypoint(simple=true,index=0,pose=(x=0.000000,y=0.000000,angle=0.000000),vel=0.0), Waypoint(simple=true,index=1,pose=(x=-53.010105,y=2.184624,angle=359.997253),vel=149.2753918720979), Waypoint(simple=false,index=-1,timestep=0.3378613793216337,pose=(x=-72.022713,y=7.929405,angle=356.094709),vel=175.0,encPos=0.0,accel=0.0,jerk=0.0), Waypoint(simple=true,index=2,pose=(x=-128.621200,y=25.031000,angle=344.477253),vel=175.0), Waypoint(simple=true,index=3,pose=(x=-163.982765,y=57.669305,angle=343.997253),vel=175.0), Waypoint(simple=true,index=4,pose=(x=-161.965085,y=106.079401,angle=448.637253),vel=175.0), Waypoint(simple=true,index=5,pose=(x=-114.483339,y=69.641677,angle=145.777253),vel=175.0), Waypoint(simple=false,index=-1,timestep=0.11415422471271254,pose=(x=-91.351707,y=30.096356,angle=233.363448),vel=175.0,encPos=0.0,accel=0.0,jerk=0.0), Waypoint(simple=true,index=6,pose=(x=-81.610645,y=13.443253,angle=270.247253),vel=163.01380640516518), Waypoint(simple=true,index=7,pose=(x=31.859547,y=9.448693,angle=269.997253),vel=52.24940191045252), Waypoint(simple=true,index=8,pose=(x=44.859547,y=9.449316,angle=269.997253),vel=0.0)]) />
CmdDcmpAuto.lambda$cmdPeriodic$2_INFO [0.386809636] WaypointHandler: index=0
Robot.setRelocalizationMode_INFO [0.389907124] setRelocalizationMode to OneShot
Shooter.LeftTiltMotor.isMotorStalled_INFO [0.390123777] Stall detection triggered.
Climber.Motor.zeroCalibratingMotor_WARN [0.393874816] Stalled, lower limit switch may not exist or might have failed!
Climber.Motor.pidCtrlTask_INFO [0.398031678] Zero calibration done, event=null
Shooter.LeftTiltMotor.zeroCalibratingMotor_WARN [0.413818295] Stalled, lower limit switch may not exist or might have failed!
Shooter.LeftTiltMotor.pidCtrlTask_INFO [0.417287578] Zero calibration done, event=(Shooter.leftTiltZeroCalCallback=CLEARED)
Shooter.LeftTiltMotor.pidCtrlTask_INFO [0.419775032] controlMode: Power,onTarget=false(-0.07295968383550644/null), stalled=false, expired=false, event=(Shooter.leftTiltZeroCalCallback=SIGNALED)
Shooter.LeftTiltMotor.isMotorStalled_INFO [0.436800409] Stall detection triggered.
Shooter.LeftTiltMotor.checkStallReset_INFO [0.438983534] Resetting stall.
Shooter.RightTiltMotor.isMotorStalled_INFO [0.478640083] Stall detection triggered.
Shooter.RightTiltMotor.zeroCalibratingMotor_WARN [0.50161199] Stalled, lower limit switch may not exist or might have failed!
Shooter.RightTiltMotor.pidCtrlTask_INFO [0.50609156] Zero calibration done, event=(Shooter.rightTiltZeroCalCallback=CLEARED)
Shooter.RightTiltMotor.pidCtrlTask_INFO [0.510110005] controlMode: Power,onTarget=false(-0.06852107495069504/null), stalled=false, expired=false, event=(Shooter.rightTiltZeroCalCallback=SIGNALED)
Shooter.RightTiltMotor.isMotorStalled_INFO [0.53672802] Stall detection triggered.
Shooter.RightTiltMotor.checkStallReset_INFO [0.541585823] Resetting stall.
CmdDcmpAuto.lambda$cmdPeriodic$2_INFO [1.058493383] WaypointHandler: index=1
Robot.setRelocalizationMode_INFO [1.059227543] setRelocalizationMode to OneShot
Shooter.enableGoalTracking_INFO [1.062426335] EnableGoalTracking: goalTrackingParams=(trackFlywheel=false,trackTiltPos=false,trackPanPos=true), noPassback=true
Shooter.setupGoalTrackingMode_INFO [1.063695035] AlliancHub: alliance=Red, fieldLengthZone=5, fieldWidthZone=3.
Shooter.setupGoalTrackingMode_INFO [1.064735241] GoalTracking(trackingMode=AllianceHub, goalPose=(x=-158.838583,y=469.110472,angle=180.000000), noPassback=true).
Shooter.LeftShooter.enableGoalTracking_INFO [1.073954241] Enable GoalTracking (trackingParams=(trackFlywheel=false,trackTiltPos=false,trackPanPos=true)).
Shooter.LeftPrimaryMotor.cancel_INFO [1.079314884] Cancel: stopping motor.
Shooter.LeftTiltMotor.cancel_INFO [1.081697862] Cancel: stopping motor.
Shooter.RightShooter.enableGoalTracking_INFO [1.101578348] Enable GoalTracking (trackingParams=(trackFlywheel=false,trackTiltPos=false,trackPanPos=true)).
Shooter.RightPrimaryMotor.cancel_INFO [1.105280738] Cancel: stopping motor.
Shooter.RightTiltMotor.cancel_INFO [1.108580288] Cancel: stopping motor.
Climber.Motor.isMotorStalled_INFO [1.157717616] Stall detection triggered.
Climber.Motor.checkStallReset_INFO [1.160959407] Resetting stall.
CmdDcmpAuto.lambda$cmdPeriodic$2_INFO [1.668666673] WaypointHandler: index=2
Robot.setRelocalizationMode_INFO [1.67710992] setRelocalizationMode to OneShot
Shooter.fieldTriggerCallback_INFO [1.720347337] FieldTriggerCallback: canceled=false, zoneCtxt=(value=344.779745,prevZone=5,currZone=4)
Shooter.setupGoalTrackingMode_INFO [1.722615083] AlliancHub: alliance=Red, fieldLengthZone=4, fieldWidthZone=3.
Shooter.setupGoalTrackingMode_INFO [1.723729943] GoalTracking(trackingMode=AllianceHub, goalPose=(x=-158.838583,y=469.110472,angle=180.000000), noPassback=true).
Shooter.fieldTriggerCallback_INFO [1.928729937] FieldTriggerCallback: canceled=false, zoneCtxt=(value=324.167585,prevZone=4,currZone=3)
Shooter.setupGoalTrackingMode_INFO [1.931600847] AlliancHub: alliance=Red, fieldLengthZone=3, fieldWidthZone=3.
Shooter.setupGoalTrackingMode_INFO [1.935028603] GoalTracking(trackingMode=AllianceHub, goalPose=(x=-158.838583,y=469.110472,angle=180.000000), noPassback=true).
Shooter.TurretMotor.isMotorStalled_INFO [2.025320953] Stall detection triggered.
Climber.Motor.isMotorStalled_INFO [2.033180445] Stall detection triggered.
Climber.Motor.checkStallReset_INFO [2.037859829] Resetting stall.
Shooter.LeftTiltMotor.isMotorStalled_INFO [2.054406489] Stall detection triggered.
Shooter.LeftTiltMotor.checkStallReset_INFO [2.062037261] Resetting stall.
Shooter.RightTiltMotor.isMotorStalled_INFO [2.06532863] Stall detection triggered.
Shooter.RightTiltMotor.checkStallReset_INFO [2.066560668] Resetting stall.
CmdDcmpAuto.lambda$cmdPeriodic$2_INFO [2.114611886] WaypointHandler: index=3
Robot.setRelocalizationMode_INFO [2.116107785] setRelocalizationMode to OneShot
CmdDcmpAuto.lambda$cmdPeriodic$2_INFO [2.607520142] WaypointHandler: index=4
Robot.setRelocalizationMode_INFO [2.613989689] setRelocalizationMode to OneShot
Shooter.fieldTriggerCallback_INFO [2.830213059] FieldTriggerCallback: canceled=false, zoneCtxt=(value=327.201916,prevZone=3,currZone=4)
Shooter.setupGoalTrackingMode_INFO [2.837832521] AlliancHub: alliance=Red, fieldLengthZone=4, fieldWidthZone=3.
Shooter.setupGoalTrackingMode_INFO [2.842642973] GoalTracking(trackingMode=AllianceHub, goalPose=(x=-158.838583,y=469.110472,angle=180.000000), noPassback=true).
Shooter.fieldTriggerCallback_INFO [2.925972917] FieldTriggerCallback: canceled=false, zoneCtxt=(value=325.234797,prevZone=4,currZone=3)
Shooter.setupGoalTrackingMode_INFO [2.936231775] AlliancHub: alliance=Red, fieldLengthZone=3, fieldWidthZone=3.
Shooter.setupGoalTrackingMode_INFO [2.94042224] GoalTracking(trackingMode=AllianceHub, goalPose=(x=-158.838583,y=469.110472,angle=180.000000), noPassback=true).
Shooter.fieldTriggerCallback_INFO [2.996099815] FieldTriggerCallback: canceled=false, zoneCtxt=(value=328.358961,prevZone=3,currZone=4)
Shooter.setupGoalTrackingMode_INFO [2.998522724] AlliancHub: alliance=Red, fieldLengthZone=4, fieldWidthZone=3.
Shooter.setupGoalTrackingMode_INFO [3.002065756] GoalTracking(trackingMode=AllianceHub, goalPose=(x=-158.838583,y=469.110472,angle=180.000000), noPassback=true).
CmdDcmpAuto.lambda$cmdPeriodic$2_INFO [3.412966496] WaypointHandler: index=5
Robot.setRelocalizationMode_INFO [3.419594772] setRelocalizationMode to OneShot
Shooter.fieldTriggerCallback_INFO [3.414110938] FieldTriggerCallback: canceled=false, zoneCtxt=(value=354.036008,prevZone=4,currZone=5)
Shooter.setupGoalTrackingMode_INFO [3.444764385] AlliancHub: alliance=Red, fieldLengthZone=5, fieldWidthZone=3.
Shooter.setupGoalTrackingMode_INFO [3.450527081] GoalTracking(trackingMode=AllianceHub, goalPose=(x=-158.838583,y=469.110472,angle=180.000000), noPassback=true).
CmdDcmpAuto.lambda$cmdPeriodic$2_INFO [4.09247165] WaypointHandler: index=6
Robot.setRelocalizationMode_INFO [4.094045754] setRelocalizationMode to OneShot
Shooter.fieldTriggerCallback_INFO [4.561273717] FieldTriggerCallback: canceled=false, zoneCtxt=(value=440.453363,prevZone=5,currZone=6)
Shooter.setupGoalTrackingMode_INFO [4.582431852] AlliancHub: alliance=Red, fieldLengthZone=6, fieldWidthZone=3.
Shooter.setupGoalTrackingMode_INFO [4.583106536] GoalTracking(trackingMode=AllianceHub, goalPose=(x=-158.838583,y=469.110472,angle=180.000000), noPassback=true).
Shooter.fieldTriggerCallback_INFO [5.150883445] FieldTriggerCallback: canceled=false, zoneCtxt=(value=504.568874,prevZone=6,currZone=7)
Shooter.setupGoalTrackingMode_INFO [5.154668981] AlliancHub: alliance=Red, fieldLengthZone=7, fieldWidthZone=3.
Shooter.setupGoalTrackingMode_INFO [5.156371114] GoalTracking(trackingMode=AllianceHub, goalPose=(x=-158.838583,y=469.110472,angle=180.000000), noPassback=true).
CmdDcmpAuto.lambda$cmdPeriodic$2_INFO [5.216501128] WaypointHandler: index=7
Robot.setRelocalizationMode_INFO [5.217164101] setRelocalizationMode to OneShot
CmdDcmpAuto.cmdPeriodic_INFO [5.233685345] <Event name="StateInfo" time="5.232319072" tag="vvvvv" CmdDcmpAuto.state="SHOOT_NEUTRAL_FUEL" />
CmdDcmpAuto.lambda$cmdPeriodic$2_INFO [5.251686712] WaypointHandler: index=-1
Robot.setRelocalizationMode_INFO [5.257248227] setRelocalizationMode to Continuous
TaskAutoShoot.autoShoot_INFO [5.261541844] autoShoot(owner=null, event=(CmdDcmpAuto=CANCELED), taskParams=(autoStop=true, noPassback=true, noWait=false))
Shooter.enableGoalTracking_INFO [5.266726123] EnableGoalTracking: goalTrackingParams=(trackFlywheel=true,trackTiltPos=true,trackPanPos=true), noPassback=true
Shooter.setupGoalTrackingMode_INFO [5.272169658] AlliancHub: alliance=Red, fieldLengthZone=7, fieldWidthZone=3.
Shooter.setupGoalTrackingMode_INFO [5.274767921] GoalTracking(trackingMode=AllianceHub, goalPose=(x=-158.838583,y=469.110472,angle=180.000000), noPassback=true).
Shooter.LeftShooter.enableGoalTracking_INFO [5.277819627] Enable GoalTracking (trackingParams=(trackFlywheel=true,trackTiltPos=true,trackPanPos=true)).
Shooter.LeftPrimaryMotor.cancel_INFO [5.283688165] Cancel: stopping motor.
Shooter.LeftTiltMotor.cancel_INFO [5.286516406] Cancel: stopping motor.
Shooter.RightShooter.enableGoalTracking_INFO [5.29012848] Enable GoalTracking (trackingParams=(trackFlywheel=true,trackTiltPos=true,trackPanPos=true)).
Shooter.RightPrimaryMotor.cancel_INFO [5.291755156] Cancel: stopping motor.
Shooter.RightTiltMotor.cancel_INFO [5.294684261] Cancel: stopping motor.
CmdDcmpAuto.cmdPeriodic_INFO [5.306347394] <Event name="StateInfo" time="5.304609217" tag="^^^^^" CmdDcmpAuto.state="SHOOT_NEUTRAL_FUEL" />
TaskAutoShoot.autoTask_INFO [5.453181009] <Event name="StateInfo" time="5.451704091" tag="vvvvv" TaskAutoShoot.state="START" />
TaskAutoShoot.runTaskState_INFO [5.473348111] ***** Wait for left Shooter ready.
TaskAutoShoot.runTaskState_INFO [5.481021679] ***** Wait for right Shooter ready.
TaskAutoShoot.runTaskState_INFO [5.484975783] ***** Wait for Turret ready.
TaskAutoShoot.autoTask_INFO [5.490199852] <Event name="StateInfo" time="5.487949254" tag="^^^^^" TaskAutoShoot.state="START" />
Shooter.TurretMotor.pidCtrlTask_INFO [5.559061027] controlMode: Position,onTarget=true(49.397979736328125/49.425682791726985), stalled=false, expired=false, event=(TaskAutoShoot.turretReady=SIGNALED)
TaskAutoShoot.autoTask_INFO [5.628833299] <Event name="StateInfo" time="5.628114133" tag="vvvvv" TaskAutoShoot.state="SHOOT" />
TaskAutoShoot.autoTask_INFO [5.631868383] <Event name="StateInfo" time="5.631672984" tag="^^^^^" TaskAutoShoot.state="SHOOT" />
TaskAutoShoot.autoTask_INFO [5.750604809] <Event name="StateInfo" time="5.750236365" tag="vvvvv" TaskAutoShoot.state="SHOOT" />
TaskAutoShoot.autoTask_INFO [5.757005805] <Event name="StateInfo" time="5.756739834" tag="^^^^^" TaskAutoShoot.state="SHOOT" />
TaskAutoShoot.autoTask_INFO [5.860770691] <Event name="StateInfo" time="5.859004814" tag="vvvvv" TaskAutoShoot.state="SHOOT" />
TaskAutoShoot.autoTask_INFO [5.863851151] <Event name="StateInfo" time="5.862692719" tag="^^^^^" TaskAutoShoot.state="SHOOT" />
TaskAutoShoot.autoTask_INFO [5.968911028] <Event name="StateInfo" time="5.968719709" tag="vvvvv" TaskAutoShoot.state="SHOOT" />
TaskAutoShoot.autoTask_INFO [5.974063609] <Event name="StateInfo" time="5.97385902" tag="^^^^^" TaskAutoShoot.state="SHOOT" />
TaskAutoShoot.autoTask_INFO [6.073584611] <Event name="StateInfo" time="6.073221724" tag="vvvvv" TaskAutoShoot.state="SHOOT" />
TaskAutoShoot.autoTask_INFO [6.075937982] <Event name="StateInfo" time="6.075605157" tag="^^^^^" TaskAutoShoot.state="SHOOT" />
TaskAutoShoot.autoTask_INFO [6.184993862] <Event name="StateInfo" time="6.184370589" tag="vvvvv" TaskAutoShoot.state="SHOOT" />
TaskAutoShoot.autoTask_INFO [6.18854654] <Event name="StateInfo" time="6.186939253" tag="^^^^^" TaskAutoShoot.state="SHOOT" />
Shooter.LeftShooter.goalTrackingTask_INFO [6.255437733] Shooter.LeftShooter is Ready: rpm1=5229.113582/5314.452461, rpm2=3196.523438/0.000000, tilt=27.265305/27.178719, pan=null/null
Shooter.RightShooter.goalTrackingTask_INFO [6.296871564] Shooter.RightShooter is Ready: rpm1=5243.121995/5314.452461, rpm2=3216.796875/0.000000, tilt=27.265296/27.178719, pan=null/null
TaskAutoShoot.autoTask_INFO [6.303674674] <Event name="StateInfo" time="6.302852342" tag="vvvvv" TaskAutoShoot.state="SHOOT" />
TaskAutoShoot.runTaskState_INFO [6.305774858] ***** Start left shooter shooting (timedout=false, turretReady=true).
Shooter.shoot_INFO [6.309172202] shoot(owner=null, event=(TaskAutoShoot.leftShooterDone=CLEARED), shooter=leftShooter, autoStop=true)
Shooter.LeftTransferMotor.cancel_INFO [6.34131528] Cancel: stopping motor.
TaskAutoShoot.runTaskState_INFO [6.343612985] ***** Start right shooter shooting (timedout=false, turretReady=true).
Shooter.shoot_INFO [6.344910651] shoot(owner=null, event=(TaskAutoShoot.rightShooterDone=CLEARED), shooter=rightShooter, autoStop=true)
Shooter.RightTransferMotor.cancel_INFO [6.346831717] Cancel: stopping motor.
TaskAutoShoot.autoTask_INFO [6.351799239] <Event name="StateInfo" time="6.351429291" tag="^^^^^" TaskAutoShoot.state="SHOOT" />
Shooter.LeftShooter.cancel_INFO [9.887040534] owner=null
Shooter.LeftShooter.disableGoalTracking_INFO [9.892387007] Disable Goal Tracking.
Shooter.LeftShooter.stopGoalTracking_INFO [9.899710434] Stop GoalTracking.
Shooter.LeftTiltMotor.cancel_INFO [9.903421762] Cancel: stopping motor.
Shooter.LeftPrimaryMotor.cancel_INFO [9.906889026] Cancel: stopping motor.
Shooter.LeftPrimaryMotor.cancel_INFO [9.909317064] Cancel: stopping motor.
Shooter.LeftTiltMotor.cancel_INFO [9.911291635] Cancel: stopping motor.
Shooter.LeftTransferMotor.cancel_INFO [9.913075377] Cancel: stopping motor.
Shooter.FeederMotor.cancel_INFO [9.914705798] Cancel: stopping motor.
CmdDcmpAuto.cmdPeriodic_INFO [9.923730816] <Event name="StateInfo" time="9.923429579" tag="vvvvv" CmdDcmpAuto.state="HUB_PICKUP" />
TaskAutoShoot.cancel_INFO [9.925675779] Canceling auto task operation.
TaskAutoShoot.stopSubsystems_INFO [9.928048601] Stopping subsystems.
Shooter.LeftTransferMotor.cancel_INFO [9.929454475] Cancel: stopping motor.
Shooter.RightTransferMotor.cancel_INFO [9.932358544] Cancel: stopping motor.
Shooter.FeederMotor.cancel_INFO [9.933669535] Cancel: stopping motor.
Shooter.RightShooter.disableGoalTracking_INFO [9.935347924] Disable Goal Tracking.
Shooter.RightShooter.stopGoalTracking_INFO [9.936490892] Stop GoalTracking.
Shooter.RightTiltMotor.cancel_INFO [9.937781233] Cancel: stopping motor.
Shooter.RightPrimaryMotor.cancel_INFO [9.939776591] Cancel: stopping motor.
Shooter.LeftShooter.cancel_INFO [9.94171875] owner=null
Shooter.LeftPrimaryMotor.cancel_INFO [9.944416765] Cancel: stopping motor.
Shooter.LeftTiltMotor.cancel_INFO [9.957235775] Cancel: stopping motor.
Shooter.RightShooter.cancel_INFO [9.959679046] owner=null
Shooter.RightPrimaryMotor.cancel_INFO [9.96218262] Cancel: stopping motor.
Shooter.RightTiltMotor.cancel_INFO [9.964431517] Cancel: stopping motor.
Shooter.LeftTransferMotor.cancel_INFO [9.966056686] Cancel: stopping motor.
Shooter.RightTransferMotor.cancel_INFO [9.967462032] Cancel: stopping motor.
Shooter.FeederMotor.cancel_INFO [9.970279475] Cancel: stopping motor.
purePursuitDrive.start_INFO [10.070749234] ppStartTimestamps=[10.06112765, 10.061642651, 10.06176726, 10.06475265, 10.064801958, 10.064986292]
purePursuitDrive.start_INFO [10.075556997] ppStartBuildPathTimestamp=[10.053358437, 10.053385589, 10.053414569]
CmdDcmpAuto.cmdPeriodic_INFO [10.110362786] <Event name="StateInfo" time="10.109677166" tag="^^^^^" CmdDcmpAuto.state="HUB_PICKUP" RobotPose=(x=-19.528181,y=552.182426,angle=176.060594) TargetPose=(x=-27.394776,y=512.491980,angle=180.010986) vel=(x=-0.000000,y=0.000000,angle=-0.000000) Path=TrcPath(degrees=true, [Waypoint(simple=true,index=0,pose=(x=0.000000,y=0.000000,angle=0.000000),vel=0.0), Waypoint(simple=false,index=-1,timestep=0.35110282793755737,pose=(x=7.483778,y=72.531602,angle=2.139397),vel=175.0,encPos=0.0,accel=0.0,jerk=0.0), Waypoint(simple=true,index=1,pose=(x=13.789960,y=133.650124,angle=3.942153),vel=175.0), Waypoint(simple=true,index=2,pose=(x=30.635262,y=130.965670,angle=93.942153),vel=175.0), Waypoint(simple=true,index=3,pose=(x=122.886475,y=124.608425,angle=93.942153),vel=175.0), Waypoint(simple=true,index=4,pose=(x=169.186324,y=140.903900,angle=-86.057847),vel=175.0), Waypoint(simple=true,index=5,pose=(x=127.015441,y=167.215371,angle=-86.057847),vel=175.0), Waypoint(simple=true,index=6,pose=(x=57.132584,y=178.015320,angle=-86.057847),vel=175.0), Waypoint(simple=false,index=-1,timestep=0.09801574770617812,pose=(x=44.346926,y=172.991629,angle=-45.369218),vel=175.0,encPos=0.0,accel=0.0,jerk=0.0), Waypoint(simple=true,index=7,pose=(x=28.851729,y=166.903316,angle=3.942153),vel=164.7083464908513), Waypoint(simple=true,index=8,pose=(x=11.462923,y=52.026983,angle=3.942153),vel=52.24940191045253), Waypoint(simple=true,index=9,pose=(x=10.569182,y=39.057742,angle=3.942153),vel=0.0)]) />
Shooter.LeftTiltMotor.pidCtrlTask_INFO [10.123467088] controlMode: Position,onTarget=true(17.343931894015547/17.0), stalled=false, expired=false, event=(stopLeftTilt=SIGNALED)
CmdDcmpAuto.lambda$cmdPeriodic$3_INFO [10.131425405] WaypointHandler: index=0
Robot.setRelocalizationMode_INFO [10.133109476] setRelocalizationMode to OneShot
Shooter.RightShooter.cancel_INFO [10.140328531] owner=null
Shooter.RightPrimaryMotor.cancel_INFO [10.142093537] Cancel: stopping motor.
Shooter.RightTiltMotor.cancel_INFO [10.147412814] Cancel: stopping motor.
Shooter.RightTransferMotor.cancel_INFO [10.159425304] Cancel: stopping motor.
Shooter.FeederMotor.cancel_INFO [10.16341196] Cancel: stopping motor.
CmdDcmpAuto.lambda$cmdPeriodic$3_INFO [11.45474849] WaypointHandler: index=1
Robot.setRelocalizationMode_INFO [11.461504188] setRelocalizationMode to OneShot
Shooter.enableGoalTracking_INFO [11.47696679] EnableGoalTracking: goalTrackingParams=(trackFlywheel=false,trackTiltPos=false,trackPanPos=true), noPassback=true
Shooter.setupGoalTrackingMode_INFO [11.481349647] AlliancHub: alliance=Red, fieldLengthZone=5, fieldWidthZone=3.
Shooter.setupGoalTrackingMode_INFO [11.484086935] GoalTracking(trackingMode=AllianceHub, goalPose=(x=-158.838583,y=469.110472,angle=180.000000), noPassback=true).
Shooter.LeftShooter.enableGoalTracking_INFO [11.490886786] Enable GoalTracking (trackingParams=(trackFlywheel=false,trackTiltPos=false,trackPanPos=true)).
Shooter.LeftPrimaryMotor.cancel_INFO [11.494107023] Cancel: stopping motor.
Shooter.LeftTiltMotor.cancel_INFO [11.496630826] Cancel: stopping motor.
Shooter.RightShooter.enableGoalTracking_INFO [11.499690895] Enable GoalTracking (trackingParams=(trackFlywheel=false,trackTiltPos=false,trackPanPos=true)).
Shooter.RightPrimaryMotor.cancel_INFO [11.501834631] Cancel: stopping motor.
Shooter.RightTiltMotor.cancel_INFO [11.505161321] Cancel: stopping motor.
Climber.Motor.isMotorStalled_INFO [11.55442969] Stall detection triggered.
Climber.Motor.checkStallReset_INFO [11.557849259] Resetting stall.
CmdDcmpAuto.lambda$cmdPeriodic$3_INFO [11.606188052] WaypointHandler: index=2
Robot.setRelocalizationMode_INFO [11.607460179] setRelocalizationMode to OneShot
Climber.Motor.isMotorStalled_INFO [12.460477104] Stall detection triggered.
Climber.Motor.checkStallReset_INFO [12.461305997] Resetting stall.
CmdDcmpAuto.lambda$cmdPeriodic$3_INFO [12.783723817] WaypointHandler: index=3
Robot.setRelocalizationMode_INFO [12.784247808] setRelocalizationMode to OneShot
Shooter.fieldTriggerCallback_INFO [12.797897682] FieldTriggerCallback: canceled=false, zoneCtxt=(value=-132.309028,prevZone=3,currZone=2)
Shooter.setupGoalTrackingMode_INFO [12.810602389] AlliancHub: alliance=Red, fieldLengthZone=5, fieldWidthZone=2.
Shooter.setupGoalTrackingMode_INFO [12.813616671] GoalTracking(trackingMode=AllianceHub, goalPose=(x=-158.838583,y=469.110472,angle=180.000000), noPassback=true).
Climber.Motor.isMotorStalled_INFO [12.898165636] Stall detection triggered.
Climber.Motor.checkStallReset_INFO [12.899266645] Resetting stall.
Shooter.fieldTriggerCallback_INFO [13.139163913] FieldTriggerCallback: canceled=false, zoneCtxt=(value=-159.705072,prevZone=2,currZone=1)
Shooter.setupGoalTrackingMode_INFO [13.151614659] AlliancHub: alliance=Red, fieldLengthZone=5, fieldWidthZone=1.
Shooter.setupGoalTrackingMode_INFO [13.155206425] GoalTracking(trackingMode=AllianceHub, goalPose=(x=-158.838583,y=469.110472,angle=180.000000), noPassback=true).
CmdDcmpAuto.lambda$cmdPeriodic$3_INFO [13.290435906] WaypointHandler: index=4
Robot.setRelocalizationMode_INFO [13.290917536] setRelocalizationMode to OneShot
Shooter.fieldTriggerCallback_INFO [13.873002428] FieldTriggerCallback: canceled=false, zoneCtxt=(value=-158.195889,prevZone=1,currZone=2)
Shooter.setupGoalTrackingMode_INFO [13.874087728] AlliancHub: alliance=Red, fieldLengthZone=5, fieldWidthZone=2.
Shooter.setupGoalTrackingMode_INFO [13.878532769] GoalTracking(trackingMode=AllianceHub, goalPose=(x=-158.838583,y=469.110472,angle=180.000000), noPassback=true).
CmdDcmpAuto.lambda$cmdPeriodic$3_INFO [14.191670236] WaypointHandler: index=5
Robot.setRelocalizationMode_INFO [14.201986934] setRelocalizationMode to OneShot
Shooter.fieldTriggerCallback_INFO [14.441265569] FieldTriggerCallback: canceled=false, zoneCtxt=(value=-126.711095,prevZone=2,currZone=3)
Shooter.setupGoalTrackingMode_INFO [14.445033493] AlliancHub: alliance=Red, fieldLengthZone=5, fieldWidthZone=3.
Shooter.setupGoalTrackingMode_INFO [14.44659593] GoalTracking(trackingMode=AllianceHub, goalPose=(x=-158.838583,y=469.110472,angle=180.000000), noPassback=true).
CmdDcmpAuto.lambda$cmdPeriodic$3_INFO [14.884920893] WaypointHandler: index=6
Robot.setRelocalizationMode_INFO [14.892402721] setRelocalizationMode to OneShot
CmdDcmpAuto.lambda$cmdPeriodic$3_INFO [15.225035439] WaypointHandler: index=7
Robot.setRelocalizationMode_INFO [15.225530436] setRelocalizationMode to OneShot
Climber.Motor.isMotorStalled_INFO [15.470730569] Stall detection triggered.
Climber.Motor.checkStallReset_INFO [15.471472308] Resetting stall.
Shooter.fieldTriggerCallback_INFO [15.88602306] FieldTriggerCallback: canceled=false, zoneCtxt=(value=437.851926,prevZone=5,currZone=6)
Shooter.setupGoalTrackingMode_INFO [15.890554267] AlliancHub: alliance=Red, fieldLengthZone=6, fieldWidthZone=3.
Shooter.setupGoalTrackingMode_INFO [15.893449516] GoalTracking(trackingMode=AllianceHub, goalPose=(x=-158.838583,y=469.110472,angle=180.000000), noPassback=true).
CmdDcmpAuto.lambda$cmdPeriodic$3_INFO [16.330786295] WaypointHandler: index=8
Robot.setRelocalizationMode_INFO [16.337202382] setRelocalizationMode to OneShot
CmdDcmpAuto.lambda$cmdPeriodic$3_INFO [16.377913541] WaypointHandler: index=-1
Robot.setRelocalizationMode_INFO [16.380884369] setRelocalizationMode to Continuous
CmdDcmpAuto.cmdPeriodic_INFO [16.391183983] <Event name="StateInfo" time="16.390882846" tag="vvvvv" CmdDcmpAuto.state="SHOOT_HUB_FUEL" />
TaskAutoShoot.autoShoot_INFO [16.394720587] autoShoot(owner=null, event=(CmdDcmpAuto=CANCELED), taskParams=(autoStop=true, noPassback=true, noWait=false))
Shooter.enableGoalTracking_INFO [16.3974096] EnableGoalTracking: goalTrackingParams=(trackFlywheel=true,trackTiltPos=true,trackPanPos=true), noPassback=true
Shooter.setupGoalTrackingMode_INFO [16.404167633] AlliancHub: alliance=Red, fieldLengthZone=6, fieldWidthZone=3.
Shooter.setupGoalTrackingMode_INFO [16.405484561] GoalTracking(trackingMode=AllianceHub, goalPose=(x=-158.838583,y=469.110472,angle=180.000000), noPassback=true).
Shooter.LeftShooter.enableGoalTracking_INFO [16.410690556] Enable GoalTracking (trackingParams=(trackFlywheel=true,trackTiltPos=true,trackPanPos=true)).
Shooter.LeftPrimaryMotor.cancel_INFO [16.411762025] Cancel: stopping motor.
Shooter.LeftTiltMotor.cancel_INFO [16.412440422] Cancel: stopping motor.
Shooter.RightShooter.enableGoalTracking_INFO [16.415393989] Enable GoalTracking (trackingParams=(trackFlywheel=true,trackTiltPos=true,trackPanPos=true)).
Shooter.RightPrimaryMotor.cancel_INFO [16.418685672] Cancel: stopping motor.
Shooter.RightTiltMotor.cancel_INFO [16.419627492] Cancel: stopping motor.
CmdDcmpAuto.cmdPeriodic_INFO [16.423922714] <Event name="StateInfo" time="16.422044852" tag="^^^^^" CmdDcmpAuto.state="SHOOT_HUB_FUEL" />
TaskAutoShoot.autoTask_INFO [16.506999145] <Event name="StateInfo" time="16.506745102" tag="vvvvv" TaskAutoShoot.state="START" />
TaskAutoShoot.runTaskState_INFO [16.510037753] ***** Wait for left Shooter ready.
TaskAutoShoot.runTaskState_INFO [16.512543613] ***** Wait for right Shooter ready.
TaskAutoShoot.runTaskState_INFO [16.5176073] ***** Wait for Turret ready.
TaskAutoShoot.autoTask_INFO [16.521444258] <Event name="StateInfo" time="16.521228122" tag="^^^^^" TaskAutoShoot.state="START" />
Shooter.fieldTriggerCallback_INFO [16.630330892] FieldTriggerCallback: canceled=false, zoneCtxt=(value=500.056631,prevZone=6,currZone=7)
Shooter.setupGoalTrackingMode_INFO [16.635212268] AlliancHub: alliance=Red, fieldLengthZone=7, fieldWidthZone=3.
Shooter.setupGoalTrackingMode_INFO [16.641671111] GoalTracking(trackingMode=AllianceHub, goalPose=(x=-158.838583,y=469.110472,angle=180.000000), noPassback=true).
TaskAutoShoot.autoTask_INFO [16.741013189] <Event name="StateInfo" time="16.73959066" tag="vvvvv" TaskAutoShoot.state="SHOOT" />
TaskAutoShoot.autoTask_INFO [16.743845164] <Event name="StateInfo" time="16.743623434" tag="^^^^^" TaskAutoShoot.state="SHOOT" />
TaskAutoShoot.autoTask_INFO [16.845309225] <Event name="StateInfo" time="16.844650076" tag="vvvvv" TaskAutoShoot.state="SHOOT" />
TaskAutoShoot.autoTask_INFO [16.850519867] <Event name="StateInfo" time="16.850298742" tag="^^^^^" TaskAutoShoot.state="SHOOT" />
TaskAutoShoot.autoTask_INFO [16.951450025] <Event name="StateInfo" time="16.951229608" tag="vvvvv" TaskAutoShoot.state="SHOOT" />
TaskAutoShoot.autoTask_INFO [16.95485358] <Event name="StateInfo" time="16.95394807" tag="^^^^^" TaskAutoShoot.state="SHOOT" />
TaskAutoShoot.autoTask_INFO [17.066555352] <Event name="StateInfo" time="17.065637516" tag="vvvvv" TaskAutoShoot.state="SHOOT" />
TaskAutoShoot.autoTask_INFO [17.068718366] <Event name="StateInfo" time="17.068471745" tag="^^^^^" TaskAutoShoot.state="SHOOT" />
TaskAutoShoot.autoTask_INFO [17.172825256] <Event name="StateInfo" time="17.172623854" tag="vvvvv" TaskAutoShoot.state="SHOOT" />
TaskAutoShoot.autoTask_INFO [17.175909272] <Event name="StateInfo" time="17.175695243" tag="^^^^^" TaskAutoShoot.state="SHOOT" />
Shooter.LeftShooter.goalTrackingTask_INFO [17.251885342] Shooter.LeftShooter is Ready: rpm1=5049.654447/5140.543539, rpm2=3125.625000/0.000000, tilt=25.881837/25.829819, pan=null/null
Shooter.RightShooter.goalTrackingTask_INFO [17.28276905] Shooter.RightShooter is Ready: rpm1=5061.201923/5140.543539, rpm2=3146.250000/0.000000, tilt=25.881840/25.829819, pan=null/null
TaskAutoShoot.autoTask_INFO [17.286762311] <Event name="StateInfo" time="17.286487613" tag="vvvvv" TaskAutoShoot.state="SHOOT" />
TaskAutoShoot.autoTask_INFO [17.292379571] <Event name="StateInfo" time="17.292109465" tag="^^^^^" TaskAutoShoot.state="SHOOT" />
TaskAutoShoot.autoTask_INFO [17.385565935] <Event name="StateInfo" time="17.385151437" tag="vvvvv" TaskAutoShoot.state="SHOOT" />
TaskAutoShoot.autoTask_INFO [17.387378281] <Event name="StateInfo" time="17.387168653" tag="^^^^^" TaskAutoShoot.state="SHOOT" />
TaskAutoShoot.autoTask_INFO [17.482802246] <Event name="StateInfo" time="17.481048704" tag="vvvvv" TaskAutoShoot.state="SHOOT" />
TaskAutoShoot.autoTask_INFO [17.486990359] <Event name="StateInfo" time="17.485984586" tag="^^^^^" TaskAutoShoot.state="SHOOT" />
TaskAutoShoot.autoTask_INFO [17.604274791] <Event name="StateInfo" time="17.603871266" tag="vvvvv" TaskAutoShoot.state="SHOOT" />
TaskAutoShoot.runTaskState_INFO [17.607666178] ***** Start left shooter shooting (timedout=true, turretReady=false).
Shooter.shoot_INFO [17.60991121] shoot(owner=null, event=(TaskAutoShoot.leftShooterDone=CLEARED), shooter=leftShooter, autoStop=true)
Shooter.LeftTransferMotor.cancel_INFO [17.612574765] Cancel: stopping motor.
TaskAutoShoot.runTaskState_INFO [17.621894632] ***** Start right shooter shooting (timedout=true, turretReady=false).
Shooter.shoot_INFO [17.623942429] shoot(owner=null, event=(TaskAutoShoot.rightShooterDone=CLEARED), shooter=rightShooter, autoStop=true)
Shooter.RightTransferMotor.cancel_INFO [17.626213162] Cancel: stopping motor.
TaskAutoShoot.autoTask_INFO [17.630803584] <Event name="StateInfo" time="17.630589769" tag="^^^^^" TaskAutoShoot.state="SHOOT" />
FrcRobot.startCompetition_INFO [20.452335631] *** Transitioning from AUTO_MODE to DISABLED_MODE ***
Shooter.LeftShooter.disableGoalTracking_INFO [20.457563357] Disable Goal Tracking.
Shooter.LeftShooter.stopGoalTracking_INFO [20.461181712] Stop GoalTracking.
Shooter.LeftTiltMotor.cancel_INFO [20.468024835] Cancel: stopping motor.
Shooter.LeftPrimaryMotor.cancel_INFO [20.4708253] Cancel: stopping motor.
Shooter.RightShooter.disableGoalTracking_INFO [20.473353742] Disable Goal Tracking.
Shooter.RightShooter.stopGoalTracking_INFO [20.475290655] Stop GoalTracking.
Shooter.RightTiltMotor.cancel_INFO [20.477535119] Cancel: stopping motor.
Shooter.RightPrimaryMotor.cancel_INFO [20.480114189] Cancel: stopping motor.
Robot.cancelAll_INFO [20.484307785] Cancel all operations.
Shooter.LeftShooter.cancel_INFO [20.490267451] owner=null
Shooter.LeftPrimaryMotor.cancel_INFO [20.493280077] Cancel: stopping motor.
Shooter.LeftTiltMotor.cancel_INFO [20.497363245] Cancel: stopping motor.
Shooter.RightShooter.cancel_INFO [20.500005625] owner=null
Shooter.RightPrimaryMotor.cancel_INFO [20.504278871] Cancel: stopping motor.
Shooter.RightTiltMotor.cancel_INFO [20.508836023] Cancel: stopping motor.
Shooter.LeftTransferMotor.cancel_INFO [20.510898595] Cancel: stopping motor.
Shooter.RightTransferMotor.cancel_INFO [20.513388602] Cancel: stopping motor.
Shooter.FeederMotor.cancel_INFO [20.515762746] Cancel: stopping motor.
Intake.IntakeMotor.cancel_INFO [20.57709484] Cancel: stopping motor.
Climber.Motor.cancel_INFO [20.580178618] Cancel: stopping motor.
TaskAutoShoot.cancel_INFO [20.584721578] Canceling auto task operation.
TaskAutoShoot.stopSubsystems_INFO [20.587420928] Stopping subsystems.
Shooter.LeftTransferMotor.cancel_INFO [20.589759882] Cancel: stopping motor.
Shooter.RightTransferMotor.cancel_INFO [20.591126705] Cancel: stopping motor.
Shooter.FeederMotor.cancel_INFO [20.595389032] Cancel: stopping motor.
Shooter.LeftShooter.cancel_INFO [20.597137995] owner=null
Shooter.LeftPrimaryMotor.cancel_INFO [20.60027113] Cancel: stopping motor.
Shooter.LeftTiltMotor.cancel_INFO [20.60302744] Cancel: stopping motor.
Shooter.RightShooter.cancel_INFO [20.608015478] owner=null
Shooter.RightPrimaryMotor.cancel_INFO [20.610370074] Cancel: stopping motor.
Shooter.RightTiltMotor.cancel_INFO [20.611990243] Cancel: stopping motor.
Shooter.LeftTransferMotor.cancel_INFO [20.616461614] Cancel: stopping motor.
Shooter.RightTransferMotor.cancel_INFO [20.619379109] Cancel: stopping motor.
Shooter.FeederMotor.cancel_INFO [20.622124702] Cancel: stopping motor.
TaskAutoClimb.cancel_INFO [20.713145221] Canceling auto task operation.
FrcRobot.printPerformanceMetrics_INFO [20.740875885] [FrcRobot] Loop Performance Metrics:
Average Loop Interval = 0.001431s (freq=698.754Hz, min=0.000823s, max=0.448055s)
[03]                StartTask=0.000000s
[04]          PrePeriodicTask=0.000096s
[07]               UpdateTask=0.000948s
[02]                StartMode=0.000000s
[06]         PostPeriodicTask=0.000111s
[08]                 StopTask=0.000000s
[09]                 StopMode=0.000000s
[00]                RobotInit=17.869656s
[01]           RobotStartMode=0.000001s
[05]                 Periodic=0.000233s
[10]            RobotStopMode=0.000000s

TrcTaskMgr.printTaskPerformanceMetrics_INFO [20.749626747] FrcDashboard.task: STANDALONE_TASK=2.4059288976028756E-4/0.010424323768246856
TrcTaskMgr.printTaskPerformanceMetrics_INFO [20.752388611] TrcWatchdogMgr: STANDALONE_TASK=9.441810089686098E-5/0.9981133035336323
TrcTaskMgr.printTaskPerformanceMetrics_INFO [20.758851205] flDriveMotor.pidCtrlTask: OUTPUT_TASK=1.712119109616746E-5/0.011290662064844777
TrcTaskMgr.printTaskPerformanceMetrics_INFO [20.760559836] flDriveMotor.odometryCleanupTask: STOP_TASK=5.58715E-5/10.280951518
TrcTaskMgr.printTaskPerformanceMetrics_INFO [20.763015542] frDriveMotor.pidCtrlTask: OUTPUT_TASK=5.882128273839619E-6/0.011290646392987158
TrcTaskMgr.printTaskPerformanceMetrics_INFO [20.767133822] blDriveMotor.pidCtrlTask: OUTPUT_TASK=5.540438416422287E-6/0.011290635215865713
TrcTaskMgr.printTaskPerformanceMetrics_INFO [20.769525865] brDriveMotor.pidCtrlTask: OUTPUT_TASK=5.518196981570898E-6/0.011290634997396161
TrcTaskMgr.printTaskPerformanceMetrics_INFO [20.772031827] flSteerMotor.pidCtrlTask: OUTPUT_TASK=7.20011221781227E-6/0.011290634816897136
TrcTaskMgr.printTaskPerformanceMetrics_INFO [20.77450547] frSteerMotor.pidCtrlTask: OUTPUT_TASK=7.604966225952423E-6/0.011290638678463989
TrcTaskMgr.printTaskPerformanceMetrics_INFO [20.780390928] blSteerMotor.pidCtrlTask: OUTPUT_TASK=7.1393327013499164E-6/0.011290631101496536
TrcTaskMgr.printTaskPerformanceMetrics_INFO [20.78470083] brSteerMotor.pidCtrlTask: OUTPUT_TASK=6.914041028363416E-6/0.011290631726528137
TrcTaskMgr.printTaskPerformanceMetrics_INFO [20.789417471] FrcSwerveDrive.odometryTask: INPUT_TASK=0.0031034222953105197/0.026237897830164763
TrcTaskMgr.printTaskPerformanceMetrics_INFO [20.791392775] FrcSwerveDrive.stopTask: STOP_TASK=0.003012291/10.280912524
TrcTaskMgr.printTaskPerformanceMetrics_INFO [20.793035351] purePursuitDrive.driveTask: OUTPUT_TASK=0.007870257991780823/0.043840273783561645
TrcTaskMgr.printTaskPerformanceMetrics_INFO [20.795998221] LED: OUTPUT_TASK=3.5359445815111605E-5/0.011290636641649183
TrcTaskMgr.printTaskPerformanceMetrics_INFO [20.802977361] LED.ledTask: OUTPUT_TASK=2.034128412641037E-4/0.010983631279853348
TrcTaskMgr.printTaskPerformanceMetrics_INFO [20.807539154] Shooter.LeftPrimaryMotor.pidCtrlTask: OUTPUT_TASK=8.518184934277048E-6/0.01129052733541456
TrcTaskMgr.printTaskPerformanceMetrics_INFO [20.812762629] Shooter.LeftFollowerMotor.pidCtrlTask: OUTPUT_TASK=4.54118300851849E-6/0.011290546217916636
TrcTaskMgr.printTaskPerformanceMetrics_INFO [20.815253744] Shooter.LeftTiltMotor.pidCtrlTask: OUTPUT_TASK=1.4723394782740579E-4/0.01129054597297844
TrcTaskMgr.printTaskPerformanceMetrics_INFO [20.818134171] Shooter.LeftShooter.ShooterMotor1VelTrigger.triggerTask: PRE_PERIODIC_TASK=3.902467272727273E-4/0.21228429763636364
TrcTaskMgr.printTaskPerformanceMetrics_INFO [20.82185505] Shooter.LeftShooter.goalTracking: POST_PERIODIC_TASK=0.04125925259150327/0.06276705160457516
TrcTaskMgr.printTaskPerformanceMetrics_INFO [20.826969333] Shooter.LeftTransferMotor.pidCtrlTask: OUTPUT_TASK=6.491831454425965E-6/0.011290482934785906
TrcTaskMgr.printTaskPerformanceMetrics_INFO [20.829341717] Shooter.RightPrimaryMotor.pidCtrlTask: OUTPUT_TASK=6.807396491582832E-6/0.0112904826433699
TrcTaskMgr.printTaskPerformanceMetrics_INFO [20.833118761] Shooter.RightFollowerMotor.pidCtrlTask: OUTPUT_TASK=5.514081818871168E-6/0.011290466756059955
TrcTaskMgr.printTaskPerformanceMetrics_INFO [20.834659475] Shooter.RightTiltMotor.pidCtrlTask: OUTPUT_TASK=1.141860681950307E-4/0.011290466568890125
TrcTaskMgr.printTaskPerformanceMetrics_INFO [20.836656421] Shooter.RightShooter.ShooterMotor1VelTrigger.triggerTask: PRE_PERIODIC_TASK=2.5882760606060605E-4/0.21223956557575757
TrcTaskMgr.printTaskPerformanceMetrics_INFO [20.840203854] Shooter.RightShooter.goalTracking: POST_PERIODIC_TASK=0.0076562484673202615/0.062793433
TrcTaskMgr.printTaskPerformanceMetrics_INFO [20.84431627] Shooter.RightTransferMotor.pidCtrlTask: OUTPUT_TASK=6.446258694773026E-6/0.011290439972095846
TrcTaskMgr.printTaskPerformanceMetrics_INFO [20.847929274] Shooter.TurretMotor.pidCtrlTask: OUTPUT_TASK=2.6091830654130017E-4/0.011290439679835205
TrcTaskMgr.printTaskPerformanceMetrics_INFO [20.85046747] Shooter.FeederMotor.pidCtrlTask: OUTPUT_TASK=5.910820038418765E-6/0.011290356589854413
TrcTaskMgr.printTaskPerformanceMetrics_INFO [20.853907464] ShooterfieldLengthTrigger.triggerTask: PRE_PERIODIC_TASK=1.2053051647453061E-5/0.0014298720298834358
TrcTaskMgr.printTaskPerformanceMetrics_INFO [20.855958527] ShooterfieldWidthTrigger.triggerTask: PRE_PERIODIC_TASK=5.971511273228687E-6/0.0014298718456637112
TrcTaskMgr.printTaskPerformanceMetrics_INFO [20.858754204] Intake.IntakeMotor.pidCtrlTask: OUTPUT_TASK=5.855660179451536E-6/0.011290342321622645
TrcTaskMgr.printTaskPerformanceMetrics_INFO [20.860777471] Climber.Motor.pidCtrlTask: OUTPUT_TASK=5.7492077416908887E-5/0.011290341982863642
TrcTaskMgr.printTaskPerformanceMetrics_INFO [20.878346344] TaskAutoShoot: POST_PERIODIC_TASK=0.0028085981785714287/0.17855602777380952
