Robot.robotStartMode_INFO [0.003391126] Sat Apr 11 01:16:16 UTC 2026: ***** AUTO_MODE *****
Robot.robotStartMode_INFO [0.005327622] <BuildInfo Host="TRC492-DS2024" User="User" Timestamp="2026-04-10 17:53:04" Branch="dev" />
FrcAuto.startMode_INFO [0.020287027] <Info name="MatchInfo" date="Sat Apr 11 01:16:16 UTC 2026" event="PNCMP" type="Qualification" match=81 replay=1 alliance="Red" location=2 gameMsg="" />
FrcAuto.startMode_INFO [0.032050867] <Info name="AutoChoices" alliance="Red" strategy="DCMP_AUTO" startPos="START_POS_CENTER" startDelay=0.0 sec depotPickup="false" outpostPickup="false" neutralZonePickup="true" moveTo="DEPOT" passBack="NONE" climb="true" climbSide="DEPOT" neutralZoneCycles="0.0" type="CENTER" sweepDistance="SHALLOW_SWEEP" pathFile="DrivePath.csv" xDistance=0.0 ft yDistance=0.0 ft turnDegrees=0.0 deg driveTime=0.0 sec drivePower=0.0"  />
CmdDcmpAuto.cmdPeriodic_INFO [0.099062923] <Event name="StateInfo" time="0.097922755" tag="vvvvv" CmdDcmpAuto.state="START" />
Shooter.LeftTiltMotor.isMotorStalled_INFO [0.112680334] Stall detection triggered.
Shooter.LeftTiltMotor.checkStallReset_INFO [0.117281088] Resetting stall.
Robot.zeroCalibrate_INFO [0.129325636] Zero calibrate all subsystems.
Shooter.RightTiltMotor.isMotorStalled_INFO [0.129710448] Stall detection triggered.
Shooter.RightTiltMotor.checkStallReset_INFO [0.133541388] Resetting stall.
TrcSubsystem.zeroCalibrateAll_INFO [0.13608693] ZeroCalibrate(Subsystem=Shooter, owner=null, event=null)
Shooter.TurretMotor.isMotorStalled_INFO [0.136530517] Stall detection triggered.
Shooter.zeroCalibrate_INFO [0.143356082] ZeroCalibrate left shooter.
Climber.Motor.isMotorStalled_INFO [0.144754288] Stall detection triggered.
Climber.Motor.checkStallReset_INFO [0.150198307] Resetting stall.
Shooter.zeroCalibrate_INFO [0.160122799] ZeroCalibrate right shooter.
TrcSubsystem.zeroCalibrateAll_INFO [0.171055718] ZeroCalibrate(Subsystem=Climber, owner=null, event=null)
CmdDcmpAuto.cmdPeriodic_INFO [0.181452993] <Event name="StateInfo" time="0.18036244" tag="^^^^^" CmdDcmpAuto.state="START" />
CmdDcmpAuto.cmdPeriodic_INFO [0.197509333] <Event name="StateInfo" time="0.196704317" tag="vvvvv" CmdDcmpAuto.state="PICKUP_DEPOT" />
purePursuitDrive.start_INFO [0.362414459] ppStartTimestamps=[0.354717865, 0.354803321, 0.356283149, 0.357157135, 0.361628446, 0.361769351]
purePursuitDrive.start_INFO [0.363075863] ppStartBuildPathTimestamp=[0.248516988, 0.270129062, 0.270177706]
Shooter.enableGoalTracking_INFO [0.365490244] EnableGoalTracking: goalTrackingParams=(trackFlywheel=false,trackTiltPos=false,trackPanPos=true), noPassback=true
Shooter.setupGoalTrackingMode_INFO [0.366642145] AlliancHub: alliance=Red, fieldLengthZone=7, fieldWidthZone=2.
Shooter.setupGoalTrackingMode_INFO [0.36904103] GoalTracking(trackingMode=AllianceHub, goalPose=(x=-158.838583,y=469.110472,angle=180.000000), noPassback=true).
Shooter.LeftShooter.enableGoalTracking_INFO [0.375601292] Enable GoalTracking (trackingParams=(trackFlywheel=false,trackTiltPos=false,trackPanPos=true)).
Shooter.LeftPrimaryMotor.cancel_INFO [0.376521154] Cancel: stopping motor.
Shooter.LeftTiltMotor.cancel_INFO [0.378276141] Cancel: stopping motor.
Shooter.RightShooter.enableGoalTracking_INFO [0.383243711] Enable GoalTracking (trackingParams=(trackFlywheel=false,trackTiltPos=false,trackPanPos=true)).
Shooter.RightPrimaryMotor.cancel_INFO [0.38412762] Cancel: stopping motor.
Shooter.RightTiltMotor.cancel_INFO [0.385062727] Cancel: stopping motor.
CmdDcmpAuto.cmdPeriodic_INFO [0.394299095] <Event name="StateInfo" time="0.393941569" tag="^^^^^" CmdDcmpAuto.state="PICKUP_DEPOT" RobotPose=(x=-158.838583,y=511.610472,angle=-0.000000) TargetPose=(x=-84.000130,y=626.220709,angle=0.000000) vel=(x=0.017734,y=-0.032221,angle=0.128645) Path=TrcPath(degrees=true, [Waypoint(simple=true,index=0,pose=(x=0.000000,y=0.000000,angle=0.000000),vel=0.0), Waypoint(simple=false,index=-1,timestep=0.34926219296841854,pose=(x=49.943066,y=53.127492,angle=0.000000),vel=122.40467125909518,encPos=0.0,accel=0.0,jerk=0.0), Waypoint(simple=true,index=1,pose=(x=74.838452,y=79.610237,angle=0.000000),vel=85.73214099741124), Waypoint(simple=true,index=2,pose=(x=74.838452,y=114.610237,angle=0.000000),vel=0.0)]) />
Shooter.fieldTriggerCallback_INFO [0.461560017] FieldTriggerCallback: canceled=false, zoneCtxt=(value=-158.838583,prevZone=2,currZone=1)
Shooter.setupGoalTrackingMode_INFO [0.466174411] AlliancHub: alliance=Red, fieldLengthZone=7, fieldWidthZone=1.
Shooter.setupGoalTrackingMode_INFO [0.473489485] GoalTracking(trackingMode=AllianceHub, goalPose=(x=-158.838583,y=469.110472,angle=180.000000), noPassback=true).
CmdDcmpAuto.lambda$cmdPeriodic$1_INFO [0.480207925] WaypointHandler: index=0
Robot.setRelocalizationMode_INFO [0.48362987] setRelocalizationMode to OneShot
Shooter.LeftTiltMotor.isMotorStalled_INFO [0.52144647] Stall detection triggered.
Shooter.LeftTiltMotor.checkStallReset_INFO [0.524971906] Resetting stall.
Shooter.RightTiltMotor.isMotorStalled_INFO [0.527416189] Stall detection triggered.
Shooter.RightTiltMotor.checkStallReset_INFO [0.529131616] Resetting stall.
Shooter.TurretMotor.isMotorStalled_INFO [0.540134317] Stall detection triggered.
Climber.Motor.isMotorStalled_INFO [0.54145399] Stall detection triggered.
Shooter.fieldTriggerCallback_INFO [0.557911164] FieldTriggerCallback: canceled=false, zoneCtxt=(value=-158.815418,prevZone=1,currZone=2)
Shooter.setupGoalTrackingMode_INFO [0.561179121] AlliancHub: alliance=Red, fieldLengthZone=7, fieldWidthZone=2.
Climber.Motor.zeroCalibratingMotor_WARN [0.561570144] Stalled, lower limit switch may not exist or might have failed!
Climber.Motor.pidCtrlTask_INFO [0.566184899] Zero calibration done, event=null
Shooter.setupGoalTrackingMode_INFO [0.566417399] GoalTracking(trackingMode=AllianceHub, goalPose=(x=-158.838583,y=469.110472,angle=180.000000), noPassback=true).
Climber.Motor.isMotorStalled_INFO [0.63059289] Stall detection triggered.
Climber.Motor.checkStallReset_INFO [0.631244905] Resetting stall.
Climber.Motor.isMotorStalled_INFO [0.85828115] Stall detection triggered.
Climber.Motor.checkStallReset_INFO [0.85916024] Resetting stall.
Shooter.fieldTriggerCallback_INFO [1.243256159] FieldTriggerCallback: canceled=false, zoneCtxt=(value=-124.353728,prevZone=2,currZone=3)
Shooter.setupGoalTrackingMode_INFO [1.246636148] AlliancHub: alliance=Red, fieldLengthZone=7, fieldWidthZone=3.
Shooter.setupGoalTrackingMode_INFO [1.249324626] GoalTracking(trackingMode=AllianceHub, goalPose=(x=-158.838583,y=469.110472,angle=180.000000), noPassback=true).
Climber.Motor.isMotorStalled_INFO [1.447319068] Stall detection triggered.
Climber.Motor.checkStallReset_INFO [1.453623926] Resetting stall.
Shooter.LeftTiltMotor.isMotorStalled_INFO [1.480804326] Stall detection triggered.
Shooter.LeftTiltMotor.checkStallReset_INFO [1.483596573] Resetting stall.
Shooter.RightTiltMotor.isMotorStalled_INFO [1.486555603] Stall detection triggered.
Shooter.RightTiltMotor.checkStallReset_INFO [1.488542205] Resetting stall.
CmdDcmpAuto.lambda$cmdPeriodic$1_INFO [1.809297168] WaypointHandler: index=1
Robot.setRelocalizationMode_INFO [1.811692846] setRelocalizationMode to OneShot
Climber.Motor.isMotorStalled_INFO [2.563264165] Stall detection triggered.
Climber.Motor.checkStallReset_INFO [2.574467603] Resetting stall.
purePursuitDrive.driveTask_INFO [2.727245469] Done: index=3/4, stalled=false, timeout=false, posOnTarget=true, headingOnTarget=true, robotPose=(x=-83.870485,y=627.429595,angle=-1.388733)
purePursuitDrive.driveTask_INFO [2.730922639] Signal completion event (CmdDcmpAuto=CLEARED).
CmdDcmpAuto.lambda$cmdPeriodic$1_INFO [2.77268807] WaypointHandler: index=-1
Robot.setRelocalizationMode_INFO [2.773327963] setRelocalizationMode to Continuous
CmdDcmpAuto.cmdPeriodic_INFO [2.794387181] <Event name="StateInfo" time="2.794074698" tag="vvvvv" CmdDcmpAuto.state="SHOOT_DEPOT" />
TaskAutoShoot.autoShoot_INFO [2.804413728] autoShoot(owner=null, event=(CmdDcmpAuto=SIGNALED), taskParams=(autoStop=true, noPassback=true, noWait=false))
Shooter.enableGoalTracking_INFO [2.806256598] EnableGoalTracking: goalTrackingParams=(trackFlywheel=true,trackTiltPos=true,trackPanPos=true), noPassback=true
Shooter.setupGoalTrackingMode_INFO [2.809986221] AlliancHub: alliance=Red, fieldLengthZone=7, fieldWidthZone=3.
Shooter.setupGoalTrackingMode_INFO [2.816795293] GoalTracking(trackingMode=AllianceHub, goalPose=(x=-158.838583,y=469.110472,angle=180.000000), noPassback=true).
Shooter.LeftShooter.enableGoalTracking_INFO [2.817411673] Enable GoalTracking (trackingParams=(trackFlywheel=true,trackTiltPos=true,trackPanPos=true)).
Shooter.LeftPrimaryMotor.cancel_INFO [2.821653346] Cancel: stopping motor.
Shooter.LeftTiltMotor.cancel_INFO [2.82369105] Cancel: stopping motor.
Shooter.RightShooter.enableGoalTracking_INFO [2.828295946] Enable GoalTracking (trackingParams=(trackFlywheel=true,trackTiltPos=true,trackPanPos=true)).
Shooter.RightPrimaryMotor.cancel_INFO [2.832983566] Cancel: stopping motor.
Shooter.RightTiltMotor.cancel_INFO [2.833884828] Cancel: stopping motor.
CmdDcmpAuto.cmdPeriodic_INFO [2.838652652] <Event name="StateInfo" time="2.838404571" tag="^^^^^" CmdDcmpAuto.state="SHOOT_DEPOT" />
TaskAutoShoot.autoTask_INFO [2.988639806] <Event name="StateInfo" time="2.987906428" tag="vvvvv" TaskAutoShoot.state="START" />
TaskAutoShoot.runTaskState_INFO [3.003693407] ***** Wait for left Shooter ready.
TaskAutoShoot.runTaskState_INFO [3.010857213] ***** Wait for right Shooter ready.
TaskAutoShoot.runTaskState_INFO [3.016266328] ***** Wait for Turret ready.
TaskAutoShoot.autoTask_INFO [3.01910098] <Event name="StateInfo" time="3.017803115" tag="^^^^^" TaskAutoShoot.state="START" />
Shooter.TurretMotor.pidCtrlTask_INFO [3.073825908] controlMode: Position,onTarget=true(-151.43507385253906/-151.31734363385704), stalled=false, expired=false, event=(TaskAutoShoot.turretReady=SIGNALED)
TaskAutoShoot.autoTask_INFO [3.134977581] <Event name="StateInfo" time="3.134662948" tag="vvvvv" TaskAutoShoot.state="SHOOT" />
TaskAutoShoot.autoTask_INFO [3.136566042] <Event name="StateInfo" time="3.136357941" tag="^^^^^" TaskAutoShoot.state="SHOOT" />
TaskAutoShoot.autoTask_INFO [3.232544716] <Event name="StateInfo" time="3.23192358" tag="vvvvv" TaskAutoShoot.state="SHOOT" />
TaskAutoShoot.autoTask_INFO [3.239739921] <Event name="StateInfo" time="3.239537615" tag="^^^^^" TaskAutoShoot.state="SHOOT" />
TaskAutoShoot.autoTask_INFO [3.367262264] <Event name="StateInfo" time="3.366874867" tag="vvvvv" TaskAutoShoot.state="SHOOT" />
TaskAutoShoot.autoTask_INFO [3.36981597] <Event name="StateInfo" time="3.369560386" tag="^^^^^" TaskAutoShoot.state="SHOOT" />
TaskAutoShoot.autoTask_INFO [3.469133944] <Event name="StateInfo" time="3.467473728" tag="vvvvv" TaskAutoShoot.state="SHOOT" />
TaskAutoShoot.autoTask_INFO [3.476970304] <Event name="StateInfo" time="3.470803331" tag="^^^^^" TaskAutoShoot.state="SHOOT" />
TaskAutoShoot.autoTask_INFO [3.59036568] <Event name="StateInfo" time="3.59016012" tag="vvvvv" TaskAutoShoot.state="SHOOT" />
TaskAutoShoot.autoTask_INFO [3.592255126] <Event name="StateInfo" time="3.590933187" tag="^^^^^" TaskAutoShoot.state="SHOOT" />
TaskAutoShoot.autoTask_INFO [3.719927866] <Event name="StateInfo" time="3.718465407" tag="vvvvv" TaskAutoShoot.state="SHOOT" />
TaskAutoShoot.autoTask_INFO [3.724504576] <Event name="StateInfo" time="3.720905335" tag="^^^^^" TaskAutoShoot.state="SHOOT" />
TaskAutoShoot.autoTask_INFO [3.840230782] <Event name="StateInfo" time="3.840019126" tag="vvvvv" TaskAutoShoot.state="SHOOT" />
TaskAutoShoot.autoTask_INFO [3.844278736] <Event name="StateInfo" time="3.842888639" tag="^^^^^" TaskAutoShoot.state="SHOOT" />
Shooter.LeftShooter.goalTrackingTask_INFO [3.916927951] Shooter.LeftShooter is Ready: rpm1=5476.343149/5418.596292, rpm2=3329.882813/0.000000, tilt=28.016346/28.023407, pan=null/null
Shooter.LeftTiltMotor.isMotorStalled_INFO [3.926738129] Stall detection triggered.
Shooter.LeftTiltMotor.checkStallReset_INFO [3.929923254] Resetting stall.
Shooter.RightShooter.goalTrackingTask_INFO [3.949217604] Shooter.RightShooter is Ready: rpm1=5410.465745/5418.596292, rpm2=3302.695313/0.000000, tilt=28.016346/28.023407, pan=null/null
TaskAutoShoot.autoTask_INFO [3.952484521] <Event name="StateInfo" time="3.952264506" tag="vvvvv" TaskAutoShoot.state="SHOOT" />
TaskAutoShoot.runTaskState_INFO [3.957357631] ***** Start left shooter shooting (timedout=false, turretReady=true).
Shooter.shoot_INFO [3.960095494] shoot(owner=null, event=(TaskAutoShoot.leftShooterDone=CLEARED), shooter=leftShooter, autoStop=true)
Shooter.LeftTransferMotor.cancel_INFO [3.993925977] Cancel: stopping motor.
TaskAutoShoot.runTaskState_INFO [3.997689519] ***** Start right shooter shooting (timedout=false, turretReady=true).
Shooter.shoot_INFO [4.003601391] shoot(owner=null, event=(TaskAutoShoot.rightShooterDone=CLEARED), shooter=rightShooter, autoStop=true)
Shooter.RightTransferMotor.cancel_INFO [4.010881149] Cancel: stopping motor.
TaskAutoShoot.autoTask_INFO [4.018172218] <Event name="StateInfo" time="4.017167626" tag="^^^^^" TaskAutoShoot.state="SHOOT" />
Shooter.RightShooter.cancel_INFO [5.841573042] owner=null
Shooter.RightShooter.disableGoalTracking_INFO [5.846423292] Disable Goal Tracking.
Shooter.RightShooter.stopGoalTracking_INFO [5.849851048] Stop GoalTracking.
Shooter.RightTiltMotor.cancel_INFO [5.851837275] Cancel: stopping motor.
Shooter.RightPrimaryMotor.cancel_INFO [5.856339555] Cancel: stopping motor.
Shooter.RightPrimaryMotor.cancel_INFO [5.861527192] Cancel: stopping motor.
Shooter.RightTiltMotor.cancel_INFO [5.866819783] Cancel: stopping motor.
Shooter.RightTransferMotor.cancel_INFO [5.873969969] Cancel: stopping motor.
Shooter.FeederMotor.cancel_INFO [5.882654646] Cancel: stopping motor.
Climber.Motor.isMotorStalled_INFO [6.43327862] Stall detection triggered.
Climber.Motor.checkStallReset_INFO [6.43561589] Resetting stall.
Shooter.LeftShooter.cancel_INFO [6.471507639] owner=null
Shooter.LeftShooter.disableGoalTracking_INFO [6.473067993] Disable Goal Tracking.
Shooter.LeftShooter.stopGoalTracking_INFO [6.475014886] Stop GoalTracking.
Shooter.LeftTiltMotor.cancel_INFO [6.477098375] Cancel: stopping motor.
Shooter.LeftPrimaryMotor.cancel_INFO [6.481928347] Cancel: stopping motor.
Shooter.LeftPrimaryMotor.cancel_INFO [6.489819347] Cancel: stopping motor.
Shooter.LeftTiltMotor.cancel_INFO [6.491671212] Cancel: stopping motor.
Shooter.LeftTransferMotor.cancel_INFO [6.493487968] Cancel: stopping motor.
Shooter.FeederMotor.cancel_INFO [6.495360984] Cancel: stopping motor.
TaskAutoShoot.autoTask_INFO [6.499047458] <Event name="StateInfo" time="6.498774322" tag="vvvvv" TaskAutoShoot.state="DONE" />
TaskAutoShoot.stopSubsystems_INFO [6.503733908] Stopping subsystems.
Shooter.LeftTransferMotor.cancel_INFO [6.506209035] Cancel: stopping motor.
Shooter.RightTransferMotor.cancel_INFO [6.508215031] Cancel: stopping motor.
Shooter.FeederMotor.cancel_INFO [6.510450606] Cancel: stopping motor.
Shooter.LeftShooter.cancel_INFO [6.512782633] owner=null
Shooter.LeftPrimaryMotor.cancel_INFO [6.514902319] Cancel: stopping motor.
Shooter.LeftTiltMotor.cancel_INFO [6.516913501] Cancel: stopping motor.
Shooter.RightShooter.cancel_INFO [6.518302226] owner=null
Shooter.RightPrimaryMotor.cancel_INFO [6.520901736] Cancel: stopping motor.
Shooter.RightTiltMotor.cancel_INFO [6.52291066] Cancel: stopping motor.
Shooter.LeftTransferMotor.cancel_INFO [6.526403653] Cancel: stopping motor.
Shooter.RightTransferMotor.cancel_INFO [6.529927702] Cancel: stopping motor.
Shooter.FeederMotor.cancel_INFO [6.533475528] Cancel: stopping motor.
TaskAutoShoot.autoTask_INFO [6.623255015] <Event name="StateInfo" time="6.623011563" tag="^^^^^" TaskAutoShoot.state="DONE" />
CmdDcmpAuto.cmdPeriodic_INFO [6.64705972] <Event name="StateInfo" time="6.64681099" tag="vvvvv" CmdDcmpAuto.state="GO_TO_CLIMB_POS" />
TaskAutoShoot.cancel_INFO [6.652145955] Canceling auto task operation.
purePursuitDrive.start_INFO [6.667133272] ppStartTimestamps=[6.666538031, 6.66657701, 6.666587851, 6.666796732, 6.666836295, 6.666839701]
purePursuitDrive.start_INFO [6.669455491] ppStartBuildPathTimestamp=[6.656130126, 6.665952592, 6.666351022]
CmdDcmpAuto.cmdPeriodic_INFO [6.6774692] <Event name="StateInfo" time="6.676425521" tag="^^^^^" CmdDcmpAuto.state="GO_TO_CLIMB_POS" RobotPose=(x=-74.064579,y=628.979990,angle=-2.076249) TargetPose=(x=-73.154198,y=603.996805,angle=-2.087236) vel=(x=0.002738,y=-0.004665,angle=0.019063) Path=TrcPath(degrees=true, [Waypoint(simple=true,index=0,pose=(x=0.000000,y=0.000000,angle=0.000000),vel=0.0), Waypoint(simple=false,index=-1,timestep=0.4879500364742662,pose=(x=0.000000,y=-12.500000,angle=0.000000),vel=51.234753829797945,encPos=0.0,accel=0.0,jerk=0.0), Waypoint(simple=true,index=1,pose=(x=0.000000,y=-25.000000,angle=0.000000),vel=0.0)]) />
Shooter.LeftTiltMotor.pidCtrlTask_INFO [6.701383449] controlMode: Position,onTarget=true(17.383459702111725/17.0), stalled=false, expired=false, event=(stopLeftTilt=SIGNALED)
Shooter.RightTiltMotor.pidCtrlTask_INFO [6.740691935] controlMode: Position,onTarget=true(17.3439321661354/17.0), stalled=false, expired=false, event=(stopRightTilt=SIGNALED)
purePursuitDrive.driveTask_INFO [7.42957156] Done: index=2/3, stalled=false, timeout=false, posOnTarget=true, headingOnTarget=true, robotPose=(x=-73.733095,y=603.418532,angle=-1.422855)
purePursuitDrive.driveTask_INFO [7.433628387] Signal completion event (CmdDcmpAuto=CLEARED).
CmdDcmpAuto.cmdPeriodic_INFO [7.453723236] <Event name="StateInfo" time="7.453426638" tag="vvvvv" CmdDcmpAuto.state="AUTO_CLIMB" />
TaskAutoClimb.autoClimb_INFO [7.463061422] autoClimb(owner=null, event=(CmdDcmpAuto=SIGNALED), taskParams=(climbSide=DEPOT, alliance=Red, climbDelay=0.0))
CmdDcmpAuto.cmdPeriodic_INFO [7.47113942] <Event name="StateInfo" time="7.470322585" tag="^^^^^" CmdDcmpAuto.state="AUTO_CLIMB" />
TaskAutoClimb.autoTask_INFO [7.473545845] <Event name="StateInfo" time="7.473315124" tag="vvvvv" TaskAutoClimb.state="START" />
TaskAutoClimb.runTaskState_INFO [7.483282625] ***** Enabling GoalTracking on turret only.
Shooter.enableGoalTracking_INFO [7.485243399] EnableGoalTracking: goalTrackingParams=(trackFlywheel=false,trackTiltPos=false,trackPanPos=true), noPassback=true
Shooter.setupGoalTrackingMode_INFO [7.487732024] AlliancHub: alliance=Red, fieldLengthZone=7, fieldWidthZone=3.
Shooter.setupGoalTrackingMode_INFO [7.490129751] GoalTracking(trackingMode=AllianceHub, goalPose=(x=-158.838583,y=469.110472,angle=180.000000), noPassback=true).
Shooter.LeftShooter.enableGoalTracking_INFO [7.491849445] Enable GoalTracking (trackingParams=(trackFlywheel=false,trackTiltPos=false,trackPanPos=true)).
Shooter.LeftPrimaryMotor.cancel_INFO [7.493999322] Cancel: stopping motor.
Shooter.LeftTiltMotor.cancel_INFO [7.496337515] Cancel: stopping motor.
Shooter.RightShooter.enableGoalTracking_INFO [7.497950629] Enable GoalTracking (trackingParams=(trackFlywheel=false,trackTiltPos=false,trackPanPos=true)).
Shooter.RightPrimaryMotor.cancel_INFO [7.502213465] Cancel: stopping motor.
Shooter.RightTiltMotor.cancel_INFO [7.504901317] Cancel: stopping motor.
purePursuitDrive.start_INFO [7.533225315] ppStartTimestamps=[7.530290018, 7.530336008, 7.530346692, 7.532306488, 7.532351235, 7.532354985]
purePursuitDrive.start_INFO [7.535732913] ppStartBuildPathTimestamp=[7.52976973, 7.529868681, 7.529882278]
TaskAutoClimb.autoTask_INFO [7.544023046] <Event name="StateInfo" time="7.541146023" tag="^^^^^" TaskAutoClimb.state="START" />
purePursuitDrive.driveTask_INFO [9.159803808] Done: index=2/3, stalled=false, timeout=false, posOnTarget=true, headingOnTarget=true, robotPose=(x=-128.048475,y=608.460245,angle=89.970644)
purePursuitDrive.driveTask_INFO [9.165184763] Signal completion event (TaskAutoClimb.event=CLEARED).
Climber.Motor.pidCtrlTask_INFO [9.200093188] controlMode: Position,onTarget=true(24.437445963323025/25.4), stalled=false, expired=false, event=(TaskAutoClimb.climberEvent=SIGNALED)
Shooter.fieldTriggerCallback_INFO [9.200933851] FieldTriggerCallback: canceled=false, zoneCtxt=(value=-129.809411,prevZone=3,currZone=2)
Shooter.setupGoalTrackingMode_INFO [9.202283971] AlliancHub: alliance=Red, fieldLengthZone=7, fieldWidthZone=2.
Shooter.setupGoalTrackingMode_INFO [9.203352317] GoalTracking(trackingMode=AllianceHub, goalPose=(x=-158.838583,y=469.110472,angle=180.000000), noPassback=true).
TaskAutoClimb.autoTask_INFO [9.247043161] <Event name="StateInfo" time="9.246764272" tag="vvvvv" TaskAutoClimb.state="ALIGN_CLIMBER" />
purePursuitDrive.start_INFO [9.253742111] ppStartTimestamps=[9.251447563, 9.251485481, 9.251497407, 9.252748303, 9.252796866, 9.252800402]
purePursuitDrive.start_INFO [9.256203375] ppStartBuildPathTimestamp=[9.249022668, 9.251134748, 9.251288921]
TaskAutoClimb.autoTask_INFO [9.257761248] <Event name="StateInfo" time="9.257376493" tag="^^^^^" TaskAutoClimb.state="ALIGN_CLIMBER" />
Shooter.fieldTriggerCallback_INFO [9.359008471] FieldTriggerCallback: canceled=false, zoneCtxt=(value=-128.610787,prevZone=2,currZone=3)
Shooter.setupGoalTrackingMode_INFO [9.371326571] AlliancHub: alliance=Red, fieldLengthZone=7, fieldWidthZone=3.
Shooter.setupGoalTrackingMode_INFO [9.376308569] GoalTracking(trackingMode=AllianceHub, goalPose=(x=-158.838583,y=469.110472,angle=180.000000), noPassback=true).
Shooter.fieldTriggerCallback_INFO [9.429635566] FieldTriggerCallback: canceled=false, zoneCtxt=(value=-130.161069,prevZone=3,currZone=2)
Shooter.setupGoalTrackingMode_INFO [9.432425582] AlliancHub: alliance=Red, fieldLengthZone=7, fieldWidthZone=2.
Shooter.setupGoalTrackingMode_INFO [9.436571437] GoalTracking(trackingMode=AllianceHub, goalPose=(x=-158.838583,y=469.110472,angle=180.000000), noPassback=true).
TaskAutoClimb.autoTask_INFO [10.769421405] <Event name="StateInfo" time="10.769011729" tag="vvvvv" TaskAutoClimb.state="CLIMB" />
TaskAutoClimb.autoTask_INFO [10.800130522] <Event name="StateInfo" time="10.799805779" tag="^^^^^" TaskAutoClimb.state="CLIMB" />
Climber.Motor.pidCtrlTask_INFO [12.737243468] controlMode: Position,onTarget=true(19.11248231261952/18.125), stalled=false, expired=false, event=(TaskAutoClimb.climberEvent=SIGNALED)
TaskAutoClimb.autoTask_INFO [12.737357558] <Event name="StateInfo" time="12.737133225" tag="vvvvv" TaskAutoClimb.state="DONE" />
TaskAutoClimb.stopSubsystems_INFO [12.756935076] Stopping subsystems.
Climber.Motor.cancel_INFO [12.772515099] Cancel: stopping motor.
Shooter.LeftShooter.disableGoalTracking_INFO [12.773667609] Disable Goal Tracking.
Shooter.LeftShooter.stopGoalTracking_INFO [12.775027101] Stop GoalTracking.
Shooter.LeftTiltMotor.cancel_INFO [12.775606592] Cancel: stopping motor.
Shooter.LeftPrimaryMotor.cancel_INFO [12.779275371] Cancel: stopping motor.
Shooter.RightShooter.disableGoalTracking_INFO [12.781589416] Disable Goal Tracking.
Shooter.RightShooter.stopGoalTracking_INFO [12.783943039] Stop GoalTracking.
Shooter.RightTiltMotor.cancel_INFO [12.793265961] Cancel: stopping motor.
Shooter.RightPrimaryMotor.cancel_INFO [12.795173596] Cancel: stopping motor.
TaskAutoClimb.autoTask_INFO [12.800307845] <Event name="StateInfo" time="12.798158996" tag="^^^^^" TaskAutoClimb.state="DONE" />
CmdDcmpAuto.cmdPeriodic_INFO [12.811288201] <Event name="StateInfo" time="12.811026711" tag="vvvvv" CmdDcmpAuto.state="DONE" />
CmdDcmpAuto.cmdPeriodic_INFO [12.814707522] <Event name="StateInfo" time="12.81450409" tag="^^^^^" CmdDcmpAuto.state="DONE" />
FrcRobot.startCompetition_INFO [20.126249769] *** Transitioning from AUTO_MODE to DISABLED_MODE ***
Robot.cancelAll_INFO [20.137120908] Cancel all operations.
Shooter.LeftShooter.cancel_INFO [20.141393446] owner=null
Shooter.LeftPrimaryMotor.cancel_INFO [20.143016479] Cancel: stopping motor.
Shooter.LeftTiltMotor.cancel_INFO [20.144763279] Cancel: stopping motor.
Shooter.RightShooter.cancel_INFO [20.146967852] owner=null
Shooter.RightPrimaryMotor.cancel_INFO [20.149307906] Cancel: stopping motor.
Shooter.RightTiltMotor.cancel_INFO [20.151312303] Cancel: stopping motor.
Shooter.LeftTransferMotor.cancel_INFO [20.153046771] Cancel: stopping motor.
Shooter.RightTransferMotor.cancel_INFO [20.154733466] Cancel: stopping motor.
Shooter.FeederMotor.cancel_INFO [20.156877536] Cancel: stopping motor.
Shooter.LeftTiltMotor.pidCtrlTask_INFO [20.185891173] controlMode: Position,onTarget=true(16.988185529780566/17.0), stalled=false, expired=false, event=(stopLeftTilt=SIGNALED)
Shooter.RightTiltMotor.pidCtrlTask_INFO [20.220406605] controlMode: Position,onTarget=true(16.948658092756915/17.0), stalled=false, expired=false, event=(stopRightTilt=SIGNALED)
Intake.IntakeMotor.cancel_INFO [20.227276107] Cancel: stopping motor.
Climber.Motor.cancel_INFO [20.235279249] Cancel: stopping motor.
TaskAutoShoot.cancel_INFO [20.241058892] Canceling auto task operation.
TaskAutoClimb.cancel_INFO [20.244532811] Canceling auto task operation.
FrcRobot.printPerformanceMetrics_INFO [20.307345331] [FrcRobot] Loop Performance Metrics:
Average Loop Interval = 0.001875s (freq=533.263Hz, min=0.000924s, max=0.424902s)
[03]                StartTask=0.000000s
[04]          PrePeriodicTask=0.000127s
[07]               UpdateTask=0.001101s
[02]                StartMode=0.000001s
[06]         PostPeriodicTask=0.000249s
[08]                 StopTask=0.000000s
[09]                 StopMode=0.000000s
[00]                RobotInit=17.883368s
[01]           RobotStartMode=0.000006s
[05]                 Periodic=0.000301s
[10]            RobotStopMode=0.000002s

TrcTaskMgr.printTaskPerformanceMetrics_INFO [20.311585914] FrcDashboard.task: STANDALONE_TASK=4.314290033260576E-4/0.010567008616360046
TrcTaskMgr.printTaskPerformanceMetrics_INFO [20.31358477] TrcWatchdogMgr: STANDALONE_TASK=1.8745098019801979E-4/0.9905005967821782
TrcTaskMgr.printTaskPerformanceMetrics_INFO [20.3160331] flDriveMotor.pidCtrlTask: OUTPUT_TASK=2.3324618792425868E-5/0.012108689085506727
TrcTaskMgr.printTaskPerformanceMetrics_INFO [20.317431456] flDriveMotor.odometryCleanupTask: STOP_TASK=4.9163E-5/10.117620661
TrcTaskMgr.printTaskPerformanceMetrics_INFO [20.319297271] frDriveMotor.pidCtrlTask: OUTPUT_TASK=8.190356555912826E-6/0.012108667805525783
TrcTaskMgr.printTaskPerformanceMetrics_INFO [20.320691191] blDriveMotor.pidCtrlTask: OUTPUT_TASK=7.530004525425748E-6/0.012108666058473265
TrcTaskMgr.printTaskPerformanceMetrics_INFO [20.324064705] brDriveMotor.pidCtrlTask: OUTPUT_TASK=9.281691712312455E-6/0.012108486166706359
TrcTaskMgr.printTaskPerformanceMetrics_INFO [20.326091376] flSteerMotor.pidCtrlTask: OUTPUT_TASK=2.1422885210764467E-5/0.012108485075970468
TrcTaskMgr.printTaskPerformanceMetrics_INFO [20.327474443] frSteerMotor.pidCtrlTask: OUTPUT_TASK=2.2725481305072637E-5/0.012108515108954514
TrcTaskMgr.printTaskPerformanceMetrics_INFO [20.330358336] blSteerMotor.pidCtrlTask: OUTPUT_TASK=1.6952445701357463E-5/0.012108520584782092
TrcTaskMgr.printTaskPerformanceMetrics_INFO [20.33233511] brSteerMotor.pidCtrlTask: OUTPUT_TASK=1.779518814003334E-5/0.012108523783043583
TrcTaskMgr.printTaskPerformanceMetrics_INFO [20.335065142] FrcSwerveDrive.odometryTask: INPUT_TASK=0.002877969283882784/0.01853014976098901
TrcTaskMgr.printTaskPerformanceMetrics_INFO [20.33685419] FrcSwerveDrive.stopTask: STOP_TASK=0.002549752/10.117579496
TrcTaskMgr.printTaskPerformanceMetrics_INFO [20.338551742] purePursuitDrive.driveTask: OUTPUT_TASK=0.008725088262096774/0.04983864953629032
TrcTaskMgr.printTaskPerformanceMetrics_INFO [20.340609587] LED: OUTPUT_TASK=5.165537099654721E-5/0.012107936099059411
TrcTaskMgr.printTaskPerformanceMetrics_INFO [20.344768344] LED.ledTask: OUTPUT_TASK=3.508269812878371E-4/0.011135464689873418
TrcTaskMgr.printTaskPerformanceMetrics_INFO [20.346532118] Shooter.LeftPrimaryMotor.pidCtrlTask: OUTPUT_TASK=1.1397694047619048E-5/0.012107825928452382
TrcTaskMgr.printTaskPerformanceMetrics_INFO [20.348001348] Shooter.LeftFollowerMotor.pidCtrlTask: OUTPUT_TASK=5.031375595238095E-6/0.012107824025357141
TrcTaskMgr.printTaskPerformanceMetrics_INFO [20.349526587] Shooter.LeftTiltMotor.pidCtrlTask: OUTPUT_TASK=2.384784480952381E-4/0.012107823076190476
TrcTaskMgr.printTaskPerformanceMetrics_INFO [20.351089912] Shooter.LeftShooter.ShooterMotor1VelTrigger.triggerTask: PRE_PERIODIC_TASK=4.8548974074074075E-4/0.09040919503703702
TrcTaskMgr.printTaskPerformanceMetrics_INFO [20.352365888] Shooter.LeftShooter.goalTracking: POST_PERIODIC_TASK=0.03823825453051643/0.05776030716431925
TrcTaskMgr.printTaskPerformanceMetrics_INFO [20.354423397] Shooter.LeftTransferMotor.pidCtrlTask: OUTPUT_TASK=7.764230595238095E-6/0.012106382934642857
TrcTaskMgr.printTaskPerformanceMetrics_INFO [20.356563419] Shooter.RightPrimaryMotor.pidCtrlTask: OUTPUT_TASK=1.0414584047619049E-5/0.012106380845119048
TrcTaskMgr.printTaskPerformanceMetrics_INFO [20.358079797] Shooter.RightFollowerMotor.pidCtrlTask: OUTPUT_TASK=7.528663730508273E-6/0.012106292605285085
TrcTaskMgr.printTaskPerformanceMetrics_INFO [20.360104047] Shooter.RightTiltMotor.pidCtrlTask: OUTPUT_TASK=1.617138964408999E-4/0.012106291791096298
TrcTaskMgr.printTaskPerformanceMetrics_INFO [20.361658481] Shooter.RightShooter.ShooterMotor1VelTrigger.triggerTask: PRE_PERIODIC_TASK=1.241762105263158E-4/0.09488021831578948
TrcTaskMgr.printTaskPerformanceMetrics_INFO [20.362944833] Shooter.RightShooter.goalTracking: POST_PERIODIC_TASK=0.0038965467853658534/0.059950053473170735
TrcTaskMgr.printTaskPerformanceMetrics_INFO [20.366254096] Shooter.RightTransferMotor.pidCtrlTask: OUTPUT_TASK=6.92605130341626E-6/0.01210631438352577
TrcTaskMgr.printTaskPerformanceMetrics_INFO [20.367654565] Shooter.TurretMotor.pidCtrlTask: OUTPUT_TASK=7.419328656272316E-4/0.012106067596524637
TrcTaskMgr.printTaskPerformanceMetrics_INFO [20.369673177] Shooter.FeederMotor.pidCtrlTask: OUTPUT_TASK=7.104178766960247E-6/0.012105730519876219
TrcTaskMgr.printTaskPerformanceMetrics_INFO [20.370972685] ShooterfieldLengthTrigger.triggerTask: PRE_PERIODIC_TASK=2.8381309737620102E-5/0.0018696839497782704
TrcTaskMgr.printTaskPerformanceMetrics_INFO [20.372538103] ShooterfieldWidthTrigger.triggerTask: PRE_PERIODIC_TASK=6.21902293052476E-6/0.0018696823466371028
TrcTaskMgr.printTaskPerformanceMetrics_INFO [20.37378543] Intake.IntakeMotor.pidCtrlTask: OUTPUT_TASK=6.7510268983575345E-6/0.012105728213282551
TrcTaskMgr.printTaskPerformanceMetrics_INFO [20.375244669] Climber.Motor.pidCtrlTask: OUTPUT_TASK=8.277475553439657E-5/0.012105726670316591
TrcTaskMgr.printTaskPerformanceMetrics_INFO [20.376546992] TaskAutoShoot: POST_PERIODIC_TASK=0.007948570027777779/0.0975264636111111
TrcTaskMgr.printTaskPerformanceMetrics_INFO [20.378352378] TaskAutoClimb: POST_PERIODIC_TASK=0.001778364078125/0.0411228188359375
