Robot.robotStartMode_INFO [0.037840251] Thu Apr 09 20:20:01 UTC 2026: ***** TELEOP_MODE *****
Robot.robotStartMode_INFO [0.043644603] <BuildInfo Host="TRC492-DS2024" User="User" Timestamp="2026-04-09 12:46:31" Branch="dev" />
Shooter.stopTiltCallback_ERR [0.091166653] StopRightTilt was completed.
Shooter.stopTiltCallback_ERR [0.094306578] StopLeftTilt was completed.
FrcTeleOp.driverControllerButtonEvent_INFO [0.310958777] ##### button=DpadUp, pressed=true
FrcTeleOp.driverControllerButtonEvent_INFO [0.316052503] >>>>> Lock heading to 180.0
FrcTeleOp.driverControllerButtonEvent_INFO [0.464099729] ##### button=DpadUp, pressed=false
FrcTeleOp.driverControllerButtonEvent_INFO [0.567188422] ##### button=DpadUp, pressed=true
FrcTeleOp.driverControllerButtonEvent_INFO [0.568338149] >>>>> Lock heading to 180.0
FrcTeleOp.driverControllerButtonEvent_INFO [0.617197338] ##### button=DpadUp, pressed=false
FrcTeleOp.driverControllerButtonEvent_INFO [3.1612342] ##### button=B, pressed=true
FrcTeleOp.driverControllerButtonEvent_INFO [3.16665232] >>>>> Reset field forward heading (heading=164.31057024227542)
FrcTeleOp.driverControllerButtonEvent_INFO [3.267538801] ##### button=B, pressed=false
FrcTeleOp.driverControllerButtonEvent_INFO [3.627425774] ##### button=A, pressed=true
FrcTeleOp.toggleIntake_INFO [3.633008313] >>>>> Toggle Intake.
FrcTeleOp.driverControllerButtonEvent_INFO [3.684633539] ##### button=A, pressed=false
FrcTeleOp.driverControllerButtonEvent_INFO [5.06970283] ##### button=A, pressed=true
FrcTeleOp.toggleIntake_INFO [5.071114858] >>>>> Toggle Intake.
FrcTeleOp.driverControllerButtonEvent_INFO [5.225197416] ##### button=A, pressed=false
FrcTeleOp.operatorControllerButtonEvent_INFO [8.522470045] ##### button=Y, pressed=true
FrcTeleOp.shoot_INFO [8.524122203] >>>>> Start Auto Shoot.
TaskAutoShoot.autoShoot_INFO [8.529681729] autoShoot(owner=null, event=null, taskParams=(autoStop=false, noPassback=false, noWait=false))
Shooter.enableGoalTracking_INFO [8.530607896] EnableGoalTracking: goalTrackingParams=(trackFlywheel=true,trackTiltPos=true,trackPanPos=true), noPassback=false
Shooter.setupGoalTrackingMode_INFO [8.541263966] AlliancHub: alliance=Red, fieldLengthZone=7, fieldWidthZone=3.
Shooter.setupGoalTrackingMode_INFO [8.543858894] GoalTracking(trackingMode=AllianceHub, goalPose=(x=-158.838583,y=469.110472,angle=180.000000), noPassback=false).
Shooter.LeftShooter.enableGoalTracking_INFO [8.545905707] Enable GoalTracking (trackingParams=(trackFlywheel=true,trackTiltPos=true,trackPanPos=true)).
Shooter.LeftPrimaryMotor.cancel_INFO [8.548740589] Cancel: stopping motor.
Shooter.LeftTiltMotor.cancel_INFO [8.550716574] Cancel: stopping motor.
Shooter.RightShooter.enableGoalTracking_INFO [8.554295911] Enable GoalTracking (trackingParams=(trackFlywheel=true,trackTiltPos=true,trackPanPos=true)).
Shooter.RightPrimaryMotor.cancel_INFO [8.556651407] Cancel: stopping motor.
Shooter.RightTiltMotor.cancel_INFO [8.559186919] Cancel: stopping motor.
Shooter.enableGoalTracking_ERR [8.563114392] EnableGoalTrackingTimestamps=[8.531564103, 8.545588877, 8.553175754, 8.561882175]
TaskAutoShoot.autoTask_INFO [8.670841796] <Event name="StateInfo" time="8.670557767" tag="vvvvv" TaskAutoShoot.state="START" />
TaskAutoShoot.runTaskState_INFO [8.675886294] ***** Wait for left Shooter ready.
TaskAutoShoot.runTaskState_INFO [8.677357357] ***** Wait for right Shooter ready.
TaskAutoShoot.runTaskState_INFO [8.678555571] ***** Wait for Turret ready.
TaskAutoShoot.autoTask_INFO [8.682494382] <Event name="StateInfo" time="8.682225333" tag="^^^^^" TaskAutoShoot.state="START" />
Shooter.fieldTriggerCallback_INFO [8.779149339] FieldTriggerCallback: canceled=false, zoneCtxt=(value--129.774214,prevZone=3,currZone=2)
Shooter.setupGoalTrackingMode_INFO [8.779731801] AlliancHub: alliance=Red, fieldLengthZone=7, fieldWidthZone=2.
Shooter.setupGoalTrackingMode_INFO [8.786103406] GoalTracking(trackingMode=AllianceHub, goalPose=(x=-158.838583,y=469.110472,angle=180.000000), noPassback=false).
TaskAutoShoot.autoTask_INFO [8.883416093] <Event name="StateInfo" time="8.883126618" tag="vvvvv" TaskAutoShoot.state="SHOOT" />
TaskAutoShoot.autoTask_INFO [8.885154939] <Event name="StateInfo" time="8.884982033" tag="^^^^^" TaskAutoShoot.state="SHOOT" />
TaskAutoShoot.autoTask_INFO [8.987022486] <Event name="StateInfo" time="8.986673858" tag="vvvvv" TaskAutoShoot.state="SHOOT" />
TaskAutoShoot.autoTask_INFO [8.994573703] <Event name="StateInfo" time="8.994380801" tag="^^^^^" TaskAutoShoot.state="SHOOT" />
TaskAutoShoot.autoTask_INFO [9.09455294] <Event name="StateInfo" time="9.091448369" tag="vvvvv" TaskAutoShoot.state="SHOOT" />
TaskAutoShoot.autoTask_INFO [9.096057507] <Event name="StateInfo" time="9.095799232" tag="^^^^^" TaskAutoShoot.state="SHOOT" />
TaskAutoShoot.autoTask_INFO [9.190128485] <Event name="StateInfo" time="9.189939319" tag="vvvvv" TaskAutoShoot.state="SHOOT" />
TaskAutoShoot.autoTask_INFO [9.191342809] <Event name="StateInfo" time="9.191156698" tag="^^^^^" TaskAutoShoot.state="SHOOT" />
Shooter.fieldTriggerCallback_INFO [9.195379376] FieldTriggerCallback: canceled=false, zoneCtxt=(value--127.132143,prevZone=2,currZone=3)
Shooter.setupGoalTrackingMode_INFO [9.197270105] AlliancHub: alliance=Red, fieldLengthZone=7, fieldWidthZone=3.
Shooter.setupGoalTrackingMode_INFO [9.198346053] GoalTracking(trackingMode=AllianceHub, goalPose=(x=-158.838583,y=469.110472,angle=180.000000), noPassback=false).
TaskAutoShoot.autoTask_INFO [9.291396651] <Event name="StateInfo" time="9.288603616" tag="vvvvv" TaskAutoShoot.state="SHOOT" />
TaskAutoShoot.autoTask_INFO [9.302087908] <Event name="StateInfo" time="9.30051627" tag="^^^^^" TaskAutoShoot.state="SHOOT" />
Shooter.LeftShooter.goalTrackingTask_INFO [9.376964798] Shooter.LeftShooter is Ready: rpm1=4372.896635/4342.740479, rpm2=2688.164063/0.000000, tilt=20.348012/20.379920, pan=null/null
Shooter.RightShooter.goalTrackingTask_INFO [9.415308106] Shooter.RightShooter is Ready: rpm1=4299.636418/4342.740479, rpm2=2623.828125/0.000000, tilt=20.387539/20.379920, pan=null/null
TaskAutoShoot.autoTask_INFO [9.419547845] <Event name="StateInfo" time="9.419044389" tag="vvvvv" TaskAutoShoot.state="SHOOT" />
TaskAutoShoot.autoTask_INFO [9.422954414] <Event name="StateInfo" time="9.42142668" tag="^^^^^" TaskAutoShoot.state="SHOOT" />
TaskAutoShoot.autoTask_INFO [9.519074404] <Event name="StateInfo" time="9.518886486" tag="vvvvv" TaskAutoShoot.state="SHOOT" />
TaskAutoShoot.autoTask_INFO [9.523934743] <Event name="StateInfo" time="9.520492319" tag="^^^^^" TaskAutoShoot.state="SHOOT" />
TaskAutoShoot.autoTask_INFO [9.620012214] <Event name="StateInfo" time="9.619572987" tag="vvvvv" TaskAutoShoot.state="SHOOT" />
TaskAutoShoot.autoTask_INFO [9.622798575] <Event name="StateInfo" time="9.622475639" tag="^^^^^" TaskAutoShoot.state="SHOOT" />
TaskAutoShoot.autoTask_INFO [9.724976876] <Event name="StateInfo" time="9.721883782" tag="vvvvv" TaskAutoShoot.state="SHOOT" />
TaskAutoShoot.runTaskState_INFO [9.726324172] ***** Start left shooter shooting (timedout=true, turretReady=false).
Shooter.shoot_INFO [9.727495748] shoot(owner=null, event=(TaskAutoShoot.leftShooterDone=CLEARED), shooter=leftShooter, autoStop=false)
Shooter.LeftTransferMotor.cancel_INFO [9.728822364] Cancel: stopping motor.
TaskAutoShoot.runTaskState_INFO [9.73053199] ***** Start right shooter shooting (timedout=true, turretReady=false).
Shooter.shoot_INFO [9.731975835] shoot(owner=null, event=(TaskAutoShoot.rightShooterDone=CLEARED), shooter=rightShooter, autoStop=false)
Shooter.RightTransferMotor.cancel_INFO [9.735511854] Cancel: stopping motor.
TaskAutoShoot.autoTask_INFO [9.737761926] <Event name="StateInfo" time="9.737385691" tag="^^^^^" TaskAutoShoot.state="SHOOT" />
FrcTeleOp.periodic_INFO [10.050585032] >>>>> Shift[1]: Blue
Climber.Motor.isMotorStalled_INFO [10.173563797] Stall detection triggered.
Climber.Motor.checkStallReset_INFO [10.18006113] Resetting stall.
FrcTeleOp.operatorControllerButtonEvent_INFO [10.825698394] ##### button=Y, pressed=false
FrcTeleOp.shoot_INFO [10.829044719] >>>>> Stop Auto Shoot.
TaskAutoShoot.cancel_INFO [10.830806905] Canceling auto task operation.
TaskAutoShoot.stopSubsystems_INFO [10.833082959] Stopping subsystems.
Shooter.LeftTransferMotor.cancel_INFO [10.834401307] Cancel: stopping motor.
Shooter.RightTransferMotor.cancel_INFO [10.836247498] Cancel: stopping motor.
Shooter.FeederMotor.cancel_INFO [10.83790608] Cancel: stopping motor.
Shooter.LeftShooter.disableGoalTracking_INFO [10.83968175] Disable Goal Tracking.
Shooter.LeftShooter.stopGoalTracking_INFO [10.840762507] Stop GoalTracking.
Shooter.LeftTiltMotor.cancel_INFO [10.8421278] Cancel: stopping motor.
Shooter.LeftPrimaryMotor.cancel_INFO [10.844709879] Cancel: stopping motor.
Shooter.RightShooter.disableGoalTracking_INFO [10.84629858] Disable Goal Tracking.
Shooter.RightShooter.stopGoalTracking_INFO [10.848361929] Stop GoalTracking.
Shooter.RightTiltMotor.cancel_INFO [10.849950674] Cancel: stopping motor.
Shooter.RightPrimaryMotor.cancel_INFO [10.851714344] Cancel: stopping motor.
Shooter.LeftShooter.cancel_INFO [10.853355046] owner=null
Shooter.LeftPrimaryMotor.cancel_INFO [10.855345874] Cancel: stopping motor.
Shooter.LeftTiltMotor.cancel_INFO [10.856869653] Cancel: stopping motor.
Shooter.RightShooter.cancel_INFO [10.858838733] owner=null
Shooter.RightPrimaryMotor.cancel_INFO [10.86080202] Cancel: stopping motor.
Shooter.RightTiltMotor.cancel_INFO [10.862582878] Cancel: stopping motor.
Shooter.LeftTransferMotor.cancel_INFO [10.864527393] Cancel: stopping motor.
Shooter.RightTransferMotor.cancel_INFO [10.866773077] Cancel: stopping motor.
Shooter.FeederMotor.cancel_INFO [10.868599731] Cancel: stopping motor.
Shooter.stopTilt_ERR [10.869973747] StopTilt is called
Shooter.LeftTiltMotor.pidCtrlTask_INFO [10.955075513] controlMode: Position,onTarget=true(17.1858212525982/17.0), stalled=false, expired=false, event=(stopLeftTilt=SIGNALED)
Shooter.stopTilt_ERR [10.961686784] StopTilt is called
Shooter.LeftTiltMotor.pidCtrlTask_INFO [10.994651707] controlMode: Position,onTarget=true(16.948656930063002/17.0), stalled=false, expired=false, event=(stopLeftTilt=SIGNALED)
Shooter.RightTiltMotor.pidCtrlTask_INFO [11.013727981] controlMode: Position,onTarget=true(16.909129585807484/17.0), stalled=false, expired=false, event=(stopRightTilt=SIGNALED)
Shooter.stopTiltCallback_ERR [11.014961096] StopRightTilt was completed.
Shooter.stopTiltCallback_ERR [11.017823733] StopLeftTilt was completed.
Shooter.stopTiltCallback_ERR [11.027305049] StopRightTilt was canceled.
Shooter.stopTiltCallback_ERR [11.031448492] StopLeftTilt was completed.
FrcTeleOp.operatorControllerButtonEvent_INFO [14.39780357] ##### button=Y, pressed=true
FrcTeleOp.shoot_INFO [14.399147101] >>>>> Start Auto Shoot.
TaskAutoShoot.autoShoot_INFO [14.401087988] autoShoot(owner=null, event=null, taskParams=(autoStop=false, noPassback=false, noWait=false))
Shooter.enableGoalTracking_INFO [14.404043835] EnableGoalTracking: goalTrackingParams=(trackFlywheel=true,trackTiltPos=true,trackPanPos=true), noPassback=false
Shooter.setupGoalTrackingMode_INFO [14.406719651] PassingBack: alliance=Red, fieldLengthZone=2, fieldWidthZone=3, blueGoalPose= (x=-238.257874,y=78.305000,angle=0.000000), goalFieldPose=(x=-79.419291,y=572.915472,angle=180.000000).
Shooter.setupGoalTrackingMode_INFO [14.407804631] GoalTracking(trackingMode=Passback, goalPose=(x=-79.419291,y=572.915472,angle=180.000000), noPassback=false).
Shooter.LeftShooter.enableGoalTracking_INFO [14.409019612] Enable GoalTracking (trackingParams=(trackFlywheel=true,trackTiltPos=true,trackPanPos=true)).
Shooter.LeftPrimaryMotor.cancel_INFO [14.410061898] Cancel: stopping motor.
Shooter.LeftTiltMotor.cancel_INFO [14.411906365] Cancel: stopping motor.
Shooter.RightShooter.enableGoalTracking_INFO [14.413813707] Enable GoalTracking (trackingParams=(trackFlywheel=true,trackTiltPos=true,trackPanPos=true)).
Shooter.RightPrimaryMotor.cancel_INFO [14.415063832] Cancel: stopping motor.
Shooter.RightTiltMotor.cancel_INFO [14.418589961] Cancel: stopping motor.
Shooter.enableGoalTracking_ERR [14.420160694] EnableGoalTrackingTimestamps=[14.404538722, 14.408727198, 14.413119362, 14.419844688]
TaskAutoShoot.autoTask_INFO [14.523309569] <Event name="StateInfo" time="14.523056826" tag="vvvvv" TaskAutoShoot.state="START" />
TaskAutoShoot.runTaskState_INFO [14.525762685] ***** Wait for left Shooter ready.
TaskAutoShoot.runTaskState_INFO [14.531592968] ***** Wait for right Shooter ready.
TaskAutoShoot.runTaskState_INFO [14.534994128] ***** Wait for Turret ready.
TaskAutoShoot.autoTask_INFO [14.538259822] <Event name="StateInfo" time="14.537061186" tag="^^^^^" TaskAutoShoot.state="START" />
TaskAutoShoot.autoTask_INFO [14.743960764] <Event name="StateInfo" time="14.743770591" tag="vvvvv" TaskAutoShoot.state="SHOOT" />
TaskAutoShoot.autoTask_INFO [14.747121121] <Event name="StateInfo" time="14.744658501" tag="^^^^^" TaskAutoShoot.state="SHOOT" />
TaskAutoShoot.autoTask_INFO [14.836808654] <Event name="StateInfo" time="14.835141173" tag="vvvvv" TaskAutoShoot.state="SHOOT" />
TaskAutoShoot.autoTask_INFO [14.848272981] <Event name="StateInfo" time="14.847342764" tag="^^^^^" TaskAutoShoot.state="SHOOT" />
TaskAutoShoot.autoTask_INFO [14.936952223] <Event name="StateInfo" time="14.936646064" tag="vvvvv" TaskAutoShoot.state="SHOOT" />
TaskAutoShoot.autoTask_INFO [14.937468807] <Event name="StateInfo" time="14.937260785" tag="^^^^^" TaskAutoShoot.state="SHOOT" />
TaskAutoShoot.autoTask_INFO [15.05767877] <Event name="StateInfo" time="15.05751272" tag="vvvvv" TaskAutoShoot.state="SHOOT" />
TaskAutoShoot.autoTask_INFO [15.058097928] <Event name="StateInfo" time="15.057953935" tag="^^^^^" TaskAutoShoot.state="SHOOT" />
TaskAutoShoot.autoTask_INFO [15.160019526] <Event name="StateInfo" time="15.15984559" tag="vvvvv" TaskAutoShoot.state="SHOOT" />
TaskAutoShoot.autoTask_INFO [15.165268935] <Event name="StateInfo" time="15.16324363" tag="^^^^^" TaskAutoShoot.state="SHOOT" />
TaskAutoShoot.autoTask_INFO [15.258066577] <Event name="StateInfo" time="15.257851431" tag="vvvvv" TaskAutoShoot.state="SHOOT" />
TaskAutoShoot.autoTask_INFO [15.26763712] <Event name="StateInfo" time="15.267452318" tag="^^^^^" TaskAutoShoot.state="SHOOT" />
TaskAutoShoot.autoTask_INFO [15.376029261] <Event name="StateInfo" time="15.375842677" tag="vvvvv" TaskAutoShoot.state="SHOOT" />
TaskAutoShoot.autoTask_INFO [15.380697118] <Event name="StateInfo" time="15.38050987" tag="^^^^^" TaskAutoShoot.state="SHOOT" />
TaskAutoShoot.autoTask_INFO [15.480577899] <Event name="StateInfo" time="15.480414081" tag="vvvvv" TaskAutoShoot.state="SHOOT" />
TaskAutoShoot.autoTask_INFO [15.481705682] <Event name="StateInfo" time="15.481450878" tag="^^^^^" TaskAutoShoot.state="SHOOT" />
TaskAutoShoot.autoTask_INFO [15.579300892] <Event name="StateInfo" time="15.579107372" tag="vvvvv" TaskAutoShoot.state="SHOOT" />
TaskAutoShoot.runTaskState_INFO [15.58947045] ***** Start left shooter shooting (timedout=true, turretReady=false).
Shooter.shoot_INFO [15.59055464] shoot(owner=null, event=(TaskAutoShoot.leftShooterDone=CLEARED), shooter=leftShooter, autoStop=false)
Shooter.LeftTransferMotor.cancel_INFO [15.598684786] Cancel: stopping motor.
TaskAutoShoot.runTaskState_INFO [15.60174489] ***** Start right shooter shooting (timedout=true, turretReady=false).
Shooter.shoot_INFO [15.604746009] shoot(owner=null, event=(TaskAutoShoot.rightShooterDone=CLEARED), shooter=rightShooter, autoStop=false)
Shooter.RightTransferMotor.cancel_INFO [15.605927462] Cancel: stopping motor.
TaskAutoShoot.autoTask_INFO [15.608103441] <Event name="StateInfo" time="15.607908738" tag="^^^^^" TaskAutoShoot.state="SHOOT" />
Shooter.LeftShooter.goalTrackingTask_INFO [15.67517056] Shooter.LeftShooter is Ready: rpm1=6107.478966/6021.019478, rpm2=3771.679688/0.000000, tilt=39.993165/40.000000, pan=null/null
Shooter.RightShooter.goalTrackingTask_INFO [15.710741189] Shooter.RightShooter is Ready: rpm1=5966.637620/6021.019478, rpm2=3751.171875/0.000000, tilt=39.993161/40.000000, pan=null/null
Shooter.fieldTriggerCallback_INFO [16.737004377] FieldTriggerCallback: canceled=false, zoneCtxt=(value-300.250811,prevZone=2,currZone=3)
Shooter.setupGoalTrackingMode_INFO [16.740618422] PassingBack: alliance=Red, fieldLengthZone=3, fieldWidthZone=3, blueGoalPose= (x=-238.257874,y=78.305000,angle=0.000000), goalFieldPose=(x=-79.419291,y=572.915472,angle=180.000000).
Shooter.setupGoalTrackingMode_INFO [16.745366736] GoalTracking(trackingMode=Passback, goalPose=(x=-79.419291,y=572.915472,angle=180.000000), noPassback=false).
Shooter.fieldTriggerCallback_INFO [17.712233546] FieldTriggerCallback: canceled=false, zoneCtxt=(value-326.946694,prevZone=3,currZone=4)
Shooter.setupGoalTrackingMode_INFO [17.727679692] PassingBack: alliance=Red, fieldLengthZone=4, fieldWidthZone=3, blueGoalPose= (x=-238.257874,y=78.305000,angle=0.000000), goalFieldPose=(x=-79.419291,y=572.915472,angle=180.000000).
Shooter.setupGoalTrackingMode_INFO [17.728162745] GoalTracking(trackingMode=Passback, goalPose=(x=-79.419291,y=572.915472,angle=180.000000), noPassback=false).
FrcTeleOp.operatorControllerButtonEvent_INFO [18.328025783] ##### button=Y, pressed=false
FrcTeleOp.shoot_INFO [18.336267969] >>>>> Stop Auto Shoot.
TaskAutoShoot.cancel_INFO [18.337778163] Canceling auto task operation.
TaskAutoShoot.stopSubsystems_INFO [18.340277319] Stopping subsystems.
Shooter.LeftTransferMotor.cancel_INFO [18.348094653] Cancel: stopping motor.
Shooter.RightTransferMotor.cancel_INFO [18.351471347] Cancel: stopping motor.
Shooter.FeederMotor.cancel_INFO [18.35640466] Cancel: stopping motor.
Shooter.LeftShooter.disableGoalTracking_INFO [18.361858201] Disable Goal Tracking.
Shooter.LeftShooter.stopGoalTracking_INFO [18.366419265] Stop GoalTracking.
Shooter.LeftTiltMotor.cancel_INFO [18.37072309] Cancel: stopping motor.
Shooter.LeftPrimaryMotor.cancel_INFO [18.375259404] Cancel: stopping motor.
Shooter.RightShooter.disableGoalTracking_INFO [18.382352221] Disable Goal Tracking.
Shooter.RightShooter.stopGoalTracking_INFO [18.388054453] Stop GoalTracking.
Shooter.RightTiltMotor.cancel_INFO [18.393050145] Cancel: stopping motor.
Shooter.RightPrimaryMotor.cancel_INFO [18.395573588] Cancel: stopping motor.
Shooter.LeftShooter.cancel_INFO [18.398315736] owner=null
Shooter.LeftPrimaryMotor.cancel_INFO [18.400799861] Cancel: stopping motor.
Shooter.LeftTiltMotor.cancel_INFO [18.403895058] Cancel: stopping motor.
Shooter.RightShooter.cancel_INFO [18.409101181] owner=null
Shooter.RightPrimaryMotor.cancel_INFO [18.411394596] Cancel: stopping motor.
Shooter.RightTiltMotor.cancel_INFO [18.414947646] Cancel: stopping motor.
Shooter.LeftTransferMotor.cancel_INFO [18.41750336] Cancel: stopping motor.
Shooter.RightTransferMotor.cancel_INFO [18.419577041] Cancel: stopping motor.
Shooter.FeederMotor.cancel_INFO [18.421215131] Cancel: stopping motor.
Shooter.stopTilt_ERR [18.423195473] StopTilt is called
Shooter.stopTilt_ERR [18.484876971] StopTilt is called
Shooter.stopTiltCallback_ERR [18.543942985] StopRightTilt was canceled.
Shooter.stopTiltCallback_ERR [18.552042406] StopLeftTilt was canceled.
Shooter.LeftTiltMotor.pidCtrlTask_INFO [18.695766267] controlMode: Position,onTarget=true(17.027711692788547/17.0), stalled=false, expired=false, event=(stopLeftTilt=SIGNALED)
Shooter.stopTiltCallback_ERR [18.696117067] StopLeftTilt was completed.
Shooter.RightTiltMotor.pidCtrlTask_INFO [18.729852944] controlMode: Position,onTarget=true(17.699677268723796/17.0), stalled=false, expired=false, event=(stopRightTilt=SIGNALED)
Shooter.stopTiltCallback_ERR [18.730563293] StopRightTilt was completed.
FrcTeleOp.operatorControllerButtonEvent_INFO [19.899141877] ##### button=Y, pressed=true
FrcTeleOp.shoot_INFO [19.90011039] >>>>> Start Auto Shoot.
TaskAutoShoot.autoShoot_INFO [19.901557242] autoShoot(owner=null, event=null, taskParams=(autoStop=false, noPassback=false, noWait=false))
Shooter.enableGoalTracking_INFO [19.902136413] EnableGoalTracking: goalTrackingParams=(trackFlywheel=true,trackTiltPos=true,trackPanPos=true), noPassback=false
Shooter.setupGoalTrackingMode_INFO [19.903239725] PassingBack: alliance=Red, fieldLengthZone=5, fieldWidthZone=1, blueGoalPose= (x=-79.419291,y=78.305000,angle=0.000000), goalFieldPose=(x=-238.257874,y=572.915472,angle=180.000000).
Shooter.setupGoalTrackingMode_INFO [19.903797497] GoalTracking(trackingMode=Passback, goalPose=(x=-238.257874,y=572.915472,angle=180.000000), noPassback=false).
Shooter.LeftShooter.enableGoalTracking_INFO [19.90440697] Enable GoalTracking (trackingParams=(trackFlywheel=true,trackTiltPos=true,trackPanPos=true)).
Shooter.LeftPrimaryMotor.cancel_INFO [19.904980561] Cancel: stopping motor.
Shooter.LeftTiltMotor.cancel_INFO [19.905705981] Cancel: stopping motor.
Shooter.RightShooter.enableGoalTracking_INFO [19.907709492] Enable GoalTracking (trackingParams=(trackFlywheel=true,trackTiltPos=true,trackPanPos=true)).
Shooter.RightPrimaryMotor.cancel_INFO [19.908426024] Cancel: stopping motor.
Shooter.RightTiltMotor.cancel_INFO [19.909082378] Cancel: stopping motor.
Shooter.enableGoalTracking_ERR [19.910063084] EnableGoalTrackingTimestamps=[19.902257491, 19.90392772, 19.906867941, 19.909765886]
TaskAutoShoot.autoTask_INFO [20.036630486] <Event name="StateInfo" time="20.033375544" tag="vvvvv" TaskAutoShoot.state="START" />
TaskAutoShoot.runTaskState_INFO [20.040893571] ***** Wait for left Shooter ready.
TaskAutoShoot.runTaskState_INFO [20.043531238] ***** Wait for right Shooter ready.
TaskAutoShoot.runTaskState_INFO [20.044859447] ***** Wait for Turret ready.
TaskAutoShoot.autoTask_INFO [20.050570512] <Event name="StateInfo" time="20.050335873" tag="^^^^^" TaskAutoShoot.state="START" />
FrcTeleOp.operatorControllerButtonEvent_INFO [20.06116702] ##### button=Y, pressed=false
FrcTeleOp.shoot_INFO [20.080298291] >>>>> Stop Auto Shoot.
TaskAutoShoot.cancel_INFO [20.082229132] Canceling auto task operation.
TaskAutoShoot.stopSubsystems_INFO [20.085708689] Stopping subsystems.
Shooter.LeftTransferMotor.cancel_INFO [20.08910219] Cancel: stopping motor.
Shooter.RightTransferMotor.cancel_INFO [20.100778523] Cancel: stopping motor.
Shooter.FeederMotor.cancel_INFO [20.103489883] Cancel: stopping motor.
Shooter.LeftShooter.disableGoalTracking_INFO [20.108053781] Disable Goal Tracking.
Shooter.LeftShooter.stopGoalTracking_INFO [20.11554621] Stop GoalTracking.
Shooter.LeftTiltMotor.cancel_INFO [20.12580048] Cancel: stopping motor.
Shooter.LeftPrimaryMotor.cancel_INFO [20.130066332] Cancel: stopping motor.
Shooter.RightShooter.disableGoalTracking_INFO [20.13411948] Disable Goal Tracking.
Shooter.RightShooter.stopGoalTracking_INFO [20.13641703] Stop GoalTracking.
Shooter.RightTiltMotor.cancel_INFO [20.141622134] Cancel: stopping motor.
Shooter.RightPrimaryMotor.cancel_INFO [20.150893069] Cancel: stopping motor.
Shooter.LeftShooter.cancel_INFO [20.15263576] owner=null
Shooter.LeftPrimaryMotor.cancel_INFO [20.154084275] Cancel: stopping motor.
Shooter.LeftTiltMotor.cancel_INFO [20.175708848] Cancel: stopping motor.
Shooter.RightShooter.cancel_INFO [20.1773419] owner=null
Shooter.RightPrimaryMotor.cancel_INFO [20.20210783] Cancel: stopping motor.
Shooter.RightTiltMotor.cancel_INFO [20.20702886] Cancel: stopping motor.
Shooter.LeftTransferMotor.cancel_INFO [20.218252446] Cancel: stopping motor.
Shooter.RightTransferMotor.cancel_INFO [20.225162319] Cancel: stopping motor.
Shooter.FeederMotor.cancel_INFO [20.226813348] Cancel: stopping motor.
Shooter.stopTilt_ERR [20.228314622] StopTilt is called
Shooter.stopTilt_ERR [20.294632175] StopTilt is called
Shooter.stopTiltCallback_ERR [20.349517562] StopRightTilt was canceled.
Shooter.stopTiltCallback_ERR [20.353512142] StopLeftTilt was canceled.
Shooter.LeftTiltMotor.pidCtrlTask_INFO [20.418711506] controlMode: Position,onTarget=true(17.264876030441513/17.0), stalled=false, expired=false, event=(stopLeftTilt=SIGNALED)
Shooter.RightTiltMotor.pidCtrlTask_INFO [20.422663944] controlMode: Position,onTarget=true(17.46251299291625/17.0), stalled=false, expired=false, event=(stopRightTilt=SIGNALED)
Shooter.stopTiltCallback_ERR [20.420568827] StopLeftTilt was completed.
Shooter.stopTiltCallback_ERR [20.43416002] StopRightTilt was completed.
FrcTeleOp.operatorControllerButtonEvent_INFO [25.107797923] ##### button=Y, pressed=true
FrcTeleOp.shoot_INFO [25.110686452] >>>>> Start Auto Shoot.
TaskAutoShoot.autoShoot_INFO [25.111616284] autoShoot(owner=null, event=null, taskParams=(autoStop=false, noPassback=false, noWait=false))
Shooter.enableGoalTracking_INFO [25.113249281] EnableGoalTracking: goalTrackingParams=(trackFlywheel=true,trackTiltPos=true,trackPanPos=true), noPassback=false
Shooter.setupGoalTrackingMode_INFO [25.115219187] PassingBack: alliance=Red, fieldLengthZone=2, fieldWidthZone=0, blueGoalPose= (x=-79.419291,y=78.305000,angle=0.000000), goalFieldPose=(x=-238.257874,y=572.915472,angle=180.000000).
Shooter.setupGoalTrackingMode_INFO [25.127024072] GoalTracking(trackingMode=Passback, goalPose=(x=-238.257874,y=572.915472,angle=180.000000), noPassback=false).
Shooter.LeftShooter.enableGoalTracking_INFO [25.128418116] Enable GoalTracking (trackingParams=(trackFlywheel=true,trackTiltPos=true,trackPanPos=true)).
Shooter.LeftPrimaryMotor.cancel_INFO [25.130594764] Cancel: stopping motor.
Shooter.LeftTiltMotor.cancel_INFO [25.133133676] Cancel: stopping motor.
Shooter.RightShooter.enableGoalTracking_INFO [25.135689293] Enable GoalTracking (trackingParams=(trackFlywheel=true,trackTiltPos=true,trackPanPos=true)).
Shooter.RightPrimaryMotor.cancel_INFO [25.138375853] Cancel: stopping motor.
Shooter.RightTiltMotor.cancel_INFO [25.143453653] Cancel: stopping motor.
Shooter.enableGoalTracking_ERR [25.148365934] EnableGoalTrackingTimestamps=[25.114202475, 25.127787745, 25.134850716, 25.146669214]
Shooter.TurretMotor.pidCtrlTask_INFO [25.199775619] controlMode: Position,onTarget=true(72.32020568847656/70.43895865371609), stalled=false, expired=false, event=(TaskAutoShoot.turretReady=SIGNALED)
TaskAutoShoot.autoTask_INFO [25.250145738] <Event name="StateInfo" time="25.249894518" tag="vvvvv" TaskAutoShoot.state="START" />
TaskAutoShoot.runTaskState_INFO [25.251364172] ***** Wait for left Shooter ready.
TaskAutoShoot.runTaskState_INFO [25.252669518] ***** Wait for right Shooter ready.
TaskAutoShoot.runTaskState_INFO [25.258357564] ***** Wait for Turret ready.
TaskAutoShoot.autoTask_INFO [25.261580559] <Event name="StateInfo" time="25.259702095" tag="^^^^^" TaskAutoShoot.state="START" />
TaskAutoShoot.autoTask_INFO [25.472367543] <Event name="StateInfo" time="25.471991454" tag="vvvvv" TaskAutoShoot.state="SHOOT" />
TaskAutoShoot.autoTask_INFO [25.481633754] <Event name="StateInfo" time="25.481404037" tag="^^^^^" TaskAutoShoot.state="SHOOT" />
TaskAutoShoot.autoTask_INFO [25.590503867] <Event name="StateInfo" time="25.580548447" tag="vvvvv" TaskAutoShoot.state="SHOOT" />
TaskAutoShoot.autoTask_INFO [25.59854464] <Event name="StateInfo" time="25.598301116" tag="^^^^^" TaskAutoShoot.state="SHOOT" />
Shooter.fieldTriggerCallback_INFO [25.610323688] FieldTriggerCallback: canceled=false, zoneCtxt=(value-309.017255,prevZone=2,currZone=3)
Shooter.setupGoalTrackingMode_INFO [25.614775256] PassingBack: alliance=Red, fieldLengthZone=3, fieldWidthZone=0, blueGoalPose= (x=-79.419291,y=78.305000,angle=0.000000), goalFieldPose=(x=-238.257874,y=572.915472,angle=180.000000).
Shooter.setupGoalTrackingMode_INFO [25.616073827] GoalTracking(trackingMode=Passback, goalPose=(x=-238.257874,y=572.915472,angle=180.000000), noPassback=false).
TaskAutoShoot.autoTask_INFO [25.725803581] <Event name="StateInfo" time="25.725503403" tag="vvvvv" TaskAutoShoot.state="SHOOT" />
TaskAutoShoot.autoTask_INFO [25.728131475] <Event name="StateInfo" time="25.727437355" tag="^^^^^" TaskAutoShoot.state="SHOOT" />
Shooter.LeftShooter.goalTrackingTask_INFO [25.80714573] Shooter.LeftShooter is Ready: rpm1=3638.969351/3672.754698, rpm2=2252.578125/0.000000, tilt=39.993165/40.000000, pan=null/null
TaskAutoShoot.autoTask_INFO [25.840699187] <Event name="StateInfo" time="25.840504115" tag="vvvvv" TaskAutoShoot.state="SHOOT" />
TaskAutoShoot.autoTask_INFO [25.843903819] <Event name="StateInfo" time="25.84370533" tag="^^^^^" TaskAutoShoot.state="SHOOT" />
FrcTeleOp.driverControllerButtonEvent_INFO [25.847334308] ##### button=A, pressed=true
FrcTeleOp.toggleIntake_INFO [25.851238069] >>>>> Toggle Intake.
Shooter.fieldTriggerCallback_INFO [25.855348519] FieldTriggerCallback: canceled=false, zoneCtxt=(value-330.522858,prevZone=3,currZone=4)
Shooter.setupGoalTrackingMode_INFO [25.856777996] PassingBack: alliance=Red, fieldLengthZone=4, fieldWidthZone=0, blueGoalPose= (x=-79.419291,y=78.305000,angle=0.000000), goalFieldPose=(x=-238.257874,y=572.915472,angle=180.000000).
Shooter.setupGoalTrackingMode_INFO [25.857945513] GoalTracking(trackingMode=Passback, goalPose=(x=-238.257874,y=572.915472,angle=180.000000), noPassback=false).
TaskAutoShoot.autoTask_INFO [25.955821683] <Event name="StateInfo" time="25.955661884" tag="vvvvv" TaskAutoShoot.state="SHOOT" />
TaskAutoShoot.autoTask_INFO [25.95666874] <Event name="StateInfo" time="25.956495656" tag="^^^^^" TaskAutoShoot.state="SHOOT" />
FrcTeleOp.driverControllerButtonEvent_INFO [25.96205697] ##### button=A, pressed=false
TaskAutoShoot.autoTask_INFO [26.06043567] <Event name="StateInfo" time="26.060241194" tag="vvvvv" TaskAutoShoot.state="SHOOT" />
TaskAutoShoot.autoTask_INFO [26.076198337] <Event name="StateInfo" time="26.067946752" tag="^^^^^" TaskAutoShoot.state="SHOOT" />
TaskAutoShoot.autoTask_INFO [26.180823489] <Event name="StateInfo" time="26.179916134" tag="vvvvv" TaskAutoShoot.state="SHOOT" />
TaskAutoShoot.autoTask_INFO [26.193983857] <Event name="StateInfo" time="26.19362223" tag="^^^^^" TaskAutoShoot.state="SHOOT" />
FrcTeleOp.driverControllerButtonEvent_INFO [26.208047552] ##### button=RightBumper, pressed=true
FrcTeleOp.driverControllerButtonEvent_INFO [26.210634335] >>>>> Slow Drive
TaskAutoShoot.autoTask_INFO [26.302769852] <Event name="StateInfo" time="26.302443475" tag="vvvvv" TaskAutoShoot.state="SHOOT" />
TaskAutoShoot.runTaskState_INFO [26.304533012] ***** Start left shooter shooting (timedout=true, turretReady=false).
Shooter.shoot_INFO [26.306898013] shoot(owner=null, event=(TaskAutoShoot.leftShooterDone=CLEARED), shooter=leftShooter, autoStop=false)
Shooter.LeftTransferMotor.cancel_INFO [26.30848209] Cancel: stopping motor.
TaskAutoShoot.runTaskState_INFO [26.31317961] ***** Start right shooter shooting (timedout=true, turretReady=false).
Shooter.shoot_INFO [26.315157681] shoot(owner=null, event=(TaskAutoShoot.rightShooterDone=CLEARED), shooter=rightShooter, autoStop=false)
Shooter.RightTransferMotor.cancel_INFO [26.317309297] Cancel: stopping motor.
TaskAutoShoot.autoTask_INFO [26.323162874] <Event name="StateInfo" time="26.318437867" tag="^^^^^" TaskAutoShoot.state="SHOOT" />
Shooter.RightShooter.goalTrackingTask_INFO [26.424075013] Shooter.RightShooter is Ready: rpm1=5115.153245/5149.662586, rpm2=3130.781250/0.000000, tilt=39.993161/40.000000, pan=null/null
FrcTeleOp.operatorControllerButtonEvent_INFO [26.829363376] ##### button=Y, pressed=false
FrcTeleOp.shoot_INFO [26.834811076] >>>>> Stop Auto Shoot.
TaskAutoShoot.cancel_INFO [26.83556562] Canceling auto task operation.
TaskAutoShoot.stopSubsystems_INFO [26.845829015] Stopping subsystems.
Shooter.LeftTransferMotor.cancel_INFO [26.848947854] Cancel: stopping motor.
Shooter.RightTransferMotor.cancel_INFO [26.850636067] Cancel: stopping motor.
Shooter.FeederMotor.cancel_INFO [26.852731766] Cancel: stopping motor.
Shooter.LeftShooter.disableGoalTracking_INFO [26.853900049] Disable Goal Tracking.
Shooter.LeftShooter.stopGoalTracking_INFO [26.855427522] Stop GoalTracking.
Shooter.LeftTiltMotor.cancel_INFO [26.857903745] Cancel: stopping motor.
Shooter.LeftPrimaryMotor.cancel_INFO [26.859897552] Cancel: stopping motor.
Shooter.RightShooter.disableGoalTracking_INFO [26.863145128] Disable Goal Tracking.
Shooter.RightShooter.stopGoalTracking_INFO [26.864405735] Stop GoalTracking.
Shooter.RightTiltMotor.cancel_INFO [26.865791555] Cancel: stopping motor.
Shooter.RightPrimaryMotor.cancel_INFO [26.86820454] Cancel: stopping motor.
Shooter.LeftShooter.cancel_INFO [26.870606788] owner=null
Shooter.LeftPrimaryMotor.cancel_INFO [26.872522004] Cancel: stopping motor.
Shooter.LeftTiltMotor.cancel_INFO [26.874352711] Cancel: stopping motor.
Shooter.RightShooter.cancel_INFO [26.876300583] owner=null
Shooter.RightPrimaryMotor.cancel_INFO [26.877923804] Cancel: stopping motor.
Shooter.RightTiltMotor.cancel_INFO [26.883388434] Cancel: stopping motor.
Shooter.LeftTransferMotor.cancel_INFO [26.88574] Cancel: stopping motor.
Shooter.RightTransferMotor.cancel_INFO [26.887893204] Cancel: stopping motor.
Shooter.FeederMotor.cancel_INFO [26.890909623] Cancel: stopping motor.
Shooter.stopTilt_ERR [26.893818289] StopTilt is called
Shooter.stopTilt_ERR [26.949517663] StopTilt is called
Shooter.stopTiltCallback_ERR [27.020913112] StopRightTilt was canceled.
Shooter.stopTiltCallback_ERR [27.025165886] StopLeftTilt was canceled.
Shooter.stopTiltCallback_ERR [27.163252367] StopLeftTilt was completed.
Shooter.LeftTiltMotor.pidCtrlTask_INFO [27.16163927] controlMode: Position,onTarget=true(17.581095106081854/17.0), stalled=false, expired=false, event=(stopLeftTilt=SIGNALED)
Shooter.RightTiltMotor.pidCtrlTask_INFO [27.206033861] controlMode: Position,onTarget=true(17.067239142181283/17.0), stalled=false, expired=false, event=(stopRightTilt=SIGNALED)
Shooter.stopTiltCallback_ERR [27.207651835] StopRightTilt was completed.
FrcTeleOp.driverControllerButtonEvent_INFO [27.823329528] ##### button=RightBumper, pressed=false
FrcTeleOp.driverControllerButtonEvent_INFO [27.827081143] >>>>> Normal Drive
FrcTeleOp.driverControllerButtonEvent_INFO [29.316334189] ##### button=A, pressed=true
FrcTeleOp.toggleIntake_INFO [29.317714034] >>>>> Toggle Intake.
FrcTeleOp.driverControllerButtonEvent_INFO [29.418101063] ##### button=A, pressed=false
FrcTeleOp.driverControllerButtonEvent_INFO [34.147046404] ##### button=A, pressed=true
FrcTeleOp.toggleIntake_INFO [34.148180948] >>>>> Toggle Intake.
FrcTeleOp.driverControllerButtonEvent_INFO [34.300008106] ##### button=A, pressed=false
FrcTeleOp.operatorControllerButtonEvent_INFO [34.455265638] ##### button=Y, pressed=true
FrcTeleOp.shoot_INFO [34.456343107] >>>>> Start Auto Shoot.
TaskAutoShoot.autoShoot_INFO [34.457236082] autoShoot(owner=null, event=null, taskParams=(autoStop=false, noPassback=false, noWait=false))
Shooter.enableGoalTracking_INFO [34.458656268] EnableGoalTracking: goalTrackingParams=(trackFlywheel=true,trackTiltPos=true,trackPanPos=true), noPassback=false
Shooter.setupGoalTrackingMode_INFO [34.460135622] AlliancHub: alliance=Red, fieldLengthZone=7, fieldWidthZone=3.
Shooter.setupGoalTrackingMode_INFO [34.461073902] GoalTracking(trackingMode=AllianceHub, goalPose=(x=-158.838583,y=469.110472,angle=180.000000), noPassback=false).
Shooter.LeftShooter.enableGoalTracking_INFO [34.462775005] Enable GoalTracking (trackingParams=(trackFlywheel=true,trackTiltPos=true,trackPanPos=true)).
Shooter.LeftPrimaryMotor.cancel_INFO [34.464091895] Cancel: stopping motor.
Shooter.LeftTiltMotor.cancel_INFO [34.465310312] Cancel: stopping motor.
Shooter.RightShooter.enableGoalTracking_INFO [34.466316035] Enable GoalTracking (trackingParams=(trackFlywheel=true,trackTiltPos=true,trackPanPos=true)).
Shooter.RightPrimaryMotor.cancel_INFO [34.467630245] Cancel: stopping motor.
Shooter.RightTiltMotor.cancel_INFO [34.468539676] Cancel: stopping motor.
Shooter.enableGoalTracking_ERR [34.469841554] EnableGoalTrackingTimestamps=[34.459227088, 34.461897898, 34.466044671, 34.469576193]
TaskAutoShoot.autoTask_INFO [34.579827808] <Event name="StateInfo" time="34.579557988" tag="vvvvv" TaskAutoShoot.state="START" />
TaskAutoShoot.runTaskState_INFO [34.584324178] ***** Wait for left Shooter ready.
TaskAutoShoot.runTaskState_INFO [34.587491691] ***** Wait for right Shooter ready.
TaskAutoShoot.runTaskState_INFO [34.588703206] ***** Wait for Turret ready.
TaskAutoShoot.autoTask_INFO [34.590390035] <Event name="StateInfo" time="34.590171676" tag="^^^^^" TaskAutoShoot.state="START" />
FrcTeleOp.driverControllerButtonEvent_INFO [34.606162667] ##### button=RightBumper, pressed=true
FrcTeleOp.driverControllerButtonEvent_INFO [34.608089209] >>>>> Slow Drive
Shooter.TurretMotor.pidCtrlTask_INFO [34.722734631] controlMode: Position,onTarget=true(-3.22161865234375/-5.6207471034962495), stalled=false, expired=false, event=(TaskAutoShoot.turretReady=SIGNALED)
TaskAutoShoot.autoTask_INFO [34.82668164] <Event name="StateInfo" time="34.826514408" tag="vvvvv" TaskAutoShoot.state="SHOOT" />
TaskAutoShoot.autoTask_INFO [34.830534925] <Event name="StateInfo" time="34.830329137" tag="^^^^^" TaskAutoShoot.state="SHOOT" />
TaskAutoShoot.autoTask_INFO [34.9566434] <Event name="StateInfo" time="34.956469283" tag="vvvvv" TaskAutoShoot.state="SHOOT" />
TaskAutoShoot.autoTask_INFO [34.959824594] <Event name="StateInfo" time="34.959639597" tag="^^^^^" TaskAutoShoot.state="SHOOT" />
TaskAutoShoot.autoTask_INFO [35.095524729] <Event name="StateInfo" time="35.094890993" tag="vvvvv" TaskAutoShoot.state="SHOOT" />
TaskAutoShoot.autoTask_INFO [35.104436054] <Event name="StateInfo" time="35.104173492" tag="^^^^^" TaskAutoShoot.state="SHOOT" />
FrcTeleOp.periodic_INFO [35.118906503] >>>>> Shift[2]: Red
TaskAutoShoot.autoTask_INFO [35.195976999] <Event name="StateInfo" time="35.193586462" tag="vvvvv" TaskAutoShoot.state="SHOOT" />
TaskAutoShoot.autoTask_INFO [35.196573939] <Event name="StateInfo" time="35.196220926" tag="^^^^^" TaskAutoShoot.state="SHOOT" />
Shooter.LeftShooter.goalTrackingTask_INFO [35.288340306] Shooter.LeftShooter is Ready: rpm1=4724.810697/4627.971766, rpm2=2929.101563/0.000000, tilt=23.035869/22.212079, pan=null/null
Shooter.RightShooter.goalTrackingTask_INFO [35.326467166] Shooter.RightShooter is Ready: rpm1=4683.731971/4627.971766, rpm2=2907.773438/0.000000, tilt=23.035869/22.212079, pan=null/null
TaskAutoShoot.autoTask_INFO [35.328402433] <Event name="StateInfo" time="35.328227986" tag="vvvvv" TaskAutoShoot.state="SHOOT" />
TaskAutoShoot.runTaskState_INFO [35.330912466] ***** Start left shooter shooting (timedout=false, turretReady=true).
Shooter.shoot_INFO [35.333477732] shoot(owner=null, event=(TaskAutoShoot.leftShooterDone=CLEARED), shooter=leftShooter, autoStop=false)
Shooter.LeftTransferMotor.cancel_INFO [35.335040709] Cancel: stopping motor.
TaskAutoShoot.runTaskState_INFO [35.337336544] ***** Start right shooter shooting (timedout=false, turretReady=true).
Shooter.shoot_INFO [35.339914807] shoot(owner=null, event=(TaskAutoShoot.rightShooterDone=CLEARED), shooter=rightShooter, autoStop=false)
Shooter.RightTransferMotor.cancel_INFO [35.342858912] Cancel: stopping motor.
TaskAutoShoot.autoTask_INFO [35.344734895] <Event name="StateInfo" time="35.344544977" tag="^^^^^" TaskAutoShoot.state="SHOOT" />
FrcTeleOp.driverControllerButtonEvent_INFO [35.665100519] ##### button=A, pressed=true
FrcTeleOp.toggleIntake_INFO [35.670320431] >>>>> Toggle Intake.
FrcTeleOp.driverControllerButtonEvent_INFO [35.864138628] ##### button=A, pressed=false
Shooter.fieldTriggerCallback_INFO [37.254713272] FieldTriggerCallback: canceled=false, zoneCtxt=(value--130.069541,prevZone=3,currZone=2)
Shooter.setupGoalTrackingMode_INFO [37.255889369] AlliancHub: alliance=Red, fieldLengthZone=7, fieldWidthZone=2.
Shooter.setupGoalTrackingMode_INFO [37.259182312] GoalTracking(trackingMode=AllianceHub, goalPose=(x=-158.838583,y=469.110472,angle=180.000000), noPassback=false).
Shooter.fieldTriggerCallback_INFO [38.225587542] FieldTriggerCallback: canceled=false, zoneCtxt=(value--159.193122,prevZone=2,currZone=1)
Shooter.setupGoalTrackingMode_INFO [38.226376189] AlliancHub: alliance=Red, fieldLengthZone=7, fieldWidthZone=1.
Shooter.setupGoalTrackingMode_INFO [38.230167384] GoalTracking(trackingMode=AllianceHub, goalPose=(x=-158.838583,y=469.110472,angle=180.000000), noPassback=false).
FrcTeleOp.driverControllerButtonEvent_INFO [38.535992983] ##### button=RightBumper, pressed=false
FrcTeleOp.driverControllerButtonEvent_INFO [38.536494539] >>>>> Normal Drive
FrcTeleOp.driverControllerButtonEvent_INFO [38.662356514] ##### button=A, pressed=true
FrcTeleOp.toggleIntake_INFO [38.66396273] >>>>> Toggle Intake.
FrcTeleOp.driverControllerButtonEvent_INFO [38.760539362] ##### button=A, pressed=false
FrcTeleOp.operatorControllerButtonEvent_INFO [38.868248553] ##### button=Y, pressed=false
FrcTeleOp.shoot_INFO [38.870627435] >>>>> Stop Auto Shoot.
TaskAutoShoot.cancel_INFO [38.87383615] Canceling auto task operation.
TaskAutoShoot.stopSubsystems_INFO [38.875238994] Stopping subsystems.
Shooter.LeftTransferMotor.cancel_INFO [38.876402493] Cancel: stopping motor.
Shooter.RightTransferMotor.cancel_INFO [38.877704814] Cancel: stopping motor.
Shooter.FeederMotor.cancel_INFO [38.881077866] Cancel: stopping motor.
Shooter.LeftShooter.disableGoalTracking_INFO [38.8833025] Disable Goal Tracking.
Shooter.LeftShooter.stopGoalTracking_INFO [38.888323586] Stop GoalTracking.
Shooter.LeftTiltMotor.cancel_INFO [38.890889246] Cancel: stopping motor.
Shooter.LeftPrimaryMotor.cancel_INFO [38.895004238] Cancel: stopping motor.
Shooter.RightShooter.disableGoalTracking_INFO [38.897153532] Disable Goal Tracking.
Shooter.RightShooter.stopGoalTracking_INFO [38.898949074] Stop GoalTracking.
Shooter.RightTiltMotor.cancel_INFO [38.904685926] Cancel: stopping motor.
Shooter.RightPrimaryMotor.cancel_INFO [38.906179259] Cancel: stopping motor.
Shooter.LeftShooter.cancel_INFO [38.908178422] owner=null
Shooter.LeftPrimaryMotor.cancel_INFO [38.910111308] Cancel: stopping motor.
Shooter.LeftTiltMotor.cancel_INFO [38.911977368] Cancel: stopping motor.
Shooter.RightShooter.cancel_INFO [38.91378886] owner=null
Shooter.RightPrimaryMotor.cancel_INFO [38.916457621] Cancel: stopping motor.
Shooter.RightTiltMotor.cancel_INFO [38.918157857] Cancel: stopping motor.
Shooter.LeftTransferMotor.cancel_INFO [38.922162142] Cancel: stopping motor.
Shooter.RightTransferMotor.cancel_INFO [38.927581439] Cancel: stopping motor.
Shooter.FeederMotor.cancel_INFO [38.929681188] Cancel: stopping motor.
Shooter.stopTilt_ERR [38.943996085] StopTilt is called
Shooter.stopTilt_ERR [39.005232972] StopTilt is called
Shooter.stopTiltCallback_ERR [39.068843531] StopRightTilt was canceled.
Shooter.stopTiltCallback_ERR [39.06997811] StopLeftTilt was canceled.
Shooter.LeftTiltMotor.pidCtrlTask_INFO [39.09330309] controlMode: Position,onTarget=true(17.660149881176483/17.0), stalled=false, expired=false, event=(stopLeftTilt=SIGNALED)
Shooter.stopTiltCallback_ERR [39.096174676] StopLeftTilt was completed.
Shooter.RightTiltMotor.pidCtrlTask_INFO [39.124496357] controlMode: Position,onTarget=true(17.699677268723796/17.0), stalled=false, expired=false, event=(stopRightTilt=SIGNALED)
Shooter.stopTiltCallback_ERR [39.12913824] StopRightTilt was completed.
FrcTeleOp.driverControllerButtonEvent_INFO [39.804459389] ##### button=A, pressed=true
FrcTeleOp.toggleIntake_INFO [39.805372453] >>>>> Toggle Intake.
FrcTeleOp.driverControllerButtonEvent_INFO [39.910012341] ##### button=A, pressed=false
FrcTeleOp.operatorControllerButtonEvent_INFO [40.111895653] ##### button=Y, pressed=true
FrcTeleOp.shoot_INFO [40.112760775] >>>>> Start Auto Shoot.
TaskAutoShoot.autoShoot_INFO [40.113104333] autoShoot(owner=null, event=null, taskParams=(autoStop=false, noPassback=false, noWait=false))
Shooter.enableGoalTracking_INFO [40.113422065] EnableGoalTracking: goalTrackingParams=(trackFlywheel=true,trackTiltPos=true,trackPanPos=true), noPassback=false
Shooter.setupGoalTrackingMode_INFO [40.114305747] AlliancHub: alliance=Red, fieldLengthZone=7, fieldWidthZone=0.
Shooter.setupGoalTrackingMode_INFO [40.114818722] GoalTracking(trackingMode=AllianceHub, goalPose=(x=-158.838583,y=469.110472,angle=180.000000), noPassback=false).
Shooter.LeftShooter.enableGoalTracking_INFO [40.124567517] Enable GoalTracking (trackingParams=(trackFlywheel=true,trackTiltPos=true,trackPanPos=true)).
Shooter.LeftPrimaryMotor.cancel_INFO [40.127422901] Cancel: stopping motor.
Shooter.LeftTiltMotor.cancel_INFO [40.127981944] Cancel: stopping motor.
Shooter.RightShooter.enableGoalTracking_INFO [40.128594141] Enable GoalTracking (trackingParams=(trackFlywheel=true,trackTiltPos=true,trackPanPos=true)).
Shooter.RightPrimaryMotor.cancel_INFO [40.130499639] Cancel: stopping motor.
Shooter.RightTiltMotor.cancel_INFO [40.131286456] Cancel: stopping motor.
Shooter.enableGoalTracking_ERR [40.131861727] EnableGoalTrackingTimestamps=[40.113933043, 40.124164027, 40.128339288, 40.131580666]
TaskAutoShoot.autoTask_INFO [40.241658953] <Event name="StateInfo" time="40.241384411" tag="vvvvv" TaskAutoShoot.state="START" />
TaskAutoShoot.runTaskState_INFO [40.243368237] ***** Wait for left Shooter ready.
TaskAutoShoot.runTaskState_INFO [40.246831034] ***** Wait for right Shooter ready.
TaskAutoShoot.runTaskState_INFO [40.249606267] ***** Wait for Turret ready.
TaskAutoShoot.autoTask_INFO [40.253747739] <Event name="StateInfo" time="40.253148362" tag="^^^^^" TaskAutoShoot.state="START" />
TaskAutoShoot.autoTask_INFO [40.442240509] <Event name="StateInfo" time="40.441966782" tag="vvvvv" TaskAutoShoot.state="SHOOT" />
TaskAutoShoot.autoTask_INFO [40.451812169] <Event name="StateInfo" time="40.443785475" tag="^^^^^" TaskAutoShoot.state="SHOOT" />
TaskAutoShoot.autoTask_INFO [40.552315353] <Event name="StateInfo" time="40.5502186" tag="vvvvv" TaskAutoShoot.state="SHOOT" />
TaskAutoShoot.autoTask_INFO [40.554130332] <Event name="StateInfo" time="40.553941724" tag="^^^^^" TaskAutoShoot.state="SHOOT" />
TaskAutoShoot.autoTask_INFO [40.654725148] <Event name="StateInfo" time="40.654567258" tag="vvvvv" TaskAutoShoot.state="SHOOT" />
TaskAutoShoot.autoTask_INFO [40.661700065] <Event name="StateInfo" time="40.654946015" tag="^^^^^" TaskAutoShoot.state="SHOOT" />
TaskAutoShoot.autoTask_INFO [40.761592599] <Event name="StateInfo" time="40.76139035" tag="vvvvv" TaskAutoShoot.state="SHOOT" />
TaskAutoShoot.autoTask_INFO [40.762197094] <Event name="StateInfo" time="40.762029766" tag="^^^^^" TaskAutoShoot.state="SHOOT" />
TaskAutoShoot.autoTask_INFO [40.877786506] <Event name="StateInfo" time="40.876980768" tag="vvvvv" TaskAutoShoot.state="SHOOT" />
TaskAutoShoot.autoTask_INFO [40.878487848] <Event name="StateInfo" time="40.878189048" tag="^^^^^" TaskAutoShoot.state="SHOOT" />
Shooter.LeftShooter.goalTrackingTask_INFO [40.957444012] Shooter.LeftShooter is Ready: rpm1=5655.612981/5732.179136, rpm2=3464.882813/0.000000, tilt=30.190363/30.772641, pan=null/null
Shooter.RightShooter.goalTrackingTask_INFO [40.982522087] Shooter.RightShooter is Ready: rpm1=5655.612981/5732.179136, rpm2=3506.015625/0.000000, tilt=30.190366/30.772641, pan=null/null
TaskAutoShoot.autoTask_INFO [40.984062451] <Event name="StateInfo" time="40.983779279" tag="vvvvv" TaskAutoShoot.state="SHOOT" />
TaskAutoShoot.autoTask_INFO [40.98624653] <Event name="StateInfo" time="40.985377437" tag="^^^^^" TaskAutoShoot.state="SHOOT" />
FrcTeleOp.operatorControllerButtonEvent_INFO [40.991634865] ##### button=Y, pressed=false
FrcTeleOp.shoot_INFO [40.994086723] >>>>> Stop Auto Shoot.
TaskAutoShoot.cancel_INFO [40.995172326] Canceling auto task operation.
TaskAutoShoot.stopSubsystems_INFO [40.996225506] Stopping subsystems.
Shooter.LeftTransferMotor.cancel_INFO [40.997201185] Cancel: stopping motor.
Shooter.RightTransferMotor.cancel_INFO [40.998129382] Cancel: stopping motor.
Shooter.FeederMotor.cancel_INFO [40.999236639] Cancel: stopping motor.
Shooter.LeftShooter.disableGoalTracking_INFO [41.001021493] Disable Goal Tracking.
Shooter.LeftShooter.stopGoalTracking_INFO [41.002042755] Stop GoalTracking.
Shooter.LeftTiltMotor.cancel_INFO [41.003046163] Cancel: stopping motor.
Shooter.LeftPrimaryMotor.cancel_INFO [41.003849824] Cancel: stopping motor.
Shooter.RightShooter.disableGoalTracking_INFO [41.008645622] Disable Goal Tracking.
Shooter.RightShooter.stopGoalTracking_INFO [41.010832924] Stop GoalTracking.
Shooter.RightTiltMotor.cancel_INFO [41.018635857] Cancel: stopping motor.
Shooter.RightPrimaryMotor.cancel_INFO [41.022026531] Cancel: stopping motor.
Shooter.LeftShooter.cancel_INFO [41.028207152] owner=null
Shooter.LeftPrimaryMotor.cancel_INFO [41.031334237] Cancel: stopping motor.
Shooter.LeftTiltMotor.cancel_INFO [41.032845602] Cancel: stopping motor.
Shooter.RightShooter.cancel_INFO [41.036704927] owner=null
Shooter.RightPrimaryMotor.cancel_INFO [41.040039916] Cancel: stopping motor.
Shooter.RightTiltMotor.cancel_INFO [41.041124677] Cancel: stopping motor.
Shooter.LeftTransferMotor.cancel_INFO [41.042259796] Cancel: stopping motor.
Shooter.RightTransferMotor.cancel_INFO [41.044834913] Cancel: stopping motor.
Shooter.FeederMotor.cancel_INFO [41.047350118] Cancel: stopping motor.
Shooter.stopTilt_ERR [41.048505203] StopTilt is called
Shooter.stopTilt_ERR [41.102985207] StopTilt is called
Shooter.stopTiltCallback_ERR [41.171858372] StopRightTilt was canceled.
Shooter.stopTiltCallback_ERR [41.17390239] StopLeftTilt was canceled.
Shooter.LeftTiltMotor.pidCtrlTask_INFO [41.240962972] controlMode: Position,onTarget=true(16.948656930063002/17.0), stalled=false, expired=false, event=(stopLeftTilt=SIGNALED)
FrcTeleOp.operatorControllerButtonEvent_INFO [41.244425254] ##### button=Y, pressed=true
FrcTeleOp.shoot_INFO [41.245826399] >>>>> Start Auto Shoot.
TaskAutoShoot.autoShoot_INFO [41.247851344] autoShoot(owner=null, event=null, taskParams=(autoStop=false, noPassback=false, noWait=false))
Shooter.enableGoalTracking_INFO [41.249790038] EnableGoalTracking: goalTrackingParams=(trackFlywheel=true,trackTiltPos=true,trackPanPos=true), noPassback=false
Shooter.setupGoalTrackingMode_INFO [41.25130634] AlliancHub: alliance=Red, fieldLengthZone=7, fieldWidthZone=0.
Shooter.setupGoalTrackingMode_INFO [41.2531301] GoalTracking(trackingMode=AllianceHub, goalPose=(x=-158.838583,y=469.110472,angle=180.000000), noPassback=false).
Shooter.RightTiltMotor.pidCtrlTask_INFO [41.254711352] controlMode: Position,onTarget=true(17.304403442726997/17.0), stalled=false, expired=false, event=(stopRightTilt=SIGNALED)
Shooter.LeftShooter.enableGoalTracking_INFO [41.254796425] Enable GoalTracking (trackingParams=(trackFlywheel=true,trackTiltPos=true,trackPanPos=true)).
Shooter.LeftPrimaryMotor.cancel_INFO [41.263991632] Cancel: stopping motor.
Shooter.LeftTiltMotor.cancel_INFO [41.266394543] Cancel: stopping motor.
Shooter.RightShooter.enableGoalTracking_INFO [41.267808713] Enable GoalTracking (trackingParams=(trackFlywheel=true,trackTiltPos=true,trackPanPos=true)).
Shooter.RightPrimaryMotor.cancel_INFO [41.271124758] Cancel: stopping motor.
Shooter.RightTiltMotor.cancel_INFO [41.273023857] Cancel: stopping motor.
Shooter.enableGoalTracking_ERR [41.274421825] EnableGoalTrackingTimestamps=[41.250631432, 41.254301582, 41.267553913, 41.274159166]
Shooter.stopTiltCallback_ERR [41.277606653] StopRightTilt was completed.
Shooter.stopTiltCallback_ERR [41.279598872] StopLeftTilt was completed.
TaskAutoShoot.autoTask_INFO [41.396678049] <Event name="StateInfo" time="41.390663757" tag="vvvvv" TaskAutoShoot.state="START" />
TaskAutoShoot.runTaskState_INFO [41.399293165] ***** Wait for left Shooter ready.
TaskAutoShoot.runTaskState_INFO [41.404494754] ***** Wait for right Shooter ready.
TaskAutoShoot.runTaskState_INFO [41.407168818] ***** Wait for Turret ready.
TaskAutoShoot.autoTask_INFO [41.411150095] <Event name="StateInfo" time="41.409883756" tag="^^^^^" TaskAutoShoot.state="START" />
TaskAutoShoot.autoTask_INFO [41.646057851] <Event name="StateInfo" time="41.645867665" tag="vvvvv" TaskAutoShoot.state="SHOOT" />
TaskAutoShoot.autoTask_INFO [41.647685699] <Event name="StateInfo" time="41.647500634" tag="^^^^^" TaskAutoShoot.state="SHOOT" />
TaskAutoShoot.autoTask_INFO [41.754161715] <Event name="StateInfo" time="41.753965614" tag="vvvvv" TaskAutoShoot.state="SHOOT" />
TaskAutoShoot.autoTask_INFO [41.755789155] <Event name="StateInfo" time="41.755617202" tag="^^^^^" TaskAutoShoot.state="SHOOT" />
TaskAutoShoot.autoTask_INFO [41.87888192] <Event name="StateInfo" time="41.878577212" tag="vvvvv" TaskAutoShoot.state="SHOOT" />
TaskAutoShoot.autoTask_INFO [41.880500164] <Event name="StateInfo" time="41.880286861" tag="^^^^^" TaskAutoShoot.state="SHOOT" />
Shooter.LeftShooter.goalTrackingTask_INFO [41.948378875] Shooter.LeftShooter is Ready: rpm1=5063.473558/5010.474980, rpm2=3180.117188/0.000000, tilt=24.103107/24.865406, pan=null/null
Shooter.RightShooter.goalTrackingTask_INFO [41.980532604] Shooter.RightShooter is Ready: rpm1=5039.432091/5010.474980, rpm2=3108.164063/0.000000, tilt=24.103107/24.865406, pan=null/null
TaskAutoShoot.autoTask_INFO [41.981436469] <Event name="StateInfo" time="41.980765014" tag="vvvvv" TaskAutoShoot.state="SHOOT" />
TaskAutoShoot.autoTask_INFO [41.982274383] <Event name="StateInfo" time="41.982089777" tag="^^^^^" TaskAutoShoot.state="SHOOT" />
TaskAutoShoot.autoTask_INFO [42.08722383] <Event name="StateInfo" time="42.087054933" tag="vvvvv" TaskAutoShoot.state="SHOOT" />
TaskAutoShoot.autoTask_INFO [42.088340403] <Event name="StateInfo" time="42.087945037" tag="^^^^^" TaskAutoShoot.state="SHOOT" />
TaskAutoShoot.autoTask_INFO [42.209173025] <Event name="StateInfo" time="42.205493499" tag="vvvvv" TaskAutoShoot.state="SHOOT" />
TaskAutoShoot.autoTask_INFO [42.210054533] <Event name="StateInfo" time="42.209806678" tag="^^^^^" TaskAutoShoot.state="SHOOT" />
FrcTeleOp.driverControllerButtonEvent_INFO [42.213205923] ##### button=RightBumper, pressed=true
FrcTeleOp.driverControllerButtonEvent_INFO [42.214395423] >>>>> Slow Drive
TaskAutoShoot.autoTask_INFO [42.308511138] <Event name="StateInfo" time="42.297741874" tag="vvvvv" TaskAutoShoot.state="SHOOT" />
TaskAutoShoot.autoTask_INFO [42.309745871] <Event name="StateInfo" time="42.30954999" tag="^^^^^" TaskAutoShoot.state="SHOOT" />
TaskAutoShoot.autoTask_INFO [42.424002193] <Event name="StateInfo" time="42.42381581" tag="vvvvv" TaskAutoShoot.state="SHOOT" />
TaskAutoShoot.runTaskState_INFO [42.433821364] ***** Start left shooter shooting (timedout=true, turretReady=false).
Shooter.shoot_INFO [42.43524807] shoot(owner=null, event=(TaskAutoShoot.leftShooterDone=CLEARED), shooter=leftShooter, autoStop=false)
Shooter.LeftTransferMotor.cancel_INFO [42.437678739] Cancel: stopping motor.
TaskAutoShoot.runTaskState_INFO [42.441534657] ***** Start right shooter shooting (timedout=true, turretReady=false).
Shooter.shoot_INFO [42.4421798] shoot(owner=null, event=(TaskAutoShoot.rightShooterDone=CLEARED), shooter=rightShooter, autoStop=false)
Shooter.RightTransferMotor.cancel_INFO [42.446074827] Cancel: stopping motor.
TaskAutoShoot.autoTask_INFO [42.446757503] <Event name="StateInfo" time="42.446575491" tag="^^^^^" TaskAutoShoot.state="SHOOT" />
FrcTeleOp.operatorControllerButtonEvent_INFO [45.328114304] ##### button=Y, pressed=false
FrcTeleOp.shoot_INFO [45.330666481] >>>>> Stop Auto Shoot.
TaskAutoShoot.cancel_INFO [45.332040746] Canceling auto task operation.
TaskAutoShoot.stopSubsystems_INFO [45.333827031] Stopping subsystems.
Shooter.LeftTransferMotor.cancel_INFO [45.338417825] Cancel: stopping motor.
Shooter.RightTransferMotor.cancel_INFO [45.34082938] Cancel: stopping motor.
Shooter.FeederMotor.cancel_INFO [45.342679828] Cancel: stopping motor.
Shooter.LeftShooter.disableGoalTracking_INFO [45.344051879] Disable Goal Tracking.
Shooter.LeftShooter.stopGoalTracking_INFO [45.345526575] Stop GoalTracking.
Shooter.LeftTiltMotor.cancel_INFO [45.35998151] Cancel: stopping motor.
Shooter.LeftPrimaryMotor.cancel_INFO [45.361361782] Cancel: stopping motor.
Shooter.RightShooter.disableGoalTracking_INFO [45.363703693] Disable Goal Tracking.
Shooter.RightShooter.stopGoalTracking_INFO [45.364922607] Stop GoalTracking.
Shooter.RightTiltMotor.cancel_INFO [45.365992552] Cancel: stopping motor.
Shooter.RightPrimaryMotor.cancel_INFO [45.369364894] Cancel: stopping motor.
Shooter.LeftShooter.cancel_INFO [45.371044047] owner=null
Shooter.LeftPrimaryMotor.cancel_INFO [45.37295615] Cancel: stopping motor.
Shooter.LeftTiltMotor.cancel_INFO [45.374659924] Cancel: stopping motor.
Shooter.RightShooter.cancel_INFO [45.375805282] owner=null
Shooter.RightPrimaryMotor.cancel_INFO [45.379989735] Cancel: stopping motor.
Shooter.RightTiltMotor.cancel_INFO [45.38221982] Cancel: stopping motor.
Shooter.LeftTransferMotor.cancel_INFO [45.385898487] Cancel: stopping motor.
Shooter.RightTransferMotor.cancel_INFO [45.387359953] Cancel: stopping motor.
Shooter.FeederMotor.cancel_INFO [45.391296646] Cancel: stopping motor.
Shooter.stopTilt_ERR [45.393200928] StopTilt is called
Shooter.stopTilt_ERR [45.469066586] StopTilt is called
Shooter.LeftTiltMotor.pidCtrlTask_INFO [45.540039512] controlMode: Position,onTarget=true(16.869602179706543/17.0), stalled=false, expired=false, event=(stopLeftTilt=SIGNALED)
Shooter.stopTiltCallback_ERR [45.539856194] StopLeftTilt was completed.
Shooter.stopTiltCallback_ERR [45.544629189] StopRightTilt was canceled.
Shooter.stopTiltCallback_ERR [45.549772371] StopLeftTilt was canceled.
Shooter.RightTiltMotor.pidCtrlTask_INFO [45.560054633] controlMode: Position,onTarget=true(17.02771175463397/17.0), stalled=false, expired=false, event=(stopRightTilt=SIGNALED)
Shooter.stopTiltCallback_ERR [45.565446637] StopRightTilt was completed.
FrcTeleOp.operatorControllerButtonEvent_INFO [45.61847872] ##### button=Y, pressed=true
FrcTeleOp.shoot_INFO [45.634981566] >>>>> Start Auto Shoot.
TaskAutoShoot.autoShoot_INFO [45.6423125] autoShoot(owner=null, event=null, taskParams=(autoStop=false, noPassback=false, noWait=false))
Shooter.enableGoalTracking_INFO [45.644776578] EnableGoalTracking: goalTrackingParams=(trackFlywheel=true,trackTiltPos=true,trackPanPos=true), noPassback=false
Shooter.setupGoalTrackingMode_INFO [45.647394639] AlliancHub: alliance=Red, fieldLengthZone=7, fieldWidthZone=0.
Shooter.setupGoalTrackingMode_INFO [45.649475247] GoalTracking(trackingMode=AllianceHub, goalPose=(x=-158.838583,y=469.110472,angle=180.000000), noPassback=false).
Shooter.LeftShooter.enableGoalTracking_INFO [45.650705402] Enable GoalTracking (trackingParams=(trackFlywheel=true,trackTiltPos=true,trackPanPos=true)).
Shooter.LeftPrimaryMotor.cancel_INFO [45.65338733] Cancel: stopping motor.
Shooter.LeftTiltMotor.cancel_INFO [45.656438734] Cancel: stopping motor.
Shooter.RightShooter.enableGoalTracking_INFO [45.658372144] Enable GoalTracking (trackingParams=(trackFlywheel=true,trackTiltPos=true,trackPanPos=true)).
Shooter.RightPrimaryMotor.cancel_INFO [45.66036083] Cancel: stopping motor.
Shooter.RightTiltMotor.cancel_INFO [45.668123686] Cancel: stopping motor.
Shooter.enableGoalTracking_ERR [45.670195659] EnableGoalTrackingTimestamps=[45.646102255, 45.650298343, 45.6580229, 45.669831461]
TaskAutoShoot.autoTask_INFO [45.766052212] <Event name="StateInfo" time="45.765502942" tag="vvvvv" TaskAutoShoot.state="START" />
TaskAutoShoot.runTaskState_INFO [45.768795574] ***** Wait for left Shooter ready.
TaskAutoShoot.runTaskState_INFO [45.769936435] ***** Wait for right Shooter ready.
TaskAutoShoot.runTaskState_INFO [45.772696102] ***** Wait for Turret ready.
TaskAutoShoot.autoTask_INFO [45.773962532] <Event name="StateInfo" time="45.773753042" tag="^^^^^" TaskAutoShoot.state="START" />
FrcTeleOp.driverControllerButtonEvent_INFO [45.875966706] ##### button=RightBumper, pressed=false
FrcTeleOp.driverControllerButtonEvent_INFO [45.877986966] >>>>> Normal Drive
TaskAutoShoot.autoTask_INFO [45.971445815] <Event name="StateInfo" time="45.969825767" tag="vvvvv" TaskAutoShoot.state="SHOOT" />
TaskAutoShoot.autoTask_INFO [45.977548886] <Event name="StateInfo" time="45.973304756" tag="^^^^^" TaskAutoShoot.state="SHOOT" />
TaskAutoShoot.autoTask_INFO [46.082385824] <Event name="StateInfo" time="46.081054408" tag="vvvvv" TaskAutoShoot.state="SHOOT" />
TaskAutoShoot.autoTask_INFO [46.083915388] <Event name="StateInfo" time="46.083733853" tag="^^^^^" TaskAutoShoot.state="SHOOT" />
TaskAutoShoot.autoTask_INFO [46.189740902] <Event name="StateInfo" time="46.189256504" tag="vvvvv" TaskAutoShoot.state="SHOOT" />
TaskAutoShoot.autoTask_INFO [46.196226378] <Event name="StateInfo" time="46.196012651" tag="^^^^^" TaskAutoShoot.state="SHOOT" />
FrcTeleOp.driverControllerButtonEvent_INFO [46.201425653] ##### button=A, pressed=true
FrcTeleOp.toggleIntake_INFO [46.204412232] >>>>> Toggle Intake.
TaskAutoShoot.autoTask_INFO [46.307995414] <Event name="StateInfo" time="46.30781066" tag="vvvvv" TaskAutoShoot.state="SHOOT" />
TaskAutoShoot.autoTask_INFO [46.311078542] <Event name="StateInfo" time="46.310880833" tag="^^^^^" TaskAutoShoot.state="SHOOT" />
FrcTeleOp.driverControllerButtonEvent_INFO [46.313651852] ##### button=A, pressed=false
TaskAutoShoot.autoTask_INFO [46.428221434] <Event name="StateInfo" time="46.427939637" tag="vvvvv" TaskAutoShoot.state="SHOOT" />
TaskAutoShoot.autoTask_INFO [46.42882958] <Event name="StateInfo" time="46.428445767" tag="^^^^^" TaskAutoShoot.state="SHOOT" />
FrcTeleOp.operatorControllerButtonEvent_INFO [46.431784467] ##### button=Y, pressed=false
FrcTeleOp.shoot_INFO [46.432479833] >>>>> Stop Auto Shoot.
TaskAutoShoot.cancel_INFO [46.432940919] Canceling auto task operation.
TaskAutoShoot.stopSubsystems_INFO [46.433326767] Stopping subsystems.
Shooter.LeftTransferMotor.cancel_INFO [46.433763581] Cancel: stopping motor.
Shooter.RightTransferMotor.cancel_INFO [46.434184151] Cancel: stopping motor.
Shooter.FeederMotor.cancel_INFO [46.43471378] Cancel: stopping motor.
Shooter.LeftShooter.disableGoalTracking_INFO [46.435223614] Disable Goal Tracking.
Shooter.LeftShooter.stopGoalTracking_INFO [46.435485147] Stop GoalTracking.
Shooter.LeftTiltMotor.cancel_INFO [46.436152516] Cancel: stopping motor.
Shooter.LeftPrimaryMotor.cancel_INFO [46.436669261] Cancel: stopping motor.
Shooter.RightShooter.disableGoalTracking_INFO [46.437238195] Disable Goal Tracking.
Shooter.RightShooter.stopGoalTracking_INFO [46.43746212] Stop GoalTracking.
Shooter.RightTiltMotor.cancel_INFO [46.437774166] Cancel: stopping motor.
Shooter.RightPrimaryMotor.cancel_INFO [46.440237782] Cancel: stopping motor.
Shooter.LeftShooter.cancel_INFO [46.441019014] owner=null
Shooter.LeftPrimaryMotor.cancel_INFO [46.442232477] Cancel: stopping motor.
Shooter.LeftTiltMotor.cancel_INFO [46.44298949] Cancel: stopping motor.
Shooter.RightShooter.cancel_INFO [46.443375623] owner=null
Shooter.RightPrimaryMotor.cancel_INFO [46.4438082] Cancel: stopping motor.
Shooter.RightTiltMotor.cancel_INFO [46.444549417] Cancel: stopping motor.
Shooter.LeftTransferMotor.cancel_INFO [46.444961801] Cancel: stopping motor.
Shooter.RightTransferMotor.cancel_INFO [46.445971417] Cancel: stopping motor.
Shooter.FeederMotor.cancel_INFO [46.446518481] Cancel: stopping motor.
Shooter.stopTilt_ERR [46.447399412] StopTilt is called
Shooter.stopTilt_ERR [46.500752514] StopTilt is called
Shooter.stopTiltCallback_ERR [46.585101415] StopRightTilt was canceled.
Shooter.stopTiltCallback_ERR [46.586878505] StopLeftTilt was canceled.
Shooter.LeftTiltMotor.pidCtrlTask_INFO [46.661228235] controlMode: Position,onTarget=true(17.06723908033586/17.0), stalled=false, expired=false, event=(stopLeftTilt=SIGNALED)
Shooter.stopTiltCallback_ERR [46.664409698] StopLeftTilt was completed.
Shooter.RightTiltMotor.pidCtrlTask_INFO [46.701337297] controlMode: Position,onTarget=true(17.304403442726997/17.0), stalled=false, expired=false, event=(stopRightTilt=SIGNALED)
Shooter.stopTiltCallback_ERR [46.703851278] StopRightTilt was completed.
FrcTeleOp.driverControllerButtonEvent_INFO [47.018412273] ##### button=A, pressed=true
FrcTeleOp.toggleIntake_INFO [47.019352812] >>>>> Toggle Intake.
FrcTeleOp.driverControllerButtonEvent_INFO [47.121244807] ##### button=A, pressed=false
FrcTeleOp.operatorControllerButtonEvent_INFO [48.609888015] ##### button=Y, pressed=true
FrcTeleOp.shoot_INFO [48.615832504] >>>>> Start Auto Shoot.
TaskAutoShoot.autoShoot_INFO [48.616506853] autoShoot(owner=null, event=null, taskParams=(autoStop=false, noPassback=false, noWait=false))
Shooter.enableGoalTracking_INFO [48.61980641] EnableGoalTracking: goalTrackingParams=(trackFlywheel=true,trackTiltPos=true,trackPanPos=true), noPassback=false
Shooter.setupGoalTrackingMode_INFO [48.620968836] AlliancHub: alliance=Red, fieldLengthZone=7, fieldWidthZone=0.
Shooter.setupGoalTrackingMode_INFO [48.621757047] GoalTracking(trackingMode=AllianceHub, goalPose=(x=-158.838583,y=469.110472,angle=180.000000), noPassback=false).
Shooter.LeftShooter.enableGoalTracking_INFO [48.622793326] Enable GoalTracking (trackingParams=(trackFlywheel=true,trackTiltPos=true,trackPanPos=true)).
Shooter.LeftPrimaryMotor.cancel_INFO [48.62357705] Cancel: stopping motor.
Shooter.LeftTiltMotor.cancel_INFO [48.62438777] Cancel: stopping motor.
Shooter.RightShooter.enableGoalTracking_INFO [48.625238365] Enable GoalTracking (trackingParams=(trackFlywheel=true,trackTiltPos=true,trackPanPos=true)).
Shooter.RightPrimaryMotor.cancel_INFO [48.625863821] Cancel: stopping motor.
Shooter.RightTiltMotor.cancel_INFO [48.626747949] Cancel: stopping motor.
Shooter.enableGoalTracking_ERR [48.62765321] EnableGoalTrackingTimestamps=[48.620460784, 48.622342689, 48.624971529, 48.627227483]
TaskAutoShoot.autoTask_INFO [48.737237487] <Event name="StateInfo" time="48.73691669" tag="vvvvv" TaskAutoShoot.state="START" />
TaskAutoShoot.runTaskState_INFO [48.738407743] ***** Wait for left Shooter ready.
TaskAutoShoot.runTaskState_INFO [48.740096861] ***** Wait for right Shooter ready.
TaskAutoShoot.runTaskState_INFO [48.74312513] ***** Wait for Turret ready.
TaskAutoShoot.autoTask_INFO [48.745440869] <Event name="StateInfo" time="48.744649922" tag="^^^^^" TaskAutoShoot.state="START" />
FrcTeleOp.operatorControllerButtonEvent_INFO [48.750927583] ##### button=Y, pressed=false
FrcTeleOp.shoot_INFO [48.754195049] >>>>> Stop Auto Shoot.
TaskAutoShoot.cancel_INFO [48.755333171] Canceling auto task operation.
TaskAutoShoot.stopSubsystems_INFO [48.756773573] Stopping subsystems.
Shooter.LeftTransferMotor.cancel_INFO [48.760534862] Cancel: stopping motor.
Shooter.RightTransferMotor.cancel_INFO [48.762866289] Cancel: stopping motor.
Shooter.FeederMotor.cancel_INFO [48.766155914] Cancel: stopping motor.
Shooter.LeftShooter.disableGoalTracking_INFO [48.76688142] Disable Goal Tracking.
Shooter.LeftShooter.stopGoalTracking_INFO [48.767458576] Stop GoalTracking.
Shooter.LeftTiltMotor.cancel_INFO [48.768147226] Cancel: stopping motor.
Shooter.LeftPrimaryMotor.cancel_INFO [48.768835523] Cancel: stopping motor.
Shooter.RightShooter.disableGoalTracking_INFO [48.769663627] Disable Goal Tracking.
Shooter.RightShooter.stopGoalTracking_INFO [48.771149799] Stop GoalTracking.
Shooter.RightTiltMotor.cancel_INFO [48.772357078] Cancel: stopping motor.
Shooter.RightPrimaryMotor.cancel_INFO [48.774634172] Cancel: stopping motor.
Shooter.LeftShooter.cancel_INFO [48.776177407] owner=null
Shooter.LeftPrimaryMotor.cancel_INFO [48.778295162] Cancel: stopping motor.
Shooter.LeftTiltMotor.cancel_INFO [48.782403637] Cancel: stopping motor.
Shooter.RightShooter.cancel_INFO [48.783836271] owner=null
Shooter.RightPrimaryMotor.cancel_INFO [48.786381905] Cancel: stopping motor.
Shooter.RightTiltMotor.cancel_INFO [48.787239325] Cancel: stopping motor.
Shooter.LeftTransferMotor.cancel_INFO [48.789803728] Cancel: stopping motor.
Shooter.RightTransferMotor.cancel_INFO [48.790630009] Cancel: stopping motor.
Shooter.FeederMotor.cancel_INFO [48.792907258] Cancel: stopping motor.
Shooter.stopTilt_ERR [48.79501224] StopTilt is called
Shooter.stopTilt_ERR [48.852827334] StopTilt is called
Climber.Motor.isMotorStalled_INFO [48.856591898] Stall detection triggered.
Climber.Motor.checkStallReset_INFO [48.859747734] Resetting stall.
Shooter.stopTiltCallback_ERR [48.923163215] StopRightTilt was canceled.
Shooter.stopTiltCallback_ERR [48.926162109] StopLeftTilt was canceled.
Shooter.RightTiltMotor.pidCtrlTask_INFO [48.92879988] controlMode: Position,onTarget=true(17.02771175463397/17.0), stalled=false, expired=false, event=(stopRightTilt=SIGNALED)
Shooter.LeftTiltMotor.pidCtrlTask_INFO [48.942020091] controlMode: Position,onTarget=true(16.869602179706543/17.0), stalled=false, expired=false, event=(stopLeftTilt=SIGNALED)
Shooter.stopTiltCallback_ERR [48.956980196] StopRightTilt was completed.
Shooter.stopTiltCallback_ERR [48.963890071] StopLeftTilt was completed.
FrcTeleOp.driverControllerButtonEvent_INFO [50.644752906] ##### button=A, pressed=true
FrcTeleOp.toggleIntake_INFO [50.646896221] >>>>> Toggle Intake.
FrcTeleOp.driverControllerButtonEvent_INFO [50.748579229] ##### button=A, pressed=false
FrcTeleOp.operatorControllerButtonEvent_INFO [50.799929429] ##### button=Y, pressed=true
FrcTeleOp.shoot_INFO [50.801468508] >>>>> Start Auto Shoot.
TaskAutoShoot.autoShoot_INFO [50.802010845] autoShoot(owner=null, event=null, taskParams=(autoStop=false, noPassback=false, noWait=false))
Shooter.enableGoalTracking_INFO [50.816530458] EnableGoalTracking: goalTrackingParams=(trackFlywheel=true,trackTiltPos=true,trackPanPos=true), noPassback=false
Shooter.setupGoalTrackingMode_INFO [50.818771961] AlliancHub: alliance=Red, fieldLengthZone=7, fieldWidthZone=0.
Shooter.setupGoalTrackingMode_INFO [50.821037056] GoalTracking(trackingMode=AllianceHub, goalPose=(x=-158.838583,y=469.110472,angle=180.000000), noPassback=false).
Shooter.LeftShooter.enableGoalTracking_INFO [50.823441193] Enable GoalTracking (trackingParams=(trackFlywheel=true,trackTiltPos=true,trackPanPos=true)).
Shooter.LeftPrimaryMotor.cancel_INFO [50.82592313] Cancel: stopping motor.
Shooter.LeftTiltMotor.cancel_INFO [50.826781823] Cancel: stopping motor.
Shooter.RightShooter.enableGoalTracking_INFO [50.827548147] Enable GoalTracking (trackingParams=(trackFlywheel=true,trackTiltPos=true,trackPanPos=true)).
Shooter.RightPrimaryMotor.cancel_INFO [50.828459958] Cancel: stopping motor.
Shooter.RightTiltMotor.cancel_INFO [50.829247714] Cancel: stopping motor.
Shooter.enableGoalTracking_ERR [50.830026263] EnableGoalTrackingTimestamps=[50.817644877, 50.822240903, 50.827300537, 50.829762803]
Shooter.TurretMotor.pidCtrlTask_INFO [50.880363086] controlMode: Position,onTarget=true(78.90008544921875/81.58182166281092), stalled=false, expired=false, event=(TaskAutoShoot.turretReady=SIGNALED)
TaskAutoShoot.autoTask_INFO [50.957669155] <Event name="StateInfo" time="50.957442914" tag="vvvvv" TaskAutoShoot.state="START" />
TaskAutoShoot.runTaskState_INFO [50.959770798] ***** Wait for left Shooter ready.
TaskAutoShoot.runTaskState_INFO [50.960464883] ***** Wait for right Shooter ready.
TaskAutoShoot.runTaskState_INFO [50.961033233] ***** Wait for Turret ready.
TaskAutoShoot.autoTask_INFO [50.961588893] <Event name="StateInfo" time="50.961392167" tag="^^^^^" TaskAutoShoot.state="START" />
TaskAutoShoot.autoTask_INFO [51.16466299] <Event name="StateInfo" time="51.164493961" tag="vvvvv" TaskAutoShoot.state="SHOOT" />
TaskAutoShoot.autoTask_INFO [51.165878263] <Event name="StateInfo" time="51.165714629" tag="^^^^^" TaskAutoShoot.state="SHOOT" />
TaskAutoShoot.autoTask_INFO [51.261697434] <Event name="StateInfo" time="51.26081541" tag="vvvvv" TaskAutoShoot.state="SHOOT" />
TaskAutoShoot.autoTask_INFO [51.263972583] <Event name="StateInfo" time="51.263099311" tag="^^^^^" TaskAutoShoot.state="SHOOT" />
TaskAutoShoot.autoTask_INFO [51.380872627] <Event name="StateInfo" time="51.38071482" tag="vvvvv" TaskAutoShoot.state="SHOOT" />
TaskAutoShoot.autoTask_INFO [51.385127587] <Event name="StateInfo" time="51.384932811" tag="^^^^^" TaskAutoShoot.state="SHOOT" />
FrcTeleOp.operatorControllerButtonEvent_INFO [51.391534773] ##### button=Y, pressed=false
FrcTeleOp.shoot_INFO [51.393681974] >>>>> Stop Auto Shoot.
TaskAutoShoot.cancel_INFO [51.396034632] Canceling auto task operation.
TaskAutoShoot.stopSubsystems_INFO [51.396901208] Stopping subsystems.
Shooter.LeftTransferMotor.cancel_INFO [51.401732853] Cancel: stopping motor.
Shooter.RightTransferMotor.cancel_INFO [51.402162107] Cancel: stopping motor.
Shooter.FeederMotor.cancel_INFO [51.403584151] Cancel: stopping motor.
Shooter.LeftShooter.disableGoalTracking_INFO [51.405761142] Disable Goal Tracking.
Shooter.LeftShooter.stopGoalTracking_INFO [51.407229474] Stop GoalTracking.
Shooter.LeftTiltMotor.cancel_INFO [51.410906408] Cancel: stopping motor.
Shooter.LeftPrimaryMotor.cancel_INFO [51.415142166] Cancel: stopping motor.
Shooter.RightShooter.disableGoalTracking_INFO [51.417572738] Disable Goal Tracking.
Shooter.RightShooter.stopGoalTracking_INFO [51.419229068] Stop GoalTracking.
Shooter.RightTiltMotor.cancel_INFO [51.419644102] Cancel: stopping motor.
Shooter.RightPrimaryMotor.cancel_INFO [51.420047839] Cancel: stopping motor.
Shooter.LeftShooter.cancel_INFO [51.424192598] owner=null
Shooter.LeftPrimaryMotor.cancel_INFO [51.424655154] Cancel: stopping motor.
Shooter.LeftTiltMotor.cancel_INFO [51.425306143] Cancel: stopping motor.
Shooter.RightShooter.cancel_INFO [51.425667848] owner=null
Shooter.RightPrimaryMotor.cancel_INFO [51.426062943] Cancel: stopping motor.
Shooter.RightTiltMotor.cancel_INFO [51.429889097] Cancel: stopping motor.
Shooter.LeftTransferMotor.cancel_INFO [51.431632836] Cancel: stopping motor.
Shooter.RightTransferMotor.cancel_INFO [51.432018421] Cancel: stopping motor.
Shooter.FeederMotor.cancel_INFO [51.435048195] Cancel: stopping motor.
Shooter.stopTilt_ERR [51.435452904] StopTilt is called
Shooter.stopTilt_ERR [51.496023425] StopTilt is called
Climber.Motor.isMotorStalled_INFO [51.500464715] Stall detection triggered.
Climber.Motor.checkStallReset_INFO [51.502253511] Resetting stall.
Shooter.stopTiltCallback_ERR [51.54735559] StopRightTilt was canceled.
Shooter.stopTiltCallback_ERR [51.549296173] StopLeftTilt was canceled.
Shooter.LeftTiltMotor.pidCtrlTask_INFO [51.573407835] controlMode: Position,onTarget=true(16.869602179706543/17.0), stalled=false, expired=false, event=(stopLeftTilt=SIGNALED)
Shooter.RightTiltMotor.pidCtrlTask_INFO [51.578149003] controlMode: Position,onTarget=true(17.106766529728596/17.0), stalled=false, expired=false, event=(stopRightTilt=SIGNALED)
Shooter.stopTiltCallback_ERR [51.584715484] StopRightTilt was completed.
Shooter.stopTiltCallback_ERR [51.589039878] StopLeftTilt was completed.
FrcTeleOp.driverControllerButtonEvent_INFO [54.112050855] ##### button=A, pressed=true
FrcTeleOp.toggleIntake_INFO [54.113897606] >>>>> Toggle Intake.
FrcTeleOp.driverControllerButtonEvent_INFO [54.265029474] ##### button=A, pressed=false
FrcTeleOp.driverControllerButtonEvent_INFO [55.338105973] ##### button=A, pressed=true
FrcTeleOp.toggleIntake_INFO [55.339291977] >>>>> Toggle Intake.
FrcTeleOp.driverControllerButtonEvent_INFO [55.43915996] ##### button=A, pressed=false
FrcTeleOp.periodic_INFO [60.008649602] >>>>> Shift[3]: Blue
TrcWatchdogMgr.checkForExpiration_WARN [83.027911224] ([1.775766108890516E9]TrcTimer:threshold=1.0,expiredTime=1.7757660604101815E9,expired=true,paused=false) expired.
TrcDbgTrace.checkForExpiration_INFO [83.030997278] Thread stack: 
app//trclib.robotcore.TrcWatchdogMgr$Watchdog.pauseWatch(TrcWatchdogMgr.java:87)
app//trclib.timer.TrcTimer.timerTask(TrcTimer.java:585)
app//trclib.timer.TrcTimer$$Lambda$145/0xabe617d8.run(Unknown Source)
java.base@17.0.9.7-frc/java.lang.Thread.run(Unknown Source)
FrcTeleOp.periodic_INFO [85.019228529] >>>>> Shift[4]: Red
FrcTeleOp.periodic_INFO [110.037959448] >>>>> Shift[5]: Blue
FrcTeleOp.operatorControllerButtonEvent_INFO [133.682915822] ##### button=DpadUp, pressed=true
FrcTeleOp.operatorControllerButtonEvent_INFO [133.688775009] >>>>> Extend climber.
FrcTeleOp.operatorControllerButtonEvent_INFO [133.83509922] ##### button=DpadUp, pressed=false
FrcTeleOp.driverControllerButtonEvent_INFO [134.602202575] ##### button=RightBumper, pressed=true
FrcTeleOp.driverControllerButtonEvent_INFO [134.603289819] >>>>> Slow Drive
FrcTeleOp.operatorControllerButtonEvent_INFO [138.299660616] ##### button=DpadDown, pressed=true
FrcTeleOp.operatorControllerButtonEvent_INFO [138.300317471] >>>>> Retract climber.
FrcTeleOp.operatorControllerButtonEvent_INFO [138.453309223] ##### button=DpadDown, pressed=false
FrcTeleOp.driverControllerButtonEvent_INFO [138.608417506] ##### button=RightBumper, pressed=false
FrcTeleOp.driverControllerButtonEvent_INFO [138.60891096] >>>>> Normal Drive
FrcTeleOp.operatorControllerButtonEvent_INFO [139.328702111] ##### button=Y, pressed=true
FrcTeleOp.shoot_INFO [139.329262111] >>>>> Start Auto Shoot.
TaskAutoShoot.autoShoot_INFO [139.329679407] autoShoot(owner=null, event=null, taskParams=(autoStop=false, noPassback=false, noWait=false))
Shooter.enableGoalTracking_INFO [139.329996043] EnableGoalTracking: goalTrackingParams=(trackFlywheel=true,trackTiltPos=true,trackPanPos=true), noPassback=false
Shooter.setupGoalTrackingMode_INFO [139.330426968] AlliancHub: alliance=Red, fieldLengthZone=7, fieldWidthZone=1.
Shooter.setupGoalTrackingMode_INFO [139.330817535] GoalTracking(trackingMode=AllianceHub, goalPose=(x=-158.838583,y=469.110472,angle=180.000000), noPassback=false).
Shooter.LeftShooter.enableGoalTracking_INFO [139.331317891] Enable GoalTracking (trackingParams=(trackFlywheel=true,trackTiltPos=true,trackPanPos=true)).
Shooter.LeftPrimaryMotor.cancel_INFO [139.331772394] Cancel: stopping motor.
Shooter.LeftTiltMotor.cancel_INFO [139.332218021] Cancel: stopping motor.
Shooter.RightShooter.enableGoalTracking_INFO [139.332868144] Enable GoalTracking (trackingParams=(trackFlywheel=true,trackTiltPos=true,trackPanPos=true)).
Shooter.RightPrimaryMotor.cancel_INFO [139.333335117] Cancel: stopping motor.
Shooter.RightTiltMotor.cancel_INFO [139.333780518] Cancel: stopping motor.
Shooter.enableGoalTracking_ERR [139.334656162] EnableGoalTrackingTimestamps=[139.330085611, 139.330903056, 139.33245068, 139.334384081]
TaskAutoShoot.autoTask_INFO [139.443502663] <Event name="StateInfo" time="139.443235981" tag="vvvvv" TaskAutoShoot.state="START" />
TaskAutoShoot.runTaskState_INFO [139.446643033] ***** Wait for left Shooter ready.
TaskAutoShoot.runTaskState_INFO [139.450211994] ***** Wait for right Shooter ready.
TaskAutoShoot.runTaskState_INFO [139.451405295] ***** Wait for Turret ready.
TaskAutoShoot.autoTask_INFO [139.453310263] <Event name="StateInfo" time="139.453061648" tag="^^^^^" TaskAutoShoot.state="START" />
TaskAutoShoot.autoTask_INFO [139.630293895] <Event name="StateInfo" time="139.62953706" tag="vvvvv" TaskAutoShoot.state="SHOOT" />
TaskAutoShoot.autoTask_INFO [139.632118721] <Event name="StateInfo" time="139.630499654" tag="^^^^^" TaskAutoShoot.state="SHOOT" />
TaskAutoShoot.autoTask_INFO [139.723544695] <Event name="StateInfo" time="139.723370916" tag="vvvvv" TaskAutoShoot.state="SHOOT" />
TaskAutoShoot.autoTask_INFO [139.727136597] <Event name="StateInfo" time="139.723736425" tag="^^^^^" TaskAutoShoot.state="SHOOT" />
TaskAutoShoot.autoTask_INFO [139.824384486] <Event name="StateInfo" time="139.824090086" tag="vvvvv" TaskAutoShoot.state="SHOOT" />
TaskAutoShoot.autoTask_INFO [139.824757056] <Event name="StateInfo" time="139.824607619" tag="^^^^^" TaskAutoShoot.state="SHOOT" />
TaskAutoShoot.autoTask_INFO [139.9233078] <Event name="StateInfo" time="139.923119532" tag="vvvvv" TaskAutoShoot.state="SHOOT" />
TaskAutoShoot.autoTask_INFO [139.928371782] <Event name="StateInfo" time="139.928195521" tag="^^^^^" TaskAutoShoot.state="SHOOT" />
FrcRobot.startCompetition_INFO [139.932634173] *** Transitioning from TELEOP_MODE to DISABLED_MODE ***
Robot.cancelAll_INFO [139.935236498] Cancel all operations.
Shooter.LeftShooter.cancel_INFO [139.940357325] owner=null
Shooter.LeftShooter.disableGoalTracking_INFO [139.94193628] Disable Goal Tracking.
Shooter.LeftShooter.stopGoalTracking_INFO [139.943269799] Stop GoalTracking.
Shooter.LeftTiltMotor.cancel_INFO [139.944342146] Cancel: stopping motor.
Shooter.LeftPrimaryMotor.cancel_INFO [139.945349976] Cancel: stopping motor.
Shooter.LeftPrimaryMotor.cancel_INFO [139.947523582] Cancel: stopping motor.
Shooter.LeftTiltMotor.cancel_INFO [139.95078769] Cancel: stopping motor.
Shooter.RightShooter.cancel_INFO [139.952014111] owner=null
Shooter.RightShooter.disableGoalTracking_INFO [139.953504917] Disable Goal Tracking.
Shooter.RightShooter.stopGoalTracking_INFO [139.954298004] Stop GoalTracking.
Shooter.RightTiltMotor.cancel_INFO [139.95526459] Cancel: stopping motor.
Shooter.RightPrimaryMotor.cancel_INFO [139.956485413] Cancel: stopping motor.
Shooter.RightPrimaryMotor.cancel_INFO [139.961345078] Cancel: stopping motor.
Shooter.RightTiltMotor.cancel_INFO [139.962829822] Cancel: stopping motor.
Shooter.LeftTransferMotor.cancel_INFO [139.964171974] Cancel: stopping motor.
Shooter.RightTransferMotor.cancel_INFO [139.965123246] Cancel: stopping motor.
Shooter.FeederMotor.cancel_INFO [139.96629725] Cancel: stopping motor.
Shooter.stopTilt_ERR [139.967632393] StopTilt is called
Intake.IntakeMotor.cancel_INFO [140.032038242] Cancel: stopping motor.
Climber.Motor.cancel_INFO [140.033526058] Cancel: stopping motor.
TaskAutoShoot.cancel_INFO [140.034939021] Canceling auto task operation.
TaskAutoShoot.stopSubsystems_INFO [140.036723382] Stopping subsystems.
Shooter.LeftTransferMotor.cancel_INFO [140.048939756] Cancel: stopping motor.
Shooter.RightTransferMotor.cancel_INFO [140.050615614] Cancel: stopping motor.
Shooter.FeederMotor.cancel_INFO [140.053072154] Cancel: stopping motor.
Shooter.LeftShooter.cancel_INFO [140.057656473] owner=null
Shooter.LeftPrimaryMotor.cancel_INFO [140.058800198] Cancel: stopping motor.
Shooter.LeftTiltMotor.cancel_INFO [140.063217261] Cancel: stopping motor.
Shooter.RightShooter.cancel_INFO [140.064291192] owner=null
Shooter.RightPrimaryMotor.cancel_INFO [140.065212915] Cancel: stopping motor.
Shooter.RightTiltMotor.cancel_INFO [140.069987461] Cancel: stopping motor.
Shooter.LeftTransferMotor.cancel_INFO [140.071458356] Cancel: stopping motor.
Shooter.RightTransferMotor.cancel_INFO [140.073873467] Cancel: stopping motor.
Shooter.FeederMotor.cancel_INFO [140.10593843] Cancel: stopping motor.
Shooter.stopTilt_ERR [140.109228606] StopTilt is called
TaskAutoClimb.cancel_INFO [140.179459528] Canceling auto task operation.
FrcRobot.printPerformanceMetrics_INFO [140.185138676] [FrcRobot] Loop Performance Metrics:
Average Loop Interval = 0.001824s (freq=548.268Hz, min=0.000846s, max=0.658689s)
[03]                StartTask=0.000000s
[04]          PrePeriodicTask=0.000168s
[07]               UpdateTask=0.001078s
[02]                StartMode=0.000000s
[06]         PostPeriodicTask=0.000228s
[08]                 StopTask=0.000000s
[09]                 StopMode=0.000000s
[00]                RobotInit=17.800030s
[01]           RobotStartMode=0.000002s
[05]                 Periodic=0.000292s
[10]            RobotStopMode=0.000003s

TrcTaskMgr.printTaskPerformanceMetrics_INFO [140.188137176] FrcDashboard.task: STANDALONE_TASK=3.9068137813205576E-4/0.010552630153670356
TrcTaskMgr.printTaskPerformanceMetrics_INFO [140.188441838] TrcWatchdogMgr: STANDALONE_TASK=1.2529259791122717E-4/0.9977885508067885
TrcTaskMgr.printTaskPerformanceMetrics_INFO [140.190489095] DriverController.buttonEventTask: PRE_PERIODIC_TASK=1.0316220305620305E-5/0.0024127968065095397
TrcTaskMgr.printTaskPerformanceMetrics_INFO [140.193074408] OperatorController.buttonEventTask: PRE_PERIODIC_TASK=4.372428395061728E-5/0.0024127836619010617
TrcTaskMgr.printTaskPerformanceMetrics_INFO [140.193393739] flDriveMotor.pidCtrlTask: OUTPUT_TASK=5.9708326747345026E-5/0.011831312306341072
TrcTaskMgr.printTaskPerformanceMetrics_INFO [140.194107061] flDriveMotor.odometryCleanupTask: STOP_TASK=3.1606E-5/41.20125135
TrcTaskMgr.printTaskPerformanceMetrics_INFO [140.194410963] frDriveMotor.pidCtrlTask: OUTPUT_TASK=3.68735E-5/0.011831289548407014
TrcTaskMgr.printTaskPerformanceMetrics_INFO [140.194645902] blDriveMotor.pidCtrlTask: OUTPUT_TASK=3.425355513707088E-5/0.01183128898555199
TrcTaskMgr.printTaskPerformanceMetrics_INFO [140.196388734] brDriveMotor.pidCtrlTask: OUTPUT_TASK=3.2432769202272167E-5/0.011831288753488517
TrcTaskMgr.printTaskPerformanceMetrics_INFO [140.19670033] flSteerMotor.pidCtrlTask: OUTPUT_TASK=4.386302651889355E-5/0.011831288564583847
TrcTaskMgr.printTaskPerformanceMetrics_INFO [140.19715816] frSteerMotor.pidCtrlTask: OUTPUT_TASK=3.663064055939738E-5/0.011831290341689305
TrcTaskMgr.printTaskPerformanceMetrics_INFO [140.198231387] blSteerMotor.pidCtrlTask: OUTPUT_TASK=3.7683477648802175E-5/0.011831291249444308
TrcTaskMgr.printTaskPerformanceMetrics_INFO [140.228352154] brSteerMotor.pidCtrlTask: OUTPUT_TASK=3.629868198938009E-5/0.011831292052265992
TrcTaskMgr.printTaskPerformanceMetrics_INFO [140.228704174] FrcSwerveDrive.odometryTask: INPUT_TASK=0.001867164935650768/0.013332212139611966
TrcTaskMgr.printTaskPerformanceMetrics_INFO [140.228944921] FrcSwerveDrive.stopTask: STOP_TASK=0.003286543/41.20123353975
TrcTaskMgr.printTaskPerformanceMetrics_INFO [140.229260888] purePursuitDrive.driveTask: POST_PERIODIC_TASK=0.011284075019762845/0.06334578402766798
TrcTaskMgr.printTaskPerformanceMetrics_INFO [140.229600931] LED: OUTPUT_TASK=5.31890122252408E-5/0.011831291685045691
TrcTaskMgr.printTaskPerformanceMetrics_INFO [140.229877296] LED.ledTask: OUTPUT_TASK=2.6077664292873607E-4/0.012160086278540642
TrcTaskMgr.printTaskPerformanceMetrics_INFO [140.230148286] Shooter.LeftPrimaryMotor.pidCtrlTask: OUTPUT_TASK=1.653728516300321E-5/0.011831095969807361
TrcTaskMgr.printTaskPerformanceMetrics_INFO [140.230393185] Shooter.LeftFollowerMotor.pidCtrlTask: OUTPUT_TASK=5.94456711533712E-6/0.011831095265652012
TrcTaskMgr.printTaskPerformanceMetrics_INFO [140.230642098] Shooter.LeftTiltMotor.pidCtrlTask: OUTPUT_TASK=3.2154197480859474E-4/0.011831094983514449
TrcTaskMgr.printTaskPerformanceMetrics_INFO [140.230885178] Shooter.LeftShooter.ShooterMotor1VelTrigger.triggerTask: PRE_PERIODIC_TASK=3.195616304347826E-4/0.2615879976521739
TrcTaskMgr.printTaskPerformanceMetrics_INFO [140.231378662] Shooter.LeftShooter.goalTracking: POST_PERIODIC_TASK=0.05000949413870246/0.36635430050111856
TrcTaskMgr.printTaskPerformanceMetrics_INFO [140.231693978] Shooter.LeftTransferMotor.pidCtrlTask: OUTPUT_TASK=8.217043127932823E-6/0.01183106647947024
TrcTaskMgr.printTaskPerformanceMetrics_INFO [140.231945934] Shooter.RightPrimaryMotor.pidCtrlTask: OUTPUT_TASK=1.2199285749567794E-5/0.011831066071838725
TrcTaskMgr.printTaskPerformanceMetrics_INFO [140.232201366] Shooter.RightFollowerMotor.pidCtrlTask: OUTPUT_TASK=6.105170443319338E-6/0.011831065850703879
TrcTaskMgr.printTaskPerformanceMetrics_INFO [140.232649453] Shooter.RightTiltMotor.pidCtrlTask: OUTPUT_TASK=2.889752645406273E-4/0.011831065596196592
TrcTaskMgr.printTaskPerformanceMetrics_INFO [140.233025164] Shooter.RightShooter.ShooterMotor1VelTrigger.triggerTask: PRE_PERIODIC_TASK=1.06814E-4/0.285899034375
TrcTaskMgr.printTaskPerformanceMetrics_INFO [140.233267554] Shooter.RightShooter.goalTracking: POST_PERIODIC_TASK=0.015247289371040725/0.37052190411990954
TrcTaskMgr.printTaskPerformanceMetrics_INFO [140.233574388] Shooter.RightTransferMotor.pidCtrlTask: OUTPUT_TASK=7.161521672017782E-6/0.011831057066837491
TrcTaskMgr.printTaskPerformanceMetrics_INFO [140.233845433] Shooter.TurretMotor.pidCtrlTask: OUTPUT_TASK=4.343681443566313E-4/0.011831056439892566
TrcTaskMgr.printTaskPerformanceMetrics_INFO [140.234139198] Shooter.FeederMotor.pidCtrlTask: OUTPUT_TASK=6.920665503828106E-6/0.011831026968078539
TrcTaskMgr.printTaskPerformanceMetrics_INFO [140.234421442] ShooterfieldLengthTrigger.triggerTask: PRE_PERIODIC_TASK=5.266093230533319E-5/0.0018220270891340892
TrcTaskMgr.printTaskPerformanceMetrics_INFO [140.234703728] ShooterfieldWidthTrigger.triggerTask: PRE_PERIODIC_TASK=7.72647931538619E-6/0.001822061694385843
TrcTaskMgr.printTaskPerformanceMetrics_INFO [140.236074548] Intake.IntakeMotor.pidCtrlTask: OUTPUT_TASK=5.529761885650778E-6/0.011831026368794764
TrcTaskMgr.printTaskPerformanceMetrics_INFO [140.236327476] Climber.Motor.pidCtrlTask: OUTPUT_TASK=7.058829843788589E-5/0.011831026088602124
TrcTaskMgr.printTaskPerformanceMetrics_INFO [140.236542308] TaskAutoShoot: POST_PERIODIC_TASK=0.004467857342629482/0.6282534296494023
