Robot.robotStartMode_INFO [0.003567653] Fri Apr 10 23:31:12 UTC 2026: ***** AUTO_MODE *****
Robot.robotStartMode_INFO [0.013526493] <BuildInfo Host="TRC492-DS2024" User="User" Timestamp="2026-04-10 16:27:57" Branch="dev" />
FrcAuto.startMode_INFO [0.016921643] <Info name="MatchInfo" date="Fri Apr 10 23:31:12 UTC 2026" event="PNCMP" type="None" match=999 replay=114 alliance="Red" location=1 gameMsg="" />
FrcAuto.startMode_INFO [0.022507685] <Info name="AutoChoices" alliance="Red" strategy="DCMP_AUTO" startPos="START_POS_CENTER" startDelay=0.0 sec depotPickup="false" outpostPickup="false" neutralZonePickup="true" moveTo="DEPOT" passBack="NONE" climb="true" climbSide="DEPOT" neutralZoneCycles="0.0" type="CENTER" sweepDistance="SHALLOW_SWEEP" pathFile="DrivePath.csv" xDistance=0.0 ft yDistance=0.0 ft turnDegrees=0.0 deg driveTime=0.0 sec drivePower=0.0"  />
Shooter.LeftTiltMotor.isMotorStalled_INFO [0.064358046] Stall detection triggered.
Shooter.LeftTiltMotor.checkStallReset_INFO [0.064994466] Resetting stall.
Shooter.RightTiltMotor.isMotorStalled_INFO [0.065926785] Stall detection triggered.
Shooter.RightTiltMotor.checkStallReset_INFO [0.067446989] Resetting stall.
Shooter.TurretMotor.isMotorStalled_INFO [0.069257134] Stall detection triggered.
Climber.Motor.isMotorStalled_INFO [0.072500655] Stall detection triggered.
Climber.Motor.checkStallReset_INFO [0.073039663] Resetting stall.
CmdDcmpAuto.cmdPeriodic_INFO [0.09120917] <Event name="StateInfo" time="0.090571781" tag="vvvvv" CmdDcmpAuto.state="START" />
Robot.zeroCalibrate_INFO [0.107462792] Zero calibrate all subsystems.
TrcSubsystem.zeroCalibrateAll_INFO [0.109861299] ZeroCalibrate(Subsystem=Shooter, owner=null, event=null)
Shooter.zeroCalibrate_INFO [0.116035581] ZeroCalibrate left shooter.
Shooter.zeroCalibrate_INFO [0.123909812] ZeroCalibrate right shooter.
TrcSubsystem.zeroCalibrateAll_INFO [0.135422986] ZeroCalibrate(Subsystem=Climber, owner=null, event=null)
CmdDcmpAuto.cmdPeriodic_INFO [0.138741614] <Event name="StateInfo" time="0.138235417" tag="^^^^^" CmdDcmpAuto.state="START" />
CmdDcmpAuto.cmdPeriodic_INFO [0.154825323] <Event name="StateInfo" time="0.154585969" tag="vvvvv" CmdDcmpAuto.state="PICKUP_DEPOT" />
purePursuitDrive.start_INFO [0.339572681] ppStartTimestamps=[0.335808181, 0.335841354, 0.337697247, 0.338635167, 0.338923515, 0.339063943]
purePursuitDrive.start_INFO [0.340186575] ppStartBuildPathTimestamp=[0.186016183, 0.202718588, 0.202763069]
Shooter.enableGoalTracking_INFO [0.34250531] EnableGoalTracking: goalTrackingParams=(trackFlywheel=false,trackTiltPos=false,trackPanPos=true), noPassback=true
Shooter.setupGoalTrackingMode_INFO [0.343517095] AlliancHub: alliance=Red, fieldLengthZone=7, fieldWidthZone=2.
Shooter.setupGoalTrackingMode_INFO [0.345564269] GoalTracking(trackingMode=AllianceHub, goalPose=(x=-158.838583,y=469.110472,angle=180.000000), noPassback=true).
Shooter.LeftShooter.enableGoalTracking_INFO [0.355305032] Enable GoalTracking (trackingParams=(trackFlywheel=false,trackTiltPos=false,trackPanPos=true)).
Shooter.LeftPrimaryMotor.cancel_INFO [0.356445546] Cancel: stopping motor.
Shooter.LeftTiltMotor.cancel_INFO [0.357693036] Cancel: stopping motor.
Shooter.RightShooter.enableGoalTracking_INFO [0.36138893] Enable GoalTracking (trackingParams=(trackFlywheel=false,trackTiltPos=false,trackPanPos=true)).
Shooter.RightPrimaryMotor.cancel_INFO [0.362263876] Cancel: stopping motor.
Shooter.RightTiltMotor.cancel_INFO [0.363203688] Cancel: stopping motor.
Shooter.LeftTiltMotor.isMotorStalled_INFO [0.472796018] Stall detection triggered.
CmdDcmpAuto.cmdPeriodic_INFO [0.474653512] <Event name="StateInfo" time="0.47326976" tag="^^^^^" CmdDcmpAuto.state="PICKUP_DEPOT" RobotPose=(x=-158.838317,y=511.610422,angle=0.002747) TargetPose=(x=-89.994240,y=626.217122,angle=0.002747) vel=(x=-0.004603,y=0.004575,angle=0.023637) Path=TrcPath(degrees=true, [Waypoint(simple=true,index=0,pose=(x=0.000000,y=0.000000,angle=0.000000),vel=0.0), Waypoint(simple=false,index=-1,timestep=0.3159537576635894,pose=(x=47.690659,y=55.158330,angle=-0.001903),vel=118.90728555208814,encPos=0.0,accel=0.0,jerk=0.0), Waypoint(simple=true,index=1,pose=(x=68.834766,y=79.613300,angle=-0.002747),vel=85.73214099741125), Waypoint(simple=true,index=2,pose=(x=68.833089,y=114.613300,angle=-0.002747),vel=0.0)]) />
Shooter.LeftTiltMotor.checkStallReset_INFO [0.474883102] Resetting stall.
Shooter.RightTiltMotor.isMotorStalled_INFO [0.491592] Stall detection triggered.
Shooter.RightTiltMotor.checkStallReset_INFO [0.496787949] Resetting stall.
Shooter.TurretMotor.isMotorStalled_INFO [0.519971698] Stall detection triggered.
Climber.Motor.isMotorStalled_INFO [0.522780319] Stall detection triggered.
CmdDcmpAuto.lambda$cmdPeriodic$1_INFO [0.528218954] WaypointHandler: index=0
Robot.setRelocalizationMode_INFO [0.53411305] setRelocalizationMode to OneShot
Climber.Motor.zeroCalibratingMotor_WARN [0.583030852] Stalled, lower limit switch may not exist or might have failed!
Climber.Motor.pidCtrlTask_INFO [0.594971288] Zero calibration done, event=null
Climber.Motor.isMotorStalled_INFO [0.674492761] Stall detection triggered.
Climber.Motor.checkStallReset_INFO [0.67527886] Resetting stall.
Shooter.fieldTriggerCallback_INFO [1.216653008] FieldTriggerCallback: canceled=false, zoneCtxt=(value=-127.035578,prevZone=2,currZone=3)
Shooter.setupGoalTrackingMode_INFO [1.219322447] AlliancHub: alliance=Red, fieldLengthZone=7, fieldWidthZone=3.
Shooter.setupGoalTrackingMode_INFO [1.223110734] GoalTracking(trackingMode=AllianceHub, goalPose=(x=-158.838583,y=469.110472,angle=180.000000), noPassback=true).
CmdDcmpAuto.lambda$cmdPeriodic$1_INFO [1.74488012] WaypointHandler: index=1
Robot.setRelocalizationMode_INFO [1.751987621] setRelocalizationMode to OneShot
purePursuitDrive.driveTask_INFO [3.209552693] Done: index=3/4, stalled=false, timeout=false, posOnTarget=true, headingOnTarget=true, robotPose=(x=-89.523264,y=627.254529,angle=-1.798072)
purePursuitDrive.driveTask_INFO [3.213021023] Signal completion event (CmdDcmpAuto=CLEARED).
CmdDcmpAuto.lambda$cmdPeriodic$1_INFO [3.245955296] WaypointHandler: index=-1
CmdDcmpAuto.cmdPeriodic_INFO [3.24684529] <Event name="StateInfo" time="3.246319004" tag="vvvvv" CmdDcmpAuto.state="SHOOT_DEPOT" />
Robot.setRelocalizationMode_INFO [3.252791137] setRelocalizationMode to Continuous
TaskAutoShoot.autoShoot_INFO [3.261403097] autoShoot(owner=null, event=(CmdDcmpAuto=SIGNALED), taskParams=(autoStop=true, noPassback=true, noWait=false))
Shooter.enableGoalTracking_INFO [3.263807975] EnableGoalTracking: goalTrackingParams=(trackFlywheel=true,trackTiltPos=true,trackPanPos=true), noPassback=true
Shooter.setupGoalTrackingMode_INFO [3.266778347] AlliancHub: alliance=Red, fieldLengthZone=7, fieldWidthZone=3.
Shooter.setupGoalTrackingMode_INFO [3.269431602] GoalTracking(trackingMode=AllianceHub, goalPose=(x=-158.838583,y=469.110472,angle=180.000000), noPassback=true).
Shooter.LeftShooter.enableGoalTracking_INFO [3.272196271] Enable GoalTracking (trackingParams=(trackFlywheel=true,trackTiltPos=true,trackPanPos=true)).
Shooter.LeftPrimaryMotor.cancel_INFO [3.274292973] Cancel: stopping motor.
Shooter.LeftTiltMotor.cancel_INFO [3.278673534] Cancel: stopping motor.
Shooter.RightShooter.enableGoalTracking_INFO [3.280028466] Enable GoalTracking (trackingParams=(trackFlywheel=true,trackTiltPos=true,trackPanPos=true)).
Shooter.RightPrimaryMotor.cancel_INFO [3.289505833] Cancel: stopping motor.
Shooter.RightTiltMotor.cancel_INFO [3.2948773] Cancel: stopping motor.
CmdDcmpAuto.cmdPeriodic_INFO [3.304918822] <Event name="StateInfo" time="3.304660882" tag="^^^^^" CmdDcmpAuto.state="SHOOT_DEPOT" />
TaskAutoShoot.autoTask_INFO [3.440324129] <Event name="StateInfo" time="3.440091542" tag="vvvvv" TaskAutoShoot.state="START" />
TaskAutoShoot.runTaskState_INFO [3.450262345] ***** Wait for left Shooter ready.
TaskAutoShoot.runTaskState_INFO [3.451861192] ***** Wait for right Shooter ready.
TaskAutoShoot.runTaskState_INFO [3.454153479] ***** Wait for Turret ready.
TaskAutoShoot.autoTask_INFO [3.456874119] <Event name="StateInfo" time="3.45667166" tag="^^^^^" TaskAutoShoot.state="START" />
Shooter.TurretMotor.pidCtrlTask_INFO [3.520589207] controlMode: Position,onTarget=true(-153.03611755371094/-151.21524024801994), stalled=false, expired=false, event=(TaskAutoShoot.turretReady=SIGNALED)
TaskAutoShoot.autoTask_INFO [3.591514917] <Event name="StateInfo" time="3.591061578" tag="vvvvv" TaskAutoShoot.state="SHOOT" />
TaskAutoShoot.autoTask_INFO [3.59355207] <Event name="StateInfo" time="3.593356615" tag="^^^^^" TaskAutoShoot.state="SHOOT" />
TaskAutoShoot.autoTask_INFO [3.711718511] <Event name="StateInfo" time="3.711502721" tag="vvvvv" TaskAutoShoot.state="SHOOT" />
TaskAutoShoot.autoTask_INFO [3.721185927] <Event name="StateInfo" time="3.714900013" tag="^^^^^" TaskAutoShoot.state="SHOOT" />
TaskAutoShoot.autoTask_INFO [3.818651136] <Event name="StateInfo" time="3.814501485" tag="vvvvv" TaskAutoShoot.state="SHOOT" />
TaskAutoShoot.autoTask_INFO [3.838759377] <Event name="StateInfo" time="3.836908677" tag="^^^^^" TaskAutoShoot.state="SHOOT" />
TaskAutoShoot.autoTask_INFO [3.951479676] <Event name="StateInfo" time="3.951221921" tag="vvvvv" TaskAutoShoot.state="SHOOT" />
TaskAutoShoot.autoTask_INFO [3.961558905] <Event name="StateInfo" time="3.953747801" tag="^^^^^" TaskAutoShoot.state="SHOOT" />
TaskAutoShoot.autoTask_INFO [4.071060156] <Event name="StateInfo" time="4.070846611" tag="vvvvv" TaskAutoShoot.state="SHOOT" />
TaskAutoShoot.autoTask_INFO [4.072657095] <Event name="StateInfo" time="4.072343893" tag="^^^^^" TaskAutoShoot.state="SHOOT" />
TaskAutoShoot.autoTask_INFO [4.175043612] <Event name="StateInfo" time="4.174823906" tag="vvvvv" TaskAutoShoot.state="SHOOT" />
TaskAutoShoot.autoTask_INFO [4.178388116] <Event name="StateInfo" time="4.177240298" tag="^^^^^" TaskAutoShoot.state="SHOOT" />
TaskAutoShoot.autoTask_INFO [4.280525853] <Event name="StateInfo" time="4.280346732" tag="vvvvv" TaskAutoShoot.state="SHOOT" />
TaskAutoShoot.autoTask_INFO [4.282569044] <Event name="StateInfo" time="4.28236552" tag="^^^^^" TaskAutoShoot.state="SHOOT" />
Shooter.LeftShooter.goalTrackingTask_INFO [4.363597296] Shooter.LeftShooter is Ready: rpm1=5390.399639/5385.683228, rpm2=3292.148438/0.000000, tilt=27.700123/27.753223, pan=null/null
Shooter.RightShooter.goalTrackingTask_INFO [4.400697039] Shooter.RightShooter is Ready: rpm1=5352.349760/5385.683228, rpm2=3314.062500/0.000000, tilt=27.700123/27.753223, pan=null/null
TaskAutoShoot.autoTask_INFO [4.40318988] <Event name="StateInfo" time="4.402962819" tag="vvvvv" TaskAutoShoot.state="SHOOT" />
TaskAutoShoot.runTaskState_INFO [4.412696631] ***** Start left shooter shooting (timedout=false, turretReady=true).
Shooter.shoot_INFO [4.41405216] shoot(owner=null, event=(TaskAutoShoot.leftShooterDone=CLEARED), shooter=leftShooter, autoStop=true)
Shooter.LeftTransferMotor.cancel_INFO [4.468551648] Cancel: stopping motor.
TaskAutoShoot.runTaskState_INFO [4.475385103] ***** Start right shooter shooting (timedout=false, turretReady=true).
Shooter.shoot_INFO [4.478308294] shoot(owner=null, event=(TaskAutoShoot.rightShooterDone=CLEARED), shooter=rightShooter, autoStop=true)
Shooter.RightTransferMotor.cancel_INFO [4.479900816] Cancel: stopping motor.
TaskAutoShoot.autoTask_INFO [4.482333269] <Event name="StateInfo" time="4.482126597" tag="^^^^^" TaskAutoShoot.state="SHOOT" />
Shooter.LeftShooter.cancel_INFO [5.952359163] owner=null
Shooter.LeftShooter.disableGoalTracking_INFO [5.95373845] Disable Goal Tracking.
Shooter.LeftShooter.stopGoalTracking_INFO [5.955150363] Stop GoalTracking.
Shooter.LeftTiltMotor.cancel_INFO [5.957219181] Cancel: stopping motor.
Shooter.LeftPrimaryMotor.cancel_INFO [5.958527075] Cancel: stopping motor.
Shooter.LeftPrimaryMotor.cancel_INFO [5.960813364] Cancel: stopping motor.
Shooter.LeftTiltMotor.cancel_INFO [5.962884834] Cancel: stopping motor.
Shooter.LeftTransferMotor.cancel_INFO [5.965100772] Cancel: stopping motor.
Shooter.FeederMotor.cancel_INFO [5.966509471] Cancel: stopping motor.
Shooter.RightShooter.cancel_INFO [5.998944158] owner=null
Shooter.RightShooter.disableGoalTracking_INFO [6.001554472] Disable Goal Tracking.
Shooter.RightShooter.stopGoalTracking_INFO [6.003584812] Stop GoalTracking.
Shooter.RightTiltMotor.cancel_INFO [6.005602236] Cancel: stopping motor.
Shooter.RightPrimaryMotor.cancel_INFO [6.008822314] Cancel: stopping motor.
Shooter.RightPrimaryMotor.cancel_INFO [6.010920823] Cancel: stopping motor.
Shooter.RightTiltMotor.cancel_INFO [6.014654189] Cancel: stopping motor.
Shooter.RightTransferMotor.cancel_INFO [6.016309358] Cancel: stopping motor.
Shooter.FeederMotor.cancel_INFO [6.018602791] Cancel: stopping motor.
TaskAutoShoot.autoTask_INFO [6.032917412] <Event name="StateInfo" time="6.032240095" tag="vvvvv" TaskAutoShoot.state="DONE" />
TaskAutoShoot.stopSubsystems_INFO [6.037336763] Stopping subsystems.
Shooter.LeftTransferMotor.cancel_INFO [6.03906489] Cancel: stopping motor.
Shooter.RightTransferMotor.cancel_INFO [6.041505198] Cancel: stopping motor.
Shooter.FeederMotor.cancel_INFO [6.04328958] Cancel: stopping motor.
Shooter.LeftShooter.cancel_INFO [6.046599842] owner=null
Shooter.LeftPrimaryMotor.cancel_INFO [6.048550698] Cancel: stopping motor.
Shooter.LeftTiltMotor.cancel_INFO [6.051262839] Cancel: stopping motor.
Shooter.RightShooter.cancel_INFO [6.055609357] owner=null
Shooter.RightPrimaryMotor.cancel_INFO [6.058620699] Cancel: stopping motor.
Shooter.RightTiltMotor.cancel_INFO [6.06100836] Cancel: stopping motor.
Shooter.LeftTransferMotor.cancel_INFO [6.063694936] Cancel: stopping motor.
Shooter.RightTransferMotor.cancel_INFO [6.06750486] Cancel: stopping motor.
Shooter.FeederMotor.cancel_INFO [6.070271511] Cancel: stopping motor.
TaskAutoShoot.autoTask_INFO [6.157424353] <Event name="StateInfo" time="6.157178919" tag="^^^^^" TaskAutoShoot.state="DONE" />
OV9782_LeftShooter.getRobotEstimatedInfo_ERR [6.200392825] [fpgaTime=66039597] PhotonVision.getAllUnreadResults threw an exception.
Index 763 out of bounds for length 763
TrcDbgTrace.getRobotEstimatedInfo_ERR [6.20708421] Stack Trace (depth=18):
org.photonvision.common.dataflow.structures.Packet.decodeByte(Packet.java:297)
org.photonvision.common.dataflow.structures.Packet.decodeList(Packet.java:413)
org.photonvision.struct.PhotonTrackedTargetSerde.unpack(PhotonTrackedTargetSerde.java:128)
org.photonvision.struct.PhotonTrackedTargetSerde.unpack(PhotonTrackedTargetSerde.java:43)
org.photonvision.common.dataflow.structures.Packet.decodeList(Packet.java:419)
org.photonvision.struct.PhotonPipelineResultSerde.unpack(PhotonPipelineResultSerde.java:78)
org.photonvision.struct.PhotonPipelineResultSerde.unpack(PhotonPipelineResultSerde.java:43)
org.photonvision.common.networktables.PacketSubscriber.parse(PacketSubscriber.java:66)
org.photonvision.common.networktables.PacketSubscriber.getAllChanges(PacketSubscriber.java:110)
org.photonvision.PhotonCamera.getAllUnreadResults(PhotonCamera.java:262)
frclib.vision.FrcPhotonVision.getRobotEstimatedInfo(FrcPhotonVision.java:750)
frclib.drivebase.FrcSwerveDrive.visionUpdate(FrcSwerveDrive.java:184)
teamcode.Robot.relocalizeRobot(Robot.java:428)
teamcode.Robot.robotPeriodic(Robot.java:489)
frclib.robotcore.FrcRobot.startCompetition(FrcRobot.java:618)
edu.wpi.first.wpilibj.RobotBase.runRobot(RobotBase.java:436)
edu.wpi.first.wpilibj.RobotBase.startRobot(RobotBase.java:527)
teamcode.Main.main(Main.java:33)
CmdDcmpAuto.cmdPeriodic_INFO [6.215078297] <Event name="StateInfo" time="6.213845908" tag="vvvvv" CmdDcmpAuto.state="GO_TO_CLIMB_POS" />
TaskAutoShoot.cancel_INFO [6.218136658] Canceling auto task operation.
purePursuitDrive.start_INFO [6.221917872] ppStartTimestamps=[6.220643227, 6.22068456, 6.220696897, 6.220917291, 6.220956693, 6.220959783]
purePursuitDrive.start_INFO [6.223597018] ppStartBuildPathTimestamp=[6.220169165, 6.220194217, 6.22044481]
CmdDcmpAuto.cmdPeriodic_INFO [6.231556971] <Event name="StateInfo" time="6.23133025" tag="^^^^^" CmdDcmpAuto.state="GO_TO_CLIMB_POS" RobotPose=(x=-75.545304,y=625.833119,angle=-1.832513) TargetPose=(x=-74.745856,y=600.845904,angle=-1.832513) vel=(x=-0.000000,y=0.000000,angle=-0.000000) Path=TrcPath(degrees=true, [Waypoint(simple=true,index=0,pose=(x=0.000000,y=0.000000,angle=0.000000),vel=0.0), Waypoint(simple=false,index=-1,timestep=0.4879500364742665,pose=(x=-0.000000,y=-12.500000,angle=0.000000),vel=51.23475382979798,encPos=0.0,accel=0.0,jerk=0.0), Waypoint(simple=true,index=1,pose=(x=-0.000000,y=-25.000000,angle=0.000000),vel=0.0)]) />
Shooter.LeftTiltMotor.pidCtrlTask_INFO [6.247120095] controlMode: Position,onTarget=true(17.620624324253626/17.0), stalled=false, expired=false, event=(stopLeftTilt=SIGNALED)
Shooter.RightTiltMotor.pidCtrlTask_INFO [6.305498026] controlMode: Position,onTarget=true(16.948658092756915/17.0), stalled=false, expired=false, event=(stopRightTilt=SIGNALED)
purePursuitDrive.driveTask_INFO [8.521987657] Done: index=2/3, stalled=false, timeout=false, posOnTarget=true, headingOnTarget=true, robotPose=(x=-74.670496,y=599.492758,angle=-2.333269)
purePursuitDrive.driveTask_INFO [8.547794645] Signal completion event (CmdDcmpAuto=CLEARED).
CmdDcmpAuto.cmdPeriodic_INFO [8.557601899] <Event name="StateInfo" time="8.556644156" tag="vvvvv" CmdDcmpAuto.state="AUTO_CLIMB" />
TaskAutoClimb.autoClimb_INFO [8.58017624] autoClimb(owner=null, event=(CmdDcmpAuto=SIGNALED), taskParams=(climbSide=DEPOT, alliance=Red, climbDelay=0.0))
CmdDcmpAuto.cmdPeriodic_INFO [8.591461621] <Event name="StateInfo" time="8.589615107" tag="^^^^^" CmdDcmpAuto.state="AUTO_CLIMB" />
TaskAutoClimb.autoTask_INFO [8.598271206] <Event name="StateInfo" time="8.597095434" tag="vvvvv" TaskAutoClimb.state="START" />
TaskAutoClimb.runTaskState_INFO [8.607352788] ***** Enabling GoalTracking on turret only.
Shooter.enableGoalTracking_INFO [8.609872026] EnableGoalTracking: goalTrackingParams=(trackFlywheel=false,trackTiltPos=false,trackPanPos=true), noPassback=true
Shooter.setupGoalTrackingMode_INFO [8.612630046] AlliancHub: alliance=Red, fieldLengthZone=7, fieldWidthZone=3.
Shooter.setupGoalTrackingMode_INFO [8.615455089] GoalTracking(trackingMode=AllianceHub, goalPose=(x=-158.838583,y=469.110472,angle=180.000000), noPassback=true).
Shooter.LeftShooter.enableGoalTracking_INFO [8.617035588] Enable GoalTracking (trackingParams=(trackFlywheel=false,trackTiltPos=false,trackPanPos=true)).
Shooter.LeftPrimaryMotor.cancel_INFO [8.620226522] Cancel: stopping motor.
Shooter.LeftTiltMotor.cancel_INFO [8.62217496] Cancel: stopping motor.
Shooter.RightShooter.enableGoalTracking_INFO [8.625320044] Enable GoalTracking (trackingParams=(trackFlywheel=false,trackTiltPos=false,trackPanPos=true)).
Shooter.RightPrimaryMotor.cancel_INFO [8.628946562] Cancel: stopping motor.
Shooter.RightTiltMotor.cancel_INFO [8.63166948] Cancel: stopping motor.
purePursuitDrive.start_INFO [8.66785248] ppStartTimestamps=[8.667241934, 8.6672704, 8.667281744, 8.667430775, 8.667469893, 8.66747362]
purePursuitDrive.start_INFO [8.670591949] ppStartBuildPathTimestamp=[8.663771398, 8.666609419, 8.666623669]
TaskAutoClimb.autoTask_INFO [8.679943604] <Event name="StateInfo" time="8.678701111" tag="^^^^^" TaskAutoClimb.state="START" />
Shooter.fieldTriggerCallback_INFO [10.167770524] FieldTriggerCallback: canceled=false, zoneCtxt=(value=-132.846281,prevZone=3,currZone=2)
Shooter.setupGoalTrackingMode_INFO [10.171082903] AlliancHub: alliance=Red, fieldLengthZone=7, fieldWidthZone=2.
Shooter.setupGoalTrackingMode_INFO [10.172364027] GoalTracking(trackingMode=AllianceHub, goalPose=(x=-158.838583,y=469.110472,angle=180.000000), noPassback=true).
Climber.Motor.pidCtrlTask_INFO [10.355004647] controlMode: Position,onTarget=true(24.510196377821476/25.4), stalled=false, expired=false, event=(TaskAutoClimb.climberEvent=SIGNALED)
Shooter.fieldTriggerCallback_INFO [11.032728797] FieldTriggerCallback: canceled=false, zoneCtxt=(value=-128.379217,prevZone=2,currZone=3)
Shooter.setupGoalTrackingMode_INFO [11.0369338] AlliancHub: alliance=Red, fieldLengthZone=7, fieldWidthZone=3.
Shooter.setupGoalTrackingMode_INFO [11.037646686] GoalTracking(trackingMode=AllianceHub, goalPose=(x=-158.838583,y=469.110472,angle=180.000000), noPassback=true).
Shooter.fieldTriggerCallback_INFO [11.084919376] FieldTriggerCallback: canceled=false, zoneCtxt=(value=-128.974685,prevZone=3,currZone=2)
Shooter.setupGoalTrackingMode_INFO [11.095053669] AlliancHub: alliance=Red, fieldLengthZone=7, fieldWidthZone=2.
Shooter.setupGoalTrackingMode_INFO [11.113758215] GoalTracking(trackingMode=AllianceHub, goalPose=(x=-158.838583,y=469.110472,angle=180.000000), noPassback=true).
Shooter.fieldTriggerCallback_INFO [11.15705861] FieldTriggerCallback: canceled=false, zoneCtxt=(value=-128.441826,prevZone=2,currZone=3)
Shooter.setupGoalTrackingMode_INFO [11.165258454] AlliancHub: alliance=Red, fieldLengthZone=7, fieldWidthZone=3.
Shooter.setupGoalTrackingMode_INFO [11.170082861] GoalTracking(trackingMode=AllianceHub, goalPose=(x=-158.838583,y=469.110472,angle=180.000000), noPassback=true).
purePursuitDrive.driveTask_INFO [11.343570969] Done: index=2/3, stalled=false, timeout=false, posOnTarget=true, headingOnTarget=true, robotPose=(x=-128.263865,y=608.440296,angle=89.672471)
purePursuitDrive.driveTask_INFO [11.355817426] Signal completion event (TaskAutoClimb.event=CLEARED).
TaskAutoClimb.autoTask_INFO [11.377933] <Event name="StateInfo" time="11.377605079" tag="vvvvv" TaskAutoClimb.state="ALIGN_CLIMBER" />
purePursuitDrive.start_INFO [11.382351287] ppStartTimestamps=[11.381784234, 11.38182898, 11.381841033, 11.38198299, 11.382021575, 11.38202452]
purePursuitDrive.start_INFO [11.385177125] ppStartBuildPathTimestamp=[11.381323916, 11.381556958, 11.381679686]
TaskAutoClimb.autoTask_INFO [11.386955135] <Event name="StateInfo" time="11.386706772" tag="^^^^^" TaskAutoClimb.state="ALIGN_CLIMBER" />
Shooter.fieldTriggerCallback_INFO [11.537740916] FieldTriggerCallback: canceled=false, zoneCtxt=(value=-130.284638,prevZone=3,currZone=2)
Shooter.setupGoalTrackingMode_INFO [11.539898484] AlliancHub: alliance=Red, fieldLengthZone=7, fieldWidthZone=2.
Shooter.setupGoalTrackingMode_INFO [11.541856183] GoalTracking(trackingMode=AllianceHub, goalPose=(x=-158.838583,y=469.110472,angle=180.000000), noPassback=true).
TaskAutoClimb.autoTask_INFO [12.89096289] <Event name="StateInfo" time="12.890407751" tag="vvvvv" TaskAutoClimb.state="CLIMB" />
TaskAutoClimb.autoTask_INFO [12.920824339] <Event name="StateInfo" time="12.920529517" tag="^^^^^" TaskAutoClimb.state="CLIMB" />
Climber.Motor.pidCtrlTask_INFO [14.780293365] controlMode: Position,onTarget=true(19.003367243760785/18.125), stalled=false, expired=false, event=(TaskAutoClimb.climberEvent=SIGNALED)
TaskAutoClimb.autoTask_INFO [14.81499854] <Event name="StateInfo" time="14.814680552" tag="vvvvv" TaskAutoClimb.state="DONE" />
TaskAutoClimb.stopSubsystems_INFO [14.816679173] Stopping subsystems.
Climber.Motor.cancel_INFO [14.821505515] Cancel: stopping motor.
Shooter.LeftShooter.disableGoalTracking_INFO [14.822716331] Disable Goal Tracking.
Shooter.LeftShooter.stopGoalTracking_INFO [14.823216517] Stop GoalTracking.
Shooter.LeftTiltMotor.cancel_INFO [14.824243797] Cancel: stopping motor.
Shooter.LeftPrimaryMotor.cancel_INFO [14.825866592] Cancel: stopping motor.
Shooter.RightShooter.disableGoalTracking_INFO [14.826784784] Disable Goal Tracking.
Shooter.RightShooter.stopGoalTracking_INFO [14.827460751] Stop GoalTracking.
Shooter.RightTiltMotor.cancel_INFO [14.832281797] Cancel: stopping motor.
Shooter.RightPrimaryMotor.cancel_INFO [14.834724731] Cancel: stopping motor.
TaskAutoClimb.autoTask_INFO [14.838676724] <Event name="StateInfo" time="14.838226281" tag="^^^^^" TaskAutoClimb.state="DONE" />
CmdDcmpAuto.cmdPeriodic_INFO [14.849187081] <Event name="StateInfo" time="14.848759479" tag="vvvvv" CmdDcmpAuto.state="DONE" />
CmdDcmpAuto.cmdPeriodic_INFO [14.851364252] <Event name="StateInfo" time="14.850889085" tag="^^^^^" CmdDcmpAuto.state="DONE" />
FrcRobot.startCompetition_INFO [19.854742287] *** Transitioning from AUTO_MODE to DISABLED_MODE ***
Robot.cancelAll_INFO [19.857629153] Cancel all operations.
Shooter.LeftShooter.cancel_INFO [19.860053481] owner=null
Shooter.LeftPrimaryMotor.cancel_INFO [19.861982499] Cancel: stopping motor.
Shooter.LeftTiltMotor.cancel_INFO [19.86344478] Cancel: stopping motor.
Shooter.RightShooter.cancel_INFO [19.865859214] owner=null
Shooter.RightPrimaryMotor.cancel_INFO [19.867848598] Cancel: stopping motor.
Shooter.RightTiltMotor.cancel_INFO [19.870464194] Cancel: stopping motor.
Shooter.LeftTransferMotor.cancel_INFO [19.872663962] Cancel: stopping motor.
Shooter.RightTransferMotor.cancel_INFO [19.874496817] Cancel: stopping motor.
Shooter.FeederMotor.cancel_INFO [19.876931453] Cancel: stopping motor.
Shooter.LeftTiltMotor.pidCtrlTask_INFO [19.907340282] controlMode: Position,onTarget=true(17.027712867851545/17.0), stalled=false, expired=false, event=(stopLeftTilt=SIGNALED)
Intake.IntakeMotor.cancel_INFO [19.929711236] Cancel: stopping motor.
Climber.Motor.cancel_INFO [19.935291929] Cancel: stopping motor.
TaskAutoShoot.cancel_INFO [19.943236183] Canceling auto task operation.
TaskAutoClimb.cancel_INFO [19.946052855] Canceling auto task operation.
Shooter.RightTiltMotor.pidCtrlTask_INFO [19.955040214] controlMode: Position,onTarget=true(17.027712867851545/17.0), stalled=false, expired=false, event=(stopRightTilt=SIGNALED)
Climber.Motor.isMotorStalled_INFO [19.961309849] Stall detection triggered.
Climber.Motor.checkStallReset_INFO [19.967467855] Resetting stall.
FrcRobot.printPerformanceMetrics_INFO [19.982927139] [FrcRobot] Loop Performance Metrics:
Average Loop Interval = 0.002118s (freq=472.228Hz, min=0.000893s, max=0.437654s)
[03]                StartTask=0.000000s
[04]          PrePeriodicTask=0.000143s
[07]               UpdateTask=0.001102s
[02]                StartMode=0.000001s
[06]         PostPeriodicTask=0.000413s
[08]                 StopTask=0.000000s
[09]                 StopMode=0.000000s
[00]                RobotInit=17.672588s
[01]           RobotStartMode=0.000011s
[05]                 Periodic=0.000353s
[10]            RobotStopMode=0.000003s

TrcTaskMgr.printTaskPerformanceMetrics_INFO [20.012578717] FrcDashboard.task: STANDALONE_TASK=6.076853066713856E-4/0.01069137376057335
TrcTaskMgr.printTaskPerformanceMetrics_INFO [20.015303555] TrcWatchdogMgr: STANDALONE_TASK=9.079954098360655E-5/0.9839499172786885
TrcTaskMgr.printTaskPerformanceMetrics_INFO [20.016969921] flDriveMotor.pidCtrlTask: OUTPUT_TASK=2.8109390122924306E-5/0.013028966049385379
TrcTaskMgr.printTaskPerformanceMetrics_INFO [20.019776774] flDriveMotor.odometryCleanupTask: STOP_TASK=4.85955E-5/9.9774776755
TrcTaskMgr.printTaskPerformanceMetrics_INFO [20.032104501] frDriveMotor.pidCtrlTask: OUTPUT_TASK=1.5823269512721E-5/0.013029007223372142
TrcTaskMgr.printTaskPerformanceMetrics_INFO [20.034284447] blDriveMotor.pidCtrlTask: OUTPUT_TASK=1.5941589693833547E-5/0.013029002785252264
TrcTaskMgr.printTaskPerformanceMetrics_INFO [20.038026501] brDriveMotor.pidCtrlTask: OUTPUT_TASK=1.1295314723000647E-5/0.013028422533520155
TrcTaskMgr.printTaskPerformanceMetrics_INFO [20.040378026] flSteerMotor.pidCtrlTask: OUTPUT_TASK=3.5347905583099806E-5/0.01302842086656607
TrcTaskMgr.printTaskPerformanceMetrics_INFO [20.04304864] frSteerMotor.pidCtrlTask: OUTPUT_TASK=2.7815089674498815E-5/0.013028438081483079
TrcTaskMgr.printTaskPerformanceMetrics_INFO [20.045775086] blSteerMotor.pidCtrlTask: OUTPUT_TASK=2.2645190342746282E-5/0.013028432061220091
TrcTaskMgr.printTaskPerformanceMetrics_INFO [20.049187718] brSteerMotor.pidCtrlTask: OUTPUT_TASK=2.152359849137931E-5/0.013027941707974137
TrcTaskMgr.printTaskPerformanceMetrics_INFO [20.050964712] FrcSwerveDrive.odometryTask: INPUT_TASK=0.002956476702544031/0.019440263630136987
TrcTaskMgr.printTaskPerformanceMetrics_INFO [20.056041329] FrcSwerveDrive.stopTask: STOP_TASK=0.003296548/9.977411934
TrcTaskMgr.printTaskPerformanceMetrics_INFO [20.059485529] purePursuitDrive.driveTask: OUTPUT_TASK=0.007563766575178998/0.03439954864200477
TrcTaskMgr.printTaskPerformanceMetrics_INFO [20.061537225] LED: OUTPUT_TASK=7.536477418659772E-5/0.013027461440422322
TrcTaskMgr.printTaskPerformanceMetrics_INFO [20.06313616] LED.ledTask: OUTPUT_TASK=4.4150130835896E-4/0.011169751088901314
TrcTaskMgr.printTaskPerformanceMetrics_INFO [20.070698399] Shooter.LeftPrimaryMotor.pidCtrlTask: OUTPUT_TASK=2.3365754794225383E-5/0.01302729889808231
TrcTaskMgr.printTaskPerformanceMetrics_INFO [20.078949631] Shooter.LeftFollowerMotor.pidCtrlTask: OUTPUT_TASK=6.224947867298578E-6/0.013027004231365791
TrcTaskMgr.printTaskPerformanceMetrics_INFO [20.081488072] Shooter.LeftTiltMotor.pidCtrlTask: OUTPUT_TASK=2.4854675640749517E-4/0.013026207133965108
TrcTaskMgr.printTaskPerformanceMetrics_INFO [20.083486504] Shooter.LeftShooter.ShooterMotor1VelTrigger.triggerTask: PRE_PERIODIC_TASK=2.770420666666667E-4/0.09724438533333332
TrcTaskMgr.printTaskPerformanceMetrics_INFO [20.090085184] Shooter.LeftShooter.goalTracking: POST_PERIODIC_TASK=0.03647448661965812/0.061143549897435895
TrcTaskMgr.printTaskPerformanceMetrics_INFO [20.092939045] Shooter.LeftTransferMotor.pidCtrlTask: OUTPUT_TASK=7.184812230835487E-6/0.013025483454134368
TrcTaskMgr.printTaskPerformanceMetrics_INFO [20.103080279] Shooter.RightPrimaryMotor.pidCtrlTask: OUTPUT_TASK=1.6608576227390182E-5/0.013025479661283377
TrcTaskMgr.printTaskPerformanceMetrics_INFO [20.122491016] Shooter.RightFollowerMotor.pidCtrlTask: OUTPUT_TASK=5.077928771250269E-6/0.01302399375640198
TrcTaskMgr.printTaskPerformanceMetrics_INFO [20.132342534] Shooter.RightTiltMotor.pidCtrlTask: OUTPUT_TASK=2.1497308758338713E-4/0.013023992312890037
TrcTaskMgr.printTaskPerformanceMetrics_INFO [20.138091849] Shooter.RightShooter.ShooterMotor1VelTrigger.triggerTask: PRE_PERIODIC_TASK=1.56032375E-4/0.09397715175
TrcTaskMgr.printTaskPerformanceMetrics_INFO [20.143050019] Shooter.RightShooter.goalTracking: POST_PERIODIC_TASK=0.0028656485319148934/0.06083181154042553
TrcTaskMgr.printTaskPerformanceMetrics_INFO [20.15187444] Shooter.RightTransferMotor.pidCtrlTask: OUTPUT_TASK=5.536648956764896E-6/0.013022826545708755
TrcTaskMgr.printTaskPerformanceMetrics_INFO [20.156027029] Shooter.TurretMotor.pidCtrlTask: OUTPUT_TASK=0.0014460944395698924/0.013022484468387097
TrcTaskMgr.printTaskPerformanceMetrics_INFO [20.157942716] Shooter.FeederMotor.pidCtrlTask: OUTPUT_TASK=5.7643096774193544E-6/0.013022291652473119
TrcTaskMgr.printTaskPerformanceMetrics_INFO [20.160075928] ShooterfieldLengthTrigger.triggerTask: PRE_PERIODIC_TASK=4.3710432161687167E-5/0.002106814761616872
TrcTaskMgr.printTaskPerformanceMetrics_INFO [20.162347369] ShooterfieldWidthTrigger.triggerTask: PRE_PERIODIC_TASK=6.752391072056239E-6/0.002106889260984183
TrcTaskMgr.printTaskPerformanceMetrics_INFO [20.165993135] Intake.IntakeMotor.pidCtrlTask: OUTPUT_TASK=7.128319716190067E-6/0.013021985066222317
TrcTaskMgr.printTaskPerformanceMetrics_INFO [20.168169033] Climber.Motor.pidCtrlTask: OUTPUT_TASK=9.368181186841539E-5/0.013021982138894862
TrcTaskMgr.printTaskPerformanceMetrics_INFO [20.170781181] TaskAutoShoot: POST_PERIODIC_TASK=0.0119176952/0.10368669479999999
TrcTaskMgr.printTaskPerformanceMetrics_INFO [20.172453935] TaskAutoClimb: POST_PERIODIC_TASK=0.0011375496026490065/0.04117883326490066
