Shooter.LeftTiltMotor.isMotorStalled_INFO [0.005154115] Stall detection triggered.
Robot.robotStartMode_INFO [0.006131003] Fri Apr 10 23:25:56 UTC 2026: ***** AUTO_MODE *****
Shooter.LeftTiltMotor.checkStallReset_INFO [0.010338429] Resetting stall.
Robot.robotStartMode_INFO [0.010653161] <BuildInfo Host="TRC492-DS2024" User="User" Timestamp="2026-04-10 16:10:32" Branch="dev" />
Shooter.RightTiltMotor.isMotorStalled_INFO [0.014914966] Stall detection triggered.
Shooter.RightTiltMotor.checkStallReset_INFO [0.015809259] Resetting stall.
Shooter.TurretMotor.isMotorStalled_INFO [0.017459407] Stall detection triggered.
Climber.Motor.isMotorStalled_INFO [0.019404353] Stall detection triggered.
Climber.Motor.checkStallReset_INFO [0.021493327] Resetting stall.
FrcAuto.startMode_INFO [0.025434776] <Info name="MatchInfo" date="Fri Apr 10 23:25:56 UTC 2026" event="PNCMP" type="None" match=999 replay=113 alliance="Red" location=1 gameMsg="" />
FrcAuto.startMode_INFO [0.0362857] <Info name="AutoChoices" alliance="Red" strategy="DCMP_AUTO" startPos="START_POS_CENTER" startDelay=0.0 sec depotPickup="false" outpostPickup="false" neutralZonePickup="true" moveTo="DEPOT" passBack="NONE" climb="true" climbSide="DEPOT" neutralZoneCycles="0.0" type="CENTER" sweepDistance="SHALLOW_SWEEP" pathFile="DrivePath.csv" xDistance=0.0 ft yDistance=0.0 ft turnDegrees=0.0 deg driveTime=0.0 sec drivePower=0.0"  />
CmdDcmpAuto.cmdPeriodic_INFO [0.088035341] <Event name="StateInfo" time="0.087438777" tag="vvvvv" CmdDcmpAuto.state="START" />
Robot.zeroCalibrate_INFO [0.103337801] Zero calibrate all subsystems.
TrcSubsystem.zeroCalibrateAll_INFO [0.106938396] ZeroCalibrate(Subsystem=Shooter, owner=null, event=null)
Shooter.zeroCalibrate_INFO [0.109609742] ZeroCalibrate left shooter.
Shooter.zeroCalibrate_INFO [0.123568728] ZeroCalibrate right shooter.
TrcSubsystem.zeroCalibrateAll_INFO [0.133303451] ZeroCalibrate(Subsystem=Climber, owner=null, event=null)
CmdDcmpAuto.cmdPeriodic_INFO [0.136262672] <Event name="StateInfo" time="0.135875838" tag="^^^^^" CmdDcmpAuto.state="START" />
CmdDcmpAuto.cmdPeriodic_INFO [0.150663579] <Event name="StateInfo" time="0.147104257" tag="vvvvv" CmdDcmpAuto.state="PICKUP_DEPOT" />
Climber.Motor.isMotorStalled_INFO [0.251183803] Stall detection triggered.
Climber.Motor.zeroCalibratingMotor_WARN [0.272513612] Stalled, lower limit switch may not exist or might have failed!
Climber.Motor.pidCtrlTask_INFO [0.282021021] Zero calibration done, event=null
purePursuitDrive.start_INFO [0.288187226] ppStartTimestamps=[0.279507902, 0.279571784, 0.284710796, 0.28668012, 0.287532522, 0.287695323]
purePursuitDrive.start_INFO [0.291353211] ppStartBuildPathTimestamp=[0.180611726, 0.193888944, 0.193967477]
Shooter.enableGoalTracking_INFO [0.297982224] EnableGoalTracking: goalTrackingParams=(trackFlywheel=false,trackTiltPos=false,trackPanPos=true), noPassback=true
Shooter.setupGoalTrackingMode_INFO [0.300638135] AlliancHub: alliance=Red, fieldLengthZone=7, fieldWidthZone=2.
Shooter.setupGoalTrackingMode_INFO [0.303799648] GoalTracking(trackingMode=AllianceHub, goalPose=(x=-158.838583,y=469.110472,angle=180.000000), noPassback=true).
Shooter.LeftShooter.enableGoalTracking_INFO [0.325740278] Enable GoalTracking (trackingParams=(trackFlywheel=false,trackTiltPos=false,trackPanPos=true)).
Shooter.LeftPrimaryMotor.cancel_INFO [0.333807447] Cancel: stopping motor.
Shooter.LeftTiltMotor.cancel_INFO [0.33745978] Cancel: stopping motor.
Shooter.RightShooter.enableGoalTracking_INFO [0.367321603] Enable GoalTracking (trackingParams=(trackFlywheel=false,trackTiltPos=false,trackPanPos=true)).
Shooter.RightPrimaryMotor.cancel_INFO [0.3810611] Cancel: stopping motor.
Shooter.RightTiltMotor.cancel_INFO [0.38568777] Cancel: stopping motor.
CmdDcmpAuto.cmdPeriodic_INFO [0.447539516] <Event name="StateInfo" time="0.447252712" tag="^^^^^" CmdDcmpAuto.state="PICKUP_DEPOT" RobotPose=(x=-158.838583,y=511.610472,angle=-0.000000) TargetPose=(x=-84.005494,y=626.224060,angle=-0.002747) vel=(x=-0.000000,y=0.000000,angle=-0.000000) Path=TrcPath(degrees=true, [Waypoint(simple=true,index=0,pose=(x=0.000000,y=0.000000,angle=0.000000),vel=0.0), Waypoint(simple=false,index=-1,timestep=0.34926151239279585,pose=(x=49.943191,y=53.127375,angle=0.000000),vel=122.4045997986548,encPos=0.0,accel=0.0,jerk=0.0), Waypoint(simple=true,index=1,pose=(x=74.838583,y=79.610000,angle=0.000000),vel=85.73214099741124), Waypoint(simple=true,index=2,pose=(x=74.838583,y=114.610000,angle=0.000000),vel=0.0)]) />
Shooter.LeftTiltMotor.isMotorStalled_INFO [0.47089816] Stall detection triggered.
Shooter.LeftTiltMotor.checkStallReset_INFO [0.476299859] Resetting stall.
Shooter.RightTiltMotor.isMotorStalled_INFO [0.48524243] Stall detection triggered.
Shooter.RightTiltMotor.checkStallReset_INFO [0.488289966] Resetting stall.
CmdDcmpAuto.lambda$cmdPeriodic$1_INFO [0.502930059] WaypointHandler: index=0
Shooter.TurretMotor.isMotorStalled_INFO [0.508786437] Stall detection triggered.
Robot.setRelocalizationMode_INFO [0.510062508] setRelocalizationMode to OneShot
Climber.Motor.isMotorStalled_INFO [0.51236217] Stall detection triggered.
Climber.Motor.checkStallReset_INFO [0.518978432] Resetting stall.
Shooter.fieldTriggerCallback_INFO [1.088376091] FieldTriggerCallback: canceled=false, zoneCtxt=(value=-128.542731,prevZone=2,currZone=3)
Shooter.setupGoalTrackingMode_INFO [1.091165839] AlliancHub: alliance=Red, fieldLengthZone=7, fieldWidthZone=3.
Shooter.setupGoalTrackingMode_INFO [1.096020806] GoalTracking(trackingMode=AllianceHub, goalPose=(x=-158.838583,y=469.110472,angle=180.000000), noPassback=true).
Climber.Motor.isMotorStalled_INFO [1.376462609] Stall detection triggered.
Climber.Motor.checkStallReset_INFO [1.377309329] Resetting stall.
Climber.Motor.isMotorStalled_INFO [1.472480931] Stall detection triggered.
Climber.Motor.checkStallReset_INFO [1.473472009] Resetting stall.
Shooter.LeftTiltMotor.isMotorStalled_INFO [1.523984764] Stall detection triggered.
Shooter.LeftTiltMotor.checkStallReset_INFO [1.526269499] Resetting stall.
Shooter.RightTiltMotor.isMotorStalled_INFO [1.530022329] Stall detection triggered.
Shooter.RightTiltMotor.checkStallReset_INFO [1.537365851] Resetting stall.
Shooter.TurretMotor.isMotorStalled_INFO [1.613600959] Stall detection triggered.
Climber.Motor.isMotorStalled_INFO [1.615183019] Stall detection triggered.
Climber.Motor.checkStallReset_INFO [1.618509421] Resetting stall.
Shooter.LeftTiltMotor.isMotorStalled_INFO [1.653057041] Stall detection triggered.
Shooter.LeftTiltMotor.checkStallReset_INFO [1.66182458] Resetting stall.
Shooter.RightTiltMotor.isMotorStalled_INFO [1.668617767] Stall detection triggered.
Shooter.RightTiltMotor.checkStallReset_INFO [1.671627009] Resetting stall.
Climber.Motor.isMotorStalled_INFO [1.820894298] Stall detection triggered.
Climber.Motor.checkStallReset_INFO [1.823472882] Resetting stall.
CmdDcmpAuto.lambda$cmdPeriodic$1_INFO [1.82921634] WaypointHandler: index=1
Robot.setRelocalizationMode_INFO [1.830693492] setRelocalizationMode to OneShot
Shooter.LeftTiltMotor.isMotorStalled_INFO [1.856363982] Stall detection triggered.
Shooter.LeftTiltMotor.checkStallReset_INFO [1.858523345] Resetting stall.
Shooter.RightTiltMotor.isMotorStalled_INFO [1.863004362] Stall detection triggered.
Shooter.RightTiltMotor.checkStallReset_INFO [1.865440762] Resetting stall.
Shooter.TurretMotor.isMotorStalled_INFO [3.558089879] Stall detection triggered.
Climber.Motor.isMotorStalled_INFO [3.577820549] Stall detection triggered.
Climber.Motor.checkStallReset_INFO [3.58553081] Resetting stall.
Shooter.LeftTiltMotor.isMotorStalled_INFO [3.606855796] Stall detection triggered.
Shooter.LeftTiltMotor.checkStallReset_INFO [3.609232728] Resetting stall.
Shooter.RightTiltMotor.isMotorStalled_INFO [3.614405531] Stall detection triggered.
Shooter.RightTiltMotor.checkStallReset_INFO [3.617079478] Resetting stall.
Shooter.TurretMotor.isMotorStalled_INFO [3.666414695] Stall detection triggered.
Climber.Motor.isMotorStalled_INFO [3.672382923] Stall detection triggered.
Climber.Motor.checkStallReset_INFO [3.674670896] Resetting stall.
purePursuitDrive.driveTask_INFO [4.739948863] Done: index=3/4, stalled=false, timeout=false, posOnTarget=true, headingOnTarget=true, robotPose=(x=-83.567936,y=626.876859,angle=1.997092)
purePursuitDrive.driveTask_INFO [4.743655684] Signal completion event (CmdDcmpAuto=CLEARED).
CmdDcmpAuto.cmdPeriodic_INFO [4.775010851] <Event name="StateInfo" time="4.774551302" tag="vvvvv" CmdDcmpAuto.state="SHOOT_DEPOT" />
CmdDcmpAuto.lambda$cmdPeriodic$1_INFO [4.780703917] WaypointHandler: index=-1
Robot.setRelocalizationMode_INFO [4.783239016] setRelocalizationMode to Continuous
TaskAutoShoot.autoShoot_INFO [4.789586721] autoShoot(owner=null, event=(CmdDcmpAuto=SIGNALED), taskParams=(autoStop=true, noPassback=true, noWait=false))
Shooter.enableGoalTracking_INFO [4.7918196] EnableGoalTracking: goalTrackingParams=(trackFlywheel=true,trackTiltPos=true,trackPanPos=true), noPassback=true
Shooter.setupGoalTrackingMode_INFO [4.795050736] AlliancHub: alliance=Red, fieldLengthZone=7, fieldWidthZone=3.
Shooter.setupGoalTrackingMode_INFO [4.79912658] GoalTracking(trackingMode=AllianceHub, goalPose=(x=-158.838583,y=469.110472,angle=180.000000), noPassback=true).
Shooter.LeftShooter.enableGoalTracking_INFO [4.80533137] Enable GoalTracking (trackingParams=(trackFlywheel=true,trackTiltPos=true,trackPanPos=true)).
Shooter.LeftPrimaryMotor.cancel_INFO [4.809770089] Cancel: stopping motor.
Shooter.LeftTiltMotor.cancel_INFO [4.815009697] Cancel: stopping motor.
Shooter.RightShooter.enableGoalTracking_INFO [4.81882714] Enable GoalTracking (trackingParams=(trackFlywheel=true,trackTiltPos=true,trackPanPos=true)).
Shooter.RightPrimaryMotor.cancel_INFO [4.823221988] Cancel: stopping motor.
Shooter.RightTiltMotor.cancel_INFO [4.829130365] Cancel: stopping motor.
CmdDcmpAuto.cmdPeriodic_INFO [4.836264742] <Event name="StateInfo" time="4.836008336" tag="^^^^^" CmdDcmpAuto.state="SHOOT_DEPOT" />
TaskAutoShoot.autoTask_INFO [4.967047452] <Event name="StateInfo" time="4.96390081" tag="vvvvv" TaskAutoShoot.state="START" />
TaskAutoShoot.runTaskState_INFO [4.971726947] ***** Wait for left Shooter ready.
TaskAutoShoot.runTaskState_INFO [4.973319596] ***** Wait for right Shooter ready.
TaskAutoShoot.runTaskState_INFO [4.980932881] ***** Wait for Turret ready.
TaskAutoShoot.autoTask_INFO [4.982212651] <Event name="StateInfo" time="4.982017351" tag="^^^^^" TaskAutoShoot.state="START" />
Shooter.TurretMotor.pidCtrlTask_INFO [5.043221402] controlMode: Position,onTarget=true(-155.711030960083/-156.32018813363328), stalled=false, expired=false, event=(TaskAutoShoot.turretReady=SIGNALED)
TaskAutoShoot.autoTask_INFO [5.094936109] <Event name="StateInfo" time="5.094651864" tag="vvvvv" TaskAutoShoot.state="SHOOT" />
TaskAutoShoot.autoTask_INFO [5.096326725] <Event name="StateInfo" time="5.096106922" tag="^^^^^" TaskAutoShoot.state="SHOOT" />
TaskAutoShoot.autoTask_INFO [5.188184749] <Event name="StateInfo" time="5.187967632" tag="vvvvv" TaskAutoShoot.state="SHOOT" />
TaskAutoShoot.autoTask_INFO [5.19029599] <Event name="StateInfo" time="5.190020546" tag="^^^^^" TaskAutoShoot.state="SHOOT" />
TaskAutoShoot.autoTask_INFO [5.305637527] <Event name="StateInfo" time="5.3052702" tag="vvvvv" TaskAutoShoot.state="SHOOT" />
TaskAutoShoot.autoTask_INFO [5.315800136] <Event name="StateInfo" time="5.315588135" tag="^^^^^" TaskAutoShoot.state="SHOOT" />
TaskAutoShoot.autoTask_INFO [5.431831652] <Event name="StateInfo" time="5.431604005" tag="vvvvv" TaskAutoShoot.state="SHOOT" />
TaskAutoShoot.autoTask_INFO [5.434687502] <Event name="StateInfo" time="5.434482367" tag="^^^^^" TaskAutoShoot.state="SHOOT" />
TaskAutoShoot.autoTask_INFO [5.551457476] <Event name="StateInfo" time="5.548896263" tag="vvvvv" TaskAutoShoot.state="SHOOT" />
TaskAutoShoot.autoTask_INFO [5.562061248] <Event name="StateInfo" time="5.558389678" tag="^^^^^" TaskAutoShoot.state="SHOOT" />
TaskAutoShoot.autoTask_INFO [5.709670736] <Event name="StateInfo" time="5.709478265" tag="vvvvv" TaskAutoShoot.state="SHOOT" />
TaskAutoShoot.autoTask_INFO [5.719884301] <Event name="StateInfo" time="5.719679818" tag="^^^^^" TaskAutoShoot.state="SHOOT" />
Shooter.RightShooter.goalTrackingTask_INFO [5.827874654] Shooter.RightShooter is Ready: rpm1=5263.756010/5352.717775, rpm2=3228.398438/0.000000, tilt=27.502484/27.485642, pan=null/null
TaskAutoShoot.autoTask_INFO [5.830176402] <Event name="StateInfo" time="5.829966799" tag="vvvvv" TaskAutoShoot.state="SHOOT" />
TaskAutoShoot.runTaskState_INFO [5.832286779] ***** Start right shooter shooting (timedout=false, turretReady=true).
Shooter.shoot_INFO [5.835799396] shoot(owner=null, event=(TaskAutoShoot.rightShooterDone=CLEARED), shooter=rightShooter, autoStop=true)
Shooter.RightTransferMotor.cancel_INFO [5.89738904] Cancel: stopping motor.
TaskAutoShoot.autoTask_INFO [5.903073611] <Event name="StateInfo" time="5.899809043" tag="^^^^^" TaskAutoShoot.state="SHOOT" />
TaskAutoShoot.autoTask_INFO [5.999887554] <Event name="StateInfo" time="5.999685619" tag="vvvvv" TaskAutoShoot.state="SHOOT" />
TaskAutoShoot.runTaskState_INFO [6.003484316] ***** Start left shooter shooting (timedout=true, turretReady=true).
Shooter.shoot_INFO [6.008127622] shoot(owner=null, event=(TaskAutoShoot.leftShooterDone=CLEARED), shooter=leftShooter, autoStop=true)
Shooter.LeftTransferMotor.cancel_INFO [6.01436047] Cancel: stopping motor.
TaskAutoShoot.autoTask_INFO [6.018765862] <Event name="StateInfo" time="6.018556492" tag="^^^^^" TaskAutoShoot.state="SHOOT" />
Shooter.LeftShooter.goalTrackingTask_INFO [6.119795664] Shooter.LeftShooter is Ready: rpm1=5332.851563/5354.261100, rpm2=3336.914063/0.000000, tilt=27.502484/27.498103, pan=null/null
Shooter.LeftShooter.cancel_INFO [8.355901035] owner=null
Shooter.LeftShooter.disableGoalTracking_INFO [8.363222383] Disable Goal Tracking.
Shooter.LeftShooter.stopGoalTracking_INFO [8.364326559] Stop GoalTracking.
Shooter.LeftTiltMotor.cancel_INFO [8.365321453] Cancel: stopping motor.
Shooter.LeftPrimaryMotor.cancel_INFO [8.366460006] Cancel: stopping motor.
Shooter.LeftPrimaryMotor.cancel_INFO [8.368312174] Cancel: stopping motor.
Shooter.LeftTiltMotor.cancel_INFO [8.369213651] Cancel: stopping motor.
Shooter.LeftTransferMotor.cancel_INFO [8.373749575] Cancel: stopping motor.
Shooter.FeederMotor.cancel_INFO [8.377188304] Cancel: stopping motor.
Shooter.RightShooter.cancel_INFO [9.507201666] owner=null
Shooter.RightShooter.disableGoalTracking_INFO [9.508732912] Disable Goal Tracking.
Shooter.RightShooter.stopGoalTracking_INFO [9.509314123] Stop GoalTracking.
Shooter.RightTiltMotor.cancel_INFO [9.510908263] Cancel: stopping motor.
Shooter.RightPrimaryMotor.cancel_INFO [9.512318688] Cancel: stopping motor.
Shooter.RightPrimaryMotor.cancel_INFO [9.513791171] Cancel: stopping motor.
Shooter.RightTiltMotor.cancel_INFO [9.514751535] Cancel: stopping motor.
Shooter.RightTransferMotor.cancel_INFO [9.516193192] Cancel: stopping motor.
Shooter.FeederMotor.cancel_INFO [9.523654894] Cancel: stopping motor.
TaskAutoShoot.autoTask_INFO [9.529476256] <Event name="StateInfo" time="9.528244679" tag="vvvvv" TaskAutoShoot.state="DONE" />
TaskAutoShoot.stopSubsystems_INFO [9.535087823] Stopping subsystems.
Shooter.LeftTransferMotor.cancel_INFO [9.537833912] Cancel: stopping motor.
Shooter.RightTransferMotor.cancel_INFO [9.5399346] Cancel: stopping motor.
Shooter.FeederMotor.cancel_INFO [9.547424208] Cancel: stopping motor.
Shooter.LeftShooter.cancel_INFO [9.549684168] owner=null
Shooter.LeftPrimaryMotor.cancel_INFO [9.551557368] Cancel: stopping motor.
Shooter.LeftTiltMotor.cancel_INFO [9.553479083] Cancel: stopping motor.
Shooter.RightShooter.cancel_INFO [9.555017492] owner=null
Shooter.RightPrimaryMotor.cancel_INFO [9.557718644] Cancel: stopping motor.
Shooter.RightTiltMotor.cancel_INFO [9.560443403] Cancel: stopping motor.
Shooter.LeftTransferMotor.cancel_INFO [9.56536641] Cancel: stopping motor.
Shooter.RightTransferMotor.cancel_INFO [9.573010978] Cancel: stopping motor.
Shooter.FeederMotor.cancel_INFO [9.596277236] Cancel: stopping motor.
TaskAutoShoot.autoTask_INFO [9.66870128] <Event name="StateInfo" time="9.664373556" tag="^^^^^" TaskAutoShoot.state="DONE" />
CmdDcmpAuto.cmdPeriodic_INFO [9.703668702] <Event name="StateInfo" time="9.703423184" tag="vvvvv" CmdDcmpAuto.state="GO_TO_CLIMB_POS" />
TaskAutoShoot.cancel_INFO [9.710489278] Canceling auto task operation.
purePursuitDrive.start_INFO [9.740048041] ppStartTimestamps=[9.727745315, 9.728645571, 9.728661008, 9.730740421, 9.739078916, 9.739082855]
purePursuitDrive.start_INFO [9.741481023] ppStartBuildPathTimestamp=[9.71821599, 9.71922573, 9.721599494]
CmdDcmpAuto.cmdPeriodic_INFO [9.801005379] <Event name="StateInfo" time="9.800463122" tag="^^^^^" CmdDcmpAuto.state="GO_TO_CLIMB_POS" RobotPose=(x=-72.518080,y=620.350187,angle=1.597257) TargetPose=(x=-73.214924,y=595.359900,angle=1.597257) vel=(x=-0.094938,y=0.046608,angle=-0.386259) Path=TrcPath(degrees=true, [Waypoint(simple=true,index=0,pose=(x=0.000000,y=0.000000,angle=0.000000),vel=0.0), Waypoint(simple=false,index=-1,timestep=0.48795003647426655,pose=(x=0.000000,y=-12.500000,angle=0.000000),vel=51.234753829797995,encPos=0.0,accel=0.0,jerk=0.0), Waypoint(simple=true,index=1,pose=(x=0.000000,y=-25.000000,angle=0.000000),vel=0.0)]) />
Shooter.LeftTiltMotor.pidCtrlTask_INFO [9.811780915] controlMode: Position,onTarget=true(16.988185529780566/17.0), stalled=false, expired=false, event=(stopLeftTilt=SIGNALED)
Shooter.RightTiltMotor.pidCtrlTask_INFO [9.814854083] controlMode: Position,onTarget=true(17.067240304875195/17.0), stalled=false, expired=false, event=(stopRightTilt=SIGNALED)
Climber.Motor.isMotorStalled_INFO [9.824752546] Stall detection triggered.
Climber.Motor.checkStallReset_INFO [9.828745251] Resetting stall.
purePursuitDrive.driveTask_INFO [12.154635399] Done: index=2/3, stalled=false, timeout=false, posOnTarget=true, headingOnTarget=true, robotPose=(x=-73.283096,y=594.345587,angle=1.288030)
purePursuitDrive.driveTask_INFO [12.178830278] Signal completion event (CmdDcmpAuto=CLEARED).
CmdDcmpAuto.cmdPeriodic_INFO [12.192695749] <Event name="StateInfo" time="12.192410569" tag="vvvvv" CmdDcmpAuto.state="AUTO_CLIMB" />
TaskAutoClimb.autoClimb_INFO [12.198724773] autoClimb(owner=null, event=(CmdDcmpAuto=SIGNALED), taskParams=(climbSide=DEPOT, alliance=Red, climbDelay=0.0))
CmdDcmpAuto.cmdPeriodic_INFO [12.206062157] <Event name="StateInfo" time="12.205808574" tag="^^^^^" CmdDcmpAuto.state="AUTO_CLIMB" />
TaskAutoClimb.autoTask_INFO [12.207314613] <Event name="StateInfo" time="12.207054947" tag="vvvvv" TaskAutoClimb.state="START" />
TaskAutoClimb.runTaskState_INFO [12.214953747] ***** Enabling GoalTracking on turret only.
Shooter.enableGoalTracking_INFO [12.218329065] EnableGoalTracking: goalTrackingParams=(trackFlywheel=false,trackTiltPos=false,trackPanPos=true), noPassback=true
Shooter.setupGoalTrackingMode_INFO [12.220922521] AlliancHub: alliance=Red, fieldLengthZone=7, fieldWidthZone=3.
Shooter.setupGoalTrackingMode_INFO [12.224849408] GoalTracking(trackingMode=AllianceHub, goalPose=(x=-158.838583,y=469.110472,angle=180.000000), noPassback=true).
Shooter.LeftShooter.enableGoalTracking_INFO [12.226498721] Enable GoalTracking (trackingParams=(trackFlywheel=false,trackTiltPos=false,trackPanPos=true)).
Shooter.LeftPrimaryMotor.cancel_INFO [12.245560206] Cancel: stopping motor.
Shooter.LeftTiltMotor.cancel_INFO [12.2505134] Cancel: stopping motor.
Shooter.RightShooter.enableGoalTracking_INFO [12.25736577] Enable GoalTracking (trackingParams=(trackFlywheel=false,trackTiltPos=false,trackPanPos=true)).
Shooter.RightPrimaryMotor.cancel_INFO [12.263683022] Cancel: stopping motor.
Shooter.RightTiltMotor.cancel_INFO [12.265786564] Cancel: stopping motor.
purePursuitDrive.start_INFO [12.306911714] ppStartTimestamps=[12.30343882, 12.303555771, 12.303570418, 12.303771559, 12.303816247, 12.303819755]
purePursuitDrive.start_INFO [12.308760144] ppStartBuildPathTimestamp=[12.296548611, 12.302073988, 12.302090733]
TaskAutoClimb.autoTask_INFO [12.310594556] <Event name="StateInfo" time="12.309231031" tag="^^^^^" TaskAutoClimb.state="START" />
Shooter.TurretMotor.recordResponseCode_ERR [13.646066164] setPosition (ErrCode=kHALError)
Shooter.TurretMotor.isMotorStalled_INFO [13.652927189] Stall detection triggered.
Climber.Motor.isMotorStalled_INFO [13.655693002] Stall detection triggered.
Climber.Motor.checkStallReset_INFO [13.657449768] Resetting stall.
Shooter.fieldTriggerCallback_INFO [13.672904603] FieldTriggerCallback: canceled=false, zoneCtxt=(value=-132.348448,prevZone=3,currZone=2)
Shooter.setupGoalTrackingMode_INFO [13.679023112] AlliancHub: alliance=Red, fieldLengthZone=7, fieldWidthZone=2.
Shooter.setupGoalTrackingMode_INFO [13.690745568] GoalTracking(trackingMode=AllianceHub, goalPose=(x=-158.838583,y=469.110472,angle=180.000000), noPassback=true).
Shooter.LeftTiltMotor.isMotorStalled_INFO [13.701547796] Stall detection triggered.
Shooter.TurretMotor.recordResponseCode_ERR [13.707487581] setPosition (ErrCode=kCANDisconnected)
Shooter.LeftTiltMotor.checkStallReset_INFO [13.706192204] Resetting stall.
Shooter.RightTiltMotor.isMotorStalled_INFO [13.719583978] Stall detection triggered.
Shooter.RightTiltMotor.checkStallReset_INFO [13.726250548] Resetting stall.
Climber.Motor.pidCtrlTask_INFO [14.134715689] controlMode: Position,onTarget=true(24.661171816152354/25.4), stalled=false, expired=false, event=(TaskAutoClimb.climberEvent=SIGNALED)
Shooter.fieldTriggerCallback_INFO [14.998253026] FieldTriggerCallback: canceled=false, zoneCtxt=(value=-128.734874,prevZone=2,currZone=3)
Shooter.setupGoalTrackingMode_INFO [15.0008097] AlliancHub: alliance=Red, fieldLengthZone=7, fieldWidthZone=3.
Shooter.setupGoalTrackingMode_INFO [15.003306538] GoalTracking(trackingMode=AllianceHub, goalPose=(x=-158.838583,y=469.110472,angle=180.000000), noPassback=true).
Shooter.fieldTriggerCallback_INFO [15.064016268] FieldTriggerCallback: canceled=false, zoneCtxt=(value=-128.988268,prevZone=3,currZone=2)
Shooter.setupGoalTrackingMode_INFO [15.065650861] AlliancHub: alliance=Red, fieldLengthZone=7, fieldWidthZone=2.
Shooter.setupGoalTrackingMode_INFO [15.066398547] GoalTracking(trackingMode=AllianceHub, goalPose=(x=-158.838583,y=469.110472,angle=180.000000), noPassback=true).
Shooter.fieldTriggerCallback_INFO [15.191190878] FieldTriggerCallback: canceled=false, zoneCtxt=(value=-128.055155,prevZone=2,currZone=3)
Shooter.setupGoalTrackingMode_INFO [15.193750612] AlliancHub: alliance=Red, fieldLengthZone=7, fieldWidthZone=3.
Shooter.setupGoalTrackingMode_INFO [15.196614032] GoalTracking(trackingMode=AllianceHub, goalPose=(x=-158.838583,y=469.110472,angle=180.000000), noPassback=true).
Climber.Motor.isMotorStalled_INFO [15.348445592] Stall detection triggered.
Climber.Motor.checkStallReset_INFO [15.349168239] Resetting stall.
purePursuitDrive.driveTask_INFO [15.359289321] Done: index=2/3, stalled=false, timeout=false, posOnTarget=true, headingOnTarget=true, robotPose=(x=-128.240469,y=608.456743,angle=90.699662)
purePursuitDrive.driveTask_INFO [15.367102043] Signal completion event (TaskAutoClimb.event=CLEARED).
TaskAutoClimb.autoTask_INFO [15.39941515] <Event name="StateInfo" time="15.399080871" tag="vvvvv" TaskAutoClimb.state="ALIGN_CLIMBER" />
purePursuitDrive.start_INFO [15.404431554] ppStartTimestamps=[15.403844368, 15.403883493, 15.403894778, 15.404037091, 15.404076188, 15.404079125]
purePursuitDrive.start_INFO [15.406020515] ppStartBuildPathTimestamp=[15.403015789, 15.403604599, 15.403734282]
TaskAutoClimb.autoTask_INFO [15.410169365] <Event name="StateInfo" time="15.406453773" tag="^^^^^" TaskAutoClimb.state="ALIGN_CLIMBER" />
Shooter.fieldTriggerCallback_INFO [15.457697443] FieldTriggerCallback: canceled=false, zoneCtxt=(value=-129.456039,prevZone=3,currZone=2)
Shooter.setupGoalTrackingMode_INFO [15.466993693] AlliancHub: alliance=Red, fieldLengthZone=7, fieldWidthZone=2.
Shooter.setupGoalTrackingMode_INFO [15.471261039] GoalTracking(trackingMode=AllianceHub, goalPose=(x=-158.838583,y=469.110472,angle=180.000000), noPassback=true).
TaskAutoClimb.autoTask_INFO [16.923063727] <Event name="StateInfo" time="16.922756587" tag="vvvvv" TaskAutoClimb.state="CLIMB" />
TaskAutoClimb.autoTask_INFO [16.943588322] <Event name="StateInfo" time="16.943321514" tag="^^^^^" TaskAutoClimb.state="CLIMB" />
Climber.Motor.isMotorStalled_INFO [17.801120379] Stall detection triggered.
Climber.Motor.checkStallReset_INFO [17.811352998] Resetting stall.
Climber.Motor.pidCtrlTask_INFO [18.909204338] controlMode: Position,onTarget=true(19.05974614854883/18.125), stalled=false, expired=false, event=(TaskAutoClimb.climberEvent=SIGNALED)
TaskAutoClimb.autoTask_INFO [18.910095929] <Event name="StateInfo" time="18.909823538" tag="vvvvv" TaskAutoClimb.state="DONE" />
TaskAutoClimb.stopSubsystems_INFO [18.914003731] Stopping subsystems.
Climber.Motor.cancel_INFO [18.934968567] Cancel: stopping motor.
Shooter.LeftShooter.disableGoalTracking_INFO [18.939512058] Disable Goal Tracking.
Shooter.LeftShooter.stopGoalTracking_INFO [18.944197202] Stop GoalTracking.
Shooter.LeftTiltMotor.cancel_INFO [18.948968314] Cancel: stopping motor.
Shooter.LeftPrimaryMotor.cancel_INFO [18.953472842] Cancel: stopping motor.
Shooter.RightShooter.disableGoalTracking_INFO [18.955744919] Disable Goal Tracking.
Shooter.RightShooter.stopGoalTracking_INFO [18.957892818] Stop GoalTracking.
Shooter.RightTiltMotor.cancel_INFO [18.961352326] Cancel: stopping motor.
Shooter.RightPrimaryMotor.cancel_INFO [18.964451965] Cancel: stopping motor.
TaskAutoClimb.autoTask_INFO [18.967917422] <Event name="StateInfo" time="18.966550463" tag="^^^^^" TaskAutoClimb.state="DONE" />
CmdDcmpAuto.cmdPeriodic_INFO [18.98073576] <Event name="StateInfo" time="18.980482828" tag="vvvvv" CmdDcmpAuto.state="DONE" />
CmdDcmpAuto.cmdPeriodic_INFO [18.984216489] <Event name="StateInfo" time="18.984009178" tag="^^^^^" CmdDcmpAuto.state="DONE" />
FrcRobot.startCompetition_INFO [20.824337654] *** Transitioning from AUTO_MODE to DISABLED_MODE ***
Robot.cancelAll_INFO [20.828481208] Cancel all operations.
Shooter.LeftShooter.cancel_INFO [20.830631006] owner=null
Shooter.LeftPrimaryMotor.cancel_INFO [20.831745702] Cancel: stopping motor.
Shooter.LeftTiltMotor.cancel_INFO [20.832594012] Cancel: stopping motor.
Shooter.RightShooter.cancel_INFO [20.833198282] owner=null
Shooter.RightPrimaryMotor.cancel_INFO [20.833819014] Cancel: stopping motor.
Shooter.RightTiltMotor.cancel_INFO [20.834575427] Cancel: stopping motor.
Shooter.LeftTransferMotor.cancel_INFO [20.835207624] Cancel: stopping motor.
Shooter.RightTransferMotor.cancel_INFO [20.835751868] Cancel: stopping motor.
Shooter.FeederMotor.cancel_INFO [20.836246189] Cancel: stopping motor.
Shooter.LeftTiltMotor.pidCtrlTask_INFO [20.863069471] controlMode: Position,onTarget=true(16.988185529780566/17.0), stalled=false, expired=false, event=(stopLeftTilt=SIGNALED)
Shooter.RightTiltMotor.pidCtrlTask_INFO [20.891516083] controlMode: Position,onTarget=true(17.027712867851545/17.0), stalled=false, expired=false, event=(stopRightTilt=SIGNALED)
Intake.IntakeMotor.cancel_INFO [20.906515029] Cancel: stopping motor.
Climber.Motor.cancel_INFO [20.908660281] Cancel: stopping motor.
TaskAutoShoot.cancel_INFO [20.910931096] Canceling auto task operation.
TaskAutoClimb.cancel_INFO [20.912289032] Canceling auto task operation.
FrcRobot.printPerformanceMetrics_INFO [20.934654367] [FrcRobot] Loop Performance Metrics:
Average Loop Interval = 0.001770s (freq=565.006Hz, min=0.000852s, max=0.434179s)
[03]                StartTask=0.000000s
[04]          PrePeriodicTask=0.000119s
[07]               UpdateTask=0.001071s
[02]                StartMode=0.000000s
[06]         PostPeriodicTask=0.000234s
[08]                 StopTask=0.000000s
[09]                 StopMode=0.000000s
[00]                RobotInit=17.911543s
[01]           RobotStartMode=0.000004s
[05]                 Periodic=0.000268s
[10]            RobotStopMode=0.000001s

TrcTaskMgr.printTaskPerformanceMetrics_INFO [20.938152976] FrcDashboard.task: STANDALONE_TASK=4.2949479121819084E-4/0.010582365344571958
TrcTaskMgr.printTaskPerformanceMetrics_INFO [20.939741846] TrcWatchdogMgr: STANDALONE_TASK=1.0613503378378378E-4/0.9936155265135136
TrcTaskMgr.printTaskPerformanceMetrics_INFO [20.941872997] flDriveMotor.pidCtrlTask: OUTPUT_TASK=2.5046792108887627E-5/0.01202792470290853
TrcTaskMgr.printTaskPerformanceMetrics_INFO [20.948100416] flDriveMotor.odometryCleanupTask: STOP_TASK=5.2177E-5/10.4582229935
TrcTaskMgr.printTaskPerformanceMetrics_INFO [20.949545989] frDriveMotor.pidCtrlTask: OUTPUT_TASK=1.09227273169151E-5/0.012027829591542449
TrcTaskMgr.printTaskPerformanceMetrics_INFO [20.952761774] blDriveMotor.pidCtrlTask: OUTPUT_TASK=7.6239121030460146E-6/0.012027828679682438
TrcTaskMgr.printTaskPerformanceMetrics_INFO [20.955783282] brDriveMotor.pidCtrlTask: OUTPUT_TASK=8.137005265716139E-6/0.012027828052252106
TrcTaskMgr.printTaskPerformanceMetrics_INFO [20.960369929] flSteerMotor.pidCtrlTask: OUTPUT_TASK=1.4615110814094774E-5/0.01202771148707979
TrcTaskMgr.printTaskPerformanceMetrics_INFO [20.962522565] frSteerMotor.pidCtrlTask: OUTPUT_TASK=1.3147526690968003E-5/0.01202773440380721
TrcTaskMgr.printTaskPerformanceMetrics_INFO [20.9663692] blSteerMotor.pidCtrlTask: OUTPUT_TASK=1.1923686593762656E-5/0.01202774234434994
TrcTaskMgr.printTaskPerformanceMetrics_INFO [20.970587957] brSteerMotor.pidCtrlTask: OUTPUT_TASK=1.437822055726551E-5/0.012027653909120362
TrcTaskMgr.printTaskPerformanceMetrics_INFO [20.972798946] FrcSwerveDrive.odometryTask: INPUT_TASK=0.003106109329532497/0.023808158580387685
TrcTaskMgr.printTaskPerformanceMetrics_INFO [20.974388009] FrcSwerveDrive.stopTask: STOP_TASK=0.005087691/10.4581863855
TrcTaskMgr.printTaskPerformanceMetrics_INFO [20.976423603] purePursuitDrive.driveTask: OUTPUT_TASK=0.0073998957407407405/0.040483886627450984
TrcTaskMgr.printTaskPerformanceMetrics_INFO [20.981220516] LED: OUTPUT_TASK=5.149615064388111E-5/0.012027601498096705
TrcTaskMgr.printTaskPerformanceMetrics_INFO [20.985067148] LED.ledTask: OUTPUT_TASK=3.016359846032718E-4/0.01111889011722509
TrcTaskMgr.printTaskPerformanceMetrics_INFO [20.986692052] Shooter.LeftPrimaryMotor.pidCtrlTask: OUTPUT_TASK=1.4176018304041467E-5/0.012027572627520855
TrcTaskMgr.printTaskPerformanceMetrics_INFO [20.990756226] Shooter.LeftFollowerMotor.pidCtrlTask: OUTPUT_TASK=5.59099813719932E-6/0.012027571584433466
TrcTaskMgr.printTaskPerformanceMetrics_INFO [20.993809559] Shooter.LeftTiltMotor.pidCtrlTask: OUTPUT_TASK=1.9036111030126338E-4/0.01202736057887917
TrcTaskMgr.printTaskPerformanceMetrics_INFO [20.997671171] Shooter.LeftShooter.ShooterMotor1VelTrigger.triggerTask: PRE_PERIODIC_TASK=1.9733145833333333E-4/0.09705986133333333
TrcTaskMgr.printTaskPerformanceMetrics_INFO [21.00164456] Shooter.LeftShooter.goalTracking: POST_PERIODIC_TASK=0.03766603514089347/0.06330653249140894
TrcTaskMgr.printTaskPerformanceMetrics_INFO [21.006642135] Shooter.LeftTransferMotor.pidCtrlTask: OUTPUT_TASK=6.788031014657057E-6/0.012025921063567901
TrcTaskMgr.printTaskPerformanceMetrics_INFO [21.0086018] Shooter.RightPrimaryMotor.pidCtrlTask: OUTPUT_TASK=9.063398574783383E-6/0.012025920574135558
TrcTaskMgr.printTaskPerformanceMetrics_INFO [21.01451246] Shooter.RightFollowerMotor.pidCtrlTask: OUTPUT_TASK=6.443979109311741E-6/0.012025775506396762
TrcTaskMgr.printTaskPerformanceMetrics_INFO [21.017173096] Shooter.RightTiltMotor.pidCtrlTask: OUTPUT_TASK=2.0247635595141701E-4/0.012025774935546558
TrcTaskMgr.printTaskPerformanceMetrics_INFO [21.022744998] Shooter.RightShooter.ShooterMotor1VelTrigger.triggerTask: PRE_PERIODIC_TASK=2.522484827586207E-4/0.061990759362068965
TrcTaskMgr.printTaskPerformanceMetrics_INFO [21.026608957] Shooter.RightShooter.goalTracking: POST_PERIODIC_TASK=0.00539436112037037/0.05681874501234568
TrcTaskMgr.printTaskPerformanceMetrics_INFO [21.029275022] Shooter.RightTransferMotor.pidCtrlTask: OUTPUT_TASK=7.180179094810137E-6/0.012025805575095133
TrcTaskMgr.printTaskPerformanceMetrics_INFO [21.033511837] Shooter.TurretMotor.pidCtrlTask: OUTPUT_TASK=7.143675828205959E-4/0.01202558487840026
TrcTaskMgr.printTaskPerformanceMetrics_INFO [21.035490971] Shooter.FeederMotor.pidCtrlTask: OUTPUT_TASK=6.95629485103627E-6/0.012025397201505828
TrcTaskMgr.printTaskPerformanceMetrics_INFO [21.038148235] ShooterfieldLengthTrigger.triggerTask: PRE_PERIODIC_TASK=2.020012729225079E-5/0.0017663594737576806
TrcTaskMgr.printTaskPerformanceMetrics_INFO [21.039841481] ShooterfieldWidthTrigger.triggerTask: PRE_PERIODIC_TASK=6.348346322257353E-6/0.0017663653362166676
TrcTaskMgr.printTaskPerformanceMetrics_INFO [21.041151773] Intake.IntakeMotor.pidCtrlTask: OUTPUT_TASK=6.347465916450778E-6/0.012025394886900907
TrcTaskMgr.printTaskPerformanceMetrics_INFO [21.044610701] Climber.Motor.pidCtrlTask: OUTPUT_TASK=8.545940791710516E-5/0.01202511971966324
TrcTaskMgr.printTaskPerformanceMetrics_INFO [21.045728698] TaskAutoShoot: POST_PERIODIC_TASK=0.004966818136363637/0.0691577931969697
TrcTaskMgr.printTaskPerformanceMetrics_INFO [21.047799801] TaskAutoClimb: POST_PERIODIC_TASK=0.0013424227151898735/0.042415143329113926
