Shooter.RightTiltMotor.isMotorStalled_INFO [0.001916487] Stall detection triggered.
Robot.robotStartMode_INFO [0.00487056] Fri Apr 10 18:09:11 UTC 2026: ***** AUTO_MODE *****
Shooter.RightTiltMotor.checkStallReset_INFO [0.010528426] Resetting stall.
Robot.robotStartMode_INFO [0.01131861] <BuildInfo Host="TRC492-DS2024" User="User" Timestamp="2026-04-10 10:53:41" Branch="dev" />
FrcAuto.startMode_INFO [0.014670593] <Info name="MatchInfo" date="Fri Apr 10 18:09:11 UTC 2026" event="PNCMP" type="Qualification" match=44 replay=1 alliance="Blue" location=1 gameMsg="" />
Shooter.TurretMotor.isMotorStalled_INFO [0.01901304] Stall detection triggered.
FrcAuto.startMode_INFO [0.020492981] <Info name="AutoChoices" alliance="Blue" strategy="DCMP_AUTO" startPos="START_POS_OUTPOST" startDelay=0.0 sec depotPickup="false" outpostPickup="false" neutralZonePickup="true" moveTo="OUTPOST" passBack="NONE" climb="false" climbSide="OUTPOST" neutralZoneCycles="0.0" type="TRENCH" sweepDistance="SHALLOW_SWEEP" pathFile="DrivePath.csv" xDistance=0.0 ft yDistance=0.0 ft turnDegrees=0.0 deg driveTime=0.0 sec drivePower=0.0"  />
FrcAuto.startMode_ERR [0.030118027] Selecting Dcmp Auto.
Climber.Motor.isMotorStalled_INFO [0.030887647] Stall detection triggered.
Climber.Motor.checkStallReset_INFO [0.041396052] Resetting stall.
Shooter.stopTiltCallback_ERR [0.047000405] StopRightTilt was completed.
Shooter.stopTiltCallback_ERR [0.050486673] StopLeftTilt was completed.
CmdDcmpAuto.cmdPeriodic_INFO [0.058575709] <Event name="StateInfo" time="0.057548555" tag="vvvvv" CmdDcmpAuto.state="START" />
Robot.zeroCalibrate_INFO [0.151743669] Zero calibrate all subsystems.
TrcSubsystem.zeroCalibrateAll_INFO [0.152688088] ZeroCalibrate(Subsystem=Shooter, owner=null, event=null)
Shooter.zeroCalibrate_INFO [0.153317388] ZeroCalibrate left shooter.
Shooter.LeftTiltMotor.isMotorStalled_INFO [0.158734232] Stall detection triggered.
Shooter.LeftTiltMotor.checkStallReset_INFO [0.16354485] Resetting stall.
Shooter.RightTiltMotor.isMotorStalled_INFO [0.166671508] Stall detection triggered.
Shooter.zeroCalibrate_INFO [0.168059982] ZeroCalibrate right shooter.
Shooter.RightTiltMotor.checkStallReset_INFO [0.170865102] Resetting stall.
Shooter.TurretMotor.isMotorStalled_INFO [0.175178993] Stall detection triggered.
TrcSubsystem.zeroCalibrateAll_INFO [0.177253159] ZeroCalibrate(Subsystem=Climber, owner=null, event=null)
Climber.Motor.isMotorStalled_INFO [0.179965985] Stall detection triggered.
Climber.Motor.checkStallReset_INFO [0.184772391] Resetting stall.
CmdDcmpAuto.cmdPeriodic_INFO [0.188744451] <Event name="StateInfo" time="0.18821317" tag="^^^^^" CmdDcmpAuto.state="START" />
CmdDcmpAuto.cmdPeriodic_INFO [0.198630799] <Event name="StateInfo" time="0.198107805" tag="vvvvv" CmdDcmpAuto.state="NEUTRAL_ZONE_PICKUP" />
Shooter.RightTiltMotor.isMotorStalled_INFO [0.395356966] Stall detection triggered.
Shooter.RightTiltMotor.zeroCalibratingMotor_WARN [0.408845573] Stalled, lower limit switch may not exist or might have failed!
purePursuitDrive.start_ERR [0.410932537] ppStartTimestamps=[0.397614637, 0.397680018, 0.405389162, 0.408862998, 0.409058227, 0.409201871]
DEBUG_PERF.cmdPeriodic_ERR [0.417588344] NeutralZonePickupTimestamps=[0.200949167, 0.201173565, 0.203184587, 0.4148685, 0.414874366, 0.0, 0.0, 0.0]
Shooter.RightTiltMotor.pidCtrlTask_INFO [0.418686722] Zero calibration done, event=(Shooter.rightTiltZeroCalCallback=CLEARED)
Shooter.RightTiltMotor.pidCtrlTask_INFO [0.427635819] controlMode: Power,onTarget=false(-0.06571611762046814/null), stalled=false, expired=false, event=(Shooter.rightTiltZeroCalCallback=SIGNALED)
CmdDcmpAuto.cmdPeriodic_INFO [0.429751076] <Event name="StateInfo" time="0.428429876" tag="^^^^^" CmdDcmpAuto.state="NEUTRAL_ZONE_PICKUP" RobotPose=(x=-17.219940,y=173.609462,angle=-89.991760) TargetPose=(x=-32.894956,y=138.731716,angle=0.008240) vel=(x=-0.000000,y=0.000000,angle=-0.000000) Path=TrcPath(degrees=true, [Waypoint(simple=true,index=0,pose=(x=0.000000,y=0.000000,angle=0.000000),vel=0.0), Waypoint(simple=false,index=-1,timestep=0.20105287606238428,pose=(x=72.848594,y=3.150027,angle=0.000000),vel=175.0,encPos=0.0,accel=0.0,jerk=0.0), Waypoint(simple=true,index=1,pose=(x=108.000000,y=4.670000,angle=0.000000),vel=175.0), Waypoint(simple=true,index=2,pose=(x=115.000000,y=38.670000,angle=-20.000000),vel=175.0), Waypoint(simple=true,index=3,pose=(x=115.000000,y=133.670000,angle=-20.000000),vel=175.0), Waypoint(simple=false,index=-1,timestep=0.04523839983421293,pose=(x=103.831947,y=29.434837,angle=82.373821),vel=175.0,encPos=0.0,accel=0.0,jerk=0.0), Waypoint(simple=true,index=4,pose=(x=103.000000,y=21.670000,angle=90.000000),vel=170.24996801740767), Waypoint(simple=true,index=5,pose=(x=-21.880000,y=15.670000,angle=90.000000),vel=52.24940191045253), Waypoint(simple=true,index=6,pose=(x=-34.880000,y=15.670000,angle=90.000000),vel=0.0)]) />
CmdDcmpAuto.lambda$cmdPeriodic$2_INFO [0.447462017] WaypointHandler: index=0
Robot.setRelocalizationMode_INFO [0.448176199] setRelocalizationMode to OneShot
Shooter.LeftTiltMotor.isMotorStalled_INFO [0.582603238] Stall detection triggered.
Shooter.RightTiltMotor.isMotorStalled_INFO [0.590066805] Stall detection triggered.
Shooter.RightTiltMotor.checkStallReset_INFO [0.598673489] Resetting stall.
Shooter.TurretMotor.isMotorStalled_INFO [0.604114125] Stall detection triggered.
Climber.Motor.isMotorStalled_INFO [0.611174267] Stall detection triggered.
Shooter.LeftTiltMotor.zeroCalibratingMotor_WARN [0.698835894] Stalled, lower limit switch may not exist or might have failed!
Shooter.LeftTiltMotor.pidCtrlTask_INFO [0.704129712] Zero calibration done, event=(Shooter.leftTiltZeroCalCallback=CLEARED)
Shooter.LeftTiltMotor.pidCtrlTask_INFO [0.71160463] controlMode: Power,onTarget=false(-0.07758323848247528/null), stalled=false, expired=false, event=(Shooter.leftTiltZeroCalCallback=SIGNALED)
Shooter.RightTiltMotor.isMotorStalled_INFO [0.719520963] Stall detection triggered.
Shooter.RightTiltMotor.checkStallReset_INFO [0.723456119] Resetting stall.
Shooter.TurretMotor.isMotorStalled_INFO [0.729861896] Stall detection triggered.
Climber.Motor.zeroCalibratingMotor_WARN [0.739061108] Stalled, lower limit switch may not exist or might have failed!
Climber.Motor.pidCtrlTask_INFO [0.742737098] Zero calibration done, event=null
Shooter.LeftTiltMotor.isMotorStalled_INFO [0.807935869] Stall detection triggered.
Shooter.LeftTiltMotor.checkStallReset_INFO [0.814600327] Resetting stall.
Climber.Motor.isMotorStalled_INFO [0.821627031] Stall detection triggered.
Climber.Motor.checkStallReset_INFO [0.828726014] Resetting stall.
CmdDcmpAuto.lambda$cmdPeriodic$2_INFO [1.648392961] WaypointHandler: index=1
Robot.setRelocalizationMode_INFO [1.657512698] setRelocalizationMode to OneShot
Shooter.enableGoalTracking_INFO [1.670646886] EnableGoalTracking: goalTrackingParams=(trackFlywheel=false,trackTiltPos=false,trackPanPos=true), noPassback=true
Shooter.setupGoalTrackingMode_INFO [1.687863002] AlliancHub: alliance=Blue, fieldLengthZone=2, fieldWidthZone=3.
Shooter.setupGoalTrackingMode_INFO [1.691821583] GoalTracking(trackingMode=AllianceHub, goalPose=(x=-158.838583,y=182.110000,angle=0.000000), noPassback=true).
Shooter.LeftShooter.enableGoalTracking_INFO [1.711635166] Enable GoalTracking (trackingParams=(trackFlywheel=false,trackTiltPos=false,trackPanPos=true)).
Shooter.LeftPrimaryMotor.cancel_INFO [1.720123304] Cancel: stopping motor.
Shooter.LeftTiltMotor.cancel_INFO [1.723558283] Cancel: stopping motor.
Shooter.RightShooter.enableGoalTracking_INFO [1.738124689] Enable GoalTracking (trackingParams=(trackFlywheel=false,trackTiltPos=false,trackPanPos=true)).
Shooter.RightPrimaryMotor.cancel_INFO [1.742619328] Cancel: stopping motor.
Shooter.RightTiltMotor.cancel_INFO [1.748242815] Cancel: stopping motor.
Shooter.LeftTiltMotor.isMotorStalled_INFO [1.771496399] Stall detection triggered.
Shooter.LeftTiltMotor.checkStallReset_INFO [1.77373106] Resetting stall.
Shooter.RightTiltMotor.isMotorStalled_INFO [1.776773526] Stall detection triggered.
Shooter.RightTiltMotor.checkStallReset_INFO [1.779116777] Resetting stall.
Shooter.TurretMotor.isMotorStalled_INFO [1.800458012] Stall detection triggered.
Climber.Motor.isMotorStalled_INFO [1.801342689] Stall detection triggered.
Climber.Motor.checkStallReset_INFO [1.802505609] Resetting stall.
CmdDcmpAuto.lambda$cmdPeriodic$2_INFO [2.045108217] WaypointHandler: index=2
Robot.setRelocalizationMode_INFO [2.047635509] setRelocalizationMode to OneShot
Climber.Motor.isMotorStalled_INFO [2.597938592] Stall detection triggered.
Climber.Motor.checkStallReset_INFO [2.599890644] Resetting stall.
Shooter.fieldTriggerCallback_INFO [3.02236413] FieldTriggerCallback: canceled=false, zoneCtxt=(value=-133.649908,prevZone=3,currZone=2)
Shooter.setupGoalTrackingMode_INFO [3.026021941] AlliancHub: alliance=Blue, fieldLengthZone=2, fieldWidthZone=2.
Shooter.setupGoalTrackingMode_INFO [3.028027473] GoalTracking(trackingMode=AllianceHub, goalPose=(x=-158.838583,y=182.110000,angle=0.000000), noPassback=true).
CmdDcmpAuto.lambda$cmdPeriodic$2_INFO [3.151359674] WaypointHandler: index=3
Robot.setRelocalizationMode_INFO [3.153999603] setRelocalizationMode to OneShot
Shooter.fieldTriggerCallback_INFO [3.225705953] FieldTriggerCallback: canceled=false, zoneCtxt=(value=300.777488,prevZone=2,currZone=3)
Shooter.setupGoalTrackingMode_INFO [3.230421773] AlliancHub: alliance=Blue, fieldLengthZone=3, fieldWidthZone=2.
Shooter.setupGoalTrackingMode_INFO [3.232551175] GoalTracking(trackingMode=AllianceHub, goalPose=(x=-158.838583,y=182.110000,angle=0.000000), noPassback=true).
Shooter.fieldTriggerCallback_INFO [3.379714008] FieldTriggerCallback: canceled=false, zoneCtxt=(value=299.296881,prevZone=3,currZone=2)
Shooter.setupGoalTrackingMode_INFO [3.382012135] AlliancHub: alliance=Blue, fieldLengthZone=2, fieldWidthZone=2.
Shooter.setupGoalTrackingMode_INFO [3.385733529] GoalTracking(trackingMode=AllianceHub, goalPose=(x=-158.838583,y=182.110000,angle=0.000000), noPassback=true).
Shooter.fieldTriggerCallback_INFO [3.646036251] FieldTriggerCallback: canceled=false, zoneCtxt=(value=-127.733432,prevZone=2,currZone=3)
Shooter.setupGoalTrackingMode_INFO [3.662576024] AlliancHub: alliance=Blue, fieldLengthZone=2, fieldWidthZone=3.
Shooter.setupGoalTrackingMode_INFO [3.667961671] GoalTracking(trackingMode=AllianceHub, goalPose=(x=-158.838583,y=182.110000,angle=0.000000), noPassback=true).
CmdDcmpAuto.lambda$cmdPeriodic$2_INFO [4.556350244] WaypointHandler: index=4
Robot.setRelocalizationMode_INFO [4.560335984] setRelocalizationMode to OneShot
Shooter.fieldTriggerCallback_INFO [5.216653681] FieldTriggerCallback: canceled=false, zoneCtxt=(value=206.275569,prevZone=2,currZone=1)
Shooter.setupGoalTrackingMode_INFO [5.221873166] AlliancHub: alliance=Blue, fieldLengthZone=1, fieldWidthZone=3.
Shooter.setupGoalTrackingMode_INFO [5.223136884] GoalTracking(trackingMode=AllianceHub, goalPose=(x=-158.838583,y=182.110000,angle=0.000000), noPassback=true).
CmdDcmpAuto.lambda$cmdPeriodic$2_INFO [5.571984254] WaypointHandler: index=5
Robot.setRelocalizationMode_INFO [5.574978653] setRelocalizationMode to OneShot
CmdDcmpAuto.lambda$cmdPeriodic$2_INFO [5.583422516] WaypointHandler: index=-1
Robot.setRelocalizationMode_INFO [5.585541746] setRelocalizationMode to Continuous
CmdDcmpAuto.cmdPeriodic_INFO [5.592832641] <Event name="StateInfo" time="5.592498718" tag="vvvvv" CmdDcmpAuto.state="SHOOT_NEUTRAL_FUEL" />
TaskAutoShoot.autoShoot_INFO [5.601741104] autoShoot(owner=null, event=(CmdDcmpAuto=CANCELED), taskParams=(autoStop=true, noPassback=true, noWait=false))
Shooter.enableGoalTracking_INFO [5.606463871] EnableGoalTracking: goalTrackingParams=(trackFlywheel=true,trackTiltPos=true,trackPanPos=true), noPassback=true
Shooter.setupGoalTrackingMode_INFO [5.609783013] AlliancHub: alliance=Blue, fieldLengthZone=1, fieldWidthZone=3.
Shooter.setupGoalTrackingMode_INFO [5.610451838] GoalTracking(trackingMode=AllianceHub, goalPose=(x=-158.838583,y=182.110000,angle=0.000000), noPassback=true).
Shooter.LeftShooter.enableGoalTracking_INFO [5.613610185] Enable GoalTracking (trackingParams=(trackFlywheel=true,trackTiltPos=true,trackPanPos=true)).
Shooter.LeftPrimaryMotor.cancel_INFO [5.618590662] Cancel: stopping motor.
Shooter.LeftTiltMotor.cancel_INFO [5.620594762] Cancel: stopping motor.
Shooter.RightShooter.enableGoalTracking_INFO [5.624412751] Enable GoalTracking (trackingParams=(trackFlywheel=true,trackTiltPos=true,trackPanPos=true)).
Shooter.RightPrimaryMotor.cancel_INFO [5.628493212] Cancel: stopping motor.
Shooter.RightTiltMotor.cancel_INFO [5.631598584] Cancel: stopping motor.
CmdDcmpAuto.cmdPeriodic_INFO [5.64198739] <Event name="StateInfo" time="5.640112891" tag="^^^^^" CmdDcmpAuto.state="SHOOT_NEUTRAL_FUEL" />
TaskAutoShoot.autoTask_INFO [5.768101319] <Event name="StateInfo" time="5.767737003" tag="vvvvv" TaskAutoShoot.state="START" />
TaskAutoShoot.runTaskState_INFO [5.773438051] ***** Wait for left Shooter ready.
TaskAutoShoot.runTaskState_INFO [5.775407457] ***** Wait for right Shooter ready.
TaskAutoShoot.runTaskState_INFO [5.777339261] ***** Wait for Turret ready.
TaskAutoShoot.autoTask_INFO [5.779605735] <Event name="StateInfo" time="5.779413398" tag="^^^^^" TaskAutoShoot.state="START" />
Shooter.fieldTriggerCallback_INFO [5.786148934] FieldTriggerCallback: canceled=false, zoneCtxt=(value=146.169470,prevZone=1,currZone=0)
Shooter.setupGoalTrackingMode_INFO [5.788648878] AlliancHub: alliance=Blue, fieldLengthZone=0, fieldWidthZone=3.
Shooter.setupGoalTrackingMode_INFO [5.790068501] GoalTracking(trackingMode=AllianceHub, goalPose=(x=-158.838583,y=182.110000,angle=0.000000), noPassback=true).
Shooter.TurretMotor.pidCtrlTask_INFO [5.866100491] controlMode: Position,onTarget=true(-48.714599609375/-50.59549007519593), stalled=false, expired=false, event=(TaskAutoShoot.turretReady=SIGNALED)
TaskAutoShoot.autoTask_INFO [5.893393718] <Event name="StateInfo" time="5.893171462" tag="vvvvv" TaskAutoShoot.state="SHOOT" />
TaskAutoShoot.autoTask_INFO [5.894944425] <Event name="StateInfo" time="5.894752342" tag="^^^^^" TaskAutoShoot.state="SHOOT" />
TaskAutoShoot.autoTask_INFO [6.003506488] <Event name="StateInfo" time="6.002030297" tag="vvvvv" TaskAutoShoot.state="SHOOT" />
TaskAutoShoot.autoTask_INFO [6.00471313] <Event name="StateInfo" time="6.004397662" tag="^^^^^" TaskAutoShoot.state="SHOOT" />
OV9782_RightShooter.getRobotEstimatedInfo_ERR [6.048394391] [fpgaTime=193268189] PhotonVision.getAllUnreadResults threw an exception.
Index 763 out of bounds for length 763
TrcDbgTrace.getRobotEstimatedInfo_ERR [6.053548236] Stack Trace (depth=18):
org.photonvision.common.dataflow.structures.Packet.decodeByte(Packet.java:297)
org.photonvision.common.dataflow.structures.Packet.decodeList(Packet.java:413)
org.photonvision.struct.PhotonTrackedTargetSerde.unpack(PhotonTrackedTargetSerde.java:128)
org.photonvision.struct.PhotonTrackedTargetSerde.unpack(PhotonTrackedTargetSerde.java:43)
org.photonvision.common.dataflow.structures.Packet.decodeList(Packet.java:419)
org.photonvision.struct.PhotonPipelineResultSerde.unpack(PhotonPipelineResultSerde.java:78)
org.photonvision.struct.PhotonPipelineResultSerde.unpack(PhotonPipelineResultSerde.java:43)
org.photonvision.common.networktables.PacketSubscriber.parse(PacketSubscriber.java:66)
org.photonvision.common.networktables.PacketSubscriber.getAllChanges(PacketSubscriber.java:110)
org.photonvision.PhotonCamera.getAllUnreadResults(PhotonCamera.java:262)
frclib.vision.FrcPhotonVision.getRobotEstimatedInfo(FrcPhotonVision.java:750)
frclib.drivebase.FrcSwerveDrive.visionUpdate(FrcSwerveDrive.java:184)
teamcode.Robot.relocalizeRobot(Robot.java:428)
teamcode.Robot.robotPeriodic(Robot.java:489)
frclib.robotcore.FrcRobot.startCompetition(FrcRobot.java:618)
edu.wpi.first.wpilibj.RobotBase.runRobot(RobotBase.java:436)
edu.wpi.first.wpilibj.RobotBase.startRobot(RobotBase.java:527)
teamcode.Main.main(Main.java:33)
TaskAutoShoot.autoTask_INFO [6.174272441] <Event name="StateInfo" time="6.173975365" tag="vvvvv" TaskAutoShoot.state="SHOOT" />
TaskAutoShoot.autoTask_INFO [6.178551212] <Event name="StateInfo" time="6.175894416" tag="^^^^^" TaskAutoShoot.state="SHOOT" />
TaskAutoShoot.autoTask_INFO [6.280677384] <Event name="StateInfo" time="6.280465093" tag="vvvvv" TaskAutoShoot.state="SHOOT" />
TaskAutoShoot.autoTask_INFO [6.285882507] <Event name="StateInfo" time="6.283495497" tag="^^^^^" TaskAutoShoot.state="SHOOT" />
TaskAutoShoot.autoTask_INFO [6.406660953] <Event name="StateInfo" time="6.404853474" tag="vvvvv" TaskAutoShoot.state="SHOOT" />
TaskAutoShoot.autoTask_INFO [6.409171974] <Event name="StateInfo" time="6.408955201" tag="^^^^^" TaskAutoShoot.state="SHOOT" />
TaskAutoShoot.autoTask_INFO [6.505871938] <Event name="StateInfo" time="6.505517825" tag="vvvvv" TaskAutoShoot.state="SHOOT" />
TaskAutoShoot.autoTask_INFO [6.508446753] <Event name="StateInfo" time="6.508268068" tag="^^^^^" TaskAutoShoot.state="SHOOT" />
Shooter.LeftShooter.goalTrackingTask_INFO [6.59060039] Shooter.LeftShooter is Ready: rpm1=5050.600962/5113.939568, rpm2=3178.242188/0.000000, tilt=25.644673/25.629647, pan=null/null
Shooter.RightShooter.goalTrackingTask_INFO [6.631887487] Shooter.RightShooter is Ready: rpm1=5032.617188/5113.939568, rpm2=3112.851563/0.000000, tilt=25.644672/25.629647, pan=null/null
TaskAutoShoot.autoTask_INFO [6.634139373] <Event name="StateInfo" time="6.633680241" tag="vvvvv" TaskAutoShoot.state="SHOOT" />
TaskAutoShoot.runTaskState_INFO [6.638484236] ***** Start left shooter shooting (timedout=false, turretReady=true).
Shooter.shoot_INFO [6.641835289] shoot(owner=null, event=(TaskAutoShoot.leftShooterDone=CLEARED), shooter=leftShooter, autoStop=true)
Shooter.LeftTransferMotor.cancel_INFO [6.685589272] Cancel: stopping motor.
TaskAutoShoot.runTaskState_INFO [6.68824028] ***** Start right shooter shooting (timedout=false, turretReady=true).
Shooter.shoot_INFO [6.698191419] shoot(owner=null, event=(TaskAutoShoot.rightShooterDone=CLEARED), shooter=rightShooter, autoStop=true)
Shooter.RightTransferMotor.cancel_INFO [6.701543353] Cancel: stopping motor.
TaskAutoShoot.autoTask_INFO [6.704046987] <Event name="StateInfo" time="6.703634485" tag="^^^^^" TaskAutoShoot.state="SHOOT" />
Shooter.RightShooter.cancel_INFO [10.18909232] owner=null
Shooter.RightShooter.disableGoalTracking_INFO [10.192584553] Disable Goal Tracking.
Shooter.RightShooter.stopGoalTracking_INFO [10.197757107] Stop GoalTracking.
Shooter.RightTiltMotor.cancel_INFO [10.201138006] Cancel: stopping motor.
Shooter.RightPrimaryMotor.cancel_INFO [10.207652271] Cancel: stopping motor.
Shooter.RightPrimaryMotor.cancel_INFO [10.21775028] Cancel: stopping motor.
Shooter.RightTiltMotor.cancel_INFO [10.224407135] Cancel: stopping motor.
Shooter.RightTransferMotor.cancel_INFO [10.227568006] Cancel: stopping motor.
Shooter.FeederMotor.cancel_INFO [10.231979582] Cancel: stopping motor.
Shooter.LeftShooter.cancel_INFO [10.237344312] owner=null
Shooter.LeftShooter.disableGoalTracking_INFO [10.240758074] Disable Goal Tracking.
Shooter.LeftShooter.stopGoalTracking_INFO [10.244367949] Stop GoalTracking.
Shooter.LeftTiltMotor.cancel_INFO [10.245728606] Cancel: stopping motor.
Shooter.LeftPrimaryMotor.cancel_INFO [10.248206077] Cancel: stopping motor.
Shooter.LeftPrimaryMotor.cancel_INFO [10.250841693] Cancel: stopping motor.
Shooter.LeftTiltMotor.cancel_INFO [10.256742474] Cancel: stopping motor.
Shooter.LeftTransferMotor.cancel_INFO [10.261683291] Cancel: stopping motor.
Shooter.FeederMotor.cancel_INFO [10.265748155] Cancel: stopping motor.
CmdDcmpAuto.cmdPeriodic_INFO [10.278765107] <Event name="StateInfo" time="10.278391545" tag="vvvvv" CmdDcmpAuto.state="HUB_PICKUP" />
TaskAutoShoot.cancel_INFO [10.280896577] Canceling auto task operation.
TaskAutoShoot.stopSubsystems_INFO [10.283663004] Stopping subsystems.
Shooter.LeftTransferMotor.cancel_INFO [10.288826069] Cancel: stopping motor.
Shooter.RightTransferMotor.cancel_INFO [10.291492709] Cancel: stopping motor.
Shooter.FeederMotor.cancel_INFO [10.29828737] Cancel: stopping motor.
Shooter.LeftShooter.cancel_INFO [10.303061935] owner=null
Shooter.LeftPrimaryMotor.cancel_INFO [10.308635591] Cancel: stopping motor.
Shooter.LeftTiltMotor.cancel_INFO [10.314410305] Cancel: stopping motor.
Shooter.RightShooter.cancel_INFO [10.322120582] owner=null
Shooter.RightPrimaryMotor.cancel_INFO [10.326095132] Cancel: stopping motor.
Shooter.RightTiltMotor.cancel_INFO [10.329123484] Cancel: stopping motor.
Shooter.LeftTransferMotor.cancel_INFO [10.332735205] Cancel: stopping motor.
Shooter.RightTransferMotor.cancel_INFO [10.336744917] Cancel: stopping motor.
Shooter.FeederMotor.cancel_INFO [10.343403844] Cancel: stopping motor.
Shooter.stopTilt_ERR [10.348893355] StopTilt is called
purePursuitDrive.start_ERR [10.450200641] ppStartTimestamps=[10.448859503, 10.448899956, 10.449034871, 10.44931757, 10.449356596, 10.449892589]
CmdDcmpAuto.cmdPeriodic_INFO [10.473195118] <Event name="StateInfo" time="10.469926474" tag="^^^^^" CmdDcmpAuto.state="HUB_PICKUP" RobotPose=(x=-28.109706,y=120.032550,angle=8.473717) TargetPose=(x=-27.400000,y=138.730000,angle=0.000000) vel=(x=-0.000000,y=0.000000,angle=-0.000000) Path=TrcPath(degrees=true, [Waypoint(simple=true,index=0,pose=(x=0.000000,y=0.000000,angle=0.000000),vel=0.0), Waypoint(simple=false,index=-1,timestep=0.23109353116335513,pose=(x=-8.189830,y=72.455276,angle=-5.448885),vel=175.0,encPos=0.0,accel=0.0,jerk=0.0), Waypoint(simple=true,index=1,pose=(x=-12.732110,y=112.640745,angle=-8.470971),vel=175.0), Waypoint(simple=true,index=2,pose=(x=-29.312851,y=108.634559,angle=-98.470971),vel=175.0), Waypoint(simple=true,index=3,pose=(x=-120.774061,y=95.012961,angle=-98.470971),vel=175.0), Waypoint(simple=true,index=4,pose=(x=-168.216049,y=107.601698,angle=81.529029),vel=175.0), Waypoint(simple=true,index=5,pose=(x=-128.254401,y=137.160852,angle=81.529029),vel=175.0), Waypoint(simple=true,index=6,pose=(x=-59.442506,y=153.445065,angle=81.529029),vel=175.0), Waypoint(simple=false,index=-1,timestep=0.09801574770617792,pose=(x=-46.300095,y=149.446622,angle=40.840400),vel=175.0,encPos=0.0,accel=0.0,jerk=0.0), Waypoint(simple=true,index=7,pose=(x=-30.372541,y=144.600827,angle=-8.470971),vel=164.7083464908513), Waypoint(simple=true,index=8,pose=(x=-3.967334,y=31.456196,angle=-8.470971),vel=52.24940191045252), Waypoint(simple=true,index=9,pose=(x=-2.052326,y=18.598018,angle=-8.470971),vel=0.0)]) />
CmdDcmpAuto.lambda$cmdPeriodic$3_INFO [10.489352289] WaypointHandler: index=0
Robot.setRelocalizationMode_INFO [10.491691643] setRelocalizationMode to OneShot
Shooter.LeftTiltMotor.pidCtrlTask_INFO [10.510417671] controlMode: Position,onTarget=true(17.106767655315256/17.0), stalled=false, expired=false, event=(stopLeftTilt=SIGNALED)
Shooter.stopTiltCallback_ERR [10.510307073] StopLeftTilt was completed.
Shooter.RightTiltMotor.pidCtrlTask_INFO [10.566634153] controlMode: Position,onTarget=true(16.909130705209602/17.0), stalled=false, expired=false, event=(stopRightTilt=SIGNALED)
Shooter.stopTiltCallback_ERR [10.576474663] StopRightTilt was completed.
CmdDcmpAuto.lambda$cmdPeriodic$3_INFO [11.610473983] WaypointHandler: index=1
Robot.setRelocalizationMode_INFO [11.61224639] setRelocalizationMode to OneShot
Shooter.enableGoalTracking_INFO [11.61550626] EnableGoalTracking: goalTrackingParams=(trackFlywheel=false,trackTiltPos=false,trackPanPos=true), noPassback=true
Shooter.setupGoalTrackingMode_INFO [11.61772655] AlliancHub: alliance=Blue, fieldLengthZone=2, fieldWidthZone=3.
Shooter.setupGoalTrackingMode_INFO [11.618707075] GoalTracking(trackingMode=AllianceHub, goalPose=(x=-158.838583,y=182.110000,angle=0.000000), noPassback=true).
Shooter.LeftShooter.enableGoalTracking_INFO [11.619905303] Enable GoalTracking (trackingParams=(trackFlywheel=false,trackTiltPos=false,trackPanPos=true)).
Shooter.LeftPrimaryMotor.cancel_INFO [11.62128566] Cancel: stopping motor.
Shooter.LeftTiltMotor.cancel_INFO [11.623127741] Cancel: stopping motor.
Shooter.RightShooter.enableGoalTracking_INFO [11.624536841] Enable GoalTracking (trackingParams=(trackFlywheel=false,trackTiltPos=false,trackPanPos=true)).
Shooter.RightPrimaryMotor.cancel_INFO [11.625733082] Cancel: stopping motor.
Shooter.RightTiltMotor.cancel_INFO [11.628229952] Cancel: stopping motor.
CmdDcmpAuto.lambda$cmdPeriodic$3_INFO [11.789787282] WaypointHandler: index=2
Robot.setRelocalizationMode_INFO [11.793167973] setRelocalizationMode to OneShot
Shooter.TurretMotor.isMotorStalled_INFO [12.287321354] Stall detection triggered.
Climber.Motor.isMotorStalled_INFO [12.289776187] Stall detection triggered.
Climber.Motor.checkStallReset_INFO [12.2908764] Resetting stall.
Shooter.LeftTiltMotor.isMotorStalled_INFO [12.303723021] Stall detection triggered.
Shooter.LeftTiltMotor.checkStallReset_INFO [12.30685321] Resetting stall.
Shooter.RightTiltMotor.isMotorStalled_INFO [12.310358059] Stall detection triggered.
Shooter.RightTiltMotor.checkStallReset_INFO [12.312064611] Resetting stall.
CmdDcmpAuto.lambda$cmdPeriodic$3_INFO [12.925920667] WaypointHandler: index=3
Robot.setRelocalizationMode_INFO [12.926992828] setRelocalizationMode to OneShot
Shooter.fieldTriggerCallback_INFO [12.940928522] FieldTriggerCallback: canceled=false, zoneCtxt=(value=-131.113584,prevZone=3,currZone=2)
Shooter.setupGoalTrackingMode_INFO [12.947733286] AlliancHub: alliance=Blue, fieldLengthZone=2, fieldWidthZone=2.
Shooter.setupGoalTrackingMode_INFO [12.950725883] GoalTracking(trackingMode=AllianceHub, goalPose=(x=-158.838583,y=182.110000,angle=0.000000), noPassback=true).
Shooter.fieldTriggerCallback_INFO [13.003191721] FieldTriggerCallback: canceled=false, zoneCtxt=(value=-127.141527,prevZone=2,currZone=3)
Shooter.setupGoalTrackingMode_INFO [13.011669265] AlliancHub: alliance=Blue, fieldLengthZone=2, fieldWidthZone=3.
Shooter.setupGoalTrackingMode_INFO [13.017723165] GoalTracking(trackingMode=AllianceHub, goalPose=(x=-158.838583,y=182.110000,angle=0.000000), noPassback=true).
Climber.Motor.isMotorStalled_INFO [13.096736945] Stall detection triggered.
Climber.Motor.checkStallReset_INFO [13.099452139] Resetting stall.
Shooter.fieldTriggerCallback_INFO [13.145839737] FieldTriggerCallback: canceled=false, zoneCtxt=(value=-137.206676,prevZone=3,currZone=2)
Shooter.setupGoalTrackingMode_INFO [13.147951665] AlliancHub: alliance=Blue, fieldLengthZone=2, fieldWidthZone=2.
Shooter.setupGoalTrackingMode_INFO [13.149699846] GoalTracking(trackingMode=AllianceHub, goalPose=(x=-158.838583,y=182.110000,angle=0.000000), noPassback=true).
Climber.Motor.isMotorStalled_INFO [13.185159129] Stall detection triggered.
Climber.Motor.checkStallReset_INFO [13.188109156] Resetting stall.
Shooter.fieldTriggerCallback_INFO [13.323225699] FieldTriggerCallback: canceled=false, zoneCtxt=(value=-159.480241,prevZone=2,currZone=1)
Shooter.setupGoalTrackingMode_INFO [13.332216093] AlliancHub: alliance=Blue, fieldLengthZone=2, fieldWidthZone=1.
Shooter.setupGoalTrackingMode_INFO [13.337756022] GoalTracking(trackingMode=AllianceHub, goalPose=(x=-158.838583,y=182.110000,angle=0.000000), noPassback=true).
CmdDcmpAuto.lambda$cmdPeriodic$3_INFO [13.453188549] WaypointHandler: index=4
Robot.setRelocalizationMode_INFO [13.45426626] setRelocalizationMode to OneShot
Shooter.fieldTriggerCallback_INFO [13.838893509] FieldTriggerCallback: canceled=false, zoneCtxt=(value=-158.097023,prevZone=1,currZone=2)
Shooter.setupGoalTrackingMode_INFO [13.854718701] AlliancHub: alliance=Blue, fieldLengthZone=2, fieldWidthZone=2.
Shooter.setupGoalTrackingMode_INFO [13.858109991] GoalTracking(trackingMode=AllianceHub, goalPose=(x=-158.838583,y=182.110000,angle=0.000000), noPassback=true).
CmdDcmpAuto.lambda$cmdPeriodic$3_INFO [14.236260688] WaypointHandler: index=5
Robot.setRelocalizationMode_INFO [14.238418237] setRelocalizationMode to OneShot
Climber.Motor.isMotorStalled_INFO [14.326366172] Stall detection triggered.
Climber.Motor.checkStallReset_INFO [14.327949789] Resetting stall.
Shooter.fieldTriggerCallback_INFO [14.381521671] FieldTriggerCallback: canceled=false, zoneCtxt=(value=-124.736867,prevZone=2,currZone=3)
Shooter.setupGoalTrackingMode_INFO [14.384332538] AlliancHub: alliance=Blue, fieldLengthZone=2, fieldWidthZone=3.
Shooter.setupGoalTrackingMode_INFO [14.384922889] GoalTracking(trackingMode=AllianceHub, goalPose=(x=-158.838583,y=182.110000,angle=0.000000), noPassback=true).
CmdDcmpAuto.lambda$cmdPeriodic$3_INFO [14.960070906] WaypointHandler: index=6
Robot.setRelocalizationMode_INFO [14.964946315] setRelocalizationMode to OneShot
CmdDcmpAuto.lambda$cmdPeriodic$3_INFO [15.322256766] WaypointHandler: index=7
Robot.setRelocalizationMode_INFO [15.324249735] setRelocalizationMode to OneShot
Shooter.fieldTriggerCallback_INFO [15.88499945] FieldTriggerCallback: canceled=false, zoneCtxt=(value=215.707578,prevZone=2,currZone=1)
Shooter.setupGoalTrackingMode_INFO [15.896876675] AlliancHub: alliance=Blue, fieldLengthZone=1, fieldWidthZone=3.
Shooter.setupGoalTrackingMode_INFO [15.899072901] GoalTracking(trackingMode=AllianceHub, goalPose=(x=-158.838583,y=182.110000,angle=0.000000), noPassback=true).
CmdDcmpAuto.lambda$cmdPeriodic$3_INFO [16.343271495] WaypointHandler: index=8
Robot.setRelocalizationMode_INFO [16.345606261] setRelocalizationMode to OneShot
CmdDcmpAuto.lambda$cmdPeriodic$3_INFO [16.381285121] WaypointHandler: index=-1
Robot.setRelocalizationMode_INFO [16.383177932] setRelocalizationMode to Continuous
CmdDcmpAuto.cmdPeriodic_INFO [16.409881994] <Event name="StateInfo" time="16.409594912" tag="vvvvv" CmdDcmpAuto.state="SHOOT_HUB_FUEL" />
TaskAutoShoot.autoShoot_INFO [16.416775878] autoShoot(owner=null, event=(CmdDcmpAuto=CANCELED), taskParams=(autoStop=true, noPassback=true, noWait=false))
Shooter.enableGoalTracking_INFO [16.421956283] EnableGoalTracking: goalTrackingParams=(trackFlywheel=true,trackTiltPos=true,trackPanPos=true), noPassback=true
Shooter.setupGoalTrackingMode_INFO [16.424730801] AlliancHub: alliance=Blue, fieldLengthZone=1, fieldWidthZone=3.
Shooter.setupGoalTrackingMode_INFO [16.427928425] GoalTracking(trackingMode=AllianceHub, goalPose=(x=-158.838583,y=182.110000,angle=0.000000), noPassback=true).
Shooter.LeftShooter.enableGoalTracking_INFO [16.445952871] Enable GoalTracking (trackingParams=(trackFlywheel=true,trackTiltPos=true,trackPanPos=true)).
Shooter.LeftPrimaryMotor.cancel_INFO [16.447892931] Cancel: stopping motor.
Shooter.LeftTiltMotor.cancel_INFO [16.450087392] Cancel: stopping motor.
Shooter.RightShooter.enableGoalTracking_INFO [16.451191314] Enable GoalTracking (trackingParams=(trackFlywheel=true,trackTiltPos=true,trackPanPos=true)).
Shooter.RightPrimaryMotor.cancel_INFO [16.452350103] Cancel: stopping motor.
Shooter.RightTiltMotor.cancel_INFO [16.456057907] Cancel: stopping motor.
CmdDcmpAuto.cmdPeriodic_INFO [16.457794775] <Event name="StateInfo" time="16.457519304" tag="^^^^^" CmdDcmpAuto.state="SHOOT_HUB_FUEL" />
TaskAutoShoot.autoTask_INFO [16.583590875] <Event name="StateInfo" time="16.58331139" tag="vvvvv" TaskAutoShoot.state="START" />
TaskAutoShoot.runTaskState_INFO [16.584762467] ***** Wait for left Shooter ready.
TaskAutoShoot.runTaskState_INFO [16.585157878] ***** Wait for right Shooter ready.
TaskAutoShoot.runTaskState_INFO [16.589361882] ***** Wait for Turret ready.
TaskAutoShoot.autoTask_INFO [16.591101296] <Event name="StateInfo" time="16.590889088" tag="^^^^^" TaskAutoShoot.state="START" />
Shooter.fieldTriggerCallback_INFO [16.597588598] FieldTriggerCallback: canceled=false, zoneCtxt=(value=148.409537,prevZone=1,currZone=0)
Shooter.setupGoalTrackingMode_INFO [16.600826971] AlliancHub: alliance=Blue, fieldLengthZone=0, fieldWidthZone=3.
Shooter.setupGoalTrackingMode_INFO [16.60302946] GoalTracking(trackingMode=AllianceHub, goalPose=(x=-158.838583,y=182.110000,angle=0.000000), noPassback=true).
Shooter.TurretMotor.pidCtrlTask_INFO [16.677941232] controlMode: Position,onTarget=true(-54.493988037109375/-53.24077086454747), stalled=false, expired=false, event=(TaskAutoShoot.turretReady=SIGNALED)
TaskAutoShoot.autoTask_INFO [16.709551351] <Event name="StateInfo" time="16.709317625" tag="vvvvv" TaskAutoShoot.state="SHOOT" />
TaskAutoShoot.autoTask_INFO [16.710618118] <Event name="StateInfo" time="16.710422774" tag="^^^^^" TaskAutoShoot.state="SHOOT" />
TaskAutoShoot.autoTask_INFO [16.804227353] <Event name="StateInfo" time="16.804015082" tag="vvvvv" TaskAutoShoot.state="SHOOT" />
TaskAutoShoot.autoTask_INFO [16.808644973] <Event name="StateInfo" time="16.808322277" tag="^^^^^" TaskAutoShoot.state="SHOOT" />
TaskAutoShoot.autoTask_INFO [16.930633371] <Event name="StateInfo" time="16.930418702" tag="vvvvv" TaskAutoShoot.state="SHOOT" />
TaskAutoShoot.autoTask_INFO [16.936188014] <Event name="StateInfo" time="16.931982635" tag="^^^^^" TaskAutoShoot.state="SHOOT" />
TaskAutoShoot.autoTask_INFO [17.038827814] <Event name="StateInfo" time="17.038608099" tag="vvvvv" TaskAutoShoot.state="SHOOT" />
TaskAutoShoot.autoTask_INFO [17.050194734] <Event name="StateInfo" time="17.048651631" tag="^^^^^" TaskAutoShoot.state="SHOOT" />
TaskAutoShoot.autoTask_INFO [17.157918777] <Event name="StateInfo" time="17.15741723" tag="vvvvv" TaskAutoShoot.state="SHOOT" />
TaskAutoShoot.autoTask_INFO [17.158848336] <Event name="StateInfo" time="17.158566713" tag="^^^^^" TaskAutoShoot.state="SHOOT" />
TaskAutoShoot.autoTask_INFO [17.257459344] <Event name="StateInfo" time="17.256728431" tag="vvvvv" TaskAutoShoot.state="SHOOT" />
TaskAutoShoot.autoTask_INFO [17.259800325] <Event name="StateInfo" time="17.259614018" tag="^^^^^" TaskAutoShoot.state="SHOOT" />
TaskAutoShoot.autoTask_INFO [17.342845773] <Event name="StateInfo" time="17.342639742" tag="vvvvv" TaskAutoShoot.state="SHOOT" />
TaskAutoShoot.autoTask_INFO [17.343373265] <Event name="StateInfo" time="17.343209608" tag="^^^^^" TaskAutoShoot.state="SHOOT" />
Shooter.LeftShooter.goalTrackingTask_INFO [17.418632718] Shooter.LeftShooter is Ready: rpm1=4990.591947/5065.894762, rpm2=3167.343750/0.000000, tilt=25.288927/25.272005, pan=null/null
Shooter.RightShooter.goalTrackingTask_INFO [17.451747949] Shooter.RightShooter is Ready: rpm1=4990.024038/5065.894762, rpm2=3103.593750/0.000000, tilt=25.288926/25.272005, pan=null/null
TaskAutoShoot.autoTask_INFO [17.456032992] <Event name="StateInfo" time="17.455817592" tag="vvvvv" TaskAutoShoot.state="SHOOT" />
TaskAutoShoot.runTaskState_INFO [17.459017946] ***** Start left shooter shooting (timedout=false, turretReady=true).
Shooter.shoot_INFO [17.460302176] shoot(owner=null, event=(TaskAutoShoot.leftShooterDone=CLEARED), shooter=leftShooter, autoStop=true)
Shooter.LeftTransferMotor.cancel_INFO [17.463589216] Cancel: stopping motor.
TaskAutoShoot.runTaskState_INFO [17.483605676] ***** Start right shooter shooting (timedout=false, turretReady=true).
Shooter.shoot_INFO [17.484313378] shoot(owner=null, event=(TaskAutoShoot.rightShooterDone=CLEARED), shooter=rightShooter, autoStop=true)
Shooter.RightTransferMotor.cancel_INFO [17.490503807] Cancel: stopping motor.
TaskAutoShoot.autoTask_INFO [17.491401679] <Event name="StateInfo" time="17.491130477" tag="^^^^^" TaskAutoShoot.state="SHOOT" />
FrcRobot.startCompetition_INFO [20.005648338] *** Transitioning from AUTO_MODE to DISABLED_MODE ***
Shooter.LeftShooter.disableGoalTracking_INFO [20.008706707] Disable Goal Tracking.
Shooter.LeftShooter.stopGoalTracking_INFO [20.009813697] Stop GoalTracking.
Shooter.LeftTiltMotor.cancel_INFO [20.011417825] Cancel: stopping motor.
Shooter.LeftPrimaryMotor.cancel_INFO [20.024379431] Cancel: stopping motor.
Shooter.RightShooter.disableGoalTracking_INFO [20.027682965] Disable Goal Tracking.
Shooter.RightShooter.stopGoalTracking_INFO [20.029471881] Stop GoalTracking.
Shooter.RightTiltMotor.cancel_INFO [20.031843794] Cancel: stopping motor.
Shooter.RightPrimaryMotor.cancel_INFO [20.033322125] Cancel: stopping motor.
Robot.cancelAll_INFO [20.043711443] Cancel all operations.
Shooter.LeftShooter.cancel_INFO [20.047169534] owner=null
Shooter.LeftPrimaryMotor.cancel_INFO [20.049037876] Cancel: stopping motor.
Shooter.LeftTiltMotor.cancel_INFO [20.050751843] Cancel: stopping motor.
Shooter.RightShooter.cancel_INFO [20.052198767] owner=null
Shooter.RightPrimaryMotor.cancel_INFO [20.055847454] Cancel: stopping motor.
Shooter.RightTiltMotor.cancel_INFO [20.059210877] Cancel: stopping motor.
Shooter.LeftTransferMotor.cancel_INFO [20.064597596] Cancel: stopping motor.
Shooter.RightTransferMotor.cancel_INFO [20.067482442] Cancel: stopping motor.
Shooter.FeederMotor.cancel_INFO [20.069309957] Cancel: stopping motor.
Shooter.stopTilt_ERR [20.071061837] StopTilt is called
Intake.IntakeMotor.cancel_INFO [20.121898049] Cancel: stopping motor.
Climber.Motor.cancel_INFO [20.124754264] Cancel: stopping motor.
TaskAutoShoot.cancel_INFO [20.132799327] Canceling auto task operation.
TaskAutoShoot.stopSubsystems_INFO [20.137713798] Stopping subsystems.
Shooter.LeftTransferMotor.cancel_INFO [20.140527528] Cancel: stopping motor.
Shooter.RightTransferMotor.cancel_INFO [20.143383339] Cancel: stopping motor.
Shooter.FeederMotor.cancel_INFO [20.145767497] Cancel: stopping motor.
Shooter.LeftShooter.cancel_INFO [20.14895439] owner=null
Shooter.LeftPrimaryMotor.cancel_INFO [20.158722508] Cancel: stopping motor.
Shooter.LeftTiltMotor.cancel_INFO [20.164954682] Cancel: stopping motor.
Shooter.RightShooter.cancel_INFO [20.168789956] owner=null
Shooter.RightPrimaryMotor.cancel_INFO [20.171702225] Cancel: stopping motor.
Shooter.RightTiltMotor.cancel_INFO [20.178498356] Cancel: stopping motor.
Shooter.LeftTransferMotor.cancel_INFO [20.180561031] Cancel: stopping motor.
Shooter.RightTransferMotor.cancel_INFO [20.184488064] Cancel: stopping motor.
Shooter.FeederMotor.cancel_INFO [20.187142436] Cancel: stopping motor.
Shooter.stopTilt_ERR [20.1942961] StopTilt is called
TaskAutoClimb.cancel_INFO [20.255511904] Canceling auto task operation.
FrcRobot.printPerformanceMetrics_INFO [20.274265546] [FrcRobot] Loop Performance Metrics:
Average Loop Interval = 0.001616s (freq=618.719Hz, min=0.000809s, max=0.416260s)
[03]                StartTask=0.000000s
[04]          PrePeriodicTask=0.000108s
[07]               UpdateTask=0.001012s
[02]                StartMode=0.000000s
[06]         PostPeriodicTask=0.000194s
[08]                 StopTask=0.000000s
[09]                 StopMode=0.000000s
[00]                RobotInit=17.768266s
[01]           RobotStartMode=0.000003s
[05]                 Periodic=0.000237s
[10]            RobotStopMode=0.000001s

TrcTaskMgr.printTaskPerformanceMetrics_INFO [20.286042676] FrcDashboard.task: STANDALONE_TASK=3.5881133674840445E-4/0.010523442452636882
TrcTaskMgr.printTaskPerformanceMetrics_INFO [20.287208963] TrcWatchdogMgr: STANDALONE_TASK=2.9537030319148937E-4/0.9950603331170214
TrcTaskMgr.printTaskPerformanceMetrics_INFO [20.288283951] flDriveMotor.pidCtrlTask: OUTPUT_TASK=2.039009156747906E-5/0.011837647235846085
TrcTaskMgr.printTaskPerformanceMetrics_INFO [20.288728426] flDriveMotor.odometryCleanupTask: STOP_TASK=5.5278E-5/10.050940868
TrcTaskMgr.printTaskPerformanceMetrics_INFO [20.289471005] frDriveMotor.pidCtrlTask: OUTPUT_TASK=8.42969450217268E-6/0.011837639971408779
TrcTaskMgr.printTaskPerformanceMetrics_INFO [20.290074226] blDriveMotor.pidCtrlTask: OUTPUT_TASK=6.715112286667926E-6/0.01183763927249827
TrcTaskMgr.printTaskPerformanceMetrics_INFO [20.290623409] brDriveMotor.pidCtrlTask: OUTPUT_TASK=6.7833601612192205E-6/0.011837599098683796
TrcTaskMgr.printTaskPerformanceMetrics_INFO [20.29106343] flSteerMotor.pidCtrlTask: OUTPUT_TASK=1.1548525473896341E-5/0.011837598433465582
TrcTaskMgr.printTaskPerformanceMetrics_INFO [20.291702128] frSteerMotor.pidCtrlTask: OUTPUT_TASK=9.475940235531205E-6/0.01183765838352541
TrcTaskMgr.printTaskPerformanceMetrics_INFO [20.292117912] blSteerMotor.pidCtrlTask: OUTPUT_TASK=1.2343029032054916E-5/0.011837737989860823
TrcTaskMgr.printTaskPerformanceMetrics_INFO [20.293275413] brSteerMotor.pidCtrlTask: OUTPUT_TASK=1.1408708230996913E-5/0.011837768151017065
TrcTaskMgr.printTaskPerformanceMetrics_INFO [20.294039942] FrcSwerveDrive.odometryTask: INPUT_TASK=0.0034945649337016576/0.027888424406077347
TrcTaskMgr.printTaskPerformanceMetrics_INFO [20.294537031] FrcSwerveDrive.stopTask: STOP_TASK=0.002777912/10.05090096
TrcTaskMgr.printTaskPerformanceMetrics_INFO [20.29505928] purePursuitDrive.driveTask: OUTPUT_TASK=0.008427428055882353/0.04672930166764706
TrcTaskMgr.printTaskPerformanceMetrics_INFO [20.295745256] LED: OUTPUT_TASK=4.784838081743183E-5/0.011837769692235026
TrcTaskMgr.printTaskPerformanceMetrics_INFO [20.29641915] LED.ledTask: OUTPUT_TASK=2.5652764962296604E-4/0.011061518997883319
TrcTaskMgr.printTaskPerformanceMetrics_INFO [20.296937412] Shooter.LeftPrimaryMotor.pidCtrlTask: OUTPUT_TASK=1.3524390326846778E-5/0.011837751968826752
TrcTaskMgr.printTaskPerformanceMetrics_INFO [20.29759143] Shooter.LeftFollowerMotor.pidCtrlTask: OUTPUT_TASK=5.142461804899553E-6/0.01183775121456011
TrcTaskMgr.printTaskPerformanceMetrics_INFO [20.298063589] Shooter.LeftTiltMotor.pidCtrlTask: OUTPUT_TASK=2.3487314150765162E-4/0.011837750743245798
TrcTaskMgr.printTaskPerformanceMetrics_INFO [20.298658313] Shooter.LeftShooter.ShooterMotor1VelTrigger.triggerTask: PRE_PERIODIC_TASK=3.022482153846154E-4/0.20311326783076925
TrcTaskMgr.printTaskPerformanceMetrics_INFO [20.299342406] Shooter.LeftShooter.goalTracking: POST_PERIODIC_TASK=0.04241669807986111/0.06313484762847223
TrcTaskMgr.printTaskPerformanceMetrics_INFO [20.300109614] Shooter.LeftTransferMotor.pidCtrlTask: OUTPUT_TASK=6.236958750551043E-6/0.011837714126645254
TrcTaskMgr.printTaskPerformanceMetrics_INFO [20.300608507] Shooter.RightPrimaryMotor.pidCtrlTask: OUTPUT_TASK=1.155441885509163E-5/0.011837713527866995
TrcTaskMgr.printTaskPerformanceMetrics_INFO [20.301321582] Shooter.RightFollowerMotor.pidCtrlTask: OUTPUT_TASK=5.96670130360854E-6/0.011837713170287801
TrcTaskMgr.printTaskPerformanceMetrics_INFO [20.301758453] Shooter.RightTiltMotor.pidCtrlTask: OUTPUT_TASK=2.035694293721267E-4/0.01183771277045154
TrcTaskMgr.printTaskPerformanceMetrics_INFO [20.302678713] Shooter.RightShooter.ShooterMotor1VelTrigger.triggerTask: PRE_PERIODIC_TASK=1.3322652307692307E-4/0.20310931346153846
TrcTaskMgr.printTaskPerformanceMetrics_INFO [20.303225017] Shooter.RightShooter.goalTracking: POST_PERIODIC_TASK=0.007806757472222222/0.06308007078472222
TrcTaskMgr.printTaskPerformanceMetrics_INFO [20.30371431] Shooter.RightTransferMotor.pidCtrlTask: OUTPUT_TASK=6.868489892310599E-6/0.011837693041816234
TrcTaskMgr.printTaskPerformanceMetrics_INFO [20.304287368] Shooter.TurretMotor.pidCtrlTask: OUTPUT_TASK=5.596446084136281E-4/0.011837683510485546
TrcTaskMgr.printTaskPerformanceMetrics_INFO [20.305021803] Shooter.FeederMotor.pidCtrlTask: OUTPUT_TASK=8.034078783298697E-6/0.011837675084514138
TrcTaskMgr.printTaskPerformanceMetrics_INFO [20.305896388] ShooterfieldLengthTrigger.triggerTask: PRE_PERIODIC_TASK=1.5620015450333293E-5/0.0016128895184732246
TrcTaskMgr.printTaskPerformanceMetrics_INFO [20.306367914] ShooterfieldWidthTrigger.triggerTask: PRE_PERIODIC_TASK=6.319276831389841E-6/0.0016128889396971942
TrcTaskMgr.printTaskPerformanceMetrics_INFO [20.308160483] Intake.IntakeMotor.pidCtrlTask: OUTPUT_TASK=5.7220978021285975E-6/0.011837674156936836
TrcTaskMgr.printTaskPerformanceMetrics_INFO [20.308869254] Climber.Motor.pidCtrlTask: OUTPUT_TASK=6.806664034259085E-5/0.011837668760249385
TrcTaskMgr.printTaskPerformanceMetrics_INFO [20.309703462] TaskAutoShoot: POST_PERIODIC_TASK=0.002803451172839506/0.17575383296296296
