Shooter.LeftTiltMotor.isMotorStalled_INFO [0.002378275] Stall detection triggered.
Shooter.LeftTiltMotor.checkStallReset_INFO [0.007121416] Resetting stall.
Robot.robotStartMode_INFO [0.010188182] Fri Apr 10 20:52:53 UTC 2026: ***** AUTO_MODE *****
Robot.robotStartMode_INFO [0.013306786] <BuildInfo Host="TRC492-DS2024" User="User" Timestamp="2026-04-10 13:38:01" Branch="dev" />
Shooter.RightTiltMotor.isMotorStalled_INFO [0.014845135] Stall detection triggered.
Shooter.RightTiltMotor.checkStallReset_INFO [0.018213055] Resetting stall.
Shooter.TurretMotor.isMotorStalled_INFO [0.020133323] Stall detection triggered.
Climber.Motor.isMotorStalled_INFO [0.02135433] Stall detection triggered.
FrcAuto.startMode_INFO [0.023785011] <Info name="MatchInfo" date="Fri Apr 10 20:52:53 UTC 2026" event="PNCMP" type="Qualification" match=56 replay=1 alliance="Red" location=3 gameMsg="" />
Climber.Motor.checkStallReset_INFO [0.025499252] Resetting stall.
FrcAuto.startMode_INFO [0.032735008] <Info name="AutoChoices" alliance="Red" strategy="DCMP_AUTO" startPos="START_POS_CENTER" startDelay=0.0 sec depotPickup="false" outpostPickup="false" neutralZonePickup="true" moveTo="DEPOT" passBack="NONE" climb="true" climbSide="DEPOT" neutralZoneCycles="0.0" type="CENTER" sweepDistance="SHALLOW_SWEEP" pathFile="DrivePath.csv" xDistance=0.0 ft yDistance=0.0 ft turnDegrees=0.0 deg driveTime=0.0 sec drivePower=0.0"  />
CmdDcmpAuto.cmdPeriodic_INFO [0.08971237] <Event name="StateInfo" time="0.08910655" tag="vvvvv" CmdDcmpAuto.state="START" />
Robot.zeroCalibrate_INFO [0.103242389] Zero calibrate all subsystems.
TrcSubsystem.zeroCalibrateAll_INFO [0.104763666] ZeroCalibrate(Subsystem=Shooter, owner=null, event=null)
Shooter.zeroCalibrate_INFO [0.105410879] ZeroCalibrate left shooter.
Shooter.zeroCalibrate_INFO [0.115466344] ZeroCalibrate right shooter.
TrcSubsystem.zeroCalibrateAll_INFO [0.128458536] ZeroCalibrate(Subsystem=Climber, owner=null, event=null)
CmdDcmpAuto.cmdPeriodic_INFO [0.134098209] <Event name="StateInfo" time="0.132641704" tag="^^^^^" CmdDcmpAuto.state="START" />
CmdDcmpAuto.cmdPeriodic_INFO [0.152819384] <Event name="StateInfo" time="0.150954632" tag="vvvvv" CmdDcmpAuto.state="PICKUP_DEPOT" />
Shooter.RightTiltMotor.isMotorStalled_INFO [0.339312737] Stall detection triggered.
Shooter.RightTiltMotor.zeroCalibratingMotor_WARN [0.345511633] Stalled, lower limit switch may not exist or might have failed!
Shooter.RightTiltMotor.pidCtrlTask_INFO [0.351058047] Zero calibration done, event=(Shooter.rightTiltZeroCalCallback=CLEARED)
Shooter.RightTiltMotor.pidCtrlTask_INFO [0.354009908] controlMode: Power,onTarget=false(-0.07447004318237305/null), stalled=false, expired=false, event=(Shooter.rightTiltZeroCalCallback=SIGNALED)
Shooter.LeftTiltMotor.isMotorStalled_INFO [0.363809514] Stall detection triggered.
Shooter.RightTiltMotor.isMotorStalled_INFO [0.369326962] Stall detection triggered.
Shooter.RightTiltMotor.checkStallReset_INFO [0.373050338] Resetting stall.
Shooter.LeftTiltMotor.zeroCalibratingMotor_WARN [0.383165935] Stalled, lower limit switch may not exist or might have failed!
Shooter.LeftTiltMotor.pidCtrlTask_INFO [0.388842445] Zero calibration done, event=(Shooter.leftTiltZeroCalCallback=CLEARED)
Shooter.LeftTiltMotor.pidCtrlTask_INFO [0.392698957] controlMode: Power,onTarget=false(-0.06713400781154633/null), stalled=false, expired=false, event=(Shooter.leftTiltZeroCalCallback=SIGNALED)
Shooter.LeftTiltMotor.isMotorStalled_INFO [0.403457836] Stall detection triggered.
Shooter.LeftTiltMotor.checkStallReset_INFO [0.407681633] Resetting stall.
purePursuitDrive.start_INFO [0.418305441] ppStartTimestamps=[0.39533466, 0.395379662, 0.405212314, 0.415440282, 0.417402552, 0.417860045]
purePursuitDrive.start_INFO [0.419234949] ppStartBuildPathTimestamp=[0.203044517, 0.225448474, 0.225496774]
Shooter.enableGoalTracking_INFO [0.428671392] EnableGoalTracking: goalTrackingParams=(trackFlywheel=false,trackTiltPos=false,trackPanPos=true), noPassback=true
Shooter.setupGoalTrackingMode_INFO [0.430274744] AlliancHub: alliance=Red, fieldLengthZone=7, fieldWidthZone=2.
Shooter.setupGoalTrackingMode_INFO [0.434247674] GoalTracking(trackingMode=AllianceHub, goalPose=(x=-158.838583,y=469.110472,angle=180.000000), noPassback=true).
Shooter.LeftShooter.enableGoalTracking_INFO [0.461384689] Enable GoalTracking (trackingParams=(trackFlywheel=false,trackTiltPos=false,trackPanPos=true)).
Shooter.LeftPrimaryMotor.cancel_INFO [0.463691955] Cancel: stopping motor.
Shooter.LeftTiltMotor.cancel_INFO [0.467166202] Cancel: stopping motor.
Shooter.RightShooter.enableGoalTracking_INFO [0.485322844] Enable GoalTracking (trackingParams=(trackFlywheel=false,trackTiltPos=false,trackPanPos=true)).
Shooter.RightPrimaryMotor.cancel_INFO [0.488482513] Cancel: stopping motor.
Shooter.RightTiltMotor.cancel_INFO [0.492015147] Cancel: stopping motor.
CmdDcmpAuto.cmdPeriodic_INFO [0.551289049] <Event name="StateInfo" time="0.549601805" tag="^^^^^" CmdDcmpAuto.state="PICKUP_DEPOT" RobotPose=(x=-158.838642,y=511.608068,angle=0.008240) TargetPose=(x=-83.999799,y=626.217255,angle=0.000000) vel=(x=-0.025486,y=0.223553,angle=0.641326) Path=TrcPath(degrees=true, [Waypoint(simple=true,index=0,pose=(x=0.000000,y=0.000000,angle=0.000000),vel=0.0), Waypoint(simple=false,index=-1,timestep=0.34926338991533185,pose=(x=49.945668,y=53.125046,angle=0.001833),vel=122.40479693852107,encPos=0.0,accel=0.0,jerk=0.0), Waypoint(simple=true,index=1,pose=(x=74.842452,y=79.606677,angle=0.002747),vel=85.73214099741124), Waypoint(simple=true,index=2,pose=(x=74.844130,y=114.606677,angle=0.002747),vel=0.0)]) />
Shooter.LeftTiltMotor.isMotorStalled_INFO [0.568616082] Stall detection triggered.
Shooter.LeftTiltMotor.checkStallReset_INFO [0.571466301] Resetting stall.
Shooter.RightTiltMotor.isMotorStalled_INFO [0.572935863] Stall detection triggered.
Shooter.RightTiltMotor.checkStallReset_INFO [0.577343802] Resetting stall.
Shooter.TurretMotor.isMotorStalled_INFO [0.615732013] Stall detection triggered.
Climber.Motor.isMotorStalled_INFO [0.619330905] Stall detection triggered.
CmdDcmpAuto.lambda$cmdPeriodic$1_INFO [0.628396598] WaypointHandler: index=0
Robot.setRelocalizationMode_INFO [0.64620954] setRelocalizationMode to OneShot
Shooter.LeftTiltMotor.isMotorStalled_INFO [0.701545217] Stall detection triggered.
Shooter.LeftTiltMotor.checkStallReset_INFO [0.710262021] Resetting stall.
Shooter.RightTiltMotor.isMotorStalled_INFO [0.715097622] Stall detection triggered.
Shooter.RightTiltMotor.checkStallReset_INFO [0.717651998] Resetting stall.
Shooter.TurretMotor.isMotorStalled_INFO [0.74115067] Stall detection triggered.
Climber.Motor.zeroCalibratingMotor_WARN [0.745291448] Stalled, lower limit switch may not exist or might have failed!
Climber.Motor.pidCtrlTask_INFO [0.753175227] Zero calibration done, event=null
Climber.Motor.isMotorStalled_INFO [0.821918435] Stall detection triggered.
Climber.Motor.checkStallReset_INFO [0.826597325] Resetting stall.
Shooter.TurretMotor.isMotorStalled_INFO [0.938353387] Stall detection triggered.
Climber.Motor.isMotorStalled_INFO [0.944501968] Stall detection triggered.
Climber.Motor.checkStallReset_INFO [0.946611637] Resetting stall.
Shooter.fieldTriggerCallback_INFO [1.212942314] FieldTriggerCallback: canceled=false, zoneCtxt=(value=-128.118561,prevZone=2,currZone=3)
Shooter.setupGoalTrackingMode_INFO [1.218867898] AlliancHub: alliance=Red, fieldLengthZone=7, fieldWidthZone=3.
Shooter.setupGoalTrackingMode_INFO [1.221245703] GoalTracking(trackingMode=AllianceHub, goalPose=(x=-158.838583,y=469.110472,angle=180.000000), noPassback=true).
Shooter.TurretMotor.isMotorStalled_INFO [1.419396692] Stall detection triggered.
Climber.Motor.isMotorStalled_INFO [1.42117508] Stall detection triggered.
Climber.Motor.checkStallReset_INFO [1.428053845] Resetting stall.
Shooter.LeftTiltMotor.isMotorStalled_INFO [1.447926935] Stall detection triggered.
Shooter.LeftTiltMotor.checkStallReset_INFO [1.450028656] Resetting stall.
Shooter.RightTiltMotor.isMotorStalled_INFO [1.451879529] Stall detection triggered.
Shooter.RightTiltMotor.checkStallReset_INFO [1.454095999] Resetting stall.
OV9782_LeftShooter.getRobotEstimatedInfo_ERR [1.507775205] [fpgaTime=126788110] PhotonVision.getAllUnreadResults threw an exception.
Index 763 out of bounds for length 763
TrcDbgTrace.getRobotEstimatedInfo_ERR [1.520200843] Stack Trace (depth=18):
org.photonvision.common.dataflow.structures.Packet.decodeByte(Packet.java:297)
org.photonvision.common.dataflow.structures.Packet.decodeShortList(Packet.java:434)
org.photonvision.struct.MultiTargetPNPResultSerde.unpack(MultiTargetPNPResultSerde.java:75)
org.photonvision.struct.MultiTargetPNPResultSerde.unpack(MultiTargetPNPResultSerde.java:43)
org.photonvision.common.dataflow.structures.Packet.decodeOptional(Packet.java:428)
org.photonvision.struct.PhotonPipelineResultSerde.unpack(PhotonPipelineResultSerde.java:81)
org.photonvision.struct.PhotonPipelineResultSerde.unpack(PhotonPipelineResultSerde.java:43)
org.photonvision.common.networktables.PacketSubscriber.parse(PacketSubscriber.java:66)
org.photonvision.common.networktables.PacketSubscriber.getAllChanges(PacketSubscriber.java:110)
org.photonvision.PhotonCamera.getAllUnreadResults(PhotonCamera.java:262)
frclib.vision.FrcPhotonVision.getRobotEstimatedInfo(FrcPhotonVision.java:750)
frclib.drivebase.FrcSwerveDrive.visionUpdate(FrcSwerveDrive.java:184)
teamcode.Robot.relocalizeRobot(Robot.java:428)
teamcode.Robot.robotPeriodic(Robot.java:489)
frclib.robotcore.FrcRobot.startCompetition(FrcRobot.java:618)
edu.wpi.first.wpilibj.RobotBase.runRobot(RobotBase.java:436)
edu.wpi.first.wpilibj.RobotBase.startRobot(RobotBase.java:527)
teamcode.Main.main(Main.java:33)
Climber.Motor.isMotorStalled_INFO [1.603232419] Stall detection triggered.
Climber.Motor.checkStallReset_INFO [1.609891219] Resetting stall.
Climber.Motor.isMotorStalled_INFO [1.691710497] Stall detection triggered.
Climber.Motor.checkStallReset_INFO [1.693045428] Resetting stall.
Shooter.TurretMotor.recordResponseCode_ERR [2.247113537] setPosition (ErrCode=kHALError)
Shooter.TurretMotor.isMotorStalled_INFO [2.250450974] Stall detection triggered.
Climber.Motor.isMotorStalled_INFO [2.251051784] Stall detection triggered.
Climber.Motor.checkStallReset_INFO [2.251529576] Resetting stall.
CmdDcmpAuto.lambda$cmdPeriodic$1_INFO [2.25738097] WaypointHandler: index=1
Robot.setRelocalizationMode_INFO [2.257772684] setRelocalizationMode to OneShot
FrcDashboard.task.run_FATAL [2.317812519] Caught unexpected exception:
java.lang.ArrayIndexOutOfBoundsException: Index 328 out of bounds for length 328
Shooter.LeftTiltMotor.isMotorStalled_INFO [2.326376741] Stall detection triggered.
TrcDbgTrace.run_ERR [2.323888753] Stack Trace (depth=13):
org.photonvision.common.dataflow.structures.Packet.decodeBoolean(Packet.java:381)
org.photonvision.common.dataflow.structures.Packet.decodeOptional(Packet.java:426)
org.photonvision.struct.PhotonPipelineResultSerde.unpack(PhotonPipelineResultSerde.java:81)
org.photonvision.struct.PhotonPipelineResultSerde.unpack(PhotonPipelineResultSerde.java:43)
org.photonvision.common.networktables.PacketSubscriber.parse(PacketSubscriber.java:66)
org.photonvision.common.networktables.PacketSubscriber.getAllChanges(PacketSubscriber.java:110)
org.photonvision.PhotonCamera.getAllUnreadResults(PhotonCamera.java:262)
frclib.vision.FrcPhotonVision.getDetectedAprilTag(FrcPhotonVision.java:633)
teamcode.vision.Vision.updateStatus(Vision.java:447)
frclib.driverio.FrcDashboard.dashboardTask(FrcDashboard.java:212)
trclib.robotcore.TrcTaskMgr$TaskObject.standaloneTask(TrcTaskMgr.java:425)
trclib.robotcore.TrcPeriodicThread.run(TrcPeriodicThread.java:351)
java.base/java.lang.Thread.run(Unknown Source)
Shooter.LeftTiltMotor.checkStallReset_INFO [2.336579294] Resetting stall.
Shooter.RightTiltMotor.isMotorStalled_INFO [2.340441685] Stall detection triggered.
Shooter.RightTiltMotor.checkStallReset_INFO [2.349861162] Resetting stall.
Shooter.TurretMotor.recordResponseCode_ERR [2.909934416] setPosition (ErrCode=kHALError)
Shooter.TurretMotor.isMotorStalled_INFO [2.913876744] Stall detection triggered.
Climber.Motor.isMotorStalled_INFO [2.916416952] Stall detection triggered.
Climber.Motor.checkStallReset_INFO [2.918462461] Resetting stall.
Shooter.LeftTiltMotor.isMotorStalled_INFO [2.936846764] Stall detection triggered.
Shooter.LeftTiltMotor.checkStallReset_INFO [2.938906104] Resetting stall.
Shooter.RightTiltMotor.isMotorStalled_INFO [2.940662191] Stall detection triggered.
Shooter.RightTiltMotor.checkStallReset_INFO [2.942335492] Resetting stall.
TrcWatchdogMgr.checkForExpiration_WARN [3.283190267] ([1.7758543766154528E9]FrcDashboard.task:threshold=1.0,expiredTime=1.7758543761099734E9,expired=true,paused=false) expired.
TrcDbgTrace.checkForExpiration_INFO [3.285035984] Thread stack: 
Shooter.TurretMotor.recordResponseCode_ERR [3.416155648] setPosition (ErrCode=kCANDisconnected)
Shooter.TurretMotor.isMotorStalled_INFO [3.418322458] Stall detection triggered.
Climber.Motor.isMotorStalled_INFO [3.423234677] Stall detection triggered.
Climber.Motor.checkStallReset_INFO [3.423919254] Resetting stall.
Shooter.TurretMotor.recordResponseCode_ERR [3.428080985] setPosition (ErrCode=kCANDisconnected)
Shooter.TurretMotor.recordResponseCode_ERR [3.439590742] setPosition (ErrCode=kCANDisconnected)
Shooter.LeftTiltMotor.isMotorStalled_INFO [3.458080617] Stall detection triggered.
Shooter.LeftTiltMotor.checkStallReset_INFO [3.460166554] Resetting stall.
Shooter.RightTiltMotor.isMotorStalled_INFO [3.461826564] Stall detection triggered.
Shooter.TurretMotor.recordResponseCode_ERR [3.463953267] setPosition (ErrCode=kCANDisconnected)
Shooter.RightTiltMotor.checkStallReset_INFO [3.467033205] Resetting stall.
Shooter.TurretMotor.recordResponseCode_ERR [3.493571785] setPosition (ErrCode=kCANDisconnected)
Shooter.TurretMotor.recordResponseCode_ERR [3.53131417] setPosition (ErrCode=kCANDisconnected)
Shooter.TurretMotor.recordResponseCode_ERR [3.548728538] setPosition (ErrCode=kCANDisconnected)
Shooter.TurretMotor.isMotorStalled_INFO [3.720907171] Stall detection triggered.
Climber.Motor.isMotorStalled_INFO [3.724415971] Stall detection triggered.
Climber.Motor.checkStallReset_INFO [3.729224436] Resetting stall.
Shooter.LeftTiltMotor.isMotorStalled_INFO [3.743765453] Stall detection triggered.
Shooter.LeftTiltMotor.checkStallReset_INFO [3.745468366] Resetting stall.
Shooter.RightTiltMotor.isMotorStalled_INFO [3.747734317] Stall detection triggered.
Shooter.RightTiltMotor.checkStallReset_INFO [3.758209744] Resetting stall.
Shooter.TurretMotor.isMotorStalled_INFO [3.83335547] Stall detection triggered.
Climber.Motor.isMotorStalled_INFO [3.836674836] Stall detection triggered.
Climber.Motor.checkStallReset_INFO [3.839349142] Resetting stall.
Shooter.LeftTiltMotor.isMotorStalled_INFO [3.861302983] Stall detection triggered.
Shooter.LeftTiltMotor.checkStallReset_INFO [3.870439456] Resetting stall.
Shooter.RightTiltMotor.isMotorStalled_INFO [3.87293501] Stall detection triggered.
Shooter.RightTiltMotor.checkStallReset_INFO [3.876400693] Resetting stall.
Shooter.TurretMotor.isMotorStalled_INFO [4.075599271] Stall detection triggered.
Climber.Motor.isMotorStalled_INFO [4.077691] Stall detection triggered.
Climber.Motor.checkStallReset_INFO [4.079405904] Resetting stall.
Shooter.LeftTiltMotor.isMotorStalled_INFO [4.096089569] Stall detection triggered.
Shooter.LeftTiltMotor.checkStallReset_INFO [4.099041253] Resetting stall.
Shooter.RightTiltMotor.isMotorStalled_INFO [4.102517537] Stall detection triggered.
Shooter.RightTiltMotor.checkStallReset_INFO [4.104853661] Resetting stall.
Shooter.TurretMotor.isMotorStalled_INFO [4.469549916] Stall detection triggered.
Climber.Motor.isMotorStalled_INFO [4.473179902] Stall detection triggered.
Climber.Motor.checkStallReset_INFO [4.478079421] Resetting stall.
purePursuitDrive.driveTask_INFO [4.489555469] Done: index=3/4, stalled=false, timeout=false, posOnTarget=true, headingOnTarget=true, robotPose=(x=-85.093102,y=627.312874,angle=0.678799)
purePursuitDrive.driveTask_INFO [4.496855849] Signal completion event (CmdDcmpAuto=CLEARED).
Shooter.LeftTiltMotor.isMotorStalled_INFO [4.501147012] Stall detection triggered.
Shooter.LeftTiltMotor.checkStallReset_INFO [4.503419252] Resetting stall.
Shooter.RightTiltMotor.isMotorStalled_INFO [4.507604616] Stall detection triggered.
Shooter.RightTiltMotor.checkStallReset_INFO [4.511042171] Resetting stall.
CmdDcmpAuto.cmdPeriodic_INFO [4.535143507] <Event name="StateInfo" time="4.534695011" tag="vvvvv" CmdDcmpAuto.state="SHOOT_DEPOT" />
TaskAutoShoot.autoShoot_INFO [4.541121782] autoShoot(owner=null, event=(CmdDcmpAuto=SIGNALED), taskParams=(autoStop=true, noPassback=true, noWait=false))
CmdDcmpAuto.lambda$cmdPeriodic$1_INFO [4.54231404] WaypointHandler: index=-1
Shooter.enableGoalTracking_INFO [4.544202598] EnableGoalTracking: goalTrackingParams=(trackFlywheel=true,trackTiltPos=true,trackPanPos=true), noPassback=true
Robot.setRelocalizationMode_INFO [4.546458531] setRelocalizationMode to Continuous
Shooter.setupGoalTrackingMode_INFO [4.550041837] AlliancHub: alliance=Red, fieldLengthZone=7, fieldWidthZone=3.
Shooter.setupGoalTrackingMode_INFO [4.559959604] GoalTracking(trackingMode=AllianceHub, goalPose=(x=-158.838583,y=469.110472,angle=180.000000), noPassback=true).
Shooter.LeftShooter.enableGoalTracking_INFO [4.563095986] Enable GoalTracking (trackingParams=(trackFlywheel=true,trackTiltPos=true,trackPanPos=true)).
Shooter.LeftPrimaryMotor.cancel_INFO [4.569548772] Cancel: stopping motor.
Shooter.LeftTiltMotor.cancel_INFO [4.573819891] Cancel: stopping motor.
Shooter.RightShooter.enableGoalTracking_INFO [4.57728844] Enable GoalTracking (trackingParams=(trackFlywheel=true,trackTiltPos=true,trackPanPos=true)).
Shooter.RightPrimaryMotor.cancel_INFO [4.582562431] Cancel: stopping motor.
Shooter.RightTiltMotor.cancel_INFO [4.586321126] Cancel: stopping motor.
CmdDcmpAuto.cmdPeriodic_INFO [4.603030568] <Event name="StateInfo" time="4.602064118" tag="^^^^^" CmdDcmpAuto.state="SHOOT_DEPOT" />
TaskAutoShoot.autoTask_INFO [4.750175607] <Event name="StateInfo" time="4.749523896" tag="vvvvv" TaskAutoShoot.state="START" />
TaskAutoShoot.runTaskState_INFO [4.761002127] ***** Wait for left Shooter ready.
TaskAutoShoot.runTaskState_INFO [4.765334508] ***** Wait for right Shooter ready.
TaskAutoShoot.runTaskState_INFO [4.767379811] ***** Wait for Turret ready.
TaskAutoShoot.autoTask_INFO [4.770769933] <Event name="StateInfo" time="4.770565762" tag="^^^^^" TaskAutoShoot.state="START" />
Shooter.TurretMotor.pidCtrlTask_INFO [4.837434321] controlMode: Position,onTarget=true(-154.2662010192871/-151.85724785411873), stalled=false, expired=false, event=(TaskAutoShoot.turretReady=SIGNALED)
Shooter.LeftTiltMotor.recordResponseCode_ERR [4.930842824] setPosition (ErrCode=kHALError)
Shooter.LeftTiltMotor.isMotorStalled_INFO [4.933402989] Stall detection triggered.
Shooter.LeftTiltMotor.checkStallReset_INFO [4.933951133] Resetting stall.
Shooter.RightTiltMotor.isMotorStalled_INFO [4.936598416] Stall detection triggered.
Shooter.RightTiltMotor.checkStallReset_INFO [4.937149795] Resetting stall.
Shooter.TurretMotor.isMotorStalled_INFO [4.940947962] Stall detection triggered.
Climber.Motor.isMotorStalled_INFO [4.94265111] Stall detection triggered.
Climber.Motor.checkStallReset_INFO [4.944066222] Resetting stall.
TaskAutoShoot.autoTask_INFO [4.988043613] <Event name="StateInfo" time="4.987856809" tag="vvvvv" TaskAutoShoot.state="SHOOT" />
TaskAutoShoot.autoTask_INFO [5.001516631] <Event name="StateInfo" time="5.001198777" tag="^^^^^" TaskAutoShoot.state="SHOOT" />
TaskAutoShoot.autoTask_INFO [5.122988816] <Event name="StateInfo" time="5.122756201" tag="vvvvv" TaskAutoShoot.state="SHOOT" />
TaskAutoShoot.autoTask_INFO [5.127234717] <Event name="StateInfo" time="5.126938243" tag="^^^^^" TaskAutoShoot.state="SHOOT" />
TaskAutoShoot.autoTask_INFO [5.229523201] <Event name="StateInfo" time="5.229298448" tag="vvvvv" TaskAutoShoot.state="SHOOT" />
TaskAutoShoot.autoTask_INFO [5.231125168] <Event name="StateInfo" time="5.230920663" tag="^^^^^" TaskAutoShoot.state="SHOOT" />
TaskAutoShoot.autoTask_INFO [5.343334184] <Event name="StateInfo" time="5.34314586" tag="vvvvv" TaskAutoShoot.state="SHOOT" />
TaskAutoShoot.autoTask_INFO [5.343914147] <Event name="StateInfo" time="5.343748747" tag="^^^^^" TaskAutoShoot.state="SHOOT" />
TaskAutoShoot.autoTask_INFO [5.478620461] <Event name="StateInfo" time="5.478385249" tag="vvvvv" TaskAutoShoot.state="SHOOT" />
TaskAutoShoot.autoTask_INFO [5.484229664] <Event name="StateInfo" time="5.483021334" tag="^^^^^" TaskAutoShoot.state="SHOOT" />
TaskAutoShoot.autoTask_INFO [5.592613011] <Event name="StateInfo" time="5.592336898" tag="vvvvv" TaskAutoShoot.state="SHOOT" />
TaskAutoShoot.autoTask_INFO [5.595195817] <Event name="StateInfo" time="5.594969382" tag="^^^^^" TaskAutoShoot.state="SHOOT" />
Shooter.LeftShooter.goalTrackingTask_INFO [5.671977477] Shooter.LeftShooter is Ready: rpm1=5360.111178/5420.491588, rpm2=3295.312500/0.000000, tilt=28.016335/28.039060, pan=null/null
Shooter.RightShooter.goalTrackingTask_INFO [5.7073443] Shooter.RightShooter is Ready: rpm1=5383.395433/5420.491588, rpm2=3335.859375/0.000000, tilt=27.976812/28.039060, pan=null/null
TaskAutoShoot.autoTask_INFO [5.714919365] <Event name="StateInfo" time="5.713542238" tag="vvvvv" TaskAutoShoot.state="SHOOT" />
TaskAutoShoot.runTaskState_INFO [5.718360849] ***** Start left shooter shooting (timedout=false, turretReady=true).
Shooter.shoot_INFO [5.72151606] shoot(owner=null, event=(TaskAutoShoot.leftShooterDone=CLEARED), shooter=leftShooter, autoStop=true)
Shooter.LeftTransferMotor.cancel_INFO [5.761057877] Cancel: stopping motor.
TaskAutoShoot.runTaskState_INFO [5.763056613] ***** Start right shooter shooting (timedout=false, turretReady=true).
Shooter.shoot_INFO [5.764567886] shoot(owner=null, event=(TaskAutoShoot.rightShooterDone=CLEARED), shooter=rightShooter, autoStop=true)
Shooter.RightTransferMotor.cancel_INFO [5.76930983] Cancel: stopping motor.
TaskAutoShoot.autoTask_INFO [5.77321873] <Event name="StateInfo" time="5.772978287" tag="^^^^^" TaskAutoShoot.state="SHOOT" />
Shooter.LeftShooter.cancel_INFO [8.243851199] owner=null
Shooter.LeftShooter.disableGoalTracking_INFO [8.245328953] Disable Goal Tracking.
Shooter.LeftShooter.stopGoalTracking_INFO [8.250028391] Stop GoalTracking.
Shooter.LeftTiltMotor.cancel_INFO [8.251434826] Cancel: stopping motor.
Shooter.LeftPrimaryMotor.cancel_INFO [8.252616251] Cancel: stopping motor.
Shooter.LeftPrimaryMotor.cancel_INFO [8.255235893] Cancel: stopping motor.
Shooter.LeftTiltMotor.cancel_INFO [8.256396948] Cancel: stopping motor.
Shooter.LeftTransferMotor.cancel_INFO [8.260733035] Cancel: stopping motor.
Shooter.FeederMotor.cancel_INFO [8.261793941] Cancel: stopping motor.
Shooter.RightShooter.cancel_INFO [8.26457984] owner=null
Shooter.RightShooter.disableGoalTracking_INFO [8.265431141] Disable Goal Tracking.
Shooter.RightShooter.stopGoalTracking_INFO [8.266610367] Stop GoalTracking.
Shooter.RightTiltMotor.cancel_INFO [8.27267331] Cancel: stopping motor.
Shooter.RightPrimaryMotor.cancel_INFO [8.273945815] Cancel: stopping motor.
Shooter.RightPrimaryMotor.cancel_INFO [8.275177174] Cancel: stopping motor.
Shooter.RightTiltMotor.cancel_INFO [8.276391256] Cancel: stopping motor.
Shooter.RightTransferMotor.cancel_INFO [8.277695914] Cancel: stopping motor.
Shooter.FeederMotor.cancel_INFO [8.278749025] Cancel: stopping motor.
TaskAutoShoot.autoTask_INFO [8.289644435] <Event name="StateInfo" time="8.289286851" tag="vvvvv" TaskAutoShoot.state="DONE" />
TaskAutoShoot.stopSubsystems_INFO [8.293885219] Stopping subsystems.
Shooter.LeftTransferMotor.cancel_INFO [8.295086982] Cancel: stopping motor.
Shooter.RightTransferMotor.cancel_INFO [8.29607439] Cancel: stopping motor.
Shooter.FeederMotor.cancel_INFO [8.297775353] Cancel: stopping motor.
Shooter.LeftShooter.cancel_INFO [8.299213796] owner=null
Shooter.LeftPrimaryMotor.cancel_INFO [8.300537991] Cancel: stopping motor.
Shooter.LeftTiltMotor.cancel_INFO [8.304475505] Cancel: stopping motor.
Shooter.RightShooter.cancel_INFO [8.305394998] owner=null
Shooter.RightPrimaryMotor.cancel_INFO [8.309166137] Cancel: stopping motor.
Shooter.RightTiltMotor.cancel_INFO [8.310648983] Cancel: stopping motor.
Shooter.LeftTransferMotor.cancel_INFO [8.31187818] Cancel: stopping motor.
Shooter.RightTransferMotor.cancel_INFO [8.317994571] Cancel: stopping motor.
Shooter.FeederMotor.cancel_INFO [8.319309397] Cancel: stopping motor.
TaskAutoShoot.autoTask_INFO [8.403617093] <Event name="StateInfo" time="8.402818728" tag="^^^^^" TaskAutoShoot.state="DONE" />
CmdDcmpAuto.cmdPeriodic_INFO [8.455984877] <Event name="StateInfo" time="8.45371705" tag="vvvvv" CmdDcmpAuto.state="GO_TO_CLIMB_POS" />
TaskAutoShoot.cancel_INFO [8.460756072] Canceling auto task operation.
purePursuitDrive.start_INFO [8.478859928] ppStartTimestamps=[8.474800411, 8.474826917, 8.474837888, 8.475350881, 8.475391333, 8.475394623]
purePursuitDrive.start_INFO [8.481570963] ppStartBuildPathTimestamp=[8.464938029, 8.474204643, 8.474617937]
Shooter.LeftTiltMotor.pidCtrlTask_INFO [8.491635257] controlMode: Position,onTarget=true(17.660150920179554/17.0), stalled=false, expired=false, event=(stopLeftTilt=SIGNALED)
CmdDcmpAuto.cmdPeriodic_INFO [8.487023436] <Event name="StateInfo" time="8.486815954" tag="^^^^^" CmdDcmpAuto.state="GO_TO_CLIMB_POS" RobotPose=(x=-68.013989,y=625.017907,angle=-1.709049) TargetPose=(x=-67.268386,y=600.029028,angle=-1.709049) vel=(x=-0.000000,y=0.000000,angle=-0.000000) Path=TrcPath(degrees=true, [Waypoint(simple=true,index=0,pose=(x=0.000000,y=0.000000,angle=0.000000),vel=0.0), Waypoint(simple=false,index=-1,timestep=0.4879500364742662,pose=(x=0.000000,y=-12.500000,angle=0.000000),vel=51.23475382979796,encPos=0.0,accel=0.0,jerk=0.0), Waypoint(simple=true,index=1,pose=(x=0.000000,y=-25.000000,angle=0.000000),vel=0.0)]) />
Shooter.RightTiltMotor.pidCtrlTask_INFO [8.548032425] controlMode: Position,onTarget=true(16.909130729947773/17.0), stalled=false, expired=false, event=(stopRightTilt=SIGNALED)
purePursuitDrive.driveTask_INFO [11.338784568] Done: index=2/3, stalled=false, timeout=false, posOnTarget=true, headingOnTarget=true, robotPose=(x=-68.650388,y=599.157416,angle=-1.433316)
purePursuitDrive.driveTask_INFO [11.341474986] Signal completion event (CmdDcmpAuto=CLEARED).
CmdDcmpAuto.cmdPeriodic_INFO [11.366267487] <Event name="StateInfo" time="11.36181888" tag="vvvvv" CmdDcmpAuto.state="AUTO_CLIMB" />
TaskAutoClimb.autoClimb_INFO [11.373360332] autoClimb(owner=null, event=(CmdDcmpAuto=SIGNALED), taskParams=(climbSide=DEPOT, alliance=Red, climbDelay=0.0))
CmdDcmpAuto.cmdPeriodic_INFO [11.377214785] <Event name="StateInfo" time="11.376274918" tag="^^^^^" CmdDcmpAuto.state="AUTO_CLIMB" />
TaskAutoClimb.autoTask_INFO [11.378995331] <Event name="StateInfo" time="11.378082699" tag="vvvvv" TaskAutoClimb.state="START" />
TaskAutoClimb.runTaskState_INFO [11.384849476] ***** Enabling GoalTracking on turret only.
Shooter.enableGoalTracking_INFO [11.386526984] EnableGoalTracking: goalTrackingParams=(trackFlywheel=false,trackTiltPos=false,trackPanPos=true), noPassback=true
Shooter.setupGoalTrackingMode_INFO [11.387643565] AlliancHub: alliance=Red, fieldLengthZone=7, fieldWidthZone=3.
Shooter.setupGoalTrackingMode_INFO [11.390535505] GoalTracking(trackingMode=AllianceHub, goalPose=(x=-158.838583,y=469.110472,angle=180.000000), noPassback=true).
Shooter.LeftShooter.enableGoalTracking_INFO [11.390996495] Enable GoalTracking (trackingParams=(trackFlywheel=false,trackTiltPos=false,trackPanPos=true)).
Shooter.LeftPrimaryMotor.cancel_INFO [11.395974344] Cancel: stopping motor.
Shooter.LeftTiltMotor.cancel_INFO [11.397073775] Cancel: stopping motor.
Shooter.RightShooter.enableGoalTracking_INFO [11.397784775] Enable GoalTracking (trackingParams=(trackFlywheel=false,trackTiltPos=false,trackPanPos=true)).
Shooter.RightPrimaryMotor.cancel_INFO [11.399359456] Cancel: stopping motor.
Shooter.RightTiltMotor.cancel_INFO [11.400218947] Cancel: stopping motor.
purePursuitDrive.start_INFO [11.427448492] ppStartTimestamps=[11.426222791, 11.426263745, 11.426274432, 11.426442508, 11.426483022, 11.426486221]
purePursuitDrive.start_INFO [11.428271832] ppStartBuildPathTimestamp=[11.425702757, 11.425730405, 11.425742355]
TaskAutoClimb.autoTask_INFO [11.429988296] <Event name="StateInfo" time="11.429563667" tag="^^^^^" TaskAutoClimb.state="START" />
Shooter.TurretMotor.recordResponseCode_ERR [12.061125709] setPosition (ErrCode=kHALError)
Shooter.TurretMotor.isMotorStalled_INFO [12.063346258] Stall detection triggered.
Climber.Motor.isMotorStalled_INFO [12.067439858] Stall detection triggered.
Climber.Motor.checkStallReset_INFO [12.067849944] Resetting stall.
Shooter.LeftTiltMotor.isMotorStalled_INFO [12.081415517] Stall detection triggered.
Shooter.LeftTiltMotor.checkStallReset_INFO [12.084111818] Resetting stall.
Shooter.RightTiltMotor.isMotorStalled_INFO [12.085621111] Stall detection triggered.
Shooter.RightTiltMotor.checkStallReset_INFO [12.086872093] Resetting stall.
Shooter.TurretMotor.recordResponseCode_ERR [12.708980283] setPosition (ErrCode=kHALError)
Shooter.TurretMotor.isMotorStalled_INFO [12.711151648] Stall detection triggered.
Climber.Motor.isMotorStalled_INFO [12.713842291] Stall detection triggered.
Climber.Motor.checkStallReset_INFO [12.714399056] Resetting stall.
Shooter.LeftTiltMotor.isMotorStalled_INFO [12.731333152] Stall detection triggered.
Shooter.LeftTiltMotor.checkStallReset_INFO [12.731979139] Resetting stall.
Shooter.RightTiltMotor.isMotorStalled_INFO [12.733392892] Stall detection triggered.
Shooter.RightTiltMotor.checkStallReset_INFO [12.735075096] Resetting stall.
Shooter.TurretMotor.recordResponseCode_ERR [13.255359075] setPosition (ErrCode=kHALError)
Shooter.TurretMotor.isMotorStalled_INFO [13.257171938] Stall detection triggered.
Climber.Motor.isMotorStalled_INFO [13.257966114] Stall detection triggered.
Climber.Motor.checkStallReset_INFO [13.260141274] Resetting stall.
Shooter.LeftTiltMotor.isMotorStalled_INFO [13.27153283] Stall detection triggered.
Shooter.LeftTiltMotor.checkStallReset_INFO [13.272735475] Resetting stall.
Shooter.RightTiltMotor.isMotorStalled_INFO [13.277163862] Stall detection triggered.
Shooter.RightTiltMotor.checkStallReset_INFO [13.278463882] Resetting stall.
Shooter.TurretMotor.isMotorStalled_INFO [13.48428937] Stall detection triggered.
Climber.Motor.isMotorStalled_INFO [13.486663653] Stall detection triggered.
Climber.Motor.checkStallReset_INFO [13.489102824] Resetting stall.
Shooter.LeftTiltMotor.isMotorStalled_INFO [13.514843976] Stall detection triggered.
Shooter.LeftTiltMotor.checkStallReset_INFO [13.519643327] Resetting stall.
Shooter.RightTiltMotor.isMotorStalled_INFO [13.522878364] Stall detection triggered.
Shooter.RightTiltMotor.checkStallReset_INFO [13.525549287] Resetting stall.
Shooter.TurretMotor.isMotorStalled_INFO [13.800341572] Stall detection triggered.
Climber.Motor.isMotorStalled_INFO [13.801068191] Stall detection triggered.
Climber.Motor.checkStallReset_INFO [13.801469199] Resetting stall.
Shooter.LeftTiltMotor.isMotorStalled_INFO [13.817888054] Stall detection triggered.
Shooter.LeftTiltMotor.checkStallReset_INFO [13.818385998] Resetting stall.
Shooter.RightTiltMotor.isMotorStalled_INFO [13.82253345] Stall detection triggered.
Shooter.RightTiltMotor.checkStallReset_INFO [13.824282108] Resetting stall.
Shooter.fieldTriggerCallback_INFO [13.821593222] FieldTriggerCallback: canceled=false, zoneCtxt=(value=-130.493605,prevZone=3,currZone=2)
Shooter.setupGoalTrackingMode_INFO [13.826022983] AlliancHub: alliance=Red, fieldLengthZone=7, fieldWidthZone=2.
Shooter.setupGoalTrackingMode_INFO [13.826550404] GoalTracking(trackingMode=AllianceHub, goalPose=(x=-158.838583,y=469.110472,angle=180.000000), noPassback=true).
Shooter.TurretMotor.isMotorStalled_INFO [14.57249042] Stall detection triggered.
Climber.Motor.isMotorStalled_INFO [14.575280801] Stall detection triggered.
Climber.Motor.checkStallReset_INFO [14.576682419] Resetting stall.
Shooter.fieldTriggerCallback_INFO [14.59549725] FieldTriggerCallback: canceled=false, zoneCtxt=(value=-127.575906,prevZone=2,currZone=3)
purePursuitDrive.driveTask_INFO [14.596539327] Done: index=2/3, stalled=false, timeout=false, posOnTarget=true, headingOnTarget=true, robotPose=(x=-127.575906,y=608.472731,angle=90.021538)
Shooter.setupGoalTrackingMode_INFO [14.601949742] AlliancHub: alliance=Red, fieldLengthZone=7, fieldWidthZone=3.
purePursuitDrive.driveTask_INFO [14.605868335] Signal completion event (TaskAutoClimb.event=CLEARED).
Shooter.setupGoalTrackingMode_INFO [14.606195552] GoalTracking(trackingMode=AllianceHub, goalPose=(x=-158.838583,y=469.110472,angle=180.000000), noPassback=true).
Shooter.LeftTiltMotor.isMotorStalled_INFO [14.614116312] Stall detection triggered.
Shooter.LeftTiltMotor.checkStallReset_INFO [14.620583075] Resetting stall.
Shooter.RightTiltMotor.isMotorStalled_INFO [14.625267695] Stall detection triggered.
Shooter.RightTiltMotor.checkStallReset_INFO [14.62764621] Resetting stall.
Climber.Motor.pidCtrlTask_INFO [14.683982334] controlMode: Position,onTarget=true(24.702983928237614/25.4), stalled=false, expired=false, event=(TaskAutoClimb.climberEvent=SIGNALED)
TaskAutoClimb.autoTask_INFO [14.685583264] <Event name="StateInfo" time="14.685348936" tag="vvvvv" TaskAutoClimb.state="ALIGN_CLIMBER" />
purePursuitDrive.start_INFO [14.694384758] ppStartTimestamps=[14.693704469, 14.693743991, 14.693755522, 14.693887968, 14.693925027, 14.69392817]
purePursuitDrive.start_INFO [14.696516208] ppStartBuildPathTimestamp=[14.691644028, 14.693380144, 14.693546217]
TaskAutoClimb.autoTask_INFO [14.702207012] <Event name="StateInfo" time="14.700170369" tag="^^^^^" TaskAutoClimb.state="ALIGN_CLIMBER" />
Shooter.fieldTriggerCallback_INFO [14.708584098] FieldTriggerCallback: canceled=false, zoneCtxt=(value=-130.171824,prevZone=3,currZone=2)
Shooter.setupGoalTrackingMode_INFO [14.715681131] AlliancHub: alliance=Red, fieldLengthZone=7, fieldWidthZone=2.
Shooter.setupGoalTrackingMode_INFO [14.717577611] GoalTracking(trackingMode=AllianceHub, goalPose=(x=-158.838583,y=469.110472,angle=180.000000), noPassback=true).
Climber.Motor.isMotorStalled_INFO [14.846612764] Stall detection triggered.
Climber.Motor.checkStallReset_INFO [14.850398508] Resetting stall.
TaskAutoClimb.autoTask_INFO [16.20538309] <Event name="StateInfo" time="16.205109767" tag="vvvvv" TaskAutoClimb.state="CLIMB" />
TaskAutoClimb.autoTask_INFO [16.230186283] <Event name="StateInfo" time="16.229777983" tag="^^^^^" TaskAutoClimb.state="CLIMB" />
Climber.Motor.isMotorStalled_INFO [16.725071763] Stall detection triggered.
Climber.Motor.checkStallReset_INFO [16.726143197] Resetting stall.
FrcRobot.startCompetition_INFO [17.391070808] *** Transitioning from AUTO_MODE to DISABLED_MODE ***
Shooter.LeftShooter.disableGoalTracking_INFO [17.39733221] Disable Goal Tracking.
Shooter.LeftShooter.stopGoalTracking_INFO [17.399471277] Stop GoalTracking.
Shooter.LeftTiltMotor.cancel_INFO [17.401977694] Cancel: stopping motor.
Shooter.LeftPrimaryMotor.cancel_INFO [17.404967761] Cancel: stopping motor.
Shooter.RightShooter.disableGoalTracking_INFO [17.410333813] Disable Goal Tracking.
Shooter.RightShooter.stopGoalTracking_INFO [17.412223792] Stop GoalTracking.
Shooter.RightTiltMotor.cancel_INFO [17.414422123] Cancel: stopping motor.
Shooter.RightPrimaryMotor.cancel_INFO [17.417115558] Cancel: stopping motor.
Robot.cancelAll_INFO [17.419932549] Cancel all operations.
Shooter.LeftShooter.cancel_INFO [17.42819814] owner=null
Shooter.LeftPrimaryMotor.cancel_INFO [17.433989051] Cancel: stopping motor.
Shooter.LeftTiltMotor.cancel_INFO [17.43734529] Cancel: stopping motor.
Shooter.RightShooter.cancel_INFO [17.442498369] owner=null
Shooter.RightPrimaryMotor.cancel_INFO [17.445607793] Cancel: stopping motor.
Shooter.RightTiltMotor.cancel_INFO [17.447787367] Cancel: stopping motor.
Shooter.LeftTransferMotor.cancel_INFO [17.453754646] Cancel: stopping motor.
Shooter.RightTransferMotor.cancel_INFO [17.457856897] Cancel: stopping motor.
Shooter.FeederMotor.cancel_INFO [17.46068337] Cancel: stopping motor.
Shooter.LeftTiltMotor.pidCtrlTask_INFO [17.491514329] controlMode: Position,onTarget=true(16.98818544319698/17.0), stalled=false, expired=false, event=(stopLeftTilt=SIGNALED)
Shooter.RightTiltMotor.pidCtrlTask_INFO [17.523704314] controlMode: Position,onTarget=true(16.98818548030423/17.0), stalled=false, expired=false, event=(stopRightTilt=SIGNALED)
Intake.IntakeMotor.cancel_INFO [17.526780744] Cancel: stopping motor.
Climber.Motor.cancel_INFO [17.529513927] Cancel: stopping motor.
TaskAutoShoot.cancel_INFO [17.532107118] Canceling auto task operation.
TaskAutoClimb.cancel_INFO [17.533421826] Canceling auto task operation.
TaskAutoClimb.stopSubsystems_INFO [17.539368567] Stopping subsystems.
Climber.Motor.cancel_INFO [17.54840345] Cancel: stopping motor.
FrcRobot.printPerformanceMetrics_INFO [17.614892643] [FrcRobot] Loop Performance Metrics:
Average Loop Interval = 0.001687s (freq=592.670Hz, min=0.000811s, max=0.662597s)
[03]                StartTask=0.000000s
[04]          PrePeriodicTask=0.000111s
[07]               UpdateTask=0.001005s
[02]                StartMode=0.000000s
[06]         PostPeriodicTask=0.000231s
[08]                 StopTask=0.000000s
[09]                 StopMode=0.000000s
[00]                RobotInit=12.317345s
[01]           RobotStartMode=0.000004s
[05]                 Periodic=0.000261s
[10]            RobotStopMode=0.000001s

TrcTaskMgr.printTaskPerformanceMetrics_INFO [17.619643812] FrcDashboard.task: STANDALONE_TASK=3.6653574180022365E-4/0.010527179650111814
TrcTaskMgr.printTaskPerformanceMetrics_INFO [17.62077535] TrcWatchdogMgr: STANDALONE_TASK=1.2953181395348835E-4/0.9925946575968992
TrcTaskMgr.printTaskPerformanceMetrics_INFO [17.621694548] flDriveMotor.pidCtrlTask: OUTPUT_TASK=2.4302026674233825E-5/0.012184711900964814
TrcTaskMgr.printTaskPerformanceMetrics_INFO [17.623403401] flDriveMotor.odometryCleanupTask: STOP_TASK=5.12265E-5/8.750384551
TrcTaskMgr.printTaskPerformanceMetrics_INFO [17.625114885] frDriveMotor.pidCtrlTask: OUTPUT_TASK=8.332953840332955E-6/0.012184698246027243
TrcTaskMgr.printTaskPerformanceMetrics_INFO [17.626617841] blDriveMotor.pidCtrlTask: OUTPUT_TASK=8.211144248959516E-6/0.012184697160329171
TrcTaskMgr.printTaskPerformanceMetrics_INFO [17.627945772] brDriveMotor.pidCtrlTask: OUTPUT_TASK=7.846266553159288E-6/0.012184696325198637
TrcTaskMgr.printTaskPerformanceMetrics_INFO [17.63201758] flSteerMotor.pidCtrlTask: OUTPUT_TASK=1.0279184432043886E-5/0.012184523600018917
TrcTaskMgr.printTaskPerformanceMetrics_INFO [17.634267255] frSteerMotor.pidCtrlTask: OUTPUT_TASK=9.651584223966708E-6/0.01218453134455689
TrcTaskMgr.printTaskPerformanceMetrics_INFO [17.635101398] blSteerMotor.pidCtrlTask: OUTPUT_TASK=9.261257164475551E-6/0.012184534364986286
TrcTaskMgr.printTaskPerformanceMetrics_INFO [17.636210643] brSteerMotor.pidCtrlTask: OUTPUT_TASK=1.0429917525773196E-5/0.012184537126075853
TrcTaskMgr.printTaskPerformanceMetrics_INFO [17.637542671] FrcSwerveDrive.odometryTask: INPUT_TASK=0.0034759266595744682/0.031057119512411347
TrcTaskMgr.printTaskPerformanceMetrics_INFO [17.6384782] FrcSwerveDrive.stopTask: STOP_TASK=0.0048358085/8.7503496295
TrcTaskMgr.printTaskPerformanceMetrics_INFO [17.641347813] purePursuitDrive.driveTask: OUTPUT_TASK=0.008905571749271137/0.049552227737609325
TrcTaskMgr.printTaskPerformanceMetrics_INFO [17.642501489] LED: OUTPUT_TASK=5.02960396254965E-5/0.012184422234632116
TrcTaskMgr.printTaskPerformanceMetrics_INFO [17.644018409] LED.ledTask: OUTPUT_TASK=3.007793358740347E-4/0.011103078265871025
TrcTaskMgr.printTaskPerformanceMetrics_INFO [17.64763358] Shooter.LeftPrimaryMotor.pidCtrlTask: OUTPUT_TASK=1.228853395120106E-5/0.012184366979477964
TrcTaskMgr.printTaskPerformanceMetrics_INFO [17.652085769] Shooter.LeftFollowerMotor.pidCtrlTask: OUTPUT_TASK=5.8820749881796695E-6/0.012184149516690309
TrcTaskMgr.printTaskPerformanceMetrics_INFO [17.653402661] Shooter.LeftTiltMotor.pidCtrlTask: OUTPUT_TASK=2.2553761673758867E-4/0.012184148726241134
TrcTaskMgr.printTaskPerformanceMetrics_INFO [17.655936484] Shooter.LeftShooter.ShooterMotor1VelTrigger.triggerTask: PRE_PERIODIC_TASK=4.012526923076923E-4/0.09474937642307693
TrcTaskMgr.printTaskPerformanceMetrics_INFO [17.657224845] Shooter.LeftShooter.goalTracking: POST_PERIODIC_TASK=0.06680507167283951/0.10371727605555556
TrcTaskMgr.printTaskPerformanceMetrics_INFO [17.659346535] Shooter.LeftTransferMotor.pidCtrlTask: OUTPUT_TASK=6.499778156028368E-6/0.012184167163877067
TrcTaskMgr.printTaskPerformanceMetrics_INFO [17.662592517] Shooter.RightPrimaryMotor.pidCtrlTask: OUTPUT_TASK=9.841169251134644E-6/0.01218390909332451
TrcTaskMgr.printTaskPerformanceMetrics_INFO [17.663770287] Shooter.RightFollowerMotor.pidCtrlTask: OUTPUT_TASK=5.138220026475038E-6/0.012183908498770801
TrcTaskMgr.printTaskPerformanceMetrics_INFO [17.664753964] Shooter.RightTiltMotor.pidCtrlTask: OUTPUT_TASK=1.6873906155446294E-4/0.012183907872257942
TrcTaskMgr.printTaskPerformanceMetrics_INFO [17.667142363] Shooter.RightShooter.ShooterMotor1VelTrigger.triggerTask: PRE_PERIODIC_TASK=1.7507976923076922E-4/0.09462256142307693
TrcTaskMgr.printTaskPerformanceMetrics_INFO [17.671801139] Shooter.RightShooter.goalTracking: POST_PERIODIC_TASK=0.005635163129629629/0.1034875491728395
TrcTaskMgr.printTaskPerformanceMetrics_INFO [17.672975065] Shooter.RightTransferMotor.pidCtrlTask: OUTPUT_TASK=8.044890517159875E-6/0.012183694276637989
TrcTaskMgr.printTaskPerformanceMetrics_INFO [17.674063739] Shooter.TurretMotor.pidCtrlTask: OUTPUT_TASK=8.615994590148436E-4/0.01218369352737071
TrcTaskMgr.printTaskPerformanceMetrics_INFO [17.675029603] Shooter.FeederMotor.pidCtrlTask: OUTPUT_TASK=6.403476221991113E-6/0.012183640260281743
TrcTaskMgr.printTaskPerformanceMetrics_INFO [17.678550099] ShooterfieldLengthTrigger.triggerTask: PRE_PERIODIC_TASK=1.7617366290513055E-5/0.0016828386328172156
TrcTaskMgr.printTaskPerformanceMetrics_INFO [17.680484159] ShooterfieldWidthTrigger.triggerTask: PRE_PERIODIC_TASK=6.791911835717097E-6/0.001682854733381446
TrcTaskMgr.printTaskPerformanceMetrics_INFO [17.682547172] Intake.IntakeMotor.pidCtrlTask: OUTPUT_TASK=5.451542257515598E-6/0.012183418630932122
TrcTaskMgr.printTaskPerformanceMetrics_INFO [17.683794041] Climber.Motor.pidCtrlTask: OUTPUT_TASK=8.71337471166572E-5/0.012183416682076008
TrcTaskMgr.printTaskPerformanceMetrics_INFO [17.685056637] TaskAutoShoot: POST_PERIODIC_TASK=0.007117703029411765/0.10413609776470588
TrcTaskMgr.printTaskPerformanceMetrics_INFO [17.686211575] TaskAutoClimb: POST_PERIODIC_TASK=0.0011347130625/0.06257549486458333
