Robot.robotStartMode_INFO [0.329193639] Sat Mar 21 21:49:12 UTC 2026: ***** AUTO_MODE *****
Robot.robotStartMode_INFO [0.344527147] <BuildInfo Host="TRC492-DS2024" User="User" Timestamp="2026-03-21 14:33:30" Branch="dev" />
FrcAuto.startMode_INFO [0.359789001] <Info name="MatchInfo" date="Sat Mar 21 21:49:12 UTC 2026" event="WASAM" type="Qualification" match=18 replay=1 alliance="Blue" location=3 gameMsg="" />
FrcAuto.startMode_INFO [0.37152378] <Info name="AutoChoices" alliance="Blue" strategy="REBUILT_AUTO" startPos="START_POS_OUTPOST" startDelay=0.0 sec depotPickup="false" outpostPickup="false" neutralZonePickup="true" moveTo="OUTPOST" passBack="NONE" climb="false" climbSide="OUTPOST" neutralZoneCycles="0.0" pathFile="DrivePath.csv" xDistance=0.0 ft yDistance=0.0 ft turnDegrees=0.0 deg driveTime=0.0 sec drivePower=0.0"  />
CmdRebuiltAuto.cmdPeriodic_INFO [0.412191956] <Event name="StateInfo" time="0.411671034" tag="vvvvv" CmdRebuiltAuto.state="START" />
CmdRebuiltAuto.cmdPeriodic_INFO [0.42776561] ******* Done getting info
CmdRebuiltAuto.cmdPeriodic_INFO [0.429149487] ******* Before enabling goal tracking
Shooter.setupGoalTrackingMode_INFO [0.434987561] AlliancHub: alliance=Blue, fieldLengthZone=0, fieldWidthZone=3.
Shooter.setupGoalTrackingMode_INFO [0.439053338] GoalTracking(trackingMode=AllianceHub, goalPose=(x=-158.838583,y=182.110000,angle=0.000000), noPassback=true).
Shooter.LeftShooter.enableGoalTracking_INFO [0.453667264] Enable GoalTracking (trackingParams=(trackFlywheel=true,trackTiltPos=false,trackPanPos=true)).
Shooter.LeftPrimaryMotor.cancel_INFO [0.457509172] Cancel: stopping motor.
Shooter.LeftTiltMotor.cancel_INFO [0.461191146] Cancel: stopping motor.
Shooter.RightShooter.enableGoalTracking_INFO [0.470081533] Enable GoalTracking (trackingParams=(trackFlywheel=true,trackTiltPos=false,trackPanPos=true)).
Shooter.RightPrimaryMotor.cancel_INFO [0.472901748] Cancel: stopping motor.
Shooter.RightTiltMotor.cancel_INFO [0.474494289] Cancel: stopping motor.
CmdRebuiltAuto.cmdPeriodic_INFO [0.47556366] ******* After enabling goal tracking
CmdRebuiltAuto.cmdPeriodic_INFO [0.479906268] <Event name="StateInfo" time="0.476332793" tag="^^^^^" CmdRebuiltAuto.state="START" />
Shooter.setupGoalTrackingMode_INFO [0.649522434] AlliancHub: alliance=Blue, fieldLengthZone=1, fieldWidthZone=3.
Shooter.setupGoalTrackingMode_INFO [0.650200602] GoalTracking(trackingMode=AllianceHub, goalPose=(x=-158.838583,y=182.110000,angle=0.000000), noPassback=true).
CmdRebuiltAuto.cmdPeriodic_INFO [0.655827771] <Event name="StateInfo" time="0.655340329" tag="vvvvv" CmdRebuiltAuto.state="DELAY_DONE" />
CmdRebuiltAuto.cmdPeriodic_INFO [0.658928708] <Event name="StateInfo" time="0.658549854" tag="^^^^^" CmdRebuiltAuto.state="DELAY_DONE" />
CmdRebuiltAuto.cmdPeriodic_INFO [0.711363182] <Event name="StateInfo" time="0.711141345" tag="vvvvv" CmdRebuiltAuto.state="CREATE_NEUTRAL_ZONE_PATH" />
CmdRebuiltAuto.cmdPeriodic_INFO [0.719137557] NeutralZonePath:
startPose=(x=-17.220000,y=173.610000,angle=-90.000000)
intermediatePose=(x=-37.890000,y=301.610236,angle=-90.000000)
pickupPose=(x=-55.890000,y=301.610236,angle=-90.000000)
endPose=(x=-157.890000,y=301.610236,angle=-90.000000)
CmdRebuiltAuto.cmdPeriodic_INFO [0.723897334] NeutralZoneReturnPath:
robotPose=(x=-17.220000,y=173.610000,angle=-90.000000)
pickupPose=(x=-55.890000,y=301.610236,angle=-90.000000)
intermediatePose=(x=-37.890000,y=301.610236,angle=-180.000000)
returnPose=(x=-27.220000,y=149.610000,angle=-180.000000)
CmdRebuiltAuto.cmdPeriodic_INFO [0.727742741] <Event name="StateInfo" time="0.726476293" tag="^^^^^" CmdRebuiltAuto.state="CREATE_NEUTRAL_ZONE_PATH" />
CmdRebuiltAuto.cmdPeriodic_INFO [0.771222737] <Event name="StateInfo" time="0.770998272" tag="vvvvv" CmdRebuiltAuto.state="CYCLE_NEUTRAL_ZONE" />
CmdRebuiltAuto.lambda$cmdPeriodic$3_INFO [0.859790351] WaypointHandler: index=0
Robot.setRelocalizationMode_INFO [0.86180514] setRelocalizationMode to OneShot
purePursuitDrive.start_INFO [0.868692957] Path=TrcPath(degrees=true, [Waypoint(simple=true,index=0,pose=(x=-17.219926,y=173.610645,angle=-90.000000),vel=0.0), Waypoint(simple=false,index=-1,timestep=0.016893826885591837,pose=(x=-29.421912,y=249.194558,angle=-89.998378),vel=175.0,encPos=0.0,accel=0.0,jerk=0.0), Waypoint(simple=false,index=-1,timestep=0.31145128258899246,pose=(x=-29.893085,y=252.113190,angle=-89.998316),vel=175.0,encPos=0.0,accel=0.0,jerk=0.0), Waypoint(simple=true,index=1,pose=(x=-37.883864,y=301.611227,angle=-89.997253),vel=146.9693845669907), Waypoint(simple=true,index=2,pose=(x=-55.883864,y=301.612090,angle=-89.997253),vel=135.49907748763457), Waypoint(simple=true,index=3,pose=(x=-157.883864,y=301.616979,angle=-89.997253),vel=0.0)])
CmdRebuiltAuto.cmdPeriodic_INFO [0.877224706] <Event name="StateInfo" time="0.87648777" tag="^^^^^" CmdRebuiltAuto.state="CYCLE_NEUTRAL_ZONE" RobotPose=(x=-17.219926,y=173.610645,angle=-90.002747) TargetPose=(x=-157.883864,y=301.616979,angle=-89.997253) vel=(x=-0.000000,y=0.000000,angle=-0.000000) Path=TrcPath(degrees=true, [Waypoint(simple=true,index=0,pose=(x=0.000000,y=0.000000,angle=0.000000),vel=0.0), Waypoint(simple=false,index=-1,timestep=0.016893826885591837,pose=(x=75.583913,y=12.201986,angle=0.001622),vel=175.0,encPos=0.0,accel=0.0,jerk=0.0), Waypoint(simple=false,index=-1,timestep=0.31145128258899246,pose=(x=78.502545,y=12.673159,angle=0.001684),vel=175.0,encPos=0.0,accel=0.0,jerk=0.0), Waypoint(simple=true,index=1,pose=(x=128.000582,y=20.663938,angle=0.002747),vel=146.9693845669907), Waypoint(simple=true,index=2,pose=(x=128.001445,y=38.663938,angle=0.002747),vel=135.49907748763457), Waypoint(simple=true,index=3,pose=(x=128.006335,y=140.663937,angle=0.002747),vel=0.0)]) />
FrcDashboard.task.run_FATAL [1.72080188] Caught unexpected exception:
java.lang.ArrayIndexOutOfBoundsException: Index 34 out of bounds for length 34
TrcDbgTrace.run_ERR [1.723847417] Stack Trace (depth=16):
org.photonvision.common.dataflow.structures.Packet.decodeByte(Packet.java:297)
org.photonvision.common.dataflow.structures.Packet.decodeShortList(Packet.java:434)
org.photonvision.struct.MultiTargetPNPResultSerde.unpack(MultiTargetPNPResultSerde.java:75)
org.photonvision.struct.MultiTargetPNPResultSerde.unpack(MultiTargetPNPResultSerde.java:43)
org.photonvision.common.dataflow.structures.Packet.decodeOptional(Packet.java:428)
org.photonvision.struct.PhotonPipelineResultSerde.unpack(PhotonPipelineResultSerde.java:81)
org.photonvision.struct.PhotonPipelineResultSerde.unpack(PhotonPipelineResultSerde.java:43)
org.photonvision.common.networktables.PacketSubscriber.parse(PacketSubscriber.java:66)
org.photonvision.common.networktables.PacketSubscriber.getAllChanges(PacketSubscriber.java:110)
org.photonvision.PhotonCamera.getAllUnreadResults(PhotonCamera.java:262)
frclib.vision.FrcPhotonVision.getDetectedAprilTag(FrcPhotonVision.java:633)
teamcode.vision.Vision.updateStatus(Vision.java:446)
frclib.driverio.FrcDashboard.dashboardTask(FrcDashboard.java:212)
trclib.robotcore.TrcTaskMgr$TaskObject.standaloneTask(TrcTaskMgr.java:425)
trclib.robotcore.TrcPeriodicThread.run(TrcPeriodicThread.java:351)
java.base/java.lang.Thread.run(Unknown Source)
Climber.Motor.isMotorStalled_INFO [1.772935131] Stall detection triggered.
Climber.Motor.checkStallReset_INFO [1.77363366] Resetting stall.
Shooter.setupGoalTrackingMode_INFO [1.778266502] AlliancHub: alliance=Blue, fieldLengthZone=2, fieldWidthZone=3.
Shooter.setupGoalTrackingMode_INFO [1.780534507] GoalTracking(trackingMode=AllianceHub, goalPose=(x=-158.838583,y=182.110000,angle=0.000000), noPassback=true).
CmdRebuiltAuto.lambda$cmdPeriodic$3_INFO [2.508584062] WaypointHandler: index=1
Robot.setRelocalizationMode_INFO [2.510203513] setRelocalizationMode to OneShot
Shooter.setupGoalTrackingMode_INFO [2.645418542] AlliancHub: alliance=Blue, fieldLengthZone=3, fieldWidthZone=3.
Shooter.setupGoalTrackingMode_INFO [2.646268776] GoalTracking(trackingMode=AllianceHub, goalPose=(x=-158.838583,y=182.110000,angle=0.000000), noPassback=true).
CmdRebuiltAuto.lambda$cmdPeriodic$3_INFO [2.741649059] WaypointHandler: index=2
Robot.setRelocalizationMode_INFO [2.74546192] setRelocalizationMode to OneShot
TrcWatchdogMgr.checkForExpiration_WARN [2.752251324] ([1.7741297549325955E9]FrcDashboard.task:threshold=1.0,expiredTime=1.7741297548371873E9,expired=true,paused=false) expired.
TrcDbgTrace.checkForExpiration_INFO [2.758151487] Thread stack: 
Shooter.setupGoalTrackingMode_INFO [4.214218419] AlliancHub: alliance=Blue, fieldLengthZone=3, fieldWidthZone=2.
Shooter.setupGoalTrackingMode_INFO [4.215268654] GoalTracking(trackingMode=AllianceHub, goalPose=(x=-158.838583,y=182.110000,angle=0.000000), noPassback=true).
purePursuitDrive.driveTask_INFO [5.049547441] Done: index=5/6, stalled=false, timeout=false, posOnTarget=true, headingOnTarget=true, robotPose=(x=-157.230962,y=301.600900,angle=-89.693374)
CmdRebuiltAuto.lambda$cmdPeriodic$3_INFO [5.068254105] WaypointHandler: index=-1
Robot.setRelocalizationMode_INFO [5.07081479] setRelocalizationMode to Continuous
purePursuitDrive.driveTask_INFO [5.072914538] Signal completion event (CmdRebuiltAuto=CLEARED).
CmdRebuiltAuto.cmdPeriodic_INFO [5.127213267] <Event name="StateInfo" time="5.126143726" tag="vvvvv" CmdRebuiltAuto.state="RETURN_TO_SCORE_POS" />
TaskAutoShoot.cancel_INFO [5.138325462] Canceling auto task operation.
CmdRebuiltAuto.lambda$cmdPeriodic$4_INFO [5.153142939] WaypointHandler: index=0
Robot.setRelocalizationMode_INFO [5.153957165] setRelocalizationMode to OneShot
purePursuitDrive.start_INFO [5.16012142] Path=TrcPath(degrees=true, [Waypoint(simple=true,index=0,pose=(x=-151.866835,y=299.657067,angle=-90.314530),vel=0.0), Waypoint(simple=false,index=-1,timestep=0.11103239453244955,pose=(x=-75.320635,y=301.236820,angle=-90.076810),vel=175.0,encPos=0.0,accel=0.0,jerk=0.0), Waypoint(simple=true,index=1,pose=(x=-55.894102,y=301.637744,angle=-90.016479),vel=175.0), Waypoint(simple=true,index=2,pose=(x=-37.894103,y=301.642921,angle=-180.016479),vel=175.0), Waypoint(simple=false,index=-1,timestep=0.19570754530264634,pose=(x=-29.467296,y=182.090517,angle=-180.016479),vel=175.0,encPos=0.0,accel=0.0,jerk=0.0), Waypoint(simple=true,index=3,pose=(x=-27.180385,y=149.645760,angle=-180.016479),vel=157.38632092276183), Waypoint(simple=true,index=4,pose=(x=-26.140806,y=12.036053,angle=-180.016479),vel=0.0)])
CmdRebuiltAuto.cmdPeriodic_INFO [5.168873825] <Event name="StateInfo" time="5.16765073" tag="^^^^^" CmdRebuiltAuto.state="RETURN_TO_SCORE_POS" RobotPose=(x=-151.870049,y=299.657211,angle=-90.320023) TargetPose=(x=-26.140806,y=12.036053,angle=-180.016479) vel=(x=0.003619,y=0.322828,angle=-0.912397) Path=TrcPath(degrees=true, [Waypoint(simple=true,index=0,pose=(x=0.000000,y=0.000000,angle=0.000000),vel=0.0), Waypoint(simple=false,index=-1,timestep=0.11103239453244955,pose=(x=1.159526,y=-76.553719,angle=0.237720),vel=175.0,encPos=0.0,accel=0.0,jerk=0.0), Waypoint(simple=true,index=1,pose=(x=1.453800,y=-95.982160,angle=0.298050),vel=175.0), Waypoint(simple=true,index=2,pose=(x=1.360165,y=-113.981916,angle=-89.701950),vel=175.0), Waypoint(simple=false,index=-1,timestep=0.19570754530264634,pose=(x=-118.236697,y=-121.752307,angle=-89.701950),vel=175.0,encPos=0.0,accel=0.0,jerk=0.0), Waypoint(simple=true,index=3,pose=(x=-150.693520,y=-123.861076,angle=-89.701950),vel=157.38632092276183), Waypoint(simple=true,index=4,pose=(x=-288.306860,y=-124.145224,angle=-89.701950),vel=0.0)]) />
Shooter.setupGoalTrackingMode_INFO [5.35222361] AlliancHub: alliance=Blue, fieldLengthZone=2, fieldWidthZone=2.
Shooter.setupGoalTrackingMode_INFO [5.369135875] GoalTracking(trackingMode=AllianceHub, goalPose=(x=-158.838583,y=182.110000,angle=0.000000), noPassback=true).
Shooter.setupGoalTrackingMode_INFO [5.710895138] AlliancHub: alliance=Blue, fieldLengthZone=3, fieldWidthZone=3.
Shooter.setupGoalTrackingMode_INFO [5.716585741] GoalTracking(trackingMode=AllianceHub, goalPose=(x=-158.838583,y=182.110000,angle=0.000000), noPassback=true).
Shooter.setupGoalTrackingMode_INFO [5.719061242] AlliancHub: alliance=Blue, fieldLengthZone=3, fieldWidthZone=3.
Shooter.setupGoalTrackingMode_INFO [5.721015174] GoalTracking(trackingMode=AllianceHub, goalPose=(x=-158.838583,y=182.110000,angle=0.000000), noPassback=true).
CmdRebuiltAuto.lambda$cmdPeriodic$4_INFO [6.3425287] WaypointHandler: index=1
Robot.setRelocalizationMode_INFO [6.344230637] setRelocalizationMode to OneShot
CmdRebuiltAuto.lambda$cmdPeriodic$4_INFO [6.520419412] WaypointHandler: index=2
Robot.setRelocalizationMode_INFO [6.522085624] setRelocalizationMode to OneShot
Shooter.setupGoalTrackingMode_INFO [6.673071166] AlliancHub: alliance=Blue, fieldLengthZone=2, fieldWidthZone=3.
Shooter.setupGoalTrackingMode_INFO [6.675446464] GoalTracking(trackingMode=AllianceHub, goalPose=(x=-158.838583,y=182.110000,angle=0.000000), noPassback=true).
Shooter.setupGoalTrackingMode_INFO [7.709598136] AlliancHub: alliance=Blue, fieldLengthZone=1, fieldWidthZone=3.
Shooter.setupGoalTrackingMode_INFO [7.710831032] GoalTracking(trackingMode=AllianceHub, goalPose=(x=-158.838583,y=182.110000,angle=0.000000), noPassback=true).
CmdRebuiltAuto.lambda$cmdPeriodic$4_INFO [8.190726165] WaypointHandler: index=3
Robot.setRelocalizationMode_INFO [8.193306179] setRelocalizationMode to OneShot
TaskAutoShoot.autoShoot_INFO [8.205491699] autoShoot(owner=null, event=null, taskParams=(autoStop=false, noPassback=true, noWait=false))
Shooter.setupGoalTrackingMode_INFO [8.207307503] AlliancHub: alliance=Blue, fieldLengthZone=1, fieldWidthZone=3.
Shooter.setupGoalTrackingMode_INFO [8.209942719] GoalTracking(trackingMode=AllianceHub, goalPose=(x=-158.838583,y=182.110000,angle=0.000000), noPassback=true).
Shooter.LeftShooter.enableGoalTracking_INFO [8.211324041] Enable GoalTracking (trackingParams=(trackFlywheel=true,trackTiltPos=true,trackPanPos=true)).
Shooter.LeftPrimaryMotor.cancel_INFO [8.212824099] Cancel: stopping motor.
Shooter.LeftTiltMotor.cancel_INFO [8.215518547] Cancel: stopping motor.
Shooter.RightShooter.enableGoalTracking_INFO [8.216811494] Enable GoalTracking (trackingParams=(trackFlywheel=true,trackTiltPos=true,trackPanPos=true)).
Shooter.RightPrimaryMotor.cancel_INFO [8.218216569] Cancel: stopping motor.
Shooter.RightTiltMotor.cancel_INFO [8.220942408] Cancel: stopping motor.
TaskAutoShoot.autoTask_INFO [8.32024937] <Event name="StateInfo" time="8.319850176" tag="vvvvv" TaskAutoShoot.state="START" />
TaskAutoShoot.runTaskState_INFO [8.326246998] ***** Wait for left Shooter ready.
TaskAutoShoot.runTaskState_INFO [8.327579709] ***** Wait for right Shooter ready.
TaskAutoShoot.runTaskState_INFO [8.329235556] ***** Wait for Turret ready.
TaskAutoShoot.autoTask_INFO [8.331138519] <Event name="StateInfo" time="8.330754339" tag="^^^^^" TaskAutoShoot.state="START" />
Shooter.setupGoalTrackingMode_INFO [8.342331427] AlliancHub: alliance=Blue, fieldLengthZone=0, fieldWidthZone=3.
Shooter.setupGoalTrackingMode_INFO [8.344059997] GoalTracking(trackingMode=AllianceHub, goalPose=(x=-158.838583,y=182.110000,angle=0.000000), noPassback=true).
Shooter.LeftShooter.goalTrackingTask_INFO [8.509297879] Shooter.LeftShooter is Ready: rpm1=5734.930889/5627.343911, rpm2=3558.164063/0.000000, tilt=29.399821/29.814897, pan=null/null
Shooter.RightShooter.goalTrackingTask_INFO [8.538816866] Shooter.RightShooter is Ready: rpm1=5651.259014/5627.343911, rpm2=3483.164063/0.000000, tilt=29.399821/29.814897, pan=null/null
TaskAutoShoot.autoTask_INFO [8.541199679] <Event name="StateInfo" time="8.540295799" tag="vvvvv" TaskAutoShoot.state="SHOOT" />
TaskAutoShoot.autoTask_INFO [8.543145739] <Event name="StateInfo" time="8.54278495" tag="^^^^^" TaskAutoShoot.state="SHOOT" />
TaskAutoShoot.autoTask_INFO [8.650597168] <Event name="StateInfo" time="8.650371834" tag="vvvvv" TaskAutoShoot.state="SHOOT" />
TaskAutoShoot.autoTask_INFO [8.659943329] <Event name="StateInfo" time="8.659725374" tag="^^^^^" TaskAutoShoot.state="SHOOT" />
TaskAutoShoot.autoTask_INFO [8.753283065] <Event name="StateInfo" time="8.751732125" tag="vvvvv" TaskAutoShoot.state="SHOOT" />
TaskAutoShoot.autoTask_INFO [8.759491304] <Event name="StateInfo" time="8.759286605" tag="^^^^^" TaskAutoShoot.state="SHOOT" />
TaskAutoShoot.autoTask_INFO [8.85386565] <Event name="StateInfo" time="8.853585976" tag="vvvvv" TaskAutoShoot.state="SHOOT" />
TaskAutoShoot.autoTask_INFO [8.862501856] <Event name="StateInfo" time="8.862284644" tag="^^^^^" TaskAutoShoot.state="SHOOT" />
TaskAutoShoot.autoTask_INFO [8.971581569] <Event name="StateInfo" time="8.969639079" tag="vvvvv" TaskAutoShoot.state="SHOOT" />
TaskAutoShoot.autoTask_INFO [8.973447999] <Event name="StateInfo" time="8.973233305" tag="^^^^^" TaskAutoShoot.state="SHOOT" />
TaskAutoShoot.autoTask_INFO [9.071601596] <Event name="StateInfo" time="9.071382393" tag="vvvvv" TaskAutoShoot.state="SHOOT" />
TaskAutoShoot.autoTask_INFO [9.077513191] <Event name="StateInfo" time="9.074971524" tag="^^^^^" TaskAutoShoot.state="SHOOT" />
TaskAutoShoot.autoTask_INFO [9.186746546] <Event name="StateInfo" time="9.186522721" tag="vvvvv" TaskAutoShoot.state="SHOOT" />
TaskAutoShoot.autoTask_INFO [9.188612999] <Event name="StateInfo" time="9.187932725" tag="^^^^^" TaskAutoShoot.state="SHOOT" />
TaskAutoShoot.autoTask_INFO [9.300458234] <Event name="StateInfo" time="9.300254131" tag="vvvvv" TaskAutoShoot.state="SHOOT" />
TaskAutoShoot.autoTask_INFO [9.304522969] <Event name="StateInfo" time="9.304223701" tag="^^^^^" TaskAutoShoot.state="SHOOT" />
TaskAutoShoot.autoTask_INFO [9.412673624] <Event name="StateInfo" time="9.412134582" tag="vvvvv" TaskAutoShoot.state="SHOOT" />
TaskAutoShoot.runTaskState_INFO [9.414075254] ***** Start left shooter shooting (timedout=true, turretReady=false).
Shooter.shoot_INFO [9.41612721] shoot(owner=null, event=(TaskAutoShoot.leftShooterDone=CLEARED), shooter=leftShooter, autoStop=false)
Shooter.LeftTransferMotor.cancel_INFO [9.418938141] Cancel: stopping motor.
TaskAutoShoot.runTaskState_INFO [9.421744844] ***** Start right shooter shooting (timedout=true, turretReady=false).
Shooter.shoot_INFO [9.424348902] shoot(owner=null, event=(TaskAutoShoot.rightShooterDone=CLEARED), shooter=rightShooter, autoStop=false)
Shooter.RightTransferMotor.cancel_INFO [9.430551079] Cancel: stopping motor.
TaskAutoShoot.autoTask_INFO [9.436028733] <Event name="StateInfo" time="9.434951108" tag="^^^^^" TaskAutoShoot.state="SHOOT" />
purePursuitDrive.driveTask_INFO [10.313485989] Done: index=6/7, stalled=false, timeout=false, posOnTarget=true, headingOnTarget=true, robotPose=(x=-26.198286,y=12.223696,angle=179.874400)
CmdRebuiltAuto.lambda$cmdPeriodic$4_INFO [10.319916933] WaypointHandler: index=-1
Robot.setRelocalizationMode_INFO [10.323043138] setRelocalizationMode to Continuous
purePursuitDrive.driveTask_INFO [10.324142209] Signal completion event (CmdRebuiltAuto=CLEARED).
CmdRebuiltAuto.cmdPeriodic_INFO [10.418718023] <Event name="StateInfo" time="10.418428696" tag="vvvvv" CmdRebuiltAuto.state="SHOOT_DELAY" />
CmdRebuiltAuto.cmdPeriodic_INFO [10.429070557] <Event name="StateInfo" time="10.428850302" tag="^^^^^" CmdRebuiltAuto.state="SHOOT_DELAY" />
Shooter.TurretMotor.isMotorStalled_INFO [11.702217309] Stall detection triggered.
Climber.Motor.isMotorStalled_INFO [11.702970364] Stall detection triggered.
Climber.Motor.checkStallReset_INFO [11.705469987] Resetting stall.
Shooter.LeftTiltMotor.isMotorStalled_INFO [11.742814332] Stall detection triggered.
Shooter.LeftTiltMotor.checkStallReset_INFO [11.743919571] Resetting stall.
Shooter.RightTiltMotor.isMotorStalled_INFO [11.765369675] Stall detection triggered.
Shooter.RightTiltMotor.checkStallReset_INFO [11.766368191] Resetting stall.
FrcRobot.startCompetition_INFO [19.985472865] *** Transitioning from AUTO_MODE to DISABLED_MODE ***
Shooter.LeftShooter.disableGoalTracking_INFO [19.995384833] Disable Goal Tracking.
Shooter.LeftShooter.stopGoalTracking_INFO [19.997350551] Stop GoalTracking.
Shooter.LeftTiltMotor.cancel_INFO [19.998778574] Cancel: stopping motor.
Shooter.LeftPrimaryMotor.cancel_INFO [20.000024151] Cancel: stopping motor.
Shooter.RightShooter.disableGoalTracking_INFO [20.001476117] Disable Goal Tracking.
Shooter.RightShooter.stopGoalTracking_INFO [20.002368349] Stop GoalTracking.
Shooter.RightTiltMotor.cancel_INFO [20.005723648] Cancel: stopping motor.
Shooter.RightPrimaryMotor.cancel_INFO [20.008089252] Cancel: stopping motor.
Robot.cancelAll_INFO [20.009769342] Cancel all operations.
Shooter.LeftShooter.cancel_INFO [20.011647951] owner=null
Shooter.LeftPrimaryMotor.cancel_INFO [20.012837569] Cancel: stopping motor.
Shooter.LeftTiltMotor.cancel_INFO [20.017014504] Cancel: stopping motor.
Shooter.RightShooter.cancel_INFO [20.018348318] owner=null
Shooter.RightPrimaryMotor.cancel_INFO [20.01967477] Cancel: stopping motor.
Shooter.RightTiltMotor.cancel_INFO [20.020846662] Cancel: stopping motor.
Shooter.LeftTransferMotor.cancel_INFO [20.021939357] Cancel: stopping motor.
Shooter.RightTransferMotor.cancel_INFO [20.022963633] Cancel: stopping motor.
Shooter.FeederMotor.cancel_INFO [20.030935069] Cancel: stopping motor.
Intake.IntakeMotor.cancel_INFO [20.094440974] Cancel: stopping motor.
Climber.Motor.cancel_INFO [20.103819646] Cancel: stopping motor.
TaskAutoShoot.cancel_INFO [20.109001431] Canceling auto task operation.
TaskAutoShoot.stopSubsystems_INFO [20.112883041] Stopping subsystems.
Shooter.LeftTransferMotor.cancel_INFO [20.115192261] Cancel: stopping motor.
Shooter.RightTransferMotor.cancel_INFO [20.118646835] Cancel: stopping motor.
Shooter.FeederMotor.cancel_INFO [20.12224161] Cancel: stopping motor.
Shooter.LeftShooter.cancel_INFO [20.124140262] owner=null
Shooter.LeftPrimaryMotor.cancel_INFO [20.125958684] Cancel: stopping motor.
Shooter.LeftTiltMotor.cancel_INFO [20.127482474] Cancel: stopping motor.
Shooter.RightShooter.cancel_INFO [20.13805702] owner=null
Shooter.RightPrimaryMotor.cancel_INFO [20.14040176] Cancel: stopping motor.
Shooter.RightTiltMotor.cancel_INFO [20.142442634] Cancel: stopping motor.
Shooter.LeftTransferMotor.cancel_INFO [20.143977896] Cancel: stopping motor.
Shooter.RightTransferMotor.cancel_INFO [20.152271008] Cancel: stopping motor.
Shooter.FeederMotor.cancel_INFO [20.153972731] Cancel: stopping motor.
TaskAutoClimb.cancel_INFO [20.212463642] Canceling auto task operation.
FrcRobot.printPerformanceMetrics_INFO [20.239820774] [FrcRobot] Loop Performance Metrics:
Average Loop Interval = 0.001563s (freq=639.674Hz, min=0.000762s, max=0.725877s)
[03]                StartTask=0.000000s
[04]          PrePeriodicTask=0.000101s
[07]               UpdateTask=0.000840s
[02]                StartMode=0.000001s
[06]         PostPeriodicTask=0.000283s
[08]                 StopTask=0.000000s
[09]                 StopMode=0.000000s
[00]                RobotInit=17.227135s
[01]           RobotStartMode=0.000007s
[05]                 Periodic=0.000254s
[10]            RobotStopMode=0.000001s

TrcTaskMgr.printTaskPerformanceMetrics_INFO [20.242831348] FrcDashboard.task: STANDALONE_TASK=3.3521210767314876E-4/0.010487910412012644
TrcTaskMgr.printTaskPerformanceMetrics_INFO [20.243977417] TrcWatchdogMgr: STANDALONE_TASK=1.312810390625E-4/0.9925169559296875
TrcTaskMgr.printTaskPerformanceMetrics_INFO [20.245172756] flDriveMotor.pidCtrlTask: OUTPUT_TASK=1.820379223319054E-5/0.011925680481747067
TrcTaskMgr.printTaskPerformanceMetrics_INFO [20.24731344] flDriveMotor.odometryCleanupTask: STOP_TASK=4.82205E-5/10.033630828
TrcTaskMgr.printTaskPerformanceMetrics_INFO [20.24852967] frDriveMotor.pidCtrlTask: OUTPUT_TASK=1.1894136338238034E-5/0.011925492713540698
TrcTaskMgr.printTaskPerformanceMetrics_INFO [20.249740325] blDriveMotor.pidCtrlTask: OUTPUT_TASK=1.17876471409946E-5/0.011925490269975787
TrcTaskMgr.printTaskPerformanceMetrics_INFO [20.25070365] brDriveMotor.pidCtrlTask: OUTPUT_TASK=8.50256258148631E-6/0.011925489655801825
TrcTaskMgr.printTaskPerformanceMetrics_INFO [20.251676379] flSteerMotor.pidCtrlTask: OUTPUT_TASK=1.2091495064257777E-5/0.011925489002793816
TrcTaskMgr.printTaskPerformanceMetrics_INFO [20.253731869] frSteerMotor.pidCtrlTask: OUTPUT_TASK=1.1289964052896256E-5/0.011925497514155337
TrcTaskMgr.printTaskPerformanceMetrics_INFO [20.255966114] blSteerMotor.pidCtrlTask: OUTPUT_TASK=1.2356225533103642E-5/0.011925413025700717
TrcTaskMgr.printTaskPerformanceMetrics_INFO [20.257375669] brSteerMotor.pidCtrlTask: OUTPUT_TASK=8.68367985845982E-6/0.011925415616444736
TrcTaskMgr.printTaskPerformanceMetrics_INFO [20.258691113] FrcSwerveDrive.odometryTask: INPUT_TASK=0.0027477636970998924/0.02135543781632653
TrcTaskMgr.printTaskPerformanceMetrics_INFO [20.259758006] FrcSwerveDrive.stopTask: STOP_TASK=0.003363395/10.033594557
TrcTaskMgr.printTaskPerformanceMetrics_INFO [20.261171391] purePursuitDrive.driveTask: POST_PERIODIC_TASK=0.0073553202455089815/0.05645938377844311
TrcTaskMgr.printTaskPerformanceMetrics_INFO [20.263049684] LED: OUTPUT_TASK=5.380905642983518E-5/0.011925415378526864
TrcTaskMgr.printTaskPerformanceMetrics_INFO [20.26572762] Shooter.LeftPrimaryMotor.pidCtrlTask: OUTPUT_TASK=2.030793407821229E-5/0.011924887595158286
TrcTaskMgr.printTaskPerformanceMetrics_INFO [20.266991654] Shooter.LeftFollowerMotor.pidCtrlTask: OUTPUT_TASK=6.080572811918063E-6/0.011924885598324024
TrcTaskMgr.printTaskPerformanceMetrics_INFO [20.268652083] Shooter.LeftTiltMotor.pidCtrlTask: OUTPUT_TASK=3.621289969273743E-4/0.011924884879795159
TrcTaskMgr.printTaskPerformanceMetrics_INFO [20.26968256] Shooter.LeftShooter.goalTracking: POST_PERIODIC_TASK=0.04604275214234875/0.0691090347935943
TrcTaskMgr.printTaskPerformanceMetrics_INFO [20.270673947] Shooter.LeftTransferMotor.pidCtrlTask: OUTPUT_TASK=5.969038733705773E-6/0.01192482649264432
TrcTaskMgr.printTaskPerformanceMetrics_INFO [20.271690734] Shooter.RightPrimaryMotor.pidCtrlTask: OUTPUT_TASK=1.7957704189944137E-5/0.011924825693668529
TrcTaskMgr.printTaskPerformanceMetrics_INFO [20.27593099] Shooter.RightFollowerMotor.pidCtrlTask: OUTPUT_TASK=5.809180337026348E-6/0.011924637819011265
TrcTaskMgr.printTaskPerformanceMetrics_INFO [20.277239295] Shooter.RightTiltMotor.pidCtrlTask: OUTPUT_TASK=3.59194829997207E-4/0.011924637201098594
TrcTaskMgr.printTaskPerformanceMetrics_INFO [20.278469207] Shooter.RightShooter.goalTracking: POST_PERIODIC_TASK=0.012524566256227759/0.06873625594661921
TrcTaskMgr.printTaskPerformanceMetrics_INFO [20.279657133] Shooter.RightTransferMotor.pidCtrlTask: OUTPUT_TASK=6.955186295503212E-6/0.011924629840796945
TrcTaskMgr.printTaskPerformanceMetrics_INFO [20.280679743] Shooter.TurretMotor.pidCtrlTask: OUTPUT_TASK=6.984227805604692E-4/0.011924629226515222
TrcTaskMgr.printTaskPerformanceMetrics_INFO [20.281733505] Shooter.TurretMotor.converterTask: INPUT_TASK=8.580602280979424E-5/0.01192540965263942
TrcTaskMgr.printTaskPerformanceMetrics_INFO [20.28291244] Shooter.FeederMotor.pidCtrlTask: OUTPUT_TASK=7.731676566427707E-6/0.011924394721720511
TrcTaskMgr.printTaskPerformanceMetrics_INFO [20.284860331] ShooterfieldLengthTrigger.triggerTask: PRE_PERIODIC_TASK=1.3723811299752918E-5/0.001559725279815055
TrcTaskMgr.printTaskPerformanceMetrics_INFO [20.286014858] ShooterfieldWidthTrigger.triggerTask: PRE_PERIODIC_TASK=6.3649402598038015E-6/0.0015597242742740416
TrcTaskMgr.printTaskPerformanceMetrics_INFO [20.287213055] Intake.IntakeMotor.pidCtrlTask: OUTPUT_TASK=5.937448333643642E-6/0.011924256073356917
TrcTaskMgr.printTaskPerformanceMetrics_INFO [20.290238036] Climber.Motor.pidCtrlTask: OUTPUT_TASK=6.516936250232731E-5/0.011924255469279464
TrcTaskMgr.printTaskPerformanceMetrics_INFO [20.291363288] TaskAutoShoot: POST_PERIODIC_TASK=8.411988939393939E-4/0.08834562493181819
