Robot.robotStartMode_INFO [0.045089243] Sun Mar 22 20:06:37 UTC 2026: ***** TELEOP_MODE *****
Robot.robotStartMode_INFO [0.049307398] <BuildInfo Host="TRC492-DS2024" User="User" Timestamp="2026-03-22 12:44:47" Branch="dev" />
FrcTeleOp.driverControllerButtonEvent_INFO [2.566460997] ##### button=X, pressed=true
FrcTeleOp.driverControllerButtonEvent_INFO [2.571143095] >>>>> Reset field forward heading (heading=171.9931673008757)
FrcTeleOp.driverControllerButtonEvent_INFO [2.616614126] ##### button=X, pressed=false
FrcTeleOp.driverControllerButtonEvent_INFO [4.426063722] ##### button=A, pressed=true
FrcTeleOp.driverControllerButtonEvent_INFO [4.476169882] ##### button=A, pressed=false
FrcTeleOp.driverControllerButtonEvent_INFO [5.461043234] ##### button=A, pressed=true
FrcTeleOp.driverControllerButtonEvent_INFO [5.511829377] ##### button=A, pressed=false
FrcTeleOp.operatorControllerButtonEvent_INFO [10.404233789] ##### button=Y, pressed=true
FrcTeleOp.shoot_INFO [10.406884529] >>>>> Start Auto Shoot.
TaskAutoShoot.autoShoot_INFO [10.409533503] autoShoot(owner=null, event=null, taskParams=(autoStop=false, noPassback=false, noWait=false))
Shooter.setupGoalTrackingMode_INFO [10.411816416] PassingBack: alliance=Red, fieldLengthZone=2, fieldWidthZone=0.
Shooter.setupGoalTrackingMode_INFO [10.413409386] GoalTracking(trackingMode=Passback, goalPose=(x=-79.419291,y=572.915472,angle=180.000000), noPassback=false).
Shooter.LeftShooter.enableGoalTracking_INFO [10.414317599] Enable GoalTracking (trackingParams=(trackFlywheel=true,trackTiltPos=true,trackPanPos=true)).
Shooter.LeftPrimaryMotor.cancel_INFO [10.41560513] Cancel: stopping motor.
Shooter.LeftTiltMotor.cancel_INFO [10.41659492] Cancel: stopping motor.
Shooter.RightShooter.enableGoalTracking_INFO [10.418340384] Enable GoalTracking (trackingParams=(trackFlywheel=true,trackTiltPos=true,trackPanPos=true)).
Shooter.RightPrimaryMotor.cancel_INFO [10.41999608] Cancel: stopping motor.
Shooter.RightTiltMotor.cancel_INFO [10.421677559] Cancel: stopping motor.
TaskAutoShoot.autoTask_INFO [10.515337154] <Event name="StateInfo" time="10.514482224" tag="vvvvv" TaskAutoShoot.state="START" />
TaskAutoShoot.runTaskState_INFO [10.516751509] ***** Wait for left Shooter ready.
TaskAutoShoot.runTaskState_INFO [10.518295353] ***** Wait for right Shooter ready.
TaskAutoShoot.runTaskState_INFO [10.519485446] ***** Wait for Turret ready.
TaskAutoShoot.autoTask_INFO [10.520755254] <Event name="StateInfo" time="10.520335655" tag="^^^^^" TaskAutoShoot.state="START" />
TaskAutoShoot.autoTask_INFO [10.697435228] <Event name="StateInfo" time="10.697222556" tag="vvvvv" TaskAutoShoot.state="SHOOT" />
TaskAutoShoot.autoTask_INFO [10.700850505] <Event name="StateInfo" time="10.700326324" tag="^^^^^" TaskAutoShoot.state="SHOOT" />
TaskAutoShoot.autoTask_INFO [10.813815131] <Event name="StateInfo" time="10.813481997" tag="vvvvv" TaskAutoShoot.state="SHOOT" />
TaskAutoShoot.autoTask_INFO [10.814686614] <Event name="StateInfo" time="10.814376807" tag="^^^^^" TaskAutoShoot.state="SHOOT" />
TaskAutoShoot.autoTask_INFO [10.905760461] <Event name="StateInfo" time="10.905535316" tag="vvvvv" TaskAutoShoot.state="SHOOT" />
TaskAutoShoot.autoTask_INFO [10.913560529] <Event name="StateInfo" time="10.913300786" tag="^^^^^" TaskAutoShoot.state="SHOOT" />
TaskAutoShoot.autoTask_INFO [10.99477533] <Event name="StateInfo" time="10.994348776" tag="vvvvv" TaskAutoShoot.state="SHOOT" />
TaskAutoShoot.autoTask_INFO [10.996261223] <Event name="StateInfo" time="10.996059819" tag="^^^^^" TaskAutoShoot.state="SHOOT" />
TaskAutoShoot.autoTask_INFO [11.078270734] <Event name="StateInfo" time="11.076816705" tag="vvvvv" TaskAutoShoot.state="SHOOT" />
TaskAutoShoot.autoTask_INFO [11.081439816] <Event name="StateInfo" time="11.080183975" tag="^^^^^" TaskAutoShoot.state="SHOOT" />
TaskAutoShoot.autoTask_INFO [11.178625367] <Event name="StateInfo" time="11.178438497" tag="vvvvv" TaskAutoShoot.state="SHOOT" />
TaskAutoShoot.autoTask_INFO [11.180824942] <Event name="StateInfo" time="11.178984001" tag="^^^^^" TaskAutoShoot.state="SHOOT" />
TaskAutoShoot.autoTask_INFO [11.272320104] <Event name="StateInfo" time="11.27210913" tag="vvvvv" TaskAutoShoot.state="SHOOT" />
TaskAutoShoot.autoTask_INFO [11.272967908] <Event name="StateInfo" time="11.272785515" tag="^^^^^" TaskAutoShoot.state="SHOOT" />
TaskAutoShoot.autoTask_INFO [11.377006968] <Event name="StateInfo" time="11.376681498" tag="vvvvv" TaskAutoShoot.state="SHOOT" />
TaskAutoShoot.autoTask_INFO [11.379387005] <Event name="StateInfo" time="11.378486261" tag="^^^^^" TaskAutoShoot.state="SHOOT" />
TaskAutoShoot.autoTask_INFO [11.482747689] <Event name="StateInfo" time="11.482539567" tag="vvvvv" TaskAutoShoot.state="SHOOT" />
TaskAutoShoot.autoTask_INFO [11.483250996] <Event name="StateInfo" time="11.483092246" tag="^^^^^" TaskAutoShoot.state="SHOOT" />
Shooter.LeftShooter.goalTrackingTask_INFO [11.547505976] Shooter.LeftShooter is Ready: rpm1=6800.138221/6775.795448, rpm2=4129.570313/0.000000, tilt=40.072199/40.000000, pan=null/null
Shooter.RightShooter.goalTrackingTask_INFO [11.581760337] Shooter.RightShooter is Ready: rpm1=6705.676082/6775.795448, rpm2=4123.007813/0.000000, tilt=39.993145/40.000000, pan=null/null
TaskAutoShoot.autoTask_INFO [11.583515032] <Event name="StateInfo" time="11.58332137" tag="vvvvv" TaskAutoShoot.state="SHOOT" />
TaskAutoShoot.runTaskState_INFO [11.58701852] ***** Start left shooter shooting (timedout=true, turretReady=false).
Shooter.shoot_INFO [11.589170699] shoot(owner=null, event=(TaskAutoShoot.leftShooterDone=CLEARED), shooter=leftShooter, autoStop=false)
Shooter.LeftTransferMotor.cancel_INFO [11.592348654] Cancel: stopping motor.
TaskAutoShoot.runTaskState_INFO [11.595413321] ***** Start right shooter shooting (timedout=true, turretReady=false).
Shooter.shoot_INFO [11.598902503] shoot(owner=null, event=(TaskAutoShoot.rightShooterDone=CLEARED), shooter=rightShooter, autoStop=false)
Shooter.RightTransferMotor.cancel_INFO [11.60092163] Cancel: stopping motor.
TaskAutoShoot.autoTask_INFO [11.604330172] <Event name="StateInfo" time="11.604114371" tag="^^^^^" TaskAutoShoot.state="SHOOT" />
FrcTeleOp.operatorControllerButtonEvent_INFO [12.451239515] ##### button=Y, pressed=false
FrcTeleOp.shoot_INFO [12.452522687] >>>>> Stop Auto Shoot.
TaskAutoShoot.cancel_INFO [12.454353091] Canceling auto task operation.
TaskAutoShoot.stopSubsystems_INFO [12.456646771] Stopping subsystems.
Shooter.LeftTransferMotor.cancel_INFO [12.458066092] Cancel: stopping motor.
Shooter.RightTransferMotor.cancel_INFO [12.459333908] Cancel: stopping motor.
Shooter.FeederMotor.cancel_INFO [12.460581361] Cancel: stopping motor.
Shooter.LeftShooter.disableGoalTracking_INFO [12.462040515] Disable Goal Tracking.
Shooter.LeftShooter.stopGoalTracking_INFO [12.463176375] Stop GoalTracking.
Shooter.LeftTiltMotor.cancel_INFO [12.464356667] Cancel: stopping motor.
Shooter.LeftPrimaryMotor.cancel_INFO [12.465890939] Cancel: stopping motor.
Shooter.RightShooter.disableGoalTracking_INFO [12.468529233] Disable Goal Tracking.
Shooter.RightShooter.stopGoalTracking_INFO [12.469770409] Stop GoalTracking.
Shooter.RightTiltMotor.cancel_INFO [12.471061577] Cancel: stopping motor.
Shooter.RightPrimaryMotor.cancel_INFO [12.473505343] Cancel: stopping motor.
Shooter.LeftShooter.cancel_INFO [12.47525351] owner=null
Shooter.LeftPrimaryMotor.cancel_INFO [12.47725018] Cancel: stopping motor.
Shooter.LeftTiltMotor.cancel_INFO [12.478761507] Cancel: stopping motor.
Shooter.RightShooter.cancel_INFO [12.480688042] owner=null
Shooter.RightPrimaryMotor.cancel_INFO [12.48238232] Cancel: stopping motor.
Shooter.RightTiltMotor.cancel_INFO [12.484217376] Cancel: stopping motor.
Shooter.LeftTransferMotor.cancel_INFO [12.485730571] Cancel: stopping motor.
Shooter.RightTransferMotor.cancel_INFO [12.487812264] Cancel: stopping motor.
Shooter.FeederMotor.cancel_INFO [12.491065721] Cancel: stopping motor.
FrcTeleOp.driverControllerButtonEvent_INFO [24.627361326] ##### button=A, pressed=true
FrcTeleOp.driverControllerButtonEvent_INFO [24.730454396] ##### button=A, pressed=false
FrcTeleOp.driverControllerButtonEvent_INFO [29.08483689] ##### button=A, pressed=true
FrcTeleOp.driverControllerButtonEvent_INFO [29.188763363] ##### button=A, pressed=false
FrcTeleOp.driverControllerButtonEvent_INFO [30.114922274] ##### button=A, pressed=true
FrcTeleOp.driverControllerButtonEvent_INFO [30.220629489] ##### button=A, pressed=false
FrcTeleOp.driverControllerButtonEvent_INFO [31.340431691] ##### button=A, pressed=true
FrcTeleOp.driverControllerButtonEvent_INFO [31.440945564] ##### button=A, pressed=false
FrcTeleOp.driverControllerButtonEvent_INFO [31.949652432] ##### button=A, pressed=true
FrcTeleOp.driverControllerButtonEvent_INFO [32.101526134] ##### button=A, pressed=false
