Robot.robotStartMode_INFO [0.109425761] Sun Mar 22 00:12:53 UTC 2026: ***** AUTO_MODE *****
Robot.robotStartMode_INFO [0.111592516] <BuildInfo Host="TRC492-DS2024" User="User" Timestamp="2026-03-21 16:46:38" Branch="dev" />
FrcAuto.startMode_INFO [0.114046784] <Info name="MatchInfo" date="Sun Mar 22 00:12:53 UTC 2026" event="WASAM" type="Qualification" match=33 replay=1 alliance="Red" location=3 gameMsg="" />
FrcAuto.startMode_INFO [0.126252231] <Info name="AutoChoices" alliance="Red" strategy="REBUILT_AUTO" startPos="START_POS_CENTER" startDelay=0.0 sec depotPickup="false" outpostPickup="false" neutralZonePickup="false" moveTo="NONE" passBack="NONE" climb="true" climbSide="OUTPOST" neutralZoneCycles="0.0" pathFile="DrivePath.csv" xDistance=0.0 ft yDistance=0.0 ft turnDegrees=0.0 deg driveTime=0.0 sec drivePower=0.0"  />
Climber.Motor.isMotorStalled_INFO [0.188551363] Stall detection triggered.
Climber.Motor.checkStallReset_INFO [0.189887205] Resetting stall.
CmdRebuiltAuto.cmdPeriodic_INFO [0.192367467] <Event name="StateInfo" time="0.19213276" tag="vvvvv" CmdRebuiltAuto.state="START" />
CmdRebuiltAuto.cmdPeriodic_INFO [0.207454395] ******* Done getting info
CmdRebuiltAuto.cmdPeriodic_INFO [0.214248336] ******* Before enabling goal tracking
Shooter.setupGoalTrackingMode_INFO [0.227344456] AlliancHub: alliance=Red, fieldLengthZone=0, fieldWidthZone=3.
Shooter.setupGoalTrackingMode_INFO [0.231345909] GoalTracking(trackingMode=AllianceHub, goalPose=(x=-158.838583,y=469.110472,angle=180.000000), noPassback=true).
Shooter.LeftShooter.enableGoalTracking_INFO [0.250430345] Enable GoalTracking (trackingParams=(trackFlywheel=true,trackTiltPos=false,trackPanPos=true)).
Shooter.LeftPrimaryMotor.cancel_INFO [0.258066997] Cancel: stopping motor.
Shooter.LeftTiltMotor.cancel_INFO [0.262051985] Cancel: stopping motor.
Shooter.RightShooter.enableGoalTracking_INFO [0.271056287] Enable GoalTracking (trackingParams=(trackFlywheel=true,trackTiltPos=false,trackPanPos=true)).
Shooter.RightPrimaryMotor.cancel_INFO [0.275096947] Cancel: stopping motor.
Shooter.RightTiltMotor.cancel_INFO [0.281246673] Cancel: stopping motor.
CmdRebuiltAuto.cmdPeriodic_INFO [0.283384295] ******* After enabling goal tracking
CmdRebuiltAuto.cmdPeriodic_INFO [0.292711875] <Event name="StateInfo" time="0.286171514" tag="^^^^^" CmdRebuiltAuto.state="START" />
Shooter.setupGoalTrackingMode_INFO [0.516152571] AlliancHub: alliance=Red, fieldLengthZone=7, fieldWidthZone=2.
Shooter.setupGoalTrackingMode_INFO [0.517689536] GoalTracking(trackingMode=AllianceHub, goalPose=(x=-158.838583,y=469.110472,angle=180.000000), noPassback=true).
Shooter.setupGoalTrackingMode_INFO [0.524911766] AlliancHub: alliance=Red, fieldLengthZone=7, fieldWidthZone=2.
Shooter.setupGoalTrackingMode_INFO [0.52984263] GoalTracking(trackingMode=AllianceHub, goalPose=(x=-158.838583,y=469.110472,angle=180.000000), noPassback=true).
CmdRebuiltAuto.cmdPeriodic_INFO [0.535163403] <Event name="StateInfo" time="0.534928002" tag="vvvvv" CmdRebuiltAuto.state="DELAY_DONE" />
CmdRebuiltAuto.cmdPeriodic_INFO [0.544223491] <Event name="StateInfo" time="0.542527501" tag="^^^^^" CmdRebuiltAuto.state="DELAY_DONE" />
CmdRebuiltAuto.cmdPeriodic_INFO [0.590865228] <Event name="StateInfo" time="0.59042909" tag="vvvvv" CmdRebuiltAuto.state="GO_TO_CLIMB_POS" />
purePursuitDrive.start_INFO [0.615153673] Path=TrcPath(degrees=true, [Waypoint(simple=true,index=0,pose=(x=-158.838574,y=511.610148,angle=0.005493),vel=0.0), Waypoint(simple=false,index=-1,timestep=0.5183408043833465,pose=(x=-233.510672,y=528.518551,angle=0.000507),vel=175.0,encPos=0.0,accel=0.0,jerk=0.0), Waypoint(simple=false,index=-1,timestep=1.9444444444444444,pose=(x=-321.980605,y=548.551272,angle=-0.005400),vel=175.0,encPos=0.0,accel=0.0,jerk=0.0), Waypoint(simple=true,index=1,pose=(x=-487.918602,y=586.125501,angle=-0.016479),vel=0.0)])
CmdRebuiltAuto.cmdPeriodic_INFO [0.623724376] <Event name="StateInfo" time="0.621404552" tag="^^^^^" CmdRebuiltAuto.state="GO_TO_CLIMB_POS" RobotPose=(x=-158.838574,y=511.610148,angle=0.005493) TargetPose=(x=-487.918602,y=586.125501,angle=-0.016479) vel=(x=-0.000000,y=0.000000,angle=-0.000000) Path=TrcPath(degrees=true, [Waypoint(simple=true,index=0,pose=(x=0.000000,y=0.000000,angle=0.000000),vel=0.0), Waypoint(simple=false,index=-1,timestep=0.5183408043833465,pose=(x=-74.673719,y=16.901244,angle=-0.004986),vel=175.0,encPos=0.0,accel=0.0,jerk=0.0), Waypoint(simple=false,index=-1,timestep=1.9444444444444444,pose=(x=-163.145573,y=36.925482,angle=-0.010893),vel=175.0,encPos=0.0,accel=0.0,jerk=0.0), Waypoint(simple=true,index=1,pose=(x=-329.087171,y=74.483802,angle=-0.021973),vel=0.0)]) />
Shooter.setupGoalTrackingMode_INFO [0.804721508] AlliancHub: alliance=Red, fieldLengthZone=7, fieldWidthZone=1.
Shooter.setupGoalTrackingMode_INFO [0.81065233] GoalTracking(trackingMode=AllianceHub, goalPose=(x=-158.838583,y=469.110472,angle=180.000000), noPassback=true).
Shooter.setupGoalTrackingMode_INFO [1.511454856] AlliancHub: alliance=Red, fieldLengthZone=7, fieldWidthZone=0.
Shooter.setupGoalTrackingMode_INFO [1.514566248] GoalTracking(trackingMode=AllianceHub, goalPose=(x=-158.838583,y=469.110472,angle=180.000000), noPassback=true).
purePursuitDrive.xPosPid.isStalled_INFO [15.702854732] PID stalled (stallTime=0.20535755157470703/0.2, error=-9.91903249186791, errorRate=-0.023653658915140468/0.1).
purePursuitDrive.xPosPid.isStalled_INFO [15.75512244] PID stalled (stallTime=0.25863170623779297/0.2, error=-9.92069863361965, errorRate=-0.03127262115551066/0.1).
purePursuitDrive.xPosPid.isStalled_INFO [15.799418] PID stalled (stallTime=0.30287861824035645/0.2, error=-9.921529169633999, errorRate=-0.018799761069447828/0.1).
purePursuitDrive.xPosPid.isStalled_INFO [15.859380902] PID stalled (stallTime=0.3626561164855957/0.2, error=-9.92293604364042, errorRate=-0.023509578851723795/0.1).
purePursuitDrive.xPosPid.isStalled_INFO [15.901502343] PID stalled (stallTime=0.40502381324768066/0.2, error=-9.923032599248302, errorRate=-0.002278875778584752/0.1).
purePursuitDrive.xPosPid.isStalled_INFO [15.948651488] PID stalled (stallTime=0.4521443843841553/0.2, error=-9.924510021196625, errorRate=-0.03152651285651759/0.1).
purePursuitDrive.xPosPid.isStalled_INFO [16.024631419] PID stalled (stallTime=0.5281088352203369/0.2, error=-9.927074870870058, errorRate=-0.03364933358152406/0.1).
FrcRobot.startCompetition_INFO [16.072754542] *** Transitioning from AUTO_MODE to DISABLED_MODE ***
Shooter.LeftShooter.disableGoalTracking_INFO [16.07897411] Disable Goal Tracking.
Shooter.LeftShooter.stopGoalTracking_INFO [16.082199408] Stop GoalTracking.
Shooter.LeftTiltMotor.cancel_INFO [16.086704104] Cancel: stopping motor.
Shooter.LeftPrimaryMotor.cancel_INFO [16.090182897] Cancel: stopping motor.
Shooter.RightShooter.disableGoalTracking_INFO [16.094297113] Disable Goal Tracking.
Shooter.RightShooter.stopGoalTracking_INFO [16.099326413] Stop GoalTracking.
Shooter.RightTiltMotor.cancel_INFO [16.101031504] Cancel: stopping motor.
Shooter.RightPrimaryMotor.cancel_INFO [16.104957143] Cancel: stopping motor.
Robot.cancelAll_INFO [16.108822765] Cancel all operations.
Shooter.LeftShooter.cancel_INFO [16.111910822] owner=null
Shooter.LeftPrimaryMotor.cancel_INFO [16.129920692] Cancel: stopping motor.
Shooter.LeftTiltMotor.cancel_INFO [16.133489456] Cancel: stopping motor.
Shooter.RightShooter.cancel_INFO [16.134913062] owner=null
Shooter.RightPrimaryMotor.cancel_INFO [16.138807055] Cancel: stopping motor.
Shooter.RightTiltMotor.cancel_INFO [16.140376964] Cancel: stopping motor.
Shooter.LeftTransferMotor.cancel_INFO [16.143578008] Cancel: stopping motor.
Shooter.RightTransferMotor.cancel_INFO [16.14679531] Cancel: stopping motor.
Shooter.FeederMotor.cancel_INFO [16.15304673] Cancel: stopping motor.
Intake.IntakeMotor.cancel_INFO [16.212500132] Cancel: stopping motor.
Climber.Motor.cancel_INFO [16.213729857] Cancel: stopping motor.
TaskAutoShoot.cancel_INFO [16.214998423] Canceling auto task operation.
TaskAutoClimb.cancel_INFO [16.216345299] Canceling auto task operation.
FrcRobot.printPerformanceMetrics_INFO [16.236379077] [FrcRobot] Loop Performance Metrics:
Average Loop Interval = 0.001469s (freq=680.808Hz, min=0.000778s, max=0.597234s)
[03]                StartTask=0.000000s
[04]          PrePeriodicTask=0.000103s
[07]               UpdateTask=0.000840s
[02]                StartMode=0.000000s
[06]         PostPeriodicTask=0.000204s
[08]                 StopTask=0.000000s
[09]                 StopMode=0.000000s
[00]                RobotInit=17.773526s
[01]           RobotStartMode=0.000003s
[05]                 Periodic=0.000249s
[10]            RobotStopMode=0.000001s

TrcTaskMgr.printTaskPerformanceMetrics_INFO [16.23900618] FrcDashboard.task: STANDALONE_TASK=3.682726161274746E-4/0.010514815838104437
TrcTaskMgr.printTaskPerformanceMetrics_INFO [16.242559361] TrcWatchdogMgr: STANDALONE_TASK=3.854333202614379E-4/0.9938044725228757
TrcTaskMgr.printTaskPerformanceMetrics_INFO [16.244736598] flDriveMotor.pidCtrlTask: OUTPUT_TASK=2.0034218551076083E-5/0.011551503737723552
TrcTaskMgr.printTaskPerformanceMetrics_INFO [16.246383198] flDriveMotor.odometryCleanupTask: STOP_TASK=1.198025E-4/8.0781033335
TrcTaskMgr.printTaskPerformanceMetrics_INFO [16.247846963] frDriveMotor.pidCtrlTask: OUTPUT_TASK=1.1742655122764473E-5/0.011551494660124279
TrcTaskMgr.printTaskPerformanceMetrics_INFO [16.249633685] blDriveMotor.pidCtrlTask: OUTPUT_TASK=1.0877292891785389E-5/0.011551493999090634
TrcTaskMgr.printTaskPerformanceMetrics_INFO [16.251493228] brDriveMotor.pidCtrlTask: OUTPUT_TASK=1.0588134813579873E-5/0.011551493418005456
TrcTaskMgr.printTaskPerformanceMetrics_INFO [16.254621988] flSteerMotor.pidCtrlTask: OUTPUT_TASK=8.691319693869818E-6/0.01155144526346897
TrcTaskMgr.printTaskPerformanceMetrics_INFO [16.25624745] frSteerMotor.pidCtrlTask: OUTPUT_TASK=1.0613255512616504E-5/0.011551469447829053
TrcTaskMgr.printTaskPerformanceMetrics_INFO [16.257469394] blSteerMotor.pidCtrlTask: OUTPUT_TASK=9.774120709252103E-6/0.011551473475638403
TrcTaskMgr.printTaskPerformanceMetrics_INFO [16.258943825] brSteerMotor.pidCtrlTask: OUTPUT_TASK=9.301433356065772E-6/0.011551475711979994
TrcTaskMgr.printTaskPerformanceMetrics_INFO [16.262084363] FrcSwerveDrive.odometryTask: INPUT_TASK=0.0025555379446327684/0.0181867822079096
TrcTaskMgr.printTaskPerformanceMetrics_INFO [16.266495806] FrcSwerveDrive.stopTask: STOP_TASK=0.0043468015/8.0781575115
TrcTaskMgr.printTaskPerformanceMetrics_INFO [16.267790292] purePursuitDrive.driveTask: POST_PERIODIC_TASK=0.0053286004305949/0.04361024588385269
TrcTaskMgr.printTaskPerformanceMetrics_INFO [16.270977136] LED: OUTPUT_TASK=4.996917267767843E-5/0.011551377954462799
TrcTaskMgr.printTaskPerformanceMetrics_INFO [16.273219849] Shooter.LeftPrimaryMotor.pidCtrlTask: OUTPUT_TASK=1.7382325049249883E-5/0.01155129748143658
TrcTaskMgr.printTaskPerformanceMetrics_INFO [16.27739725] Shooter.LeftFollowerMotor.pidCtrlTask: OUTPUT_TASK=5.738541707705129E-6/0.011551256661716797
TrcTaskMgr.printTaskPerformanceMetrics_INFO [16.28206692] Shooter.LeftTiltMotor.pidCtrlTask: OUTPUT_TASK=8.833184089703765E-5/0.011551256093794985
TrcTaskMgr.printTaskPerformanceMetrics_INFO [16.283540733] Shooter.LeftShooter.goalTracking: POST_PERIODIC_TASK=0.034001125552112675/0.0443350869887324
TrcTaskMgr.printTaskPerformanceMetrics_INFO [16.288179123] Shooter.LeftTransferMotor.pidCtrlTask: OUTPUT_TASK=7.540879090909091E-6/0.01155111321409091
TrcTaskMgr.printTaskPerformanceMetrics_INFO [16.28984311] Shooter.RightPrimaryMotor.pidCtrlTask: OUTPUT_TASK=1.386639265151515E-5/0.011551112268257575
TrcTaskMgr.printTaskPerformanceMetrics_INFO [16.29226384] Shooter.RightFollowerMotor.pidCtrlTask: OUTPUT_TASK=5.076461287878788E-6/0.011551111754621212
TrcTaskMgr.printTaskPerformanceMetrics_INFO [16.294019895] Shooter.RightTiltMotor.pidCtrlTask: OUTPUT_TASK=7.04651921969697E-5/0.011551111269469698
TrcTaskMgr.printTaskPerformanceMetrics_INFO [16.298841197] Shooter.RightShooter.goalTracking: POST_PERIODIC_TASK=5.907562169014085E-4/0.04382088492957746
TrcTaskMgr.printTaskPerformanceMetrics_INFO [16.300111623] Shooter.RightTransferMotor.pidCtrlTask: OUTPUT_TASK=6.769611241572609E-6/0.011551120916521475
TrcTaskMgr.printTaskPerformanceMetrics_INFO [16.301818649] Shooter.TurretMotor.pidCtrlTask: OUTPUT_TASK=7.349207669873495E-4/0.011551119941140824
TrcTaskMgr.printTaskPerformanceMetrics_INFO [16.303259045] Shooter.TurretMotor.converterTask: INPUT_TASK=8.364828899325809E-5/0.011551325320506022
TrcTaskMgr.printTaskPerformanceMetrics_INFO [16.304817691] Shooter.FeederMotor.pidCtrlTask: OUTPUT_TASK=6.2733473979244E-6/0.011551110100446935
TrcTaskMgr.printTaskPerformanceMetrics_INFO [16.310053879] ShooterfieldLengthTrigger.triggerTask: PRE_PERIODIC_TASK=1.3519532523541216E-5/0.001466412112573325
TrcTaskMgr.printTaskPerformanceMetrics_INFO [16.312980296] ShooterfieldWidthTrigger.triggerTask: PRE_PERIODIC_TASK=5.688082529330041E-6/0.001466433959661547
TrcTaskMgr.printTaskPerformanceMetrics_INFO [16.316113379] Intake.IntakeMotor.pidCtrlTask: OUTPUT_TASK=7.689617330707468E-6/0.011551126991895167
TrcTaskMgr.printTaskPerformanceMetrics_INFO [16.319982606] Climber.Motor.pidCtrlTask: OUTPUT_TASK=6.503898568507158E-5/0.011550877471332273
